05-10 18:18:55.630  5787  5787 D EdgeLightingManager: showForNotification : isInteractive=true, isHeadUp=false, color=0, sbn = StatusBarNotification(pkg=org.torproject.android user=UserHandle{0} id=1 tag=null key=0|org.torproject.android|1|null|10396: Notification(channel=orbot_channel_1 pri=0 contentView=null vibrate=null sound=null defaults=0x0 flags=0x62 color=0x00000000 category=service actions=1 vis=PRIVATE semFlags=0x0 semPriority=0 semMissedCount=0))
05-10 18:18:55.630  5787  5787 D EdgeLightingPolicyManager: isAcceptableApplication:  pkg=org.torproject.android , range=256 , includeAllApp=false , userId=0 , infoRange=0 , infoCategory=0
05-10 18:18:55.631  5787  5787 D EdgeLightingPolicyManager.NotificationGroup: Remove previous child data. 0|org.torproject.android|1|null|10396
05-10 18:18:55.631  5787  5787 D EdgeLightingPolicyManager.NotificationGroup: group key = 0|org.torproject.android|1|null|10396 ,value= summary : null , child : 1key = 0|org.torproject.android|1|null|10396 , value =  NotificationData { tag= null } , }
05-10 18:18:55.631  5787  5787 D EdgeLightingPolicyManager: isAcceptableApplication:  pkg=org.torproject.android , range=1 , includeAllApp=false , userId=0 , infoRange=0 , infoCategory=0
05-10 18:18:55.636  6938  6938 D Launcher.NotificationListener: onNotificationPosted : StatusBarNotification(pkg=org.torproject.android user=UserHandle{0} id=1 tag=null key=0|org.torproject.android|1|null|10396: Notification(channel=orbot_channel_1 pri=0 contentView=null vibrate=null sound=null defaults=0x0 flags=0x62 color=0x00000000 category=service actions=1 vis=PRIVATE semFlags=0x0 semPriority=0 semMissedCount=0)) number : 0 listener : null
05-10 18:18:56.221  5280  5280 E audit   : type=1300 audit(1589152736.217:9028): arch=c00000b7 syscall=29 success=no exit=-13 a0=d a1=894b a2=6fd0f55034 a3=7fc80b3450 items=0 ppid=1 pid=15464 auid=4294967295 uid=10396 gid=10396 euid=10396 suid=10396 fsuid=10396 egid=10396 sgid=10396 fsgid=10396 tty=(none) ses=4294967295 comm="tor" exe="/data/data/org.torproject.android/files/tor" subj=u:r:untrusted_app_27:s0:c140,c257,c512,c768 key=(null)
05-10 18:18:56.510  5280  5280 E audit   : type=1300 audit(1589152736.505:9029): arch=c00000b7 syscall=29 success=no exit=-13 a0=d a1=894b a2=6fd0f55034 a3=7fc80b3450 items=0 ppid=1 pid=15464 auid=4294967295 uid=10396 gid=10396 euid=10396 suid=10396 fsuid=10396 egid=10396 sgid=10396 fsgid=10396 tty=(none) ses=4294967295 comm="tor" exe="/data/data/org.torproject.android/files/tor" subj=u:r:untrusted_app_27:s0:c140,c257,c512,c768 key=(null)
05-10 18:18:56.517  5787  5869 D ApplicationPolicy: isStatusBarNotificationAllowedAsUser: packageName = org.torproject.android,userId = 0
05-10 18:18:56.518  5787  5869 D ApplicationPolicy: isStatusBarNotificationAllowedAsUser: packageName = org.torproject.android,userId = 0
05-10 18:18:56.624  5787  5787 D EdgeLightingManager: showForNotification : isInteractive=true, isHeadUp=false, color=0, sbn = StatusBarNotification(pkg=org.torproject.android user=UserHandle{0} id=1 tag=null key=0|org.torproject.android|1|null|10396: Notification(channel=orbot_channel_1 pri=0 contentView=null vibrate=null sound=null defaults=0x0 flags=0x62 color=0x00000000 category=service actions=1 vis=PRIVATE semFlags=0x0 semPriority=0 semMissedCount=0))
05-10 18:18:56.624  5787  5787 D EdgeLightingPolicyManager: isAcceptableApplication:  pkg=org.torproject.android , range=256 , includeAllApp=false , userId=0 , infoRange=0 , infoCategory=0
05-10 18:18:56.624  5787  5787 D EdgeLightingPolicyManager.NotificationGroup: Remove previous child data. 0|org.torproject.android|1|null|10396
05-10 18:18:56.624  5787  5787 D EdgeLightingPolicyManager.NotificationGroup: group key = 0|org.torproject.android|1|null|10396 ,value= summary : null , child : 1key = 0|org.torproject.android|1|null|10396 , value =  NotificationData { tag= null } , }
05-10 18:18:56.624  5787  5787 D EdgeLightingPolicyManager: isAcceptableApplication:  pkg=org.torproject.android , range=1 , includeAllApp=false , userId=0 , infoRange=0 , infoCategory=0
05-10 18:18:56.628  6938  6938 D Launcher.NotificationListener: onNotificationPosted : StatusBarNotification(pkg=org.torproject.android user=UserHandle{0} id=1 tag=null key=0|org.torproject.android|1|null|10396: Notification(channel=orbot_channel_1 pri=0 contentView=null vibrate=null sound=null defaults=0x0 flags=0x62 color=0x00000000 category=service actions=1 vis=PRIVATE semFlags=0x0 semPriority=0 semMissedCount=0)) number : 0 listener : null
05-10 18:18:57.395  5280  5280 E audit   : type=1300 audit(1589152737.389:9033): arch=c00000b7 syscall=29 success=no exit=-13 a0=d a1=894b a2=6fd0f55034 a3=7fc80b3450 items=0 ppid=1 pid=15464 auid=4294967295 uid=10396 gid=10396 euid=10396 suid=10396 fsuid=10396 egid=10396 sgid=10396 fsgid=10396 tty=(none) ses=4294967295 comm="tor" exe="/data/data/org.torproject.android/files/tor" subj=u:r:untrusted_app_27:s0:c140,c257,c512,c768 key=(null)
05-10 18:18:57.540  5787  5869 D ApplicationPolicy: isStatusBarNotificationAllowedAsUser: packageName = org.torproject.android,userId = 0
05-10 18:18:57.542  5787  5869 D ApplicationPolicy: isStatusBarNotificationAllowedAsUser: packageName = org.torproject.android,userId = 0
05-10 18:18:57.646  5787  5787 D EdgeLightingManager: showForNotification : isInteractive=true, isHeadUp=false, color=0, sbn = StatusBarNotification(pkg=org.torproject.android user=UserHandle{0} id=1 tag=null key=0|org.torproject.android|1|null|10396: Notification(channel=orbot_channel_1 pri=0 contentView=null vibrate=null sound=null defaults=0x0 flags=0x62 color=0x00000000 category=service actions=1 vis=PRIVATE semFlags=0x0 semPriority=0 semMissedCount=0))
05-10 18:18:57.646  5787  5787 D EdgeLightingPolicyManager: isAcceptableApplication:  pkg=org.torproject.android , range=256 , includeAllApp=false , userId=0 , infoRange=0 , infoCategory=0
05-10 18:18:57.646  5787  5787 D EdgeLightingPolicyManager.NotificationGroup: Remove previous child data. 0|org.torproject.android|1|null|10396
05-10 18:18:57.647  5787  5787 D EdgeLightingPolicyManager.NotificationGroup: group key = 0|org.torproject.android|1|null|10396 ,value= summary : null , child : 1key = 0|org.torproject.android|1|null|10396 , value =  NotificationData { tag= null } , }
05-10 18:18:57.647  5787  5787 D EdgeLightingPolicyManager: isAcceptableApplication:  pkg=org.torproject.android , range=1 , includeAllApp=false , userId=0 , infoRange=0 , infoCategory=0
05-10 18:18:57.653  6938  6938 D Launcher.NotificationListener: onNotificationPosted : StatusBarNotification(pkg=org.torproject.android user=UserHandle{0} id=1 tag=null key=0|org.torproject.android|1|null|10396: Notification(channel=orbot_channel_1 pri=0 contentView=null vibrate=null sound=null defaults=0x0 flags=0x62 color=0x00000000 category=service actions=1 vis=PRIVATE semFlags=0x0 semPriority=0 semMissedCount=0)) number : 0 listener : null
05-10 18:18:58.534  5280  5280 E audit   : type=1300 audit(1589152738.529:9037): arch=c00000b7 syscall=29 success=no exit=-13 a0=d a1=894b a2=6fd0f55034 a3=7fc80b3450 items=0 ppid=1 pid=15464 auid=4294967295 uid=10396 gid=10396 euid=10396 suid=10396 fsuid=10396 egid=10396 sgid=10396 fsgid=10396 tty=(none) ses=4294967295 comm="tor" exe="/data/data/org.torproject.android/files/tor" subj=u:r:untrusted_app_27:s0:c140,c257,c512,c768 key=(null)
05-10 18:18:58.540  5787  5869 D ApplicationPolicy: isStatusBarNotificationAllowedAsUser: packageName = org.torproject.android,userId = 0
05-10 18:18:58.541  5787  5869 D ApplicationPolicy: isStatusBarNotificationAllowedAsUser: packageName = org.torproject.android,userId = 0
05-10 18:18:58.646  5787  5787 D EdgeLightingManager: showForNotification : isInteractive=true, isHeadUp=false, color=0, sbn = StatusBarNotification(pkg=org.torproject.android user=UserHandle{0} id=1 tag=null key=0|org.torproject.android|1|null|10396: Notification(channel=orbot_channel_1 pri=0 contentView=null vibrate=null sound=null defaults=0x0 flags=0x62 color=0x00000000 category=service actions=1 vis=PRIVATE semFlags=0x0 semPriority=0 semMissedCount=0))
05-10 18:18:58.646  5787  5787 D EdgeLightingPolicyManager: isAcceptableApplication:  pkg=org.torproject.android , range=256 , includeAllApp=false , userId=0 , infoRange=0 , infoCategory=0
05-10 18:18:58.647  5787  5787 D EdgeLightingPolicyManager.NotificationGroup: Remove previous child data. 0|org.torproject.android|1|null|10396
05-10 18:18:58.647  5787  5787 D EdgeLightingPolicyManager.NotificationGroup: group key = 0|org.torproject.android|1|null|10396 ,value= summary : null , child : 1key = 0|org.torproject.android|1|null|10396 , value =  NotificationData { tag= null } , }
05-10 18:18:58.647  5787  5787 D EdgeLightingPolicyManager: isAcceptableApplication:  pkg=org.torproject.android , range=1 , includeAllApp=false , userId=0 , infoRange=0 , infoCategory=0
05-10 18:18:58.651  6938  6938 D Launcher.NotificationListener: onNotificationPosted : StatusBarNotification(pkg=org.torproject.android user=UserHandle{0} id=1 tag=null key=0|org.torproject.android|1|null|10396: Notification(channel=orbot_channel_1 pri=0 contentView=null vibrate=null sound=null defaults=0x0 flags=0x62 color=0x00000000 category=service actions=1 vis=PRIVATE semFlags=0x0 semPriority=0 semMissedCount=0)) number : 0 listener : null
05-10 18:18:59.493  5787  5787 D EdgeLightingPolicyManager.NotificationGroup: group key = 0|org.torproject.android|1|null|10396 ,value= summary : null , child : 1key = 0|org.torproject.android|1|null|10396 , value =  NotificationData { tag= null } , }
05-10 18:18:59.554  5280  5280 E audit   : type=1300 audit(1589152739.549:9040): arch=c00000b7 syscall=29 success=no exit=-13 a0=d a1=894b a2=6fd0f55034 a3=7fc80b3450 items=0 ppid=1 pid=15464 auid=4294967295 uid=10396 gid=10396 euid=10396 suid=10396 fsuid=10396 egid=10396 sgid=10396 fsgid=10396 tty=(none) ses=4294967295 comm="tor" exe="/data/data/org.torproject.android/files/tor" subj=u:r:untrusted_app_27:s0:c140,c257,c512,c768 key=(null)
05-10 18:18:59.561  5787  5869 D ApplicationPolicy: isStatusBarNotificationAllowedAsUser: packageName = org.torproject.android,userId = 0
05-10 18:18:59.563  5787  5869 D ApplicationPolicy: isStatusBarNotificationAllowedAsUser: packageName = org.torproject.android,userId = 0
05-10 18:18:59.667  5787  5787 D EdgeLightingManager: showForNotification : isInteractive=true, isHeadUp=false, color=0, sbn = StatusBarNotification(pkg=org.torproject.android user=UserHandle{0} id=1 tag=null key=0|org.torproject.android|1|null|10396: Notification(channel=orbot_channel_1 pri=0 contentView=null vibrate=null sound=null defaults=0x0 flags=0x62 color=0x00000000 category=service actions=1 vis=PRIVATE semFlags=0x0 semPriority=0 semMissedCount=0))
05-10 18:18:59.667  5787  5787 D EdgeLightingPolicyManager: isAcceptableApplication:  pkg=org.torproject.android , range=256 , includeAllApp=false , userId=0 , infoRange=0 , infoCategory=0
05-10 18:18:59.667  5787  5787 D EdgeLightingPolicyManager.NotificationGroup: Remove previous child data. 0|org.torproject.android|1|null|10396
05-10 18:18:59.668  5787  5787 D EdgeLightingPolicyManager.NotificationGroup: group key = 0|org.torproject.android|1|null|10396 ,value= summary : null , child : 1key = 0|org.torproject.android|1|null|10396 , value =  NotificationData { tag= null } , }
05-10 18:18:59.668  5787  5787 D EdgeLightingPolicyManager: isAcceptableApplication:  pkg=org.torproject.android , range=1 , includeAllApp=false , userId=0 , infoRange=0 , infoCategory=0
05-10 18:18:59.674  6938  6938 D Launcher.NotificationListener: onNotificationPosted : StatusBarNotification(pkg=org.torproject.android user=UserHandle{0} id=1 tag=null key=0|org.torproject.android|1|null|10396: Notification(channel=orbot_channel_1 pri=0 contentView=null vibrate=null sound=null defaults=0x0 flags=0x62 color=0x00000000 category=service actions=1 vis=PRIVATE semFlags=0x0 semPriority=0 semMissedCount=0)) number : 0 listener : null
05-10 18:18:59.746  5787  5787 D EdgeLightingPolicyManager.NotificationGroup: group key = 0|org.torproject.android|1|null|10396 ,value= summary : null , child : 1key = 0|org.torproject.android|1|null|10396 , value =  NotificationData { tag= null } , }
05-10 18:18:59.999  5787  5787 D EdgeLightingPolicyManager.NotificationGroup: group key = 0|org.torproject.android|1|null|10396 ,value= summary : null , child : 1key = 0|org.torproject.android|1|null|10396 , value =  NotificationData { tag= null } , }
05-10 18:19:00.596  5342  5342 I SurfaceFlinger:      DEVICE | 0x73d1c34580 | 0002 | RGBx_8888 |   0.0    0.0 1080.0 2280.0 |    0    0 1080 2280 | org.torproject.android/org.torproject.android.OrbotMainActivity$_14575#0
05-10 18:19:01.497  5787  5869 D ApplicationPolicy: isStatusBarNotificationAllowedAsUser: packageName = org.torproject.android,userId = 0
05-10 18:19:01.499  5787  5869 D ApplicationPolicy: isStatusBarNotificationAllowedAsUser: packageName = org.torproject.android,userId = 0
05-10 18:19:01.602  5787  5787 D EdgeLightingManager: showForNotification : isInteractive=true, isHeadUp=false, color=0, sbn = StatusBarNotification(pkg=org.torproject.android user=UserHandle{0} id=1 tag=null key=0|org.torproject.android|1|null|10396: Notification(channel=orbot_channel_1 pri=0 contentView=null vibrate=null sound=null defaults=0x0 flags=0x62 color=0x00000000 category=service actions=1 vis=PRIVATE semFlags=0x0 semPriority=0 semMissedCount=0))
05-10 18:19:01.602  5787  5787 D EdgeLightingPolicyManager: isAcceptableApplication:  pkg=org.torproject.android , range=256 , includeAllApp=false , userId=0 , infoRange=0 , infoCategory=0
05-10 18:19:01.602  5787  5787 D EdgeLightingPolicyManager.NotificationGroup: Remove previous child data. 0|org.torproject.android|1|null|10396
05-10 18:19:01.602  5787  5787 D EdgeLightingPolicyManager.NotificationGroup: group key = 0|org.torproject.android|1|null|10396 ,value= summary : null , child : 1key = 0|org.torproject.android|1|null|10396 , value =  NotificationData { tag= null } , }
05-10 18:19:01.602  5787  5787 D EdgeLightingPolicyManager: isAcceptableApplication:  pkg=org.torproject.android , range=1 , includeAllApp=false , userId=0 , infoRange=0 , infoCategory=0
05-10 18:19:01.607  6938  6938 D Launcher.NotificationListener: onNotificationPosted : StatusBarNotification(pkg=org.torproject.android user=UserHandle{0} id=1 tag=null key=0|org.torproject.android|1|null|10396: Notification(channel=orbot_channel_1 pri=0 contentView=null vibrate=null sound=null defaults=0x0 flags=0x62 color=0x00000000 category=service actions=1 vis=PRIVATE semFlags=0x0 semPriority=0 semMissedCount=0)) number : 0 listener : null
05-10 18:19:02.499  5787  5869 D ApplicationPolicy: isStatusBarNotificationAllowedAsUser: packageName = org.torproject.android,userId = 0
05-10 18:19:02.500  5787  5869 D ApplicationPolicy: isStatusBarNotificationAllowedAsUser: packageName = org.torproject.android,userId = 0
05-10 18:19:02.607  5787  5787 D EdgeLightingManager: showForNotification : isInteractive=true, isHeadUp=false, color=0, sbn = StatusBarNotification(pkg=org.torproject.android user=UserHandle{0} id=1 tag=null key=0|org.torproject.android|1|null|10396: Notification(channel=orbot_channel_1 pri=0 contentView=null vibrate=null sound=null defaults=0x0 flags=0x62 color=0x00000000 category=service actions=1 vis=PRIVATE semFlags=0x0 semPriority=0 semMissedCount=0))
05-10 18:19:02.607  5787  5787 D EdgeLightingPolicyManager: isAcceptableApplication:  pkg=org.torproject.android , range=256 , includeAllApp=false , userId=0 , infoRange=0 , infoCategory=0
05-10 18:19:02.608  5787  5787 D EdgeLightingPolicyManager.NotificationGroup: Remove previous child data. 0|org.torproject.android|1|null|10396
05-10 18:19:02.608  5787  5787 D EdgeLightingPolicyManager.NotificationGroup: group key = 0|org.torproject.android|1|null|10396 ,value= summary : null , child : 1key = 0|org.torproject.android|1|null|10396 , value =  NotificationData { tag= null } , }
05-10 18:19:02.608  5787  5787 D EdgeLightingPolicyManager: isAcceptableApplication:  pkg=org.torproject.android , range=1 , includeAllApp=false , userId=0 , infoRange=0 , infoCategory=0
05-10 18:19:02.613  6938  6938 D Launcher.NotificationListener: onNotificationPosted : StatusBarNotification(pkg=org.torproject.android user=UserHandle{0} id=1 tag=null key=0|org.torproject.android|1|null|10396: Notification(channel=orbot_channel_1 pri=0 contentView=null vibrate=null sound=null defaults=0x0 flags=0x62 color=0x00000000 category=service actions=1 vis=PRIVATE semFlags=0x0 semPriority=0 semMissedCount=0)) number : 0 listener : null
05-10 18:19:05.580  5342  5342 I SurfaceFlinger:      DEVICE | 0x73f06a27c0 | 0002 | RGBx_8888 |   0.0    0.0 1080.0 2280.0 |    0    0 1080 2280 | org.torproject.android/org.torproject.android.OrbotMainActivity$_14575#0
05-10 18:19:05.811  5787  6572 I ActivityTaskManager: START u0 {cmp=org.torproject.android/.ui.AppManagerActivity} from uid 10396
05-10 18:19:05.821  5342  5397 I SurfaceFlinger: id=8166 createSurf (0x0),-1 flag=80004, AppWindowToken{1e5a6bd token=Token{b6ee14 ActivityRecord{5a3f067 u0 org.torproject.android/.ui.AppManagerActivity t70}}}#0
05-10 18:19:05.826  5787  6572 D GamePkgDataHelper: notifyAppCreate(), pkgName: org.torproject.android, sendRet: true
05-10 18:19:05.826  5787  6338 D GamePkgDataHelper: getGamePkgData(). org.torproject.android
05-10 18:19:05.826  5787  6338 D GameManagerService: handleMessage(), MSG_APP_CREATE. ignore. pkgName: org.torproject.android
05-10 18:19:05.826  5787  6572 V WindowManager: Changing focus from Window{5983f5c u0 org.torproject.android/org.torproject.android.OrbotMainActivity} to null displayId=0 Callers=com.android.server.wm.RootWindowContainer.updateFocusedWindowLocked:203 com.android.server.wm.WindowManagerService.updateFocusedWindowLocked:6040 com.android.server.wm.ActivityDisplay.setFocusedApp:1428 com.android.server.wm.ActivityTaskManagerService.setResumedActivityUncheckLocked:6682
05-10 18:19:05.827  5787  6572 D MARsPolicyManager: onPackageResumedFG pkgName = org.torproject.android, userId = 0
05-10 18:19:05.831  5787  5897 D GameManagerService: noteResumeComponent(), resumeComponent: org.torproject.android
05-10 18:19:05.832  5787  6338 D GameManagerService: handleForegroundChange(). pkgName: org.torproject.android, clsName: org.torproject.android.ui.AppManagerActivity,FgActivityName:org.torproject.android/.ui.AppManagerActivity,userID:0
05-10 18:19:05.860  5342  5398 I SurfaceFlinger: id=8167 createSurf (0x0),-1 flag=80004, b73c157 org.torproject.android/org.torproject.android.ui.AppManagerActivity#0
05-10 18:19:05.873  5787  6833 V WindowManager: Relayout Window{b73c157 u0 org.torproject.android/org.torproject.android.ui.AppManagerActivity}: viewVisibility=0 req=1080x2280
05-10 18:19:05.875  5342  5398 I SurfaceFlinger: id=8168 createSurf (1080x2280),2 flag=404, org.torproject.android/org.torproject.android.ui.AppManagerActivity$_14575#0
05-10 18:19:05.875  5787  6833 D WindowManager: makeSurface duration=1 name=org.torproject.android/org.torproject.android.ui.AppManagerActivity$_14575
05-10 18:19:05.876  5787  6833 V WindowManager: Changing focus from null to Window{b73c157 u0 org.torproject.android/org.torproject.android.ui.AppManagerActivity} displayId=0 Callers=com.android.server.wm.RootWindowContainer.updateFocusedWindowLocked:203 com.android.server.wm.WindowManagerService.updateFocusedWindowLocked:6040 com.android.server.wm.WindowManagerService.relayoutWindow:2504 com.android.server.wm.Session.relayout:202
05-10 18:19:05.877  5787  5865 D WindowManager: setSystemUiVisibility: displayId=0, vis=0x8018, fullVis=0x0, dockVis=0x0, win=Window{b73c157 u0 org.torproject.android/org.torproject.android.ui.AppManagerActivity}
05-10 18:19:05.890  5787  6205 D WindowManager: finishDrawingWindow: Window{b73c157 u0 org.torproject.android/org.torproject.android.ui.AppManagerActivity} mDrawState=DRAW_PENDING
05-10 18:19:05.896  5787  5899 I WindowManager: Reparenting to leash, surface=Surface(name=AppWindowToken{1e5de8f token=Token{6ccb9ee ActivityRecord{ae87b69 u0 org.torproject.android/.OrbotMainActivity t70}}})/@0x8bb78ed
05-10 18:19:05.897  5342  5397 I SurfaceFlinger: id=8169 createSurf (0x0),-1 flag=80004, Surface(name=AppWindowToken{1e5de8f token=Token{6ccb9ee ActivityRecord{ae87b69 u0 org.torproject.android/.OrbotMainActivity t70}}})/@0x8bb78ed - animation-leash#0
05-10 18:19:05.897  5787  5899 D WindowManager: makeSurface duration=1 leash=Surface(name=Surface(name=AppWindowToken{1e5de8f token=Token{6ccb9ee ActivityRecord{ae87b69 u0 org.torproject.android/.OrbotMainActivity t70}}})/@0x8bb78ed - animation-leash)/@0x82ebb29
05-10 18:19:05.897  5342  5397 I SurfaceFlinger: id=8170 createSurf (0x0),-1 flag=80004, Surface(name=AppWindowToken{1e5de8f token=Token{6ccb9ee ActivityRecord{ae87b69 u0 org.torproject.android/.OrbotMainActivity t70}}})/@0x8bb78ed - animation-bounds#0
05-10 18:19:05.902  5787  5899 I WindowManager: Reparenting to leash, surface=Surface(name=AppWindowToken{1e5a6bd token=Token{b6ee14 ActivityRecord{5a3f067 u0 org.torproject.android/.ui.AppManagerActivity t70}}})/@0x3bb9586
05-10 18:19:05.903  5342  5397 I SurfaceFlinger: id=8173 createSurf (0x0),-1 flag=80004, Surface(name=AppWindowToken{1e5a6bd token=Token{b6ee14 ActivityRecord{5a3f067 u0 org.torproject.android/.ui.AppManagerActivity t70}}})/@0x3bb9586 - animation-leash#0
05-10 18:19:05.903  5787  5899 D WindowManager: makeSurface duration=1 leash=Surface(name=Surface(name=AppWindowToken{1e5a6bd token=Token{b6ee14 ActivityRecord{5a3f067 u0 org.torproject.android/.ui.AppManagerActivity t70}}})/@0x3bb9586 - animation-leash)/@0xa11ae47
05-10 18:19:05.907  5342  5397 I SurfaceFlinger: id=8174 createSurf (0x0),-1 flag=80004, Surface(name=AppWindowToken{1e5a6bd token=Token{b6ee14 ActivityRecord{5a3f067 u0 org.torproject.android/.ui.AppManagerActivity t70}}})/@0x3bb9586 - animation-bounds#0
05-10 18:19:05.917 14575 14575 V InputMethodManager: Starting input: tba=org.torproject.android ic=null mNaviBarColor -855310 mIsGetNaviBarColorSuccess true , NavVisible : true , NavTrans : false
05-10 18:19:05.945  5342  5342 I SurfaceFlinger:      DEVICE | 0x73d1c34580 | 0002 | RGBx_8888 |   0.0    1.0 1080.0 2280.0 |    0    0 1080 2280 | org.torproject.android/org.torproject.android.OrbotMainActivity$_14575#0
05-10 18:19:05.945  5342  5342 I SurfaceFlinger:      DEVICE | 0x73f06a2900 | 0002 | RGBx_8888 |   0.0    0.0 1080.0 1747.0 |    0  533 1080 2280 | org.torproject.android/org.torproject.android.ui.AppManagerActivity$_14575#0
05-10 18:19:05.959  5342  5342 I SurfaceFlinger:      DEVICE | 0x73d1c34580 | 0002 | RGBx_8888 |   0.0    4.0 1080.0 2280.0 |    0    0 1080 2277 | org.torproject.android/org.torproject.android.OrbotMainActivity$_14575#0
05-10 18:19:05.959  5342  5342 I SurfaceFlinger:      DEVICE | 0x73f06a5740 | 0002 | RGBx_8888 |   0.0    0.0 1080.0 1770.0 |    0  510 1080 2280 | org.torproject.android/org.torproject.android.ui.AppManagerActivity$_14575#0
05-10 18:19:06.107  5787  5787 D EdgeLightingPolicyManager.NotificationGroup: group key = 0|org.torproject.android|1|null|10396 ,value= summary : null , child : 1key = 0|org.torproject.android|1|null|10396 , value =  NotificationData { tag= null } , }
05-10 18:19:06.208  5787  5899 I WindowManager: Reparenting to original parent: Surface(name=Task=70)/@0x47a25fb, destroyLeash=true, surface=Surface(name=AppWindowToken{1e5de8f token=Token{6ccb9ee ActivityRecord{ae87b69 u0 org.torproject.android/.OrbotMainActivity t70}}})/@0x8bb78ed
05-10 18:19:06.208  5787  5899 V WindowManager: Setting visibility of Window{5983f5c u0 org.torproject.android/org.torproject.android.OrbotMainActivity}: false, caller=com.android.server.wm.WindowContainer.sendAppVisibilityToClients:640 com.android.server.wm.AppWindowToken.setClientHidden:611 com.android.server.wm.AppWindowToken.onAnimationFinished:3476 com.android.server.wm.-$$Lambda$yVRF8YoeNdTa8GR1wDStVsHu8xM.run:2 com.android.server.wm.SurfaceAnimator.lambda$getFinishedCallback$0$SurfaceAnimator:100
05-10 18:19:06.208  5787  5899 I WindowManager: Reparenting to original parent: Surface(name=Task=70)/@0x47a25fb, destroyLeash=true, surface=Surface(name=AppWindowToken{1e5a6bd token=Token{b6ee14 ActivityRecord{5a3f067 u0 org.torproject.android/.ui.AppManagerActivity t70}}})/@0x3bb9586
05-10 18:19:06.212  5342  6188 I SurfaceFlinger: id=8169 Removed Surface(name=AppWindowToken{1e5de8f token=Token{6ccb9ee ActivityRecord{ae87b69 u0 org.torproject.android/.OrbotMainActivity t70}}})/@0x8bb78ed - animation-leash#0 (136)
05-10 18:19:06.212  5342  5397 I SurfaceFlinger: id=8174 Removed Surface(name=AppWindowToken{1e5a6bd token=Token{b6ee14 ActivityRecord{5a3f067 u0 org.torproject.android/.ui.AppManagerActivity t70}}})/@0x3bb9586 - animation-bounds#0 (136)
05-10 18:19:06.212  5342  6188 I SurfaceFlinger: id=8170 Removed Surface(name=AppWindowToken{1e5de8f token=Token{6ccb9ee ActivityRecord{ae87b69 u0 org.torproject.android/.OrbotMainActivity t70}}})/@0x8bb78ed - animation-bounds#0 (136)
05-10 18:19:06.212  5342  5398 I SurfaceFlinger: id=8173 Removed Surface(name=AppWindowToken{1e5a6bd token=Token{b6ee14 ActivityRecord{5a3f067 u0 org.torproject.android/.ui.AppManagerActivity t70}}})/@0x3bb9586 - animation-leash#0 (136)
05-10 18:19:06.221  5342  5342 I Layer   : id=8170[1] Destroyed Surface(name=AppWindowToken{1e5de8f token=Token{6ccb9ee ActivityRecord{ae87b69 u0 org.torproject.android/.OrbotMainActivity t70}}})/@0x8bb78ed - animation-bounds#0
05-10 18:19:06.221  5342  5342 I Layer   : id=8169[1] Destroyed Surface(name=AppWindowToken{1e5de8f token=Token{6ccb9ee ActivityRecord{ae87b69 u0 org.torproject.android/.OrbotMainActivity t70}}})/@0x8bb78ed - animation-leash#0
05-10 18:19:06.221  5342  5342 I Layer   : id=8174[1] Destroyed Surface(name=AppWindowToken{1e5a6bd token=Token{b6ee14 ActivityRecord{5a3f067 u0 org.torproject.android/.ui.AppManagerActivity t70}}})/@0x3bb9586 - animation-bounds#0
05-10 18:19:06.221  5342  5342 I Layer   : id=8173[1] Destroyed Surface(name=AppWindowToken{1e5a6bd token=Token{b6ee14 ActivityRecord{5a3f067 u0 org.torproject.android/.ui.AppManagerActivity t70}}})/@0x3bb9586 - animation-leash#0
05-10 18:19:06.225  5342  5342 I SurfaceFlinger:      DEVICE | 0x73d4099400 | 0002 | RGBx_8888 |   0.0    0.0 1080.0 2280.0 |    0    0 1080 2280 | org.torproject.android/org.torproject.android.ui.AppManagerActivity$_14575#0
05-10 18:19:06.243  5787  8683 V WindowManager: Relayout Window{5983f5c u0 org.torproject.android/org.torproject.android.OrbotMainActivity}: viewVisibility=8 req=1080x2280
05-10 18:19:06.243  5342  5342 I SurfaceFlinger:      DEVICE | 0x73f06a2900 | 0002 | RGBx_8888 |   0.0    0.0 1080.0 2280.0 |    0    0 1080 2280 | org.torproject.android/org.torproject.android.ui.AppManagerActivity$_14575#0
05-10 18:19:08.911  5787  5811 V WindowManager: Relayout Window{5983f5c u0 org.torproject.android/org.torproject.android.OrbotMainActivity}: viewVisibility=8 req=1080x2280
05-10 18:19:08.918  5787  5811 E WindowManager: win=Window{5983f5c u0 org.torproject.android/org.torproject.android.OrbotMainActivity} destroySurfaces: appStopped=true win.mWindowRemovalAllowed=false win.mRemoveOnExit=false win.mViewVisibility=8 caller=com.android.server.wm.AppWindowToken.destroySurfaces:1186 com.android.server.wm.AppWindowToken.destroySurfaces:1167 com.android.server.wm.AppWindowToken.notifyAppStopped:1222 com.android.server.wm.ActivityRecord.activityStoppedLocked:2573 com.android.server.wm.ActivityTaskManagerService.activityStopped:2354 android.app.IActivityTaskManager$Stub.onTransact:2180 android.os.Binder.execTransactInternal:1021
05-10 18:19:08.919  5787  5811 I WindowManager: Destroying surface Surface(name=org.torproject.android/org.torproject.android.OrbotMainActivity$_14575)/@0x88c92d2 called by com.android.server.wm.WindowStateAnimator.destroySurface:1712 com.android.server.wm.WindowStateAnimator.destroySurfaceLocked:671 com.android.server.wm.WindowState.destroySurfaceUnchecked:3458 com.android.server.wm.WindowState.destroySurface:3432 com.android.server.wm.AppWindowToken.destroySurfaces:1186 com.android.server.wm.AppWindowToken.destroySurfaces:1167 com.android.server.wm.AppWindowToken.notifyAppStopped:1222 com.android.server.wm.ActivityRecord.activityStoppedLocked:2573
05-10 18:19:08.931  5342  7255 I SurfaceFlinger: id=8147 Removed org.torproject.android/org.torproject.android.OrbotMainActivity$_14575#0 (131)
05-10 18:19:08.946  5342  5342 I Layer   : id=8147[1] Destroyed org.torproject.android/org.torproject.android.OrbotMainActivity$_14575#0
05-10 18:19:09.041  5787  6572 V WindowManager: Setting visibility of Window{5983f5c u0 org.torproject.android/org.torproject.android.OrbotMainActivity}: true, caller=com.android.server.wm.WindowContainer.sendAppVisibilityToClients:640 com.android.server.wm.AppWindowToken.setClientHidden:611 com.android.server.wm.AppWindowToken.setVisibility:707 com.android.server.wm.ActivityRecord.setVisibility:2089 com.android.server.wm.ActivityStack.resumeTopActivityInnerLocked:3383
05-10 18:19:09.042  5787  6572 V WindowManager: Changing focus from Window{b73c157 u0 org.torproject.android/org.torproject.android.ui.AppManagerActivity} to null displayId=0 Callers=com.android.server.wm.RootWindowContainer.updateFocusedWindowLocked:203 com.android.server.wm.WindowManagerService.updateFocusedWindowLocked:6040 com.android.server.wm.ActivityDisplay.setFocusedApp:1428 com.android.server.wm.ActivityTaskManagerService.setResumedActivityUncheckLocked:6682
05-10 18:19:09.043  5787  6572 D MARsPolicyManager: onPackageResumedFG pkgName = org.torproject.android, userId = 0
05-10 18:19:09.051  5787  5897 D GameManagerService: noteResumeComponent(), resumeComponent: org.torproject.android
05-10 18:19:09.052  5787  6338 D GameManagerService: handleForegroundChange(). pkgName: org.torproject.android, clsName: org.torproject.android.OrbotMainActivity,FgActivityName:org.torproject.android/.OrbotMainActivity,userID:0
05-10 18:19:09.063  5787  5811 V WindowManager: Relayout Window{5983f5c u0 org.torproject.android/org.torproject.android.OrbotMainActivity}: viewVisibility=0 req=1080x2280
05-10 18:19:09.065  5342  5398 I SurfaceFlinger: id=8178 createSurf (1080x2280),2 flag=404, org.torproject.android/org.torproject.android.OrbotMainActivity$_14575#0
05-10 18:19:09.066  5787  5811 D WindowManager: makeSurface duration=2 name=org.torproject.android/org.torproject.android.OrbotMainActivity$_14575
05-10 18:19:09.067  5787  5811 V WindowManager: Changing focus from null to Window{5983f5c u0 org.torproject.android/org.torproject.android.OrbotMainActivity} displayId=0 Callers=com.android.server.wm.RootWindowContainer.updateFocusedWindowLocked:203 com.android.server.wm.WindowManagerService.updateFocusedWindowLocked:6040 com.android.server.wm.WindowManagerService.relayoutWindow:2504 com.android.server.wm.Session.relayout:202
05-10 18:19:09.067  5787  5865 D WindowManager: setSystemUiVisibility: displayId=0, vis=0x8018, fullVis=0x0, dockVis=0x0, win=Window{5983f5c u0 org.torproject.android/org.torproject.android.OrbotMainActivity}
05-10 18:19:09.080  5787  6572 D WindowManager: finishDrawingWindow: Window{5983f5c u0 org.torproject.android/org.torproject.android.OrbotMainActivity} mDrawState=DRAW_PENDING
05-10 18:19:09.082  5787  5899 I WindowManager: Reparenting to leash, surface=Surface(name=AppWindowToken{1e5a6bd token=Token{b6ee14 ActivityRecord{5a3f067 u0 org.torproject.android/.ui.AppManagerActivity t70}}})/@0x3bb9586
05-10 18:19:09.083  5342  5398 I SurfaceFlinger: id=8179 createSurf (0x0),-1 flag=80004, Surface(name=AppWindowToken{1e5a6bd token=Token{b6ee14 ActivityRecord{5a3f067 u0 org.torproject.android/.ui.AppManagerActivity t70}}})/@0x3bb9586 - animation-leash#0
05-10 18:19:09.084  5787  5899 D WindowManager: makeSurface duration=2 leash=Surface(name=Surface(name=AppWindowToken{1e5a6bd token=Token{b6ee14 ActivityRecord{5a3f067 u0 org.torproject.android/.ui.AppManagerActivity t70}}})/@0x3bb9586 - animation-leash)/@0xd8bf3d0
05-10 18:19:09.085  5787  5787 D GameManagerService: identifyGamePackage. org.torproject.android, mCurrentUserId: 0, callerUserId: 0
05-10 18:19:09.085  5787  5787 D GamePkgDataHelper: getGamePkgData(). org.torproject.android
05-10 18:19:09.085  5342  5398 I SurfaceFlinger: id=8180 createSurf (0x0),-1 flag=80004, Surface(name=AppWindowToken{1e5a6bd token=Token{b6ee14 ActivityRecord{5a3f067 u0 org.torproject.android/.ui.AppManagerActivity t70}}})/@0x3bb9586 - animation-bounds#0
05-10 18:19:09.087  5787  5869 D ApplicationPolicy: isStatusBarNotificationAllowedAsUser: packageName = org.torproject.android,userId = 0
05-10 18:19:09.088 14575 14575 V InputMethodManager: Starting input: tba=org.torproject.android ic=null mNaviBarColor -855310 mIsGetNaviBarColorSuccess true , NavVisible : true , NavTrans : false
05-10 18:19:09.088  5787  5869 D ApplicationPolicy: isStatusBarNotificationAllowedAsUser: packageName = org.torproject.android,userId = 0
05-10 18:19:09.088  5787  5899 I WindowManager: Reparenting to leash, surface=Surface(name=AppWindowToken{1e5de8f token=Token{6ccb9ee ActivityRecord{ae87b69 u0 org.torproject.android/.OrbotMainActivity t70}}})/@0x8bb78ed
05-10 18:19:09.089  5342  6188 I SurfaceFlinger: id=8181 createSurf (0x0),-1 flag=80004, Surface(name=AppWindowToken{1e5de8f token=Token{6ccb9ee ActivityRecord{ae87b69 u0 org.torproject.android/.OrbotMainActivity t70}}})/@0x8bb78ed - animation-leash#0
05-10 18:19:09.089  5787  5899 D WindowManager: makeSurface duration=1 leash=Surface(name=Surface(name=AppWindowToken{1e5de8f token=Token{6ccb9ee ActivityRecord{ae87b69 u0 org.torproject.android/.OrbotMainActivity t70}}})/@0x8bb78ed - animation-leash)/@0x1847cfc
05-10 18:19:09.090  5342  6188 I SurfaceFlinger: id=8182 createSurf (0x0),-1 flag=80004, Surface(name=AppWindowToken{1e5de8f token=Token{6ccb9ee ActivityRecord{ae87b69 u0 org.torproject.android/.OrbotMainActivity t70}}})/@0x8bb78ed - animation-bounds#0
05-10 18:19:09.121  5342  5342 I SurfaceFlinger:      DEVICE | 0x73d1c32000 | 0002 | RGBx_8888 |   0.0   67.0 1080.0 2280.0 |    0    0 1080 2214 | org.torproject.android/org.torproject.android.OrbotMainActivity$_14575#0
05-10 18:19:09.121  5342  5342 I SurfaceFlinger:      DEVICE | 0x73f06a5740 | 0002 | RGBx_8888 |   0.0    0.0 1080.0 2273.0 |    0    7 1080 2280 | org.torproject.android/org.torproject.android.ui.AppManagerActivity$_14575#0
05-10 18:19:09.201  5787  5787 D EdgeLightingManager: showForNotification : isInteractive=true, isHeadUp=false, color=0, sbn = StatusBarNotification(pkg=org.torproject.android user=UserHandle{0} id=1 tag=null key=0|org.torproject.android|1|null|10396: Notification(channel=orbot_channel_1 pri=0 contentView=null vibrate=null sound=null defaults=0x0 flags=0x62 color=0x00000000 category=service actions=1 vis=PRIVATE semFlags=0x0 semPriority=0 semMissedCount=0))
05-10 18:19:09.201  5787  5787 D EdgeLightingPolicyManager: isAcceptableApplication:  pkg=org.torproject.android , range=256 , includeAllApp=false , userId=0 , infoRange=0 , infoCategory=0
05-10 18:19:09.202  5787  5787 D EdgeLightingPolicyManager.NotificationGroup: Remove previous child data. 0|org.torproject.android|1|null|10396
05-10 18:19:09.202  5787  5787 D EdgeLightingPolicyManager.NotificationGroup: group key = 0|org.torproject.android|1|null|10396 ,value= summary : null , child : 1key = 0|org.torproject.android|1|null|10396 , value =  NotificationData { tag= null } , }
05-10 18:19:09.202  5787  5787 D EdgeLightingPolicyManager: isAcceptableApplication:  pkg=org.torproject.android , range=1 , includeAllApp=false , userId=0 , infoRange=0 , infoCategory=0
05-10 18:19:09.209  6938  6938 D Launcher.NotificationListener: onNotificationPosted : StatusBarNotification(pkg=org.torproject.android user=UserHandle{0} id=1 tag=null key=0|org.torproject.android|1|null|10396: Notification(channel=orbot_channel_1 pri=0 contentView=null vibrate=null sound=null defaults=0x0 flags=0x62 color=0x00000000 category=service actions=1 vis=PRIVATE semFlags=0x0 semPriority=0 semMissedCount=0)) number : 0 listener : null
05-10 18:19:09.234  5342  5342 I SurfaceFlinger:      DEVICE | 0x73d1c33f40 | 0002 | RGBx_8888 |   0.0   15.0 1080.0 2280.0 |    0    0 1080 2265 | org.torproject.android/org.torproject.android.OrbotMainActivity$_14575#0
05-10 18:19:09.267  5342  5342 I SurfaceFlinger:      DEVICE | 0x73d1c32000 | 0002 | RGBx_8888 |   0.0    8.0 1080.0 2280.0 |    0    0 1080 2272 | org.torproject.android/org.torproject.android.OrbotMainActivity$_14575#0
05-10 18:19:09.379  5787  5899 I WindowManager: Reparenting to original parent: Surface(name=Task=70)/@0x47a25fb, destroyLeash=true, surface=Surface(name=AppWindowToken{1e5a6bd token=Token{b6ee14 ActivityRecord{5a3f067 u0 org.torproject.android/.ui.AppManagerActivity t70}}})/@0x3bb9586
05-10 18:19:09.380  5787  5899 V WindowManager: Setting visibility of Window{b73c157 u0 org.torproject.android/org.torproject.android.ui.AppManagerActivity}: false, caller=com.android.server.wm.WindowContainer.sendAppVisibilityToClients:640 com.android.server.wm.AppWindowToken.setClientHidden:611 com.android.server.wm.AppWindowToken.onAnimationFinished:3476 com.android.server.wm.-$$Lambda$yVRF8YoeNdTa8GR1wDStVsHu8xM.run:2 com.android.server.wm.SurfaceAnimator.lambda$getFinishedCallback$0$SurfaceAnimator:100
05-10 18:19:09.380  5787  5899 I WindowManager: Reparenting to original parent: Surface(name=Task=70)/@0x47a25fb, destroyLeash=true, surface=Surface(name=AppWindowToken{1e5de8f token=Token{6ccb9ee ActivityRecord{ae87b69 u0 org.torproject.android/.OrbotMainActivity t70}}})/@0x8bb78ed
05-10 18:19:09.385  5342  6188 I SurfaceFlinger: id=8179 Removed Surface(name=AppWindowToken{1e5a6bd token=Token{b6ee14 ActivityRecord{5a3f067 u0 org.torproject.android/.ui.AppManagerActivity t70}}})/@0x3bb9586 - animation-leash#0 (135)
05-10 18:19:09.385  5342  6188 I SurfaceFlinger: id=8181 Removed Surface(name=AppWindowToken{1e5de8f token=Token{6ccb9ee ActivityRecord{ae87b69 u0 org.torproject.android/.OrbotMainActivity t70}}})/@0x8bb78ed - animation-leash#0 (135)
05-10 18:19:09.385  5342  6188 I SurfaceFlinger: id=8180 Removed Surface(name=AppWindowToken{1e5a6bd token=Token{b6ee14 ActivityRecord{5a3f067 u0 org.torproject.android/.ui.AppManagerActivity t70}}})/@0x3bb9586 - animation-bounds#0 (135)
05-10 18:19:09.385  5342  6188 I SurfaceFlinger: id=8182 Removed Surface(name=AppWindowToken{1e5de8f token=Token{6ccb9ee ActivityRecord{ae87b69 u0 org.torproject.android/.OrbotMainActivity t70}}})/@0x8bb78ed - animation-bounds#0 (135)
05-10 18:19:09.396  5342  5342 I Layer   : id=8182[1] Destroyed Surface(name=AppWindowToken{1e5de8f token=Token{6ccb9ee ActivityRecord{ae87b69 u0 org.torproject.android/.OrbotMainActivity t70}}})/@0x8bb78ed - animation-bounds#0
05-10 18:19:09.396  5342  5342 I Layer   : id=8181[1] Destroyed Surface(name=AppWindowToken{1e5de8f token=Token{6ccb9ee ActivityRecord{ae87b69 u0 org.torproject.android/.OrbotMainActivity t70}}})/@0x8bb78ed - animation-leash#0
05-10 18:19:09.396  5342  5342 I Layer   : id=8180[1] Destroyed Surface(name=AppWindowToken{1e5a6bd token=Token{b6ee14 ActivityRecord{5a3f067 u0 org.torproject.android/.ui.AppManagerActivity t70}}})/@0x3bb9586 - animation-bounds#0
05-10 18:19:09.397  5342  5342 I Layer   : id=8179[1] Destroyed Surface(name=AppWindowToken{1e5a6bd token=Token{b6ee14 ActivityRecord{5a3f067 u0 org.torproject.android/.ui.AppManagerActivity t70}}})/@0x3bb9586 - animation-leash#0
05-10 18:19:09.398  5787  6572 V WindowManager: Relayout Window{b73c157 u0 org.torproject.android/org.torproject.android.ui.AppManagerActivity}: viewVisibility=8 req=1080x2280
05-10 18:19:09.413  5787  6572 I WindowManager: Destroying surface Surface(name=org.torproject.android/org.torproject.android.ui.AppManagerActivity$_14575)/@0x7918cdf called by com.android.server.wm.WindowStateAnimator.destroySurface:1712 com.android.server.wm.WindowStateAnimator.destroySurfaceLocked:671 com.android.server.wm.WindowState.removeImmediately:2279 com.android.server.wm.WindowState.removeIfPossible:2415 com.android.server.wm.WindowState.removeIfPossible:2294 com.android.server.wm.WindowManagerService.removeWindow:1983 com.android.server.wm.Session.remove:184 android.view.IWindowSession$Stub.onTransact:658
05-10 18:19:09.414  5342  6188 I SurfaceFlinger: id=8168 Removed org.torproject.android/org.torproject.android.ui.AppManagerActivity$_14575#0 (131)
05-10 18:19:09.415  5342  6188 I SurfaceFlinger: id=8167 Removed b73c157 org.torproject.android/org.torproject.android.ui.AppManagerActivity#0 (131)
05-10 18:19:09.429  5342  5342 I Layer   : id=8167[1] Destroyed b73c157 org.torproject.android/org.torproject.android.ui.AppManagerActivity#0
05-10 18:19:09.430  5342  5342 I Layer   : id=8168[1] Destroyed org.torproject.android/org.torproject.android.ui.AppManagerActivity$_14575#0
05-10 18:19:09.431  5342  6188 I SurfaceFlinger: id=8166 Removed AppWindowToken{1e5a6bd token=Token{b6ee14 ActivityRecord{5a3f067 u0 org.torproject.android/.ui.AppManagerActivity t70}}}#0 (129)
05-10 18:19:09.446  5342  5342 I Layer   : id=8166[1] Destroyed AppWindowToken{1e5a6bd token=Token{b6ee14 ActivityRecord{5a3f067 u0 org.torproject.android/.ui.AppManagerActivity t70}}}#0
05-10 18:19:10.542  5280  5280 E audit   : type=1300 audit(1589152750.537:9043): arch=c00000b7 syscall=29 success=no exit=-13 a0=d a1=894b a2=6fd0f55034 a3=7fc80b3450 items=0 ppid=1 pid=15464 auid=4294967295 uid=10396 gid=10396 euid=10396 suid=10396 fsuid=10396 egid=10396 sgid=10396 fsgid=10396 tty=(none) ses=4294967295 comm="tor" exe="/data/data/org.torproject.android/files/tor" subj=u:r:untrusted_app_27:s0:c140,c257,c512,c768 key=(null)
05-10 18:19:10.552  5787  5869 D ApplicationPolicy: isStatusBarNotificationAllowedAsUser: packageName = org.torproject.android,userId = 0
05-10 18:19:10.554  5787  5869 D ApplicationPolicy: isStatusBarNotificationAllowedAsUser: packageName = org.torproject.android,userId = 0
05-10 18:19:10.657  5787  5787 D EdgeLightingManager: showForNotification : isInteractive=true, isHeadUp=false, color=0, sbn = StatusBarNotification(pkg=org.torproject.android user=UserHandle{0} id=1 tag=null key=0|org.torproject.android|1|null|10396: Notification(channel=orbot_channel_1 pri=0 contentView=null vibrate=null sound=null defaults=0x0 flags=0x62 color=0x00000000 category=service actions=1 vis=PRIVATE semFlags=0x0 semPriority=0 semMissedCount=0))
05-10 18:19:10.657  5787  5787 D EdgeLightingPolicyManager: isAcceptableApplication:  pkg=org.torproject.android , range=256 , includeAllApp=false , userId=0 , infoRange=0 , infoCategory=0
05-10 18:19:10.657  5787  5787 D EdgeLightingPolicyManager.NotificationGroup: Remove previous child data. 0|org.torproject.android|1|null|10396
05-10 18:19:10.657  5787  5787 D EdgeLightingPolicyManager.NotificationGroup: group key = 0|org.torproject.android|1|null|10396 ,value= summary : null , child : 1key = 0|org.torproject.android|1|null|10396 , value =  NotificationData { tag= null } , }
05-10 18:19:10.657  5787  5787 D EdgeLightingPolicyManager: isAcceptableApplication:  pkg=org.torproject.android , range=1 , includeAllApp=false , userId=0 , infoRange=0 , infoCategory=0
05-10 18:19:10.663  6938  6938 D Launcher.NotificationListener: onNotificationPosted : StatusBarNotification(pkg=org.torproject.android user=UserHandle{0} id=1 tag=null key=0|org.torproject.android|1|null|10396: Notification(channel=orbot_channel_1 pri=0 contentView=null vibrate=null sound=null defaults=0x0 flags=0x62 color=0x00000000 category=service actions=1 vis=PRIVATE semFlags=0x0 semPriority=0 semMissedCount=0)) number : 0 listener : null
05-10 18:19:11.278  5342  5342 I SurfaceFlinger:      DEVICE | 0x73d1c33b80 | 0002 | RGBx_8888 |   0.0    0.0 1080.0 2280.0 |    0    0 1080 2280 | org.torproject.android/org.torproject.android.OrbotMainActivity$_14575#0
05-10 18:19:11.505  5787  5869 D ApplicationPolicy: isStatusBarNotificationAllowedAsUser: packageName = org.torproject.android,userId = 0
05-10 18:19:11.506  5787  5869 D ApplicationPolicy: isStatusBarNotificationAllowedAsUser: packageName = org.torproject.android,userId = 0
05-10 18:19:11.610  5787  5787 D EdgeLightingManager: showForNotification : isInteractive=true, isHeadUp=false, color=0, sbn = StatusBarNotification(pkg=org.torproject.android user=UserHandle{0} id=1 tag=null key=0|org.torproject.android|1|null|10396: Notification(channel=orbot_channel_1 pri=0 contentView=null vibrate=null sound=null defaults=0x0 flags=0x62 color=0x00000000 category=service actions=1 vis=PRIVATE semFlags=0x0 semPriority=0 semMissedCount=0))
05-10 18:19:11.610  5787  5787 D EdgeLightingPolicyManager: isAcceptableApplication:  pkg=org.torproject.android , range=256 , includeAllApp=false , userId=0 , infoRange=0 , infoCategory=0
05-10 18:19:11.610  5787  5787 D EdgeLightingPolicyManager.NotificationGroup: Remove previous child data. 0|org.torproject.android|1|null|10396
05-10 18:19:11.610  5787  5787 D EdgeLightingPolicyManager.NotificationGroup: group key = 0|org.torproject.android|1|null|10396 ,value= summary : null , child : 1key = 0|org.torproject.android|1|null|10396 , value =  NotificationData { tag= null } , }
05-10 18:19:11.610  5787  5787 D EdgeLightingPolicyManager: isAcceptableApplication:  pkg=org.torproject.android , range=1 , includeAllApp=false , userId=0 , infoRange=0 , infoCategory=0
05-10 18:19:11.614  6938  6938 D Launcher.NotificationListener: onNotificationPosted : StatusBarNotification(pkg=org.torproject.android user=UserHandle{0} id=1 tag=null key=0|org.torproject.android|1|null|10396: Notification(channel=orbot_channel_1 pri=0 contentView=null vibrate=null sound=null defaults=0x0 flags=0x62 color=0x00000000 category=service actions=1 vis=PRIVATE semFlags=0x0 semPriority=0 semMissedCount=0)) number : 0 listener : null
05-10 18:19:12.508  5787  5869 D ApplicationPolicy: isStatusBarNotificationAllowedAsUser: packageName = org.torproject.android,userId = 0
05-10 18:19:12.510  5787  5869 D ApplicationPolicy: isStatusBarNotificationAllowedAsUser: packageName = org.torproject.android,userId = 0
05-10 18:19:12.617  5787  5787 D EdgeLightingManager: showForNotification : isInteractive=true, isHeadUp=false, color=0, sbn = StatusBarNotification(pkg=org.torproject.android user=UserHandle{0} id=1 tag=null key=0|org.torproject.android|1|null|10396: Notification(channel=orbot_channel_1 pri=0 contentView=null vibrate=null sound=null defaults=0x0 flags=0x62 color=0x00000000 category=service actions=1 vis=PRIVATE semFlags=0x0 semPriority=0 semMissedCount=0))
05-10 18:19:12.617  5787  5787 D EdgeLightingPolicyManager: isAcceptableApplication:  pkg=org.torproject.android , range=256 , includeAllApp=false , userId=0 , infoRange=0 , infoCategory=0
05-10 18:19:12.618  5787  5787 D EdgeLightingPolicyManager.NotificationGroup: Remove previous child data. 0|org.torproject.android|1|null|10396
05-10 18:19:12.618  5787  5787 D EdgeLightingPolicyManager.NotificationGroup: group key = 0|org.torproject.android|1|null|10396 ,value= summary : null , child : 1key = 0|org.torproject.android|1|null|10396 , value =  NotificationData { tag= null } , }
05-10 18:19:12.618  5787  5787 D EdgeLightingPolicyManager: isAcceptableApplication:  pkg=org.torproject.android , range=1 , includeAllApp=false , userId=0 , infoRange=0 , infoCategory=0
05-10 18:19:12.625  6938  6938 D Launcher.NotificationListener: onNotificationPosted : StatusBarNotification(pkg=org.torproject.android user=UserHandle{0} id=1 tag=null key=0|org.torproject.android|1|null|10396: Notification(channel=orbot_channel_1 pri=0 contentView=null vibrate=null sound=null defaults=0x0 flags=0x62 color=0x00000000 category=service actions=1 vis=PRIVATE semFlags=0x0 semPriority=0 semMissedCount=0)) number : 0 listener : null
05-10 18:19:13.509  5787  5869 D ApplicationPolicy: isStatusBarNotificationAllowedAsUser: packageName = org.torproject.android,userId = 0
05-10 18:19:13.509  5787  5869 D ApplicationPolicy: isStatusBarNotificationAllowedAsUser: packageName = org.torproject.android,userId = 0
05-10 18:19:13.613  5787  5787 D EdgeLightingManager: showForNotification : isInteractive=true, isHeadUp=false, color=0, sbn = StatusBarNotification(pkg=org.torproject.android user=UserHandle{0} id=1 tag=null key=0|org.torproject.android|1|null|10396: Notification(channel=orbot_channel_1 pri=0 contentView=null vibrate=null sound=null defaults=0x0 flags=0x62 color=0x00000000 category=service actions=1 vis=PRIVATE semFlags=0x0 semPriority=0 semMissedCount=0))
05-10 18:19:13.614  5787  5787 D EdgeLightingPolicyManager: isAcceptableApplication:  pkg=org.torproject.android , range=256 , includeAllApp=false , userId=0 , infoRange=0 , infoCategory=0
05-10 18:19:13.614  5787  5787 D EdgeLightingPolicyManager.NotificationGroup: Remove previous child data. 0|org.torproject.android|1|null|10396
05-10 18:19:13.614  5787  5787 D EdgeLightingPolicyManager.NotificationGroup: group key = 0|org.torproject.android|1|null|10396 ,value= summary : null , child : 1key = 0|org.torproject.android|1|null|10396 , value =  NotificationData { tag= null } , }
05-10 18:19:13.614  5787  5787 D EdgeLightingPolicyManager: isAcceptableApplication:  pkg=org.torproject.android , range=1 , includeAllApp=false , userId=0 , infoRange=0 , infoCategory=0
05-10 18:19:13.619  6938  6938 D Launcher.NotificationListener: onNotificationPosted : StatusBarNotification(pkg=org.torproject.android user=UserHandle{0} id=1 tag=null key=0|org.torproject.android|1|null|10396: Notification(channel=orbot_channel_1 pri=0 contentView=null vibrate=null sound=null defaults=0x0 flags=0x62 color=0x00000000 category=service actions=1 vis=PRIVATE semFlags=0x0 semPriority=0 semMissedCount=0)) number : 0 listener : null
05-10 18:19:14.090  5787  5787 D GameManagerService: identifyGamePackage. org.torproject.android, mCurrentUserId: 0, callerUserId: 0
