05-10 18:17:16.336  5787  5787 D EdgeLightingPolicyManager: isAcceptableApplication:  pkg=org.torproject.android , range=1 , includeAllApp=false , userId=0 , infoRange=0 , infoCategory=0
05-10 18:17:16.339  6938  6938 D Launcher.NotificationListener: onNotificationPosted : StatusBarNotification(pkg=org.torproject.android user=UserHandle{0} id=1 tag=null key=0|org.torproject.android|1|null|10396: Notification(channel=orbot_channel_1 pri=0 contentView=null vibrate=null sound=null defaults=0x0 flags=0x62 color=0x00000000 category=service actions=1 vis=PRIVATE semFlags=0x0 semPriority=0 semMissedCount=0)) number : 0 listener : null
05-10 18:17:16.410  5787  5787 D EdgeLightingManager: showForNotification : isInteractive=true, isHeadUp=false, color=0, sbn = StatusBarNotification(pkg=org.torproject.android user=UserHandle{0} id=1 tag=null key=0|org.torproject.android|1|null|10396: Notification(channel=orbot_channel_1 pri=0 contentView=null vibrate=null sound=null defaults=0x0 flags=0x62 color=0x00000000 category=service actions=1 vis=PRIVATE semFlags=0x0 semPriority=0 semMissedCount=0))
05-10 18:17:16.410  5787  5787 D EdgeLightingPolicyManager: isAcceptableApplication:  pkg=org.torproject.android , range=256 , includeAllApp=false , userId=0 , infoRange=0 , infoCategory=0
05-10 18:17:16.410  5787  5787 D EdgeLightingPolicyManager.NotificationGroup: Remove previous child data. 0|org.torproject.android|1|null|10396
05-10 18:17:16.410  5787  5787 D EdgeLightingPolicyManager.NotificationGroup: group key = 0|org.torproject.android|1|null|10396 ,value= summary : null , child : 1key = 0|org.torproject.android|1|null|10396 , value =  NotificationData { tag= null } , }
05-10 18:17:16.410  5787  5787 D EdgeLightingPolicyManager: isAcceptableApplication:  pkg=org.torproject.android , range=1 , includeAllApp=false , userId=0 , infoRange=0 , infoCategory=0
05-10 18:17:16.413  6938  6938 D Launcher.NotificationListener: onNotificationPosted : StatusBarNotification(pkg=org.torproject.android user=UserHandle{0} id=1 tag=null key=0|org.torproject.android|1|null|10396: Notification(channel=orbot_channel_1 pri=0 contentView=null vibrate=null sound=null defaults=0x0 flags=0x62 color=0x00000000 category=service actions=1 vis=PRIVATE semFlags=0x0 semPriority=0 semMissedCount=0)) number : 0 listener : null
05-10 18:17:16.416  5787  5787 D EdgeLightingManager: showForNotification : isInteractive=true, isHeadUp=false, color=0, sbn = StatusBarNotification(pkg=org.torproject.android user=UserHandle{0} id=1 tag=null key=0|org.torproject.android|1|null|10396: Notification(channel=orbot_channel_1 pri=0 contentView=null vibrate=null sound=null defaults=0x0 flags=0x62 color=0x00000000 category=service actions=1 vis=PRIVATE semFlags=0x0 semPriority=0 semMissedCount=0))
05-10 18:17:16.416  5787  5787 D EdgeLightingPolicyManager: isAcceptableApplication:  pkg=org.torproject.android , range=256 , includeAllApp=false , userId=0 , infoRange=0 , infoCategory=0
05-10 18:17:16.416  5787  5787 D EdgeLightingPolicyManager.NotificationGroup: Remove previous child data. 0|org.torproject.android|1|null|10396
05-10 18:17:16.416  5787  5787 D EdgeLightingPolicyManager.NotificationGroup: group key = 0|org.torproject.android|1|null|10396 ,value= summary : null , child : 1key = 0|org.torproject.android|1|null|10396 , value =  NotificationData { tag= null } , }
05-10 18:17:16.417  5787  5787 D EdgeLightingPolicyManager: isAcceptableApplication:  pkg=org.torproject.android , range=1 , includeAllApp=false , userId=0 , infoRange=0 , infoCategory=0
05-10 18:17:16.420  6938  6938 D Launcher.NotificationListener: onNotificationPosted : StatusBarNotification(pkg=org.torproject.android user=UserHandle{0} id=1 tag=null key=0|org.torproject.android|1|null|10396: Notification(channel=orbot_channel_1 pri=0 contentView=null vibrate=null sound=null defaults=0x0 flags=0x62 color=0x00000000 category=service actions=1 vis=PRIVATE semFlags=0x0 semPriority=0 semMissedCount=0)) number : 0 listener : null
05-10 18:17:16.842  5280  5280 E audit   : type=1300 audit(1589152636.837:9010): arch=c00000b7 syscall=29 success=no exit=-13 a0=12 a1=894b a2=7b7d0784f4 a3=7ff8011c20 items=0 ppid=1 pid=15293 auid=4294967295 uid=10396 gid=10396 euid=10396 suid=10396 fsuid=10396 egid=10396 sgid=10396 fsgid=10396 tty=(none) ses=4294967295 comm="tor" exe="/data/data/org.torproject.android/files/tor" subj=u:r:untrusted_app_27:s0:c140,c257,c512,c768 key=(null)
05-10 18:17:17.197  5787  5869 D ApplicationPolicy: isStatusBarNotificationAllowedAsUser: packageName = org.torproject.android,userId = 0
05-10 18:17:17.199  5787  5869 D ApplicationPolicy: isStatusBarNotificationAllowedAsUser: packageName = org.torproject.android,userId = 0
05-10 18:17:17.221  5787  6572 V WindowManager: Changing focus from Window{5983f5c u0 org.torproject.android/org.torproject.android.OrbotMainActivity} to Window{b0520e6 u0 StatusBar} displayId=0 Callers=com.android.server.wm.RootWindowContainer.updateFocusedWindowLocked:203 com.android.server.wm.WindowManagerService.updateFocusedWindowLocked:6040 com.android.server.wm.WindowManagerService.relayoutWindow:2504 com.android.server.wm.Session.relayout:202
05-10 18:17:17.300  5787  5787 D EdgeLightingManager: showForNotification : isInteractive=true, isHeadUp=false, color=0, sbn = StatusBarNotification(pkg=org.torproject.android user=UserHandle{0} id=1 tag=null key=0|org.torproject.android|1|null|10396: Notification(channel=orbot_channel_1 pri=0 contentView=null vibrate=null sound=null defaults=0x0 flags=0x62 color=0x00000000 category=service actions=1 vis=PRIVATE semFlags=0x0 semPriority=0 semMissedCount=0))
05-10 18:17:17.302  5787  5787 D EdgeLightingPolicyManager: isAcceptableApplication:  pkg=org.torproject.android , range=256 , includeAllApp=false , userId=0 , infoRange=0 , infoCategory=0
05-10 18:17:17.303  5787  5787 D EdgeLightingPolicyManager.NotificationGroup: Remove previous child data. 0|org.torproject.android|1|null|10396
05-10 18:17:17.303  5787  5787 D EdgeLightingPolicyManager.NotificationGroup: group key = 0|org.torproject.android|1|null|10396 ,value= summary : null , child : 1key = 0|org.torproject.android|1|null|10396 , value =  NotificationData { tag= null } , }
05-10 18:17:17.305  5787  5787 D EdgeLightingPolicyManager: isAcceptableApplication:  pkg=org.torproject.android , range=1 , includeAllApp=false , userId=0 , infoRange=0 , infoCategory=0
05-10 18:17:17.309  6938  6938 D Launcher.NotificationListener: onNotificationPosted : StatusBarNotification(pkg=org.torproject.android user=UserHandle{0} id=1 tag=null key=0|org.torproject.android|1|null|10396: Notification(channel=orbot_channel_1 pri=0 contentView=null vibrate=null sound=null defaults=0x0 flags=0x62 color=0x00000000 category=service actions=1 vis=PRIVATE semFlags=0x0 semPriority=0 semMissedCount=0)) number : 0 listener : null
05-10 18:17:17.863  5280  5280 E audit   : type=1300 audit(1589152637.857:9011): arch=c00000b7 syscall=29 success=no exit=-13 a0=12 a1=894b a2=7b7d0784f4 a3=7ff8011c20 items=0 ppid=1 pid=15293 auid=4294967295 uid=10396 gid=10396 euid=10396 suid=10396 fsuid=10396 egid=10396 sgid=10396 fsgid=10396 tty=(none) ses=4294967295 comm="tor" exe="/data/data/org.torproject.android/files/tor" subj=u:r:untrusted_app_27:s0:c140,c257,c512,c768 key=(null)
05-10 18:17:17.982  5787  7367 V WindowManager: Changing focus from Window{b0520e6 u0 StatusBar} to Window{5983f5c u0 org.torproject.android/org.torproject.android.OrbotMainActivity} displayId=0 Callers=com.android.server.wm.RootWindowContainer.updateFocusedWindowLocked:203 com.android.server.wm.WindowManagerService.updateFocusedWindowLocked:6040 com.android.server.wm.WindowManagerService.relayoutWindow:2504 com.android.server.wm.Session.relayout:202
05-10 18:17:17.982  5787  5865 D WindowManager: setSystemUiVisibility: displayId=0, vis=0x8018, fullVis=0x0, dockVis=0x0, win=Window{5983f5c u0 org.torproject.android/org.torproject.android.OrbotMainActivity}
05-10 18:17:18.205  5787  5869 D ApplicationPolicy: isStatusBarNotificationAllowedAsUser: packageName = org.torproject.android,userId = 0
05-10 18:17:18.206  5787  5869 D ApplicationPolicy: isStatusBarNotificationAllowedAsUser: packageName = org.torproject.android,userId = 0
05-10 18:17:18.309  5787  5787 D EdgeLightingManager: showForNotification : isInteractive=true, isHeadUp=false, color=0, sbn = StatusBarNotification(pkg=org.torproject.android user=UserHandle{0} id=1 tag=null key=0|org.torproject.android|1|null|10396: Notification(channel=orbot_channel_1 pri=0 contentView=null vibrate=null sound=null defaults=0x0 flags=0x62 color=0x00000000 category=service actions=1 vis=PRIVATE semFlags=0x0 semPriority=0 semMissedCount=0))
05-10 18:17:18.309  5787  5787 D EdgeLightingPolicyManager: isAcceptableApplication:  pkg=org.torproject.android , range=256 , includeAllApp=false , userId=0 , infoRange=0 , infoCategory=0
05-10 18:17:18.309  5787  5787 D EdgeLightingPolicyManager.NotificationGroup: Remove previous child data. 0|org.torproject.android|1|null|10396
05-10 18:17:18.309  5787  5787 D EdgeLightingPolicyManager.NotificationGroup: group key = 0|org.torproject.android|1|null|10396 ,value= summary : null , child : 1key = 0|org.torproject.android|1|null|10396 , value =  NotificationData { tag= null } , }
05-10 18:17:18.309  5787  5787 D EdgeLightingPolicyManager: isAcceptableApplication:  pkg=org.torproject.android , range=1 , includeAllApp=false , userId=0 , infoRange=0 , infoCategory=0
05-10 18:17:18.312  6938  6938 D Launcher.NotificationListener: onNotificationPosted : StatusBarNotification(pkg=org.torproject.android user=UserHandle{0} id=1 tag=null key=0|org.torproject.android|1|null|10396: Notification(channel=orbot_channel_1 pri=0 contentView=null vibrate=null sound=null defaults=0x0 flags=0x62 color=0x00000000 category=service actions=1 vis=PRIVATE semFlags=0x0 semPriority=0 semMissedCount=0)) number : 0 listener : null
05-10 18:17:18.600  5787  7367 I ActivityTaskManager: START u0 {cmp=org.torproject.android/.ui.VPNEnableActivity} from uid 10396
05-10 18:17:18.609  5342  7001 I SurfaceFlinger: id=8085 createSurf (0x0),-1 flag=80004, AppWindowToken{d98c227 token=Token{4250ce6 ActivityRecord{822df41 u0 org.torproject.android/.ui.VPNEnableActivity t70}}}#0
05-10 18:17:18.624  5787  7367 D GamePkgDataHelper: notifyAppCreate(), pkgName: org.torproject.android, sendRet: true
05-10 18:17:18.624  5787  6338 D GamePkgDataHelper: getGamePkgData(). org.torproject.android
05-10 18:17:18.624  5787  6338 D GameManagerService: handleMessage(), MSG_APP_CREATE. ignore. pkgName: org.torproject.android
05-10 18:17:18.625  5787  7367 V WindowManager: Changing focus from Window{5983f5c u0 org.torproject.android/org.torproject.android.OrbotMainActivity} to null displayId=0 Callers=com.android.server.wm.RootWindowContainer.updateFocusedWindowLocked:203 com.android.server.wm.WindowManagerService.updateFocusedWindowLocked:6040 com.android.server.wm.ActivityDisplay.setFocusedApp:1428 com.android.server.wm.ActivityTaskManagerService.setResumedActivityUncheckLocked:6682
05-10 18:17:18.625  5787  7367 D MARsPolicyManager: onPackageResumedFG pkgName = org.torproject.android, userId = 0
05-10 18:17:18.629  5787  5897 D GameManagerService: noteResumeComponent(), resumeComponent: org.torproject.android
05-10 18:17:18.630  5787  6338 D GameManagerService: handleForegroundChange(). pkgName: org.torproject.android, clsName: org.torproject.android.ui.VPNEnableActivity,FgActivityName:org.torproject.android/.ui.VPNEnableActivity,userID:0
05-10 18:17:18.650  5787  6572 W Vpn     : oldPackage: org.torproject.android, newPackage: null, CallingUid:10396
05-10 18:17:18.669  5342  7001 I SurfaceFlinger: id=8087 createSurf (0x0),-1 flag=80004, fc47282 org.torproject.android/org.torproject.android.ui.VPNEnableActivity#0
05-10 18:17:18.686  5787  7367 V WindowManager: Relayout Window{fc47282 u0 org.torproject.android/org.torproject.android.ui.VPNEnableActivity}: viewVisibility=0 req=1080x2280
05-10 18:17:18.689  5342  7001 I SurfaceFlinger: id=8088 createSurf (1080x2280),2 flag=404, org.torproject.android/org.torproject.android.ui.VPNEnableActivity$_14575#0
05-10 18:17:18.689  5787  7367 D WindowManager: makeSurface duration=2 name=org.torproject.android/org.torproject.android.ui.VPNEnableActivity$_14575
05-10 18:17:18.690  5787  7367 V WindowManager: Changing focus from null to Window{fc47282 u0 org.torproject.android/org.torproject.android.ui.VPNEnableActivity} displayId=0 Callers=com.android.server.wm.RootWindowContainer.updateFocusedWindowLocked:203 com.android.server.wm.WindowManagerService.updateFocusedWindowLocked:6040 com.android.server.wm.WindowManagerService.relayoutWindow:2504 com.android.server.wm.Session.relayout:202
05-10 18:17:18.690  5787  5865 D WindowManager: setSystemUiVisibility: displayId=0, vis=0x8018, fullVis=0x0, dockVis=0x0, win=Window{fc47282 u0 org.torproject.android/org.torproject.android.ui.VPNEnableActivity}
05-10 18:17:18.697  5787  7367 D WindowManager: finishDrawingWindow: Window{fc47282 u0 org.torproject.android/org.torproject.android.ui.VPNEnableActivity} mDrawState=DRAW_PENDING
05-10 18:17:18.713 14575 14575 V InputMethodManager: Starting input: tba=org.torproject.android ic=null mNaviBarColor -855310 mIsGetNaviBarColorSuccess true , NavVisible : true , NavTrans : false
05-10 18:17:18.751  5787  6572 V WindowManager: Changing focus from Window{fc47282 u0 org.torproject.android/org.torproject.android.ui.VPNEnableActivity} to null displayId=0 Callers=com.android.server.wm.RootWindowContainer.updateFocusedWindowLocked:203 com.android.server.wm.WindowManagerService.updateFocusedWindowLocked:6040 com.android.server.wm.ActivityDisplay.setFocusedApp:1428 com.android.server.wm.ActivityTaskManagerService.setResumedActivityUncheckLocked:6682
05-10 18:17:18.751  5787  5865 D WindowManager: setSystemUiVisibility: displayId=0, vis=0x8018, fullVis=0x0, dockVis=0x0, win=Window{5983f5c u0 org.torproject.android/org.torproject.android.OrbotMainActivity}
05-10 18:17:18.810  5787  5811 W Vpn     : oldPackage: org.torproject.android, newPackage: null, CallingUid:10112
05-10 18:17:18.814  5787  5811 W AppOps  : Bad call: specified package org.torproject.android under uid 10112 but it is really 10396
05-10 18:17:18.970  5787  5899 I WindowManager: Reparenting to leash, surface=Surface(name=AppWindowToken{1e5de8f token=Token{6ccb9ee ActivityRecord{ae87b69 u0 org.torproject.android/.OrbotMainActivity t70}}})/@0x8bb78ed
05-10 18:17:18.971  5342  7001 I SurfaceFlinger: id=8091 createSurf (0x0),-1 flag=80004, Surface(name=AppWindowToken{1e5de8f token=Token{6ccb9ee ActivityRecord{ae87b69 u0 org.torproject.android/.OrbotMainActivity t70}}})/@0x8bb78ed - animation-leash#0
05-10 18:17:18.972  5787  5899 D WindowManager: makeSurface duration=2 leash=Surface(name=Surface(name=AppWindowToken{1e5de8f token=Token{6ccb9ee ActivityRecord{ae87b69 u0 org.torproject.android/.OrbotMainActivity t70}}})/@0x8bb78ed - animation-leash)/@0x3aabd5a
05-10 18:17:18.973  5342  5397 I SurfaceFlinger: id=8092 createSurf (0x0),-1 flag=80004, Surface(name=AppWindowToken{1e5de8f token=Token{6ccb9ee ActivityRecord{ae87b69 u0 org.torproject.android/.OrbotMainActivity t70}}})/@0x8bb78ed - animation-bounds#0
05-10 18:17:18.980  5787  5899 I WindowManager: Reparenting to leash, surface=Surface(name=AppWindowToken{d98c227 token=Token{4250ce6 ActivityRecord{822df41 u0 org.torproject.android/.ui.VPNEnableActivity t70}}})/@0xf41657
05-10 18:17:18.981  5342  7001 I SurfaceFlinger: id=8097 createSurf (0x0),-1 flag=80004, Surface(name=AppWindowToken{d98c227 token=Token{4250ce6 ActivityRecord{822df41 u0 org.torproject.android/.ui.VPNEnableActivity t70}}})/@0xf41657 - animation-leash#0
05-10 18:17:18.982  5787  5899 D WindowManager: makeSurface duration=1 leash=Surface(name=Surface(name=AppWindowToken{d98c227 token=Token{4250ce6 ActivityRecord{822df41 u0 org.torproject.android/.ui.VPNEnableActivity t70}}})/@0xf41657 - animation-leash)/@0xe77962d
05-10 18:17:18.982  5342  7001 I SurfaceFlinger: id=8098 createSurf (0x0),-1 flag=80004, Surface(name=AppWindowToken{d98c227 token=Token{4250ce6 ActivityRecord{822df41 u0 org.torproject.android/.ui.VPNEnableActivity t70}}})/@0xf41657 - animation-bounds#0
05-10 18:17:19.012  5342  5342 I SurfaceFlinger:      DEVICE | 0x73d409a580 | 0002 | RGBx_8888 |   0.0    1.0 1080.0 2280.0 |    0    0 1080 2280 | org.torproject.android/org.torproject.android.OrbotMainActivity$_14575#0
05-10 18:17:19.012  5342  5342 I SurfaceFlinger:      DEVICE | 0x73d1c32140 | 0002 | RGBx_8888 |   0.0    0.0 1080.0 1747.0 |    0  533 1080 2280 | org.torproject.android/org.torproject.android.ui.VPNEnableActivity$_14575#0
05-10 18:17:19.028  5342  5342 I SurfaceFlinger:      DEVICE | 0x73d409a580 | 0002 | RGBx_8888 |   0.0    3.0 1080.0 2280.0 |    0    0 1080 2277 | org.torproject.android/org.torproject.android.OrbotMainActivity$_14575#0
05-10 18:17:19.028  5342  5342 I SurfaceFlinger:      DEVICE | 0x73d1c32140 | 0002 | RGBx_8888 |   0.0    0.0 1080.0 1768.0 |    0  512 1080 2280 | org.torproject.android/org.torproject.android.ui.VPNEnableActivity$_14575#0
05-10 18:17:19.206  5787  5869 D ApplicationPolicy: isStatusBarNotificationAllowedAsUser: packageName = org.torproject.android,userId = 0
05-10 18:17:19.207  5787  5869 D ApplicationPolicy: isStatusBarNotificationAllowedAsUser: packageName = org.torproject.android,userId = 0
05-10 18:17:19.274  5787  5899 I WindowManager: Reparenting to original parent: Surface(name=Task=70)/@0x47a25fb, destroyLeash=true, surface=Surface(name=AppWindowToken{1e5de8f token=Token{6ccb9ee ActivityRecord{ae87b69 u0 org.torproject.android/.OrbotMainActivity t70}}})/@0x8bb78ed
05-10 18:17:19.274  5787  5899 V WindowManager: Setting visibility of Window{5983f5c u0 org.torproject.android/org.torproject.android.OrbotMainActivity}: false, caller=com.android.server.wm.WindowContainer.sendAppVisibilityToClients:640 com.android.server.wm.AppWindowToken.setClientHidden:611 com.android.server.wm.AppWindowToken.onAnimationFinished:3476 com.android.server.wm.-$$Lambda$yVRF8YoeNdTa8GR1wDStVsHu8xM.run:2 com.android.server.wm.SurfaceAnimator.lambda$getFinishedCallback$0$SurfaceAnimator:100
05-10 18:17:19.280  5787  5899 I WindowManager: Reparenting to original parent: Surface(name=Task=70)/@0x47a25fb, destroyLeash=true, surface=Surface(name=AppWindowToken{d98c227 token=Token{4250ce6 ActivityRecord{822df41 u0 org.torproject.android/.ui.VPNEnableActivity t70}}})/@0xf41657
05-10 18:17:19.283  5342  5397 I SurfaceFlinger: id=8097 Removed Surface(name=AppWindowToken{d98c227 token=Token{4250ce6 ActivityRecord{822df41 u0 org.torproject.android/.ui.VPNEnableActivity t70}}})/@0xf41657 - animation-leash#0 (140)
05-10 18:17:19.283  5342  5397 I SurfaceFlinger: id=8098 Removed Surface(name=AppWindowToken{d98c227 token=Token{4250ce6 ActivityRecord{822df41 u0 org.torproject.android/.ui.VPNEnableActivity t70}}})/@0xf41657 - animation-bounds#0 (140)
05-10 18:17:19.283  5342  7001 I SurfaceFlinger: id=8091 Removed Surface(name=AppWindowToken{1e5de8f token=Token{6ccb9ee ActivityRecord{ae87b69 u0 org.torproject.android/.OrbotMainActivity t70}}})/@0x8bb78ed - animation-leash#0 (140)
05-10 18:17:19.284  5342  7001 I SurfaceFlinger: id=8092 Removed Surface(name=AppWindowToken{1e5de8f token=Token{6ccb9ee ActivityRecord{ae87b69 u0 org.torproject.android/.OrbotMainActivity t70}}})/@0x8bb78ed - animation-bounds#0 (140)
05-10 18:17:19.290  5342  5342 I Layer   : id=8092[1] Destroyed Surface(name=AppWindowToken{1e5de8f token=Token{6ccb9ee ActivityRecord{ae87b69 u0 org.torproject.android/.OrbotMainActivity t70}}})/@0x8bb78ed - animation-bounds#0
05-10 18:17:19.290  5342  5342 I Layer   : id=8091[1] Destroyed Surface(name=AppWindowToken{1e5de8f token=Token{6ccb9ee ActivityRecord{ae87b69 u0 org.torproject.android/.OrbotMainActivity t70}}})/@0x8bb78ed - animation-leash#0
05-10 18:17:19.290  5342  5342 I Layer   : id=8098[1] Destroyed Surface(name=AppWindowToken{d98c227 token=Token{4250ce6 ActivityRecord{822df41 u0 org.torproject.android/.ui.VPNEnableActivity t70}}})/@0xf41657 - animation-bounds#0
05-10 18:17:19.290  5342  5342 I Layer   : id=8097[1] Destroyed Surface(name=AppWindowToken{d98c227 token=Token{4250ce6 ActivityRecord{822df41 u0 org.torproject.android/.ui.VPNEnableActivity t70}}})/@0xf41657 - animation-leash#0
05-10 18:17:19.291  5787  8683 V WindowManager: Relayout Window{5983f5c u0 org.torproject.android/org.torproject.android.OrbotMainActivity}: viewVisibility=8 req=1080x2280
05-10 18:17:19.298  5342  5342 I SurfaceFlinger:      DEVICE | 0x73d1c32140 | 0002 | RGBx_8888 |   0.0    0.0 1080.0 2280.0 |    0    0 1080 2280 | org.torproject.android/org.torproject.android.ui.VPNEnableActivity$_14575#0
05-10 18:17:19.307  5787  8683 V WindowManager: Relayout Window{5983f5c u0 org.torproject.android/org.torproject.android.OrbotMainActivity}: viewVisibility=8 req=1080x2280
05-10 18:17:19.309  5787  5787 D EdgeLightingManager: showForNotification : isInteractive=true, isHeadUp=false, color=0, sbn = StatusBarNotification(pkg=org.torproject.android user=UserHandle{0} id=1 tag=null key=0|org.torproject.android|1|null|10396: Notification(channel=orbot_channel_1 pri=0 contentView=null vibrate=null sound=null defaults=0x0 flags=0x62 color=0x00000000 category=service actions=1 vis=PRIVATE semFlags=0x0 semPriority=0 semMissedCount=0))
05-10 18:17:19.309  5787  5787 D EdgeLightingPolicyManager: isAcceptableApplication:  pkg=org.torproject.android , range=256 , includeAllApp=false , userId=0 , infoRange=0 , infoCategory=0
05-10 18:17:19.309  5787  5787 D EdgeLightingPolicyManager.NotificationGroup: Remove previous child data. 0|org.torproject.android|1|null|10396
05-10 18:17:19.309  5787  5787 D EdgeLightingPolicyManager.NotificationGroup: group key = 0|org.torproject.android|1|null|10396 ,value= summary : null , child : 1key = 0|org.torproject.android|1|null|10396 , value =  NotificationData { tag= null } , }
05-10 18:17:19.309  5787  5787 D EdgeLightingPolicyManager: isAcceptableApplication:  pkg=org.torproject.android , range=1 , includeAllApp=false , userId=0 , infoRange=0 , infoCategory=0
05-10 18:17:19.310  6938  6938 D Launcher.NotificationListener: onNotificationPosted : StatusBarNotification(pkg=org.torproject.android user=UserHandle{0} id=1 tag=null key=0|org.torproject.android|1|null|10396: Notification(channel=orbot_channel_1 pri=0 contentView=null vibrate=null sound=null defaults=0x0 flags=0x62 color=0x00000000 category=service actions=1 vis=PRIVATE semFlags=0x0 semPriority=0 semMissedCount=0)) number : 0 listener : null
05-10 18:17:19.314  5787  8683 E WindowManager: win=Window{5983f5c u0 org.torproject.android/org.torproject.android.OrbotMainActivity} destroySurfaces: appStopped=true win.mWindowRemovalAllowed=false win.mRemoveOnExit=false win.mViewVisibility=8 caller=com.android.server.wm.AppWindowToken.destroySurfaces:1186 com.android.server.wm.AppWindowToken.destroySurfaces:1167 com.android.server.wm.AppWindowToken.notifyAppStopped:1222 com.android.server.wm.ActivityRecord.activityStoppedLocked:2573 com.android.server.wm.ActivityTaskManagerService.activityStopped:2354 android.app.IActivityTaskManager$Stub.onTransact:2180 android.os.Binder.execTransactInternal:1021
05-10 18:17:19.314  5787  8683 I WindowManager: Destroying surface Surface(name=org.torproject.android/org.torproject.android.OrbotMainActivity$_14575)/@0xa877e8a called by com.android.server.wm.WindowStateAnimator.destroySurface:1712 com.android.server.wm.WindowStateAnimator.destroySurfaceLocked:671 com.android.server.wm.WindowState.destroySurfaceUnchecked:3458 com.android.server.wm.WindowState.destroySurface:3432 com.android.server.wm.AppWindowToken.destroySurfaces:1186 com.android.server.wm.AppWindowToken.destroySurfaces:1167 com.android.server.wm.AppWindowToken.notifyAppStopped:1222 com.android.server.wm.ActivityRecord.activityStoppedLocked:2573
05-10 18:17:19.323  5342  7255 I SurfaceFlinger: id=8078 Removed org.torproject.android/org.torproject.android.OrbotMainActivity$_14575#0 (132)
05-10 18:17:19.341  5342  5342 I Layer   : id=8078[1] Destroyed org.torproject.android/org.torproject.android.OrbotMainActivity$_14575#0
05-10 18:17:19.880  5787  6205 V WindowManager: Changing focus from Window{986bd38 u0 com.android.vpndialogs/com.android.vpndialogs.ConfirmDialog} to Window{fc47282 u0 org.torproject.android/org.torproject.android.ui.VPNEnableActivity} displayId=0 Callers=com.android.server.wm.RootWindowContainer.updateFocusedWindowLocked:203 com.android.server.wm.WindowManagerService.updateFocusedWindowLocked:6040 com.android.server.wm.ActivityDisplay.setFocusedApp:1428 com.android.server.wm.ActivityTaskManagerService.setResumedActivityUncheckLocked:6682
05-10 18:17:19.880  5787  5865 D WindowManager: setSystemUiVisibility: displayId=0, vis=0x8008, fullVis=0x0, dockVis=0x0, win=Window{fc47282 u0 org.torproject.android/org.torproject.android.ui.VPNEnableActivity}
05-10 18:17:19.882  5787  6205 D MARsPolicyManager: onPackageResumedFG pkgName = org.torproject.android, userId = 0
05-10 18:17:19.887  5787  5865 D WindowManager: setSystemUiVisibility: displayId=0, vis=0x8018, fullVis=0x0, dockVis=0x0, win=Window{fc47282 u0 org.torproject.android/org.torproject.android.ui.VPNEnableActivity}
05-10 18:17:19.893  5787  5897 D GamePkgDataHelper: getSosPolicy(). org.torproject.android
05-10 18:17:19.896  5787  5897 D GameManagerService: identifyGamePackage. org.torproject.android, mCurrentUserId: 0, callerUserId: 0
05-10 18:17:19.896  5787  5897 D GamePkgDataHelper: getGamePkgData(). org.torproject.android
05-10 18:17:19.896  5787  5897 D GameManagerService: noteResumeComponent(), resumeComponent: org.torproject.android
05-10 18:17:19.896  5787  6205 V WindowManager: Setting visibility of Window{5983f5c u0 org.torproject.android/org.torproject.android.OrbotMainActivity}: true, caller=com.android.server.wm.WindowContainer.sendAppVisibilityToClients:640 com.android.server.wm.AppWindowToken.setClientHidden:611 com.android.server.wm.AppWindowToken.setVisibility:707 com.android.server.wm.ActivityRecord.setVisibility:2089 com.android.server.wm.ActivityStack.resumeTopActivityInnerLocked:3383
05-10 18:17:19.896  5787  6338 D GameManagerService: handleForegroundChange(). pkgName: org.torproject.android, clsName: org.torproject.android.ui.VPNEnableActivity,FgActivityName:org.torproject.android/.ui.VPNEnableActivity,userID:0
05-10 18:17:19.896  5787  6338 D GameManagerService:   handleForegroundChange(). set mFgApp: org.torproject.android
05-10 18:17:19.896  5787  6338 D GameManagerService: notifyResumePause(). pkg: org.torproject.android, type: 4, isMinimized: false, isTunableApp: false
05-10 18:17:19.897  5787  6205 V WindowManager: Changing focus from Window{fc47282 u0 org.torproject.android/org.torproject.android.ui.VPNEnableActivity} to null displayId=0 Callers=com.android.server.wm.RootWindowContainer.updateFocusedWindowLocked:203 com.android.server.wm.WindowManagerService.updateFocusedWindowLocked:6040 com.android.server.wm.ActivityDisplay.setFocusedApp:1428 com.android.server.wm.ActivityTaskManagerService.setResumedActivityUncheckLocked:6682
05-10 18:17:19.900  5787  6205 D MARsPolicyManager: onPackageResumedFG pkgName = org.torproject.android, userId = 0
05-10 18:17:19.905  5787  8683 D GamePkgDataHelper: getGamePkgDataIncServer(). org.torproject.android
05-10 18:17:19.910  5787  8683 D GamePkgDataHelper: getSosPolicy(). org.torproject.android
05-10 18:17:19.918 15327 15376 I GameTools: GameToolsIntentService : PAUSE-reconfirm event ignored : org.torproject.android
05-10 18:17:19.926  5787  6572 V WindowManager: Relayout Window{5983f5c u0 org.torproject.android/org.torproject.android.OrbotMainActivity}: viewVisibility=0 req=1080x2280
05-10 18:17:19.928  5342  7255 I SurfaceFlinger: id=8104 createSurf (1080x2280),2 flag=404, org.torproject.android/org.torproject.android.OrbotMainActivity$_14575#0
05-10 18:17:19.928  5787  6572 D WindowManager: makeSurface duration=1 name=org.torproject.android/org.torproject.android.OrbotMainActivity$_14575
05-10 18:17:19.929  5787  6572 V WindowManager: Changing focus from null to Window{5983f5c u0 org.torproject.android/org.torproject.android.OrbotMainActivity} displayId=0 Callers=com.android.server.wm.RootWindowContainer.updateFocusedWindowLocked:203 com.android.server.wm.WindowManagerService.updateFocusedWindowLocked:6040 com.android.server.wm.WindowManagerService.relayoutWindow:2504 com.android.server.wm.Session.relayout:202
05-10 18:17:19.929  5787  5865 D WindowManager: setSystemUiVisibility: displayId=0, vis=0x8018, fullVis=0x0, dockVis=0x0, win=Window{5983f5c u0 org.torproject.android/org.torproject.android.OrbotMainActivity}
05-10 18:17:19.938  5787  5897 D GameManagerService: noteResumeComponent(), resumeComponent: org.torproject.android
05-10 18:17:19.938  5787  6338 D GameManagerService: handleForegroundChange(). pkgName: org.torproject.android, clsName: org.torproject.android.OrbotMainActivity,FgActivityName:org.torproject.android/.OrbotMainActivity,userID:0
05-10 18:17:19.945  5787  5811 D WindowManager: finishDrawingWindow: Window{5983f5c u0 org.torproject.android/org.torproject.android.OrbotMainActivity} mDrawState=DRAW_PENDING
05-10 18:17:19.951  5787  5899 I WindowManager: Reparenting to leash, surface=Surface(name=AppWindowToken{d98c227 token=Token{4250ce6 ActivityRecord{822df41 u0 org.torproject.android/.ui.VPNEnableActivity t70}}})/@0xf41657
05-10 18:17:19.952  5342  5398 I SurfaceFlinger: id=8105 createSurf (0x0),-1 flag=80004, Surface(name=AppWindowToken{d98c227 token=Token{4250ce6 ActivityRecord{822df41 u0 org.torproject.android/.ui.VPNEnableActivity t70}}})/@0xf41657 - animation-leash#0
05-10 18:17:19.952  5787  5899 D WindowManager: makeSurface duration=1 leash=Surface(name=Surface(name=AppWindowToken{d98c227 token=Token{4250ce6 ActivityRecord{822df41 u0 org.torproject.android/.ui.VPNEnableActivity t70}}})/@0xf41657 - animation-leash)/@0x7ea0251
05-10 18:17:19.953  5342  5398 I SurfaceFlinger: id=8106 createSurf (0x0),-1 flag=80004, Surface(name=AppWindowToken{d98c227 token=Token{4250ce6 ActivityRecord{822df41 u0 org.torproject.android/.ui.VPNEnableActivity t70}}})/@0xf41657 - animation-bounds#0
05-10 18:17:19.955  5787  5899 I WindowManager: Reparenting to leash, surface=Surface(name=AppWindowToken{1e5de8f token=Token{6ccb9ee ActivityRecord{ae87b69 u0 org.torproject.android/.OrbotMainActivity t70}}})/@0x8bb78ed
05-10 18:17:19.956  5342  5398 I SurfaceFlinger: id=8107 createSurf (0x0),-1 flag=80004, Surface(name=AppWindowToken{1e5de8f token=Token{6ccb9ee ActivityRecord{ae87b69 u0 org.torproject.android/.OrbotMainActivity t70}}})/@0x8bb78ed - animation-leash#0
05-10 18:17:19.956  5787  5899 D WindowManager: makeSurface duration=2 leash=Surface(name=Surface(name=AppWindowToken{1e5de8f token=Token{6ccb9ee ActivityRecord{ae87b69 u0 org.torproject.android/.OrbotMainActivity t70}}})/@0x8bb78ed - animation-leash)/@0xab84724
05-10 18:17:19.958 14575 14575 E OrbotVPN: java.io.FileNotFoundException: /data/user/0/org.torproject.android/files/pdnsd.pid: open failed: ENOENT (No such file or directory)
05-10 18:17:19.958 14575 14575 E OrbotVPN:      at org.torproject.android.service.vpn.OrbotVpnManager.stopDns(OrbotVpnManager.java:453)
05-10 18:17:19.958 14575 14575 E OrbotVPN:      at org.torproject.android.service.vpn.OrbotVpnManager.stopVPN(OrbotVpnManager.java:259)
05-10 18:17:19.958 14575 14575 E OrbotVPN:      at org.torproject.android.service.vpn.OrbotVpnManager.handleIntent(OrbotVpnManager.java:147)
05-10 18:17:19.958 14575 14575 E OrbotVPN:      at org.torproject.android.service.vpn.TorVpnService.onStartCommand(TorVpnService.java:95)
05-10 18:17:19.958  5342  7001 I SurfaceFlinger: id=8108 createSurf (0x0),-1 flag=80004, Surface(name=AppWindowToken{1e5de8f token=Token{6ccb9ee ActivityRecord{ae87b69 u0 org.torproject.android/.OrbotMainActivity t70}}})/@0x8bb78ed - animation-bounds#0
05-10 18:17:19.975  5787  5869 D ApplicationPolicy: isStatusBarNotificationAllowedAsUser: packageName = org.torproject.android,userId = 0
05-10 18:17:19.976 14575 14575 V InputMethodManager: Starting input: tba=org.torproject.android ic=null mNaviBarColor -855310 mIsGetNaviBarColorSuccess true , NavVisible : true , NavTrans : false
05-10 18:17:19.977  5787  5869 D ApplicationPolicy: isStatusBarNotificationAllowedAsUser: packageName = org.torproject.android,userId = 0
05-10 18:17:20.000  5342  5342 I SurfaceFlinger:      DEVICE | 0x73d1c36380 | 0002 | RGBx_8888 |   0.0   67.0 1080.0 2280.0 |    0    0 1080 2214 | org.torproject.android/org.torproject.android.OrbotMainActivity$_14575#0
05-10 18:17:20.000  5342  5342 I SurfaceFlinger:      DEVICE | 0x73d1c32140 | 0002 | RGBx_8888 |   0.0    0.0 1080.0 2273.0 |    0    7 1080 2280 | org.torproject.android/org.torproject.android.ui.VPNEnableActivity$_14575#0
05-10 18:17:20.079  5787  5787 D EdgeLightingManager: showForNotification : isInteractive=true, isHeadUp=false, color=0, sbn = StatusBarNotification(pkg=org.torproject.android user=UserHandle{0} id=1 tag=null key=0|org.torproject.android|1|null|10396: Notification(channel=orbot_channel_1 pri=0 contentView=null vibrate=null sound=null defaults=0x0 flags=0x62 color=0x00000000 category=service actions=1 vis=PRIVATE semFlags=0x0 semPriority=0 semMissedCount=0))
05-10 18:17:20.079  5787  5787 D EdgeLightingPolicyManager: isAcceptableApplication:  pkg=org.torproject.android , range=256 , includeAllApp=false , userId=0 , infoRange=0 , infoCategory=0
05-10 18:17:20.079  5787  5787 D EdgeLightingPolicyManager.NotificationGroup: Remove previous child data. 0|org.torproject.android|1|null|10396
05-10 18:17:20.079  5787  5787 D EdgeLightingPolicyManager.NotificationGroup: group key = 0|org.torproject.android|1|null|10396 ,value= summary : null , child : 1key = 0|org.torproject.android|1|null|10396 , value =  NotificationData { tag= null } , }
05-10 18:17:20.079  5787  5787 D EdgeLightingPolicyManager: isAcceptableApplication:  pkg=org.torproject.android , range=1 , includeAllApp=false , userId=0 , infoRange=0 , infoCategory=0
05-10 18:17:20.081  5342  5342 I SurfaceFlinger:      DEVICE | 0x73d1c33b80 | 0002 | RGBx_8888 |   0.0   27.0 1080.0 2280.0 |    0    0 1080 2254 | org.torproject.android/org.torproject.android.OrbotMainActivity$_14575#0
05-10 18:17:20.081  5342  5342 I SurfaceFlinger:      DEVICE | 0x73d1c32140 | 0002 | RGBx_8888 |   0.0    0.0 1080.0 1848.0 |    0  432 1080 2280 | org.torproject.android/org.torproject.android.ui.VPNEnableActivity$_14575#0
05-10 18:17:20.084  6938  6938 D Launcher.NotificationListener: onNotificationPosted : StatusBarNotification(pkg=org.torproject.android user=UserHandle{0} id=1 tag=null key=0|org.torproject.android|1|null|10396: Notification(channel=orbot_channel_1 pri=0 contentView=null vibrate=null sound=null defaults=0x0 flags=0x62 color=0x00000000 category=service actions=1 vis=PRIVATE semFlags=0x0 semPriority=0 semMissedCount=0)) number : 0 listener : null
05-10 18:17:20.113  5342  5342 I SurfaceFlinger:      DEVICE | 0x73d1c341c0 | 0002 | RGBx_8888 |   0.0   15.0 1080.0 2280.0 |    0    0 1080 2265 | org.torproject.android/org.torproject.android.OrbotMainActivity$_14575#0
05-10 18:17:20.146  5342  5342 I SurfaceFlinger:      DEVICE | 0x73d1c36380 | 0002 | RGBx_8888 |   0.0    8.0 1080.0 2280.0 |    0    0 1080 2272 | org.torproject.android/org.torproject.android.OrbotMainActivity$_14575#0
05-10 18:17:20.219  5787  5865 D CodecSolution: isMaxAspectPackageEx: org.torproject.android : false(0)
05-10 18:17:20.259  5787  5899 I WindowManager: Reparenting to original parent: Surface(name=Task=70)/@0x47a25fb, destroyLeash=true, surface=Surface(name=AppWindowToken{d98c227 token=Token{4250ce6 ActivityRecord{822df41 u0 org.torproject.android/.ui.VPNEnableActivity t70}}})/@0xf41657
05-10 18:17:20.259  5787  5899 V WindowManager: Setting visibility of Window{fc47282 u0 org.torproject.android/org.torproject.android.ui.VPNEnableActivity}: false, caller=com.android.server.wm.WindowContainer.sendAppVisibilityToClients:640 com.android.server.wm.AppWindowToken.setClientHidden:611 com.android.server.wm.AppWindowToken.onAnimationFinished:3476 com.android.server.wm.-$$Lambda$yVRF8YoeNdTa8GR1wDStVsHu8xM.run:2 com.android.server.wm.SurfaceAnimator.lambda$getFinishedCallback$0$SurfaceAnimator:100
05-10 18:17:20.259  5787  5899 I WindowManager: Reparenting to original parent: Surface(name=Task=70)/@0x47a25fb, destroyLeash=true, surface=Surface(name=AppWindowToken{1e5de8f token=Token{6ccb9ee ActivityRecord{ae87b69 u0 org.torproject.android/.OrbotMainActivity t70}}})/@0x8bb78ed
05-10 18:17:20.264  5342  7001 I SurfaceFlinger: id=8108 Removed Surface(name=AppWindowToken{1e5de8f token=Token{6ccb9ee ActivityRecord{ae87b69 u0 org.torproject.android/.OrbotMainActivity t70}}})/@0x8bb78ed - animation-bounds#0 (138)
05-10 18:17:20.265  5342  6188 I SurfaceFlinger: id=8106 Removed Surface(name=AppWindowToken{d98c227 token=Token{4250ce6 ActivityRecord{822df41 u0 org.torproject.android/.ui.VPNEnableActivity t70}}})/@0xf41657 - animation-bounds#0 (138)
05-10 18:17:20.265  5342  6188 I SurfaceFlinger: id=8105 Removed Surface(name=AppWindowToken{d98c227 token=Token{4250ce6 ActivityRecord{822df41 u0 org.torproject.android/.ui.VPNEnableActivity t70}}})/@0xf41657 - animation-leash#0 (138)
05-10 18:17:20.265  5342  6188 I SurfaceFlinger: id=8107 Removed Surface(name=AppWindowToken{1e5de8f token=Token{6ccb9ee ActivityRecord{ae87b69 u0 org.torproject.android/.OrbotMainActivity t70}}})/@0x8bb78ed - animation-leash#0 (138)
05-10 18:17:20.275  5342  5342 I Layer   : id=8108[1] Destroyed Surface(name=AppWindowToken{1e5de8f token=Token{6ccb9ee ActivityRecord{ae87b69 u0 org.torproject.android/.OrbotMainActivity t70}}})/@0x8bb78ed - animation-bounds#0
05-10 18:17:20.275  5342  5342 I Layer   : id=8107[1] Destroyed Surface(name=AppWindowToken{1e5de8f token=Token{6ccb9ee ActivityRecord{ae87b69 u0 org.torproject.android/.OrbotMainActivity t70}}})/@0x8bb78ed - animation-leash#0
05-10 18:17:20.275  5342  5342 I Layer   : id=8106[1] Destroyed Surface(name=AppWindowToken{d98c227 token=Token{4250ce6 ActivityRecord{822df41 u0 org.torproject.android/.ui.VPNEnableActivity t70}}})/@0xf41657 - animation-bounds#0
05-10 18:17:20.275  5342  5342 I Layer   : id=8105[1] Destroyed Surface(name=AppWindowToken{d98c227 token=Token{4250ce6 ActivityRecord{822df41 u0 org.torproject.android/.ui.VPNEnableActivity t70}}})/@0xf41657 - animation-leash#0
05-10 18:17:20.276  5787  6720 V WindowManager: Relayout Window{fc47282 u0 org.torproject.android/org.torproject.android.ui.VPNEnableActivity}: viewVisibility=8 req=1080x2280
05-10 18:17:20.279  5787  6720 I WindowManager: Destroying surface Surface(name=org.torproject.android/org.torproject.android.ui.VPNEnableActivity$_14575)/@0xe0fe6ec called by com.android.server.wm.WindowStateAnimator.destroySurface:1712 com.android.server.wm.WindowStateAnimator.destroySurfaceLocked:671 com.android.server.wm.WindowState.removeImmediately:2279 com.android.server.wm.WindowState.removeIfPossible:2415 com.android.server.wm.WindowState.removeIfPossible:2294 com.android.server.wm.WindowManagerService.removeWindow:1983 com.android.server.wm.Session.remove:184 android.view.IWindowSession$Stub.onTransact:658
05-10 18:17:20.281  5342  6188 I SurfaceFlinger: id=8088 Removed org.torproject.android/org.torproject.android.ui.VPNEnableActivity$_14575#0 (132)
05-10 18:17:20.281  5342  6188 I SurfaceFlinger: id=8087 Removed fc47282 org.torproject.android/org.torproject.android.ui.VPNEnableActivity#0 (132)
05-10 18:17:20.292  5342  5342 I Layer   : id=8087[1] Destroyed fc47282 org.torproject.android/org.torproject.android.ui.VPNEnableActivity#0
05-10 18:17:20.293  5342  5342 I Layer   : id=8088[1] Destroyed org.torproject.android/org.torproject.android.ui.VPNEnableActivity$_14575#0
05-10 18:17:20.294  5342  7255 I SurfaceFlinger: id=8085 Removed AppWindowToken{d98c227 token=Token{4250ce6 ActivityRecord{822df41 u0 org.torproject.android/.ui.VPNEnableActivity t70}}}#0 (130)
05-10 18:17:20.309  5342  5342 I Layer   : id=8085[1] Destroyed AppWindowToken{d98c227 token=Token{4250ce6 ActivityRecord{822df41 u0 org.torproject.android/.ui.VPNEnableActivity t70}}}#0
05-10 18:17:20.348  5787  6464 D MdnieScenarioControlService:  packageName : org.torproject.android    className : org.torproject.android.OrbotMainActivity
05-10 18:17:21.204  5787  5869 D ApplicationPolicy: isStatusBarNotificationAllowedAsUser: packageName = org.torproject.android,userId = 0
05-10 18:17:21.205  5787  5869 D ApplicationPolicy: isStatusBarNotificationAllowedAsUser: packageName = org.torproject.android,userId = 0
05-10 18:17:21.307  5787  5787 D EdgeLightingManager: showForNotification : isInteractive=true, isHeadUp=false, color=0, sbn = StatusBarNotification(pkg=org.torproject.android user=UserHandle{0} id=1 tag=null key=0|org.torproject.android|1|null|10396: Notification(channel=orbot_channel_1 pri=0 contentView=null vibrate=null sound=null defaults=0x0 flags=0x62 color=0x00000000 category=service actions=1 vis=PRIVATE semFlags=0x0 semPriority=0 semMissedCount=0))
05-10 18:17:21.307  5787  5787 D EdgeLightingPolicyManager: isAcceptableApplication:  pkg=org.torproject.android , range=256 , includeAllApp=false , userId=0 , infoRange=0 , infoCategory=0
05-10 18:17:21.308  5787  5787 D EdgeLightingPolicyManager.NotificationGroup: Remove previous child data. 0|org.torproject.android|1|null|10396
05-10 18:17:21.308  5787  5787 D EdgeLightingPolicyManager.NotificationGroup: group key = 0|org.torproject.android|1|null|10396 ,value= summary : null , child : 1key = 0|org.torproject.android|1|null|10396 , value =  NotificationData { tag= null } , }
05-10 18:17:21.308  5787  5787 D EdgeLightingPolicyManager: isAcceptableApplication:  pkg=org.torproject.android , range=1 , includeAllApp=false , userId=0 , infoRange=0 , infoCategory=0
05-10 18:17:21.312  6938  6938 D Launcher.NotificationListener: onNotificationPosted : StatusBarNotification(pkg=org.torproject.android user=UserHandle{0} id=1 tag=null key=0|org.torproject.android|1|null|10396: Notification(channel=orbot_channel_1 pri=0 contentView=null vibrate=null sound=null defaults=0x0 flags=0x62 color=0x00000000 category=service actions=1 vis=PRIVATE semFlags=0x0 semPriority=0 semMissedCount=0)) number : 0 listener : null
05-10 18:17:21.976  5787  6572 I ActivityTaskManager: START u0 {cmp=org.torproject.android/.ui.onboarding.BridgeWizardActivity} from uid 10396
05-10 18:17:21.987  5342  7255 I SurfaceFlinger: id=8112 createSurf (0x0),-1 flag=80004, AppWindowToken{a7f0833 token=Token{3f7b3a2 ActivityRecord{b293b6d u0 org.torproject.android/.ui.onboarding.BridgeWizardActivity t70}}}#0
05-10 18:17:22.000  5787  6338 D GamePkgDataHelper: getGamePkgData(). org.torproject.android
05-10 18:17:22.000  5787  6338 D GameManagerService: handleMessage(), MSG_APP_CREATE. ignore. pkgName: org.torproject.android
05-10 18:17:22.000  5787  6572 D GamePkgDataHelper: notifyAppCreate(), pkgName: org.torproject.android, sendRet: true
05-10 18:17:22.000  5787  6572 V WindowManager: Changing focus from Window{5983f5c u0 org.torproject.android/org.torproject.android.OrbotMainActivity} to null displayId=0 Callers=com.android.server.wm.RootWindowContainer.updateFocusedWindowLocked:203 com.android.server.wm.WindowManagerService.updateFocusedWindowLocked:6040 com.android.server.wm.ActivityDisplay.setFocusedApp:1428 com.android.server.wm.ActivityTaskManagerService.setResumedActivityUncheckLocked:6682
05-10 18:17:22.001  5787  6572 D MARsPolicyManager: onPackageResumedFG pkgName = org.torproject.android, userId = 0
05-10 18:17:22.005  5787  5897 D GameManagerService: noteResumeComponent(), resumeComponent: org.torproject.android
05-10 18:17:22.005  5787  6338 D GameManagerService: handleForegroundChange(). pkgName: org.torproject.android, clsName: org.torproject.android.ui.onboarding.BridgeWizardActivity,FgActivityName:org.torproject.android/.ui.onboarding.BridgeWizardActivity,userID:0
05-10 18:17:22.038  5342  6188 I SurfaceFlinger: id=8113 createSurf (0x0),-1 flag=80004, 3517d20 org.torproject.android/org.torproject.android.ui.onboarding.BridgeWizardActivity#0
05-10 18:17:22.054  5787  6572 V WindowManager: Relayout Window{3517d20 u0 org.torproject.android/org.torproject.android.ui.onboarding.BridgeWizardActivity}: viewVisibility=0 req=1080x2280
05-10 18:17:22.055  5342  7001 I SurfaceFlinger: id=8114 createSurf (1080x2280),2 flag=404, org.torproject.android/org.torproject.android.ui.onboarding.BridgeWizardActivity$_14575#0
05-10 18:17:22.056  5787  6572 D WindowManager: makeSurface duration=1 name=org.torproject.android/org.torproject.android.ui.onboarding.BridgeWizardActivity$_14575
05-10 18:17:22.056  5787  6572 V WindowManager: Changing focus from null to Window{3517d20 u0 org.torproject.android/org.torproject.android.ui.onboarding.BridgeWizardActivity} displayId=0 Callers=com.android.server.wm.RootWindowContainer.updateFocusedWindowLocked:203 com.android.server.wm.WindowManagerService.updateFocusedWindowLocked:6040 com.android.server.wm.WindowManagerService.relayoutWindow:2504 com.android.server.wm.Session.relayout:202
05-10 18:17:22.056  5787  5865 D WindowManager: setSystemUiVisibility: displayId=0, vis=0x8018, fullVis=0x0, dockVis=0x0, win=Window{3517d20 u0 org.torproject.android/org.torproject.android.ui.onboarding.BridgeWizardActivity}
05-10 18:17:22.067  5787  6572 D WindowManager: finishDrawingWindow: Window{3517d20 u0 org.torproject.android/org.torproject.android.ui.onboarding.BridgeWizardActivity} mDrawState=DRAW_PENDING
05-10 18:17:22.070  5787  5899 I WindowManager: Reparenting to leash, surface=Surface(name=AppWindowToken{1e5de8f token=Token{6ccb9ee ActivityRecord{ae87b69 u0 org.torproject.android/.OrbotMainActivity t70}}})/@0x8bb78ed
05-10 18:17:22.071  5342  7255 I SurfaceFlinger: id=8115 createSurf (0x0),-1 flag=80004, Surface(name=AppWindowToken{1e5de8f token=Token{6ccb9ee ActivityRecord{ae87b69 u0 org.torproject.android/.OrbotMainActivity t70}}})/@0x8bb78ed - animation-leash#0
05-10 18:17:22.071  5787  5899 D WindowManager: makeSurface duration=1 leash=Surface(name=Surface(name=AppWindowToken{1e5de8f token=Token{6ccb9ee ActivityRecord{ae87b69 u0 org.torproject.android/.OrbotMainActivity t70}}})/@0x8bb78ed - animation-leash)/@0x567b0aa
05-10 18:17:22.072  5342  7255 I SurfaceFlinger: id=8116 createSurf (0x0),-1 flag=80004, Surface(name=AppWindowToken{1e5de8f token=Token{6ccb9ee ActivityRecord{ae87b69 u0 org.torproject.android/.OrbotMainActivity t70}}})/@0x8bb78ed - animation-bounds#0
05-10 18:17:22.074  5787  5899 I WindowManager: Reparenting to leash, surface=Surface(name=AppWindowToken{a7f0833 token=Token{3f7b3a2 ActivityRecord{b293b6d u0 org.torproject.android/.ui.onboarding.BridgeWizardActivity t70}}})/@0x4fc9c13
05-10 18:17:22.075  5342  7255 I SurfaceFlinger: id=8119 createSurf (0x0),-1 flag=80004, Surface(name=AppWindowToken{a7f0833 token=Token{3f7b3a2 ActivityRecord{b293b6d u0 org.torproject.android/.ui.onboarding.BridgeWizardActivity t70}}})/@0x4fc9c13 - animation-leash#0
05-10 18:17:22.075  5787  5899 D WindowManager: makeSurface duration=1 leash=Surface(name=Surface(name=AppWindowToken{a7f0833 token=Token{3f7b3a2 ActivityRecord{b293b6d u0 org.torproject.android/.ui.onboarding.BridgeWizardActivity t70}}})/@0x4fc9c13 - animation-leash)/@0xce6e50
05-10 18:17:22.076  5342  7001 I SurfaceFlinger: id=8120 createSurf (0x0),-1 flag=80004, Surface(name=AppWindowToken{a7f0833 token=Token{3f7b3a2 ActivityRecord{b293b6d u0 org.torproject.android/.ui.onboarding.BridgeWizardActivity t70}}})/@0x4fc9c13 - animation-bounds#0
05-10 18:17:22.090 14575 14575 V InputMethodManager: Starting input: tba=org.torproject.android ic=null mNaviBarColor -855310 mIsGetNaviBarColorSuccess true , NavVisible : true , NavTrans : false
05-10 18:17:22.119  5342  5342 I SurfaceFlinger:      DEVICE | 0x73d1c33b80 | 0002 | RGBx_8888 |   0.0    4.0 1080.0 2280.0 |    0    0 1080 2277 | org.torproject.android/org.torproject.android.OrbotMainActivity$_14575#0
05-10 18:17:22.119  5342  5342 I SurfaceFlinger:      DEVICE | 0x73f06a2540 | 0002 | RGBx_8888 |   0.0    0.0 1080.0 1770.0 |    0  510 1080 2280 | org.torproject.android/org.torprojec[...]arding.BridgeWizardActivity$_14575#0
05-10 18:17:22.203  5787  5869 D ApplicationPolicy: isStatusBarNotificationAllowedAsUser: packageName = org.torproject.android,userId = 0
05-10 18:17:22.204  5787  5869 D ApplicationPolicy: isStatusBarNotificationAllowedAsUser: packageName = org.torproject.android,userId = 0
05-10 18:17:22.306  5787  5787 D EdgeLightingManager: showForNotification : isInteractive=true, isHeadUp=false, color=0, sbn = StatusBarNotification(pkg=org.torproject.android user=UserHandle{0} id=1 tag=null key=0|org.torproject.android|1|null|10396: Notification(channel=orbot_channel_1 pri=0 contentView=null vibrate=null sound=null defaults=0x0 flags=0x62 color=0x00000000 category=service actions=1 vis=PRIVATE semFlags=0x0 semPriority=0 semMissedCount=0))
05-10 18:17:22.307  5787  5787 D EdgeLightingPolicyManager: isAcceptableApplication:  pkg=org.torproject.android , range=256 , includeAllApp=false , userId=0 , infoRange=0 , infoCategory=0
05-10 18:17:22.307  5787  5787 D EdgeLightingPolicyManager.NotificationGroup: Remove previous child data. 0|org.torproject.android|1|null|10396
05-10 18:17:22.307  5787  5787 D EdgeLightingPolicyManager.NotificationGroup: group key = 0|org.torproject.android|1|null|10396 ,value= summary : null , child : 1key = 0|org.torproject.android|1|null|10396 , value =  NotificationData { tag= null } , }
05-10 18:17:22.307  5787  5787 D EdgeLightingPolicyManager: isAcceptableApplication:  pkg=org.torproject.android , range=1 , includeAllApp=false , userId=0 , infoRange=0 , infoCategory=0
