05-10 18:03:56.995 14807 15035 I Finsky  : [304] nur.b(41): IQ: Notifying installation update. package=org.torproject.android, status=DOWNLOADING
05-10 18:03:57.018 14807 14807 I Finsky  : [2] hrr.a(11): Selecting account [jskpqONQBFggq13RNHYnkMbZUshNmjPkZNiRcOMP5F0] for package org.torproject.android. overriding=[true]
05-10 18:03:57.019 14807 14807 I Finsky  : [2] hrr.a(11): Selecting account [jskpqONQBFggq13RNHYnkMbZUshNmjPkZNiRcOMP5F0] for package org.torproject.android. overriding=[true]
05-10 18:03:57.654  6938  8702 D PackageInstallerCompatVL: put in SessionInfoMap : org.torproject.android, SessionId : 1101030796
05-10 18:03:57.655  6938  8702 D Launcher.Utilities: org.torproject.android is not installed
05-10 18:03:57.656  6938  8702 D Launcher.Utilities: org.torproject.android is not installed
05-10 18:03:57.659  6938  8702 D Launcher.Utilities: no activity found : org.torproject.android
05-10 18:03:57.659  6938  8702 D PackageInstallerCompatVL: org.torproject.android - isPackageExist : false, isActivityExist : false
05-10 18:03:57.664 14807 15028 I Finsky  : [301] sbl.run(2): Session for org.torproject.android already exists, skipping creation
05-10 18:03:57.665  6938  8702 D PackageInstallerCompatVL: add PAI Info to Cache : org.torproject.android, Orbot: Tor for Android, null
05-10 18:03:57.665 14807 14832 I Finsky  : [251] nhy.a(196): Installer: Notifying status update. package=org.torproject.android, status=DOWNLOADING
05-10 18:03:57.666  6938  8702 D PackageInstallerCompatVL: onProgressChanged - packageName : org.torproject.android, progress :0.0
05-10 18:03:57.667  6938  8702 D PackageInstallerCompatVL: onProgressChanged - packageName : org.torproject.android, progress :0.0
05-10 18:03:57.667  6938  8702 D PackageInstallerCompatVL: onProgressChanged - packageName : org.torproject.android, progress :0.04792067
05-10 18:03:57.668 14807 15035 I Finsky  : [304] nur.b(41): IQ: Notifying installation update. package=org.torproject.android, status=DOWNLOADING
05-10 18:03:57.685 14807 14807 I Finsky  : [2] hrr.a(11): Selecting account [jskpqONQBFggq13RNHYnkMbZUshNmjPkZNiRcOMP5F0] for package org.torproject.android. overriding=[true]
05-10 18:03:57.686 14807 14807 I Finsky  : [2] hrr.a(11): Selecting account [jskpqONQBFggq13RNHYnkMbZUshNmjPkZNiRcOMP5F0] for package org.torproject.android. overriding=[true]
05-10 18:03:59.297 14807 14807 I Finsky  : [2] jnx.run(13): org.torproject.android: onProgress 9843121/9843121 Status: 200 URI: content://downloads/my_downloads/4650.
05-10 18:03:59.302 14807 14835 I Finsky  : [254] nhy.a(196): Installer: Notifying status update. package=org.torproject.android, status=DOWNLOADING
05-10 18:03:59.307 14807 15035 I Finsky  : [304] nur.b(41): IQ: Notifying installation update. package=org.torproject.android, status=DOWNLOADING
05-10 18:03:59.309  6938  8702 D PackageInstallerCompatVL: onProgressChanged - packageName : org.torproject.android, progress :0.79971135
05-10 18:03:59.345 14807 14807 I Finsky  : [2] hrr.a(11): Selecting account [jskpqONQBFggq13RNHYnkMbZUshNmjPkZNiRcOMP5F0] for package org.torproject.android. overriding=[true]
05-10 18:03:59.346 14807 14807 I Finsky  : [2] hrr.a(11): Selecting account [jskpqONQBFggq13RNHYnkMbZUshNmjPkZNiRcOMP5F0] for package org.torproject.android. overriding=[true]
05-10 18:03:59.348 14807 14807 I Finsky  : [2] jnr.a(3): org.torproject.android from 2 to 3.
05-10 18:03:59.350 14807 14807 I Finsky  : [2] jok.e(8): org.torproject.android: onSuccess
05-10 18:03:59.350 14807 14807 I Finsky  : [2] jok.i(1): Download org.torproject.android removed from DownloadQueue
05-10 18:03:59.361 14807 14835 I Finsky  : [254] nkr.b(28): IT: org.torproject.android to state 50
05-10 18:03:59.361 14807 14835 I Finsky  : [254] nkr.b(61): IT: Start postprocessing download for org.torproject.android
05-10 18:03:59.361 14807 14835 I Finsky  : [254] nkr.b(80): IT: Prepare to copy org.torproject.android (adid: org.torproject.android , isid: TygFQ0jFR5m33J2L6dsx6A) from content://downloads/my_downloads/4650 (expect 10955709 bytes, isCompressed: true)
05-10 18:03:59.376 14807 12082 I Finsky  : [1452] dte.doInBackground(10): Decompressing org.torproject.android (org.torproject.android) format 1
05-10 18:03:59.455 14807 12104 I Finsky  : [1456] hgp.run(3): Stored data usage stats for package org.torproject.android; completed bytes: 9843121.
05-10 18:03:59.844 14807 12082 I Finsky  : [1452] dte.doInBackground(18): org.torproject.android (org.torproject.android) (10955709 bytes) copied successfully in 280 ms
05-10 18:03:59.912 14807 14807 I Finsky  : [2] njs.run(14): IT: Removed org.torproject.android from ResourceManager for copy success.
05-10 18:03:59.912 14807 14807 I Finsky  : [2] nju.a(7): IT: Successfully copied APK to update org.torproject.android (adid: org.torproject.android , isid: TygFQ0jFR5m33J2L6dsx6A)
05-10 18:03:59.912 14807 14807 I Finsky  : [2] nkr.b(28): IT: org.torproject.android to state 40
05-10 18:03:59.923 14807 14839 I Finsky  : [258] njq.accept(3): IT: starting next download: package=org.torproject.android
05-10 18:03:59.924 14807 14807 I Finsky  : [2] nch.a(4): Download org.torproject.android (..dm.org.torproject.android) cannot be patched (yet)
05-10 18:03:59.925 14807 14807 I Finsky  : [2] nbz.a(3): Downloading full file for org.torproject.android (..dm.org.torproject.android)
05-10 18:03:59.927 14807 14807 I Finsky  : [2] jnr.a(4): Duplicate state set for 'org.torproject.android' (0). Already in that state
05-10 18:03:59.927 14807 14807 I Finsky  : [2] jok.a(22): Download org.torproject.android added to DownloadQueue
05-10 18:03:59.930 14807 14807 I Finsky  : [2] jnr.a(3): org.torproject.android from 0 to 1.
05-10 18:03:59.933 14807 14807 I Finsky  : [2] nkc.a(2): IT: Sending Resource Request for org.torproject.android downloadid: ..dm.org.torproject.android).
05-10 18:03:59.937 14807 14807 I Finsky  : [2] njr.a(9): IT: Already sent resource request for org.torproject.android, adid: ..dm.org.torproject.android, isid: TygFQ0jFR5m33J2L6dsx6A
05-10 18:03:59.937 14807 14807 I Finsky  : [2] joa.accept(12): Download org.torproject.android starting
05-10 18:03:59.973 14807 14807 I Finsky  : [2] joc.a(2): Enqueued org.torproject.android as content://downloads/my_downloads/4651
05-10 18:03:59.974 14807 14807 I Finsky  : [2] jnr.a(3): org.torproject.android from 1 to 2.
05-10 18:03:59.974 14807 14807 I Finsky  : [2] jok.g(8): org.torproject.android: onStart
05-10 18:03:59.985 14807 14834 I Finsky  : [253] nhy.a(196): Installer: Notifying status update. package=org.torproject.android, status=DOWNLOADING
05-10 18:03:59.989 14807 15035 I Finsky  : [304] nur.b(41): IQ: Notifying installation update. package=org.torproject.android, status=DOWNLOADING
05-10 18:04:00.028 14807 14807 I Finsky  : [2] hrr.a(11): Selecting account [jskpqONQBFggq13RNHYnkMbZUshNmjPkZNiRcOMP5F0] for package org.torproject.android. overriding=[true]
05-10 18:04:00.029 14807 14807 I Finsky  : [2] hrr.a(11): Selecting account [jskpqONQBFggq13RNHYnkMbZUshNmjPkZNiRcOMP5F0] for package org.torproject.android. overriding=[true]
05-10 18:04:00.046 14807 14807 I Finsky  : [2] jnx.run(13): org.torproject.android: onProgress 0/-1 Status: 192 URI: content://downloads/my_downloads/4651.
05-10 18:04:00.060 14807 14832 I Finsky  : [251] nhy.a(196): Installer: Notifying status update. package=org.torproject.android, status=DOWNLOADING
05-10 18:04:00.062 14807 15035 I Finsky  : [304] nur.b(41): IQ: Notifying installation update. package=org.torproject.android, status=DOWNLOADING
05-10 18:04:00.084 14807 14807 I Finsky  : [2] hrr.a(11): Selecting account [jskpqONQBFggq13RNHYnkMbZUshNmjPkZNiRcOMP5F0] for package org.torproject.android. overriding=[true]
05-10 18:04:00.086 14807 14807 I Finsky  : [2] hrr.a(11): Selecting account [jskpqONQBFggq13RNHYnkMbZUshNmjPkZNiRcOMP5F0] for package org.torproject.android. overriding=[true]
05-10 18:04:00.367 14807 14835 I Finsky  : [254] nhy.a(196): Installer: Notifying status update. package=org.torproject.android, status=DOWNLOADING
05-10 18:04:00.369 14807 15035 I Finsky  : [304] nur.b(41): IQ: Notifying installation update. package=org.torproject.android, status=DOWNLOADING
05-10 18:04:00.395 14807 14807 I Finsky  : [2] hrr.a(11): Selecting account [jskpqONQBFggq13RNHYnkMbZUshNmjPkZNiRcOMP5F0] for package org.torproject.android. overriding=[true]
05-10 18:04:00.396 14807 14807 I Finsky  : [2] hrr.a(11): Selecting account [jskpqONQBFggq13RNHYnkMbZUshNmjPkZNiRcOMP5F0] for package org.torproject.android. overriding=[true]
05-10 18:04:00.400 14807 14807 I Finsky  : [2] jnx.run(13): org.torproject.android: onProgress 3553/3553 Status: 200 URI: content://downloads/my_downloads/4651.
05-10 18:04:00.416 14807 14807 I Finsky  : [2] jnr.a(3): org.torproject.android from 2 to 3.
05-10 18:04:00.416 14807 14807 I Finsky  : [2] jok.e(8): org.torproject.android: onSuccess
05-10 18:04:00.416 14807 14807 I Finsky  : [2] jok.i(1): Download org.torproject.android removed from DownloadQueue
05-10 18:04:00.418 14807 14835 I Finsky  : [254] nhy.a(196): Installer: Notifying status update. package=org.torproject.android, status=DOWNLOADING
05-10 18:04:00.420 14807 15035 I Finsky  : [304] nur.b(41): IQ: Notifying installation update. package=org.torproject.android, status=DOWNLOADING
05-10 18:04:00.423 14807 14832 I Finsky  : [251] nkr.b(28): IT: org.torproject.android to state 50
05-10 18:04:00.424 14807 14832 I Finsky  : [251] nkr.b(61): IT: Start postprocessing download for org.torproject.android
05-10 18:04:00.424 14807 14832 I Finsky  : [251] nkr.b(80): IT: Prepare to copy org.torproject.android (adid: ..dm.org.torproject.android , isid: TygFQ0jFR5m33J2L6dsx6A) from content://downloads/my_downloads/4651 (expect 3553 bytes, isCompressed: false)
05-10 18:04:00.434 14807 12104 I Finsky  : [1456] hgp.run(3): Stored data usage stats for package org.torproject.android; completed bytes: 3553.
05-10 18:04:00.442 14807 12082 I Finsky  : [1452] dte.doInBackground(18): org.torproject.android (..dm.org.torproject.android) (3553 bytes) copied successfully in 0 ms
05-10 18:04:00.452 14807 14807 I Finsky  : [2] hrr.a(11): Selecting account [jskpqONQBFggq13RNHYnkMbZUshNmjPkZNiRcOMP5F0] for package org.torproject.android. overriding=[true]
05-10 18:04:00.452 14807 14807 I Finsky  : [2] hrr.a(11): Selecting account [jskpqONQBFggq13RNHYnkMbZUshNmjPkZNiRcOMP5F0] for package org.torproject.android. overriding=[true]
05-10 18:04:00.454 14807 14807 I Finsky  : [2] njs.run(14): IT: Removed org.torproject.android from ResourceManager for copy success.
05-10 18:04:00.454 14807 14807 I Finsky  : [2] nju.a(7): IT: Successfully copied APK to update org.torproject.android (adid: ..dm.org.torproject.android , isid: TygFQ0jFR5m33J2L6dsx6A)
05-10 18:04:00.454 14807 14807 I Finsky  : [2] nkr.b(28): IT: org.torproject.android to state 40
05-10 18:04:00.460 14807 14847 I Finsky  : [264] njq.accept(3): IT: starting next download: package=org.torproject.android
05-10 18:04:00.461 14807 14847 I Finsky  : [264] nhx.a(3): Handling streamingComplete for org.torproject.android gid: 0
05-10 18:04:00.464 14807 14847 I Finsky  : [264] nkr.c(49): IT: Begin install of org.torproject.android (isid: TygFQ0jFR5m33J2L6dsx6A)
05-10 18:04:00.493 14807 14847 I Finsky  : [264] nhy.a(196): Installer: Notifying status update. package=org.torproject.android, status=INSTALLING
05-10 18:04:00.495 14807 15035 I Finsky  : [304] nur.b(41): IQ: Notifying installation update. package=org.torproject.android, status=INSTALLING
05-10 18:04:00.516 14807 14807 I Finsky  : [2] hrr.a(11): Selecting account [jskpqONQBFggq13RNHYnkMbZUshNmjPkZNiRcOMP5F0] for package org.torproject.android. overriding=[true]
05-10 18:04:00.517 14807 14807 I Finsky  : [2] hrr.a(11): Selecting account [jskpqONQBFggq13RNHYnkMbZUshNmjPkZNiRcOMP5F0] for package org.torproject.android. overriding=[true]
05-10 18:04:00.532  6938  8702 D PackageInstallerCompatVL: onProgressChanged - packageName : org.torproject.android, progress :0.8
05-10 18:04:00.551  6938  8702 D PackageInstallerCompatVL: onProgressChanged - packageName : org.torproject.android, progress :0.90000004
05-10 18:04:00.721  5787  5985 D PackageManager: EAS IT Policy org.torproject.android isPackageSignedByPlatform = false
05-10 18:04:00.733  5787  5985 D PackageManager: EAS IT Policy org.torproject.android isPackageSignedByPlatform = false
05-10 18:04:00.747 11476 11476 D GOS:GameServiceReceiver:  PkgInstallStarted for org.torproject.android UserID : 0
05-10 18:04:00.758 14807 12088 I Finsky  : [1453] acin.c(150): Verify: Skipping anti malware verification due to pre-check failure. package=org.torproject.android
05-10 18:04:00.760 11476 12140 D GOS:MainIntentService: onHandleIntent(). type(PACKAGE_CHANGED), changeType(INSTALL_STARTED), packageName(org.torproject.android), UserHandle(0), Installed(false)
05-10 18:04:00.760 11476 12140 D GOS:SystemEventReactor: onPackageInstallStarted(). packageName: org.torproject.android
05-10 18:04:00.762 11476 12140 D GOS:SystemEventReactor: addPkgDataFromServer(), packageName : org.torproject.android
05-10 18:04:00.763 11476 12140 W GOS:PackageUtil: isVrApp(). PackageManager.NameNotFoundException: org.torproject.android
05-10 18:04:00.766 14807 14807 I Finsky  : [2] acjn.hr(6): Verification complete: id=52, package_name=org.torproject.android
05-10 18:04:00.898 11476 12140 D GOS:NetworkConnector: getSinglePkg(), packageName : org.torproject.android
05-10 18:04:01.518 11476 12140 D GOS:NetworkConnector: URL: PRD/v4/packages/org.torproject.android
05-10 18:04:01.518 11476 12140 D GOS:NetworkConnector: response: {"pkg_name":"org.torproject.android", "pkg_type":"non-game"}
05-10 18:04:01.519 11476 12140 D GOS:NetworkConnector: getSinglePkg(), request: PRD/v4/packages/org.torproject.android
05-10 18:04:01.519 11476 12140 D GOS:NetworkConnector:  v4PkgResponse: {"pkg_name":"org.torproject.android", "pkg_type":"non-game"}
05-10 18:04:01.519 11476 12140 D GOS:DataUpdater: mergePackageAndNotify(), org.torproject.android
05-10 18:04:01.534 11476 12140 D GOS:SystemEventReactor: addPkgDataFromServer(), A package was added : org.torproject.android as non-game
05-10 18:04:03.208  5787  5985 D PackageManager: EAS IT Policy org.torproject.android isPackageSignedByPlatform = false
05-10 18:04:03.208  5787  5985 D PackageManager: EAS IT Policy destCodeFile /data/app/org.torproject.android-ziceAf-oF2KYL8fz7aPxqA==
05-10 18:04:03.771  5787  5985 I PackageManager.DexOptimizer: Running dexopt (dexoptNeeded=1) on: /data/app/org.torproject.android-ziceAf-oF2KYL8fz7aPxqA==/base.apk pkg=org.torproject.android isa=arm64 dexoptFlags=boot_complete,profile_guided,public,enable_hidden_api_checks targetFilter=speed-profile oatDir=/data/app/org.torproject.android-ziceAf-oF2KYL8fz7aPxqA==/oat classLoaderContext=PCL[] dexMetadataPath=/data/app/org.torproject.android-ziceAf-oF2KYL8fz7aPxqA==/base.dm
05-10 18:04:03.774  5475 28394 V installd: DexInv: --- BEGIN '/data/app/org.torproject.android-ziceAf-oF2KYL8fz7aPxqA==/base.apk' ---
05-10 18:04:03.836 12321 12321 I dex2oat : /apex/com.android.runtime/bin/dex2oat --input-vdex-fd=-1 --output-vdex-fd=11 --resolve-startup-const-strings=true --max-image-block-size=524288 --compiler-filter=speed-profile --profile-file-fd=14 --classpath-dir=/data/app/org.torproject.android-ziceAf-oF2KYL8fz7aPxqA== --class-loader-context=PCL[] --generate-mini-debug-info --compact-dex-level=none --dm-fd=15 --compilation-reason=install-dm
05-10 18:04:05.643 12321 12321 I ApkToolkit: Use APK V2 signature. APK: /data/app/org.torproject.android-ziceAf-oF2KYL8fz7aPxqA==/base.apk
05-10 18:04:05.708 12321 12321 I ApkToolkit: Use APK V2 signature. APK: /data/app/org.torproject.android-ziceAf-oF2KYL8fz7aPxqA==/base.apk
05-10 18:04:05.746  5475 28394 V installd: DexInv: --- END '/data/app/org.torproject.android-ziceAf-oF2KYL8fz7aPxqA==/base.apk' (success) ---
05-10 18:04:05.746  5787  5985 I PackageManager.DexOptimizer: do mInstaller.syncDexopt : org.torproject.android
05-10 18:04:05.802 14807 14807 I Finsky  : [2] sfs.d(9): Invalidating cached PackageState for org.torproject.android
05-10 18:04:05.806 14807 14807 I Finsky  : [2] nkj.c(4): IT: Successful install of org.torproject.android (isid: TygFQ0jFR5m33J2L6dsx6A)
05-10 18:04:05.824  5787  8797 D PackageManager: setApplicationCategoryHint: org.torproject.android category: 4 caller: com.android.vending
05-10 18:04:05.824  5787  5787 E SDAgentPackageStateReceiver: Not going to handle 'org.torproject.android'!
05-10 18:04:05.829  5787  5787 D UpdateReceiver: action : android.intent.action.PACKAGE_ADDED, package:org.torproject.android
05-10 18:04:05.832 14807 14807 I Finsky  : [2] nkr.b(28): IT: org.torproject.android to state 70
05-10 18:04:05.832 14807 14807 I Finsky  : [2] sfs.d(9): Invalidating cached PackageState for org.torproject.android
05-10 18:04:05.837  6509  6509 D FaceWidgetMetadataParser: updatePackage() org.torproject.android true
05-10 18:04:05.837  6509  6509 D FaceWidgetMetadataParser: removePackage() key = org.torproject.android
05-10 18:04:05.837  6629  6671 D PackageInfoManager_FLP: action : ACTION_PACKAGE_ADDED, packageName = org.torproject.android
05-10 18:04:05.839 14807 14807 I Finsky  : [2] nkr.d(18): IT: Cleaning up task: org.torproject.android
05-10 18:04:05.841  6629  6671 V PermissionManager_FLP: handled onPackageAdded for org.torproject.android(DENY)
05-10 18:04:05.845 14807 14807 I Finsky  : [2] nhy.a(196): Installer: Notifying status update. package=org.torproject.android, status=INSTALLED
05-10 18:04:05.847  6938  8702 D PluginInstanceManager: queryPkg org.torproject.android com.sec.android.app.launcher.action.HOMESCREEN_PLUGIN_HOME_BLUR_SETTING
05-10 18:04:05.851  6938  8702 D PluginInstanceManager: queryPkg org.torproject.android com.sec.android.app.launcher.action.HOMESCREEN_PLUGIN_APPS_PAGE_LOOPING
05-10 18:04:05.852  6938  8702 D PluginInstanceManager: queryPkg org.torproject.android com.sec.android.app.launcher.action.HOMESCREEN_PLUGIN_FOLDER_TITLE_SUGGESTION
05-10 18:04:05.853  5787  5787 D ApplicationPolicy: packageInstalledForExternalStorage org.torproject.android
05-10 18:04:05.855  6938  8702 D PluginInstanceManager: queryPkg org.torproject.android com.sec.android.app.launcher.action.HOMESCREEN_PLUGIN_GESTURE_VI_TUNNER
05-10 18:04:05.855  6938  8702 D PluginInstanceManager: queryPkg org.torproject.android com.sec.android.app.launcher.action.PLUGIN_BACKUP_LAYOUT
05-10 18:04:05.855  8655  8655 I GsaVoiceInteractionSrv: O received Intent { act=android.intent.action.PACKAGE_ADDED dat=package:org.torproject.android flg=0x4000010 (has extras) }
05-10 18:04:05.855  6938  8702 D PluginInstanceManager: queryPkg org.torproject.android com.sec.android.app.launcher.action.HOMESCREEN_PLUGIN_EXPANDABLE_HOTSEAT
05-10 18:04:05.856  6938  8702 D PluginInstanceManager: queryPkg org.torproject.android com.sec.android.app.launcher.action.HOMESCREEN_PLUGIN_FOLDER_FLEXIBLE_GRID
05-10 18:04:05.856  6938  8702 D PluginInstanceManager: queryPkg org.torproject.android com.sec.android.app.launcher.action.HOMESCREEN_PLUGIN_EXPANDABLE_HOME_GRID
05-10 18:04:05.858 13909 13909 D BeaconManager[10.0.22.0]: BeaconService.PackageReceiver - action:android.intent.action.PACKAGE_ADDED, package:org.torproject.android
05-10 18:04:05.862  6938  8702 D PluginInstanceManager: queryPkg org.torproject.android com.sec.android.app.launcher.action.HOMESCREEN_PLUGIN_EXPANDABLE_APPS_GRID
05-10 18:04:05.863  5787  5787 I DomainFilter: onReceive() - Intent { act=android.intent.action.PACKAGE_ADDED dat=package:org.torproject.android flg=0x4000010 (has extras) }
05-10 18:04:05.864  5787  5787 I DomainFilter: packageAdded() - packageName: org.torproject.android, uid: 0
05-10 18:04:05.866  6938  8702 D PluginInstanceManager: queryPkg org.torproject.android com.sec.android.app.launcher.action.PLUGIN_FOLDER_LAYOUT
05-10 18:04:05.867 14807 14807 I Finsky  : [2] nkr.b(28): IT: org.torproject.android to state 80
05-10 18:04:05.867 14807 14807 I Finsky  : [2] nhy.b(18): Installer: stopping tracking of task: org.torproject.android
05-10 18:04:05.868  6938  8702 D PluginInstanceManager: queryPkg org.torproject.android com.sec.android.app.launcher.action.HOMESCREEN_PLUGIN_ICON_SETTING
05-10 18:04:05.875  5787  5787 D DualDARComnService: reConnectAgentsByPkgName:: package: org.torproject.android
05-10 18:04:05.893  5787  5787 I PersonaManagerService::Proxy: newPackage is org.torproject.android
05-10 18:04:05.902 14807 14807 I Finsky  : [2] sfs.d(9): Invalidating cached PackageState for org.torproject.android
05-10 18:04:05.905 14807 15035 I Finsky  : [304] nur.b(41): IQ: Notifying installation update. package=org.torproject.android, status=INSTALLED
05-10 18:04:05.913  5787  5787 D RCPManagerService: App Installed with packageNAme = org.torproject.android
05-10 18:04:05.921  5787  5787 D KnoxMUMContainerPolicy: packageInstalledForSBAExternalStorage org.torproject.android
05-10 18:04:05.933  6412  6412 I VVM.VvmPkgInstalledRcvr: onReceive() : action android.intent.action.PACKAGE_ADDED packageName :org.torproject.android
05-10 18:04:06.045  6412  6412 D ImsResolver: maybeAddedImsService, packageName: org.torproject.android
05-10 18:04:06.103 14807 11268 I Finsky  : [1439] erd.a(12): Asset module storage cleared for package org.torproject.android.
05-10 18:04:06.109  6700 12377 W GCM     : Unexpected forwarded intent: Intent { act=android.intent.action.PACKAGE_ADDED dat=package:org.torproject.android flg=0x4000010 cmp=com.google.android.gms/.chimera.PersistentIntentOperationService (has extras) }
05-10 18:04:06.126 14807 12374 I Finsky  : [1461] mzr.b(10): User=UserHandle{0} released=org.torproject.android
05-10 18:04:06.150  6700 12378 W GCM     : Unexpected forwarded intent: Intent { act=android.intent.action.PACKAGE_ADDED dat=package:org.torproject.android flg=0x4000010 cmp=com.google.android.gms/.chimera.PersistentIntentOperationService (has extras) }
05-10 18:04:06.158  7090 12400 I ChromeSync: [Sync,SyncIntentOperation] Handling the intent: Intent { act=android.intent.action.PACKAGE_ADDED dat=package:org.torproject.android flg=0x4000010 cmp=com.google.android.gms/.chimera.GmsIntentOperationService (has extras) }.
05-10 18:04:06.190  7090 12400 I FontsPackageChangeOp: Package org.torproject.android has no metadata
05-10 18:04:06.233 14807 14807 I Finsky  : [2] hrr.a(11): Selecting account [jskpqONQBFggq13RNHYnkMbZUshNmjPkZNiRcOMP5F0] for package org.torproject.android. overriding=[true]
05-10 18:04:06.242 11225 11255 D SmProvider: inserted  : org.torproject.android / 10396 rowId=235
05-10 18:04:06.296 14807 14807 I Finsky  : [2] hrr.a(11): Selecting account [jskpqONQBFggq13RNHYnkMbZUshNmjPkZNiRcOMP5F0] for package org.torproject.android. overriding=[true]
05-10 18:04:06.306 14807 14807 I Finsky  : [2] sfs.d(9): Invalidating cached PackageState for org.torproject.android
05-10 18:04:06.362 14807 14807 I Finsky  : [2] hrr.a(11): Selecting account [jskpqONQBFggq13RNHYnkMbZUshNmjPkZNiRcOMP5F0] for package org.torproject.android. overriding=[true]
05-10 18:04:06.433 14807 14807 I Finsky  : [2] hrr.a(11): Selecting account [jskpqONQBFggq13RNHYnkMbZUshNmjPkZNiRcOMP5F0] for package org.torproject.android. overriding=[true]
05-10 18:04:06.492 12380 12380 D RoutineDebug:RoutineJobService: start: packageNameorg.torproject.android,forced=true
05-10 18:04:06.493 12380 12380 D RoutineDebug:RoutineJobService: pushMetaLoaderTargetPackage: null + org.torproject.android
05-10 18:04:06.566 12380 12380 D RoutineDebug:RoutineJobService: packageName : org.torproject.android, forced : true
05-10 18:04:06.567 12380 12486 D RoutineDebug:RoutineMetaDataLoader: collect: org.torproject.android
05-10 18:04:06.650 11458 11458 D FilterIntentReceiver: pkgName : org.torproject.android
05-10 18:04:06.775 12037 12037 D EdgeLightingReceiver: com.samsung.android.app.edgelighting.PACKAGE_ADDED org.torproject.android
05-10 18:04:06.973  6938  6938 D RecommendedItemsProvider: onPackageAdded: org.torproject.android / UserHandle{0}
05-10 18:04:06.973  6938  8702 D PackageUpdatedTask: mAllAppsList.addPackage org.torproject.android
05-10 18:04:06.976 11476 12573 D GOS:MainIntentService: onHandleIntent(). type(PACKAGE_CHANGED), changeType(INSTALLED), packageName(org.torproject.android), UserHandle(0), Installed(true)
05-10 18:04:06.977 11476 12573 D GOS:SystemEventReactor: onPackageInstalled(). packageName: org.torproject.android
05-10 18:04:06.984 11476 12573 D GOS:EventSubscriptionDbHelper: getSubscriberApps(org.torproject.android)
05-10 18:04:06.986  6938  8702 I AppIconSolution: return the original icon because tray option is set to None for org.torproject.android
05-10 18:04:06.986  6938  8702 D LauncherActivityInfo: packageName: org.torproject.android, useThemeIcon: true, height: 144, width: 144, density: 640
05-10 18:04:07.002  6938  8702 D PackageUpdatedTask: added, appInfo : AppInfo(id=232 type=APP hidden=0 container=-102 screen=-1 rank=0 user=UserHandle{0} title=Orbot componentName=ComponentInfo{org.torproject.android/org.torproject.android.OrbotMainActivity} screenType=0)
05-10 18:04:07.002  6938  8702 D PackageUpdatedTask: modified, appInfo : AppInfo(id=232 type=APP hidden=0 container=-102 screen=-1 rank=0 user=UserHandle{0} title=Orbot componentName=ComponentInfo{org.torproject.android/org.torproject.android.OrbotMainActivity} screenType=0)
05-10 18:04:07.004 12429 12485 D AcmsJobIntentService: App added - package name: org.torproject.android
05-10 18:04:07.019  6938  8702 D GameLauncherManagerImp: org.torproject.android does not contain game list
05-10 18:07:39.610 14807 14807 I Finsky  : [2] hrr.a(11): Selecting account [jskpqONQBFggq13RNHYnkMbZUshNmjPkZNiRcOMP5F0] for package org.torproject.android. overriding=[true]
05-10 18:07:39.626 14807 14807 I Finsky  : [2] hrr.a(11): Selecting account [jskpqONQBFggq13RNHYnkMbZUshNmjPkZNiRcOMP5F0] for package org.torproject.android. overriding=[true]
05-10 18:07:39.717 14807 14807 I Finsky  : [2] hrr.a(11): Selecting account [jskpqONQBFggq13RNHYnkMbZUshNmjPkZNiRcOMP5F0] for package org.torproject.android. overriding=[true]
05-10 18:07:39.744 14807 14807 I Finsky  : [2] hrr.a(11): Selecting account [jskpqONQBFggq13RNHYnkMbZUshNmjPkZNiRcOMP5F0] for package org.torproject.android. overriding=[true]
05-10 18:07:39.810 14807 14807 I Finsky  : [2] hrr.a(11): Selecting account [jskpqONQBFggq13RNHYnkMbZUshNmjPkZNiRcOMP5F0] for package org.torproject.android. overriding=[true]
05-10 18:07:39.832 14807 14807 I Finsky  : [2] hrr.a(11): Selecting account [jskpqONQBFggq13RNHYnkMbZUshNmjPkZNiRcOMP5F0] for package org.torproject.android. overriding=[true]
05-10 18:07:40.037 14807 14807 I Finsky  : [2] drd.a(56): Not delivering second response for request=[[ ] https://android.clients.google.com/fdfe/details?doc=org.torproject.android 0xe8d195d1 NORMAL 203]
05-10 18:07:45.365 14807 14807 I Finsky  : [2] hrr.a(11): Selecting account [jskpqONQBFggq13RNHYnkMbZUshNmjPkZNiRcOMP5F0] for package org.torproject.android. overriding=[true]
05-10 18:07:45.392 14807 14807 I Finsky  : [2] hrr.a(11): Selecting account [jskpqONQBFggq13RNHYnkMbZUshNmjPkZNiRcOMP5F0] for package org.torproject.android. overriding=[true]
05-10 18:08:21.000 13485 13513 I SmProvider: makeValuesForFasUpdate contentValues=package_name=org.torproject.android extras=0 uid=10396 level=1 resetTime=1588896246008
05-10 18:09:42.577  5342  5397 I SurfaceFlinger: id=7995 Removed Surface(name=AppWindowToken{3a6aba7 token=Token{a7aac66 ActivityRecord{4d54cc1 u0 org.torproject.android/.OrbotMainActivity t68}}})/@0xdc855c6 - animation-leash#0 (130)
05-10 18:09:42.590  5342  5342 I Layer   : id=7995[1] Destroyed Surface(name=AppWindowToken{3a6aba7 token=Token{a7aac66 ActivityRecord{4d54cc1 u0 org.torproject.android/.OrbotMainActivity t68}}})/@0xdc855c6 - animation-leash#0
05-10 18:12:56.316  5342  5397 I SurfaceFlinger: id=8056 createSurf (0x0),-1 flag=80004, AppWindowToken{1e5de8f token=Token{6ccb9ee ActivityRecord{ae87b69 u0 org.torproject.android/.OrbotMainActivity t70}}}#0
05-10 18:12:56.338  5342  5397 I SurfaceFlinger: id=8057 createSurf (0x0),-1 flag=80004, 81af67d Splash Screen org.torproject.android#0
05-10 18:12:56.339  5787  5897 I ApplicationPolicy: isApplicationExternalStorageWhitelisted:org.torproject.android user:0
05-10 18:12:56.339  5787  5897 I ApplicationPolicy: isApplicationExternalStorageBlacklisted:org.torproject.android user:0
05-10 18:12:56.339  5787  5897 I ApplicationPolicy: isApplicationExternalStorageBlacklisted:org.torproject.android user:0
05-10 18:12:56.351 13664 13664 I Finsky  : [2] sfs.d(9): Invalidating cached PackageState for org.torproject.android
05-10 18:12:56.354 13664 13664 I Finsky  : [2] kwz.c(1): Package first launch for org.torproject.android
05-10 18:12:56.359  5787  5899 V WindowManager: Relayout Window{81af67d u0 Splash Screen org.torproject.android}: viewVisibility=0 req=1080x2280
05-10 18:12:56.374  5342  5397 I SurfaceFlinger: id=8058 createSurf (1080x2280),2 flag=404, Splash Screen org.torproject.android#0
05-10 18:12:56.396  5342  5397 I SurfaceFlinger: id=8060 createSurf (0x0),-1 flag=80004, Surface(name=AppWindowToken{1e5de8f token=Token{6ccb9ee ActivityRecord{ae87b69 u0 org.torproject.android/.OrbotMainActivity t70}}})/@0x8bb78ed - animation-leash#0
05-10 18:12:56.401  5787  5865 D WindowManager: setSystemUiVisibility: displayId=0, vis=0x8018, fullVis=0x0, dockVis=0x0, win=Window{81af67d u0 Splash Screen org.torproject.android}
05-10 18:12:56.409  5787  5865 I PerfSDKService: Current foregroundpackage name : org.torproject.android
05-10 18:12:56.409  5787  5865 D CodecSolution: isMaxAspectPackageEx: org.torproject.android : false(0)
05-10 18:12:56.440  5342  5342 I SurfaceFlinger:      DEVICE | 0x73d1c35700 | 0002 | RGBx_8888 |   0.0    0.0 1080.0 2280.0 |    0    0 1080 2280 | Splash Screen org.torproject.android#0
05-10 18:12:56.554  5342  6188 I SurfaceFlinger: id=8062 createSurf (0x0),-1 flag=80004, AppWindowToken{9bae1f5 token=Token{abb32c ActivityRecord{7abadf u0 org.torproject.android/.ui.onboarding.OnboardingActivity t70}}}#0
05-10 18:12:56.562  5787  5865 D WindowManager: setSystemUiVisibility: displayId=0, vis=0x8018, fullVis=0x0, dockVis=0x0, win=Window{81af67d u0 Splash Screen org.torproject.android}
05-10 18:12:56.581  5342  5342 E Layer   : [Surface(name=AppWindowToken{1e5de8f token=Token{6ccb9ee ActivityRecord{ae87b69 u0 org.torproject.android/.OrbotMainActivity t70}}})/@0x8bb78ed - animation-leash#0] No local sync point found
05-10 18:12:56.584  5342  6188 I SurfaceFlinger: id=8060 Removed Surface(name=AppWindowToken{1e5de8f token=Token{6ccb9ee ActivityRecord{ae87b69 u0 org.torproject.android/.OrbotMainActivity t70}}})/@0x8bb78ed - animation-leash#0 (130)
05-10 18:12:56.586  5342  5342 I SurfaceFlinger:      DEVICE | 0x73d1c35700 | 0002 | RGBx_8888 |   0.0    0.0 1080.0 2280.0 |    0    0 1080 2280 | Splash Screen org.torproject.android#0
05-10 18:12:56.598  5342  5342 I Layer   : id=8060[1] Destroyed Surface(name=AppWindowToken{1e5de8f token=Token{6ccb9ee ActivityRecord{ae87b69 u0 org.torproject.android/.OrbotMainActivity t70}}})/@0x8bb78ed - animation-leash#0
05-10 18:12:56.605  5342  5397 I SurfaceFlinger: id=8063 createSurf (0x0),-1 flag=80004, 5983f5c org.torproject.android/org.torproject.android.OrbotMainActivity#0
05-10 18:12:56.620  5342  5397 I SurfaceFlinger: id=8064 createSurf (0x0),-1 flag=80004, Surface(name=AppWindowToken{1e5de8f token=Token{6ccb9ee ActivityRecord{ae87b69 u0 org.torproject.android/.OrbotMainActivity t70}}})/@0x8bb78ed - animation-leash#0
05-10 18:12:56.621  5342  5397 I SurfaceFlinger: id=8065 createSurf (0x0),-1 flag=80004, Surface(name=AppWindowToken{1e5de8f token=Token{6ccb9ee ActivityRecord{ae87b69 u0 org.torproject.android/.OrbotMainActivity t70}}})/@0x8bb78ed - animation-bounds#0
05-10 18:12:56.654  5787  5865 D CodecSolution: isMaxAspectPackageEx: org.torproject.android : false(0)
05-10 18:12:56.919  5342  5397 I SurfaceFlinger: id=8064 Removed Surface(name=AppWindowToken{1e5de8f token=Token{6ccb9ee ActivityRecord{ae87b69 u0 org.torproject.android/.OrbotMainActivity t70}}})/@0x8bb78ed - animation-leash#0 (130)
05-10 18:12:56.919  5342  5397 I SurfaceFlinger: id=8065 Removed Surface(name=AppWindowToken{1e5de8f token=Token{6ccb9ee ActivityRecord{ae87b69 u0 org.torproject.android/.OrbotMainActivity t70}}})/@0x8bb78ed - animation-bounds#0 (130)
05-10 18:12:56.932  5342  5342 I Layer   : id=8065[1] Destroyed Surface(name=AppWindowToken{1e5de8f token=Token{6ccb9ee ActivityRecord{ae87b69 u0 org.torproject.android/.OrbotMainActivity t70}}})/@0x8bb78ed - animation-bounds#0
05-10 18:12:56.932  5342  5342 I Layer   : id=8064[1] Destroyed Surface(name=AppWindowToken{1e5de8f token=Token{6ccb9ee ActivityRecord{ae87b69 u0 org.torproject.android/.OrbotMainActivity t70}}})/@0x8bb78ed - animation-leash#0
05-10 18:12:56.979  5787  5869 D ApplicationPolicy: isStatusBarNotificationAllowedAsUser: packageName = org.torproject.android,userId = 0
05-10 18:12:56.979  5787  5869 D ApplicationPolicy: isStatusBarNotificationAllowedAsUser: packageName = org.torproject.android,userId = 0
05-10 18:12:56.992  5787  6809 V WindowManager: Relayout Window{5983f5c u0 org.torproject.android/org.torproject.android.OrbotMainActivity}: viewVisibility=0 req=1080x2280
05-10 18:12:57.013  5342  5397 I SurfaceFlinger: id=8068 createSurf (0x0),-1 flag=80004, 1bc5ad8 org.torproject.android/org.torproject.android.ui.onboarding.OnboardingActivity#0
05-10 18:12:57.025  5787  6809 V WindowManager: Relayout Window{1bc5ad8 u0 org.torproject.android/org.torproject.android.ui.onboarding.OnboardingActivity}: viewVisibility=0 req=1080x2280
05-10 18:12:57.026  5342  5397 I SurfaceFlinger: id=8069 createSurf (1080x2280),2 flag=404, org.torproject.android/org.torproject.android.ui.onboarding.OnboardingActivity$_14575#0
05-10 18:12:57.055  5787  5868 I ActivityTaskManager: Displayed org.torproject.android/.ui.onboarding.OnboardingActivity: +740ms
05-10 18:12:57.059  5787  8739 V WindowManager: Relayout Window{5983f5c u0 org.torproject.android/org.torproject.android.OrbotMainActivity}: viewVisibility=8 req=1080x2280
05-10 18:12:57.061  5342  7001 I SurfaceFlinger: id=8070 createSurf (0x0),-1 flag=80004, Surface(name=81af67d Splash Screen org.torproject.android)/@0xea01d44 - animation-leash#0
05-10 18:12:57.065 14575 14575 V InputMethodManager: Starting input: tba=org.torproject.android ic=null mNaviBarColor -855310 mIsGetNaviBarColorSuccess true , NavVisible : true , NavTrans : false
05-10 18:12:57.077 14575 14575 V InputMethodManager: Starting input: tba=org.torproject.android ic=null mNaviBarColor -855310 mIsGetNaviBarColorSuccess true , NavVisible : true , NavTrans : false
05-10 18:12:57.081  5787  5787 D EdgeLightingManager: showForNotification : isInteractive=true, isHeadUp=false, color=0, sbn = StatusBarNotification(pkg=org.torproject.android user=UserHandle{0} id=1 tag=null key=0|org.torproject.android|1|null|10396: Notification(channel=orbot_channel_1 pri=0 contentView=null vibrate=null sound=null defaults=0x0 flags=0x62 color=0x00000000 category=service actions=1 vis=PRIVATE semFlags=0x0 semPriority=0 semMissedCount=0))
05-10 18:12:57.082  5787  5787 D EdgeLightingPolicyManager: isAcceptableApplication:  pkg=org.torproject.android , range=256 , includeAllApp=false , userId=0 , infoRange=0 , infoCategory=0
05-10 18:12:57.082  5787  5787 D EdgeLightingPolicyManager.NotificationGroup: group key = 0|org.torproject.android|1|null|10396 ,value= summary : null , child : 1key = 0|org.torproject.android|1|null|10396 , value =  NotificationData { tag= null } , }
05-10 18:12:57.082  5787  5787 D EdgeLightingPolicyManager: isAcceptableApplication:  pkg=org.torproject.android , range=1 , includeAllApp=false , userId=0 , infoRange=0 , infoCategory=0
05-10 18:12:57.083  5787  8792 V WindowManager: Relayout Window{5983f5c u0 org.torproject.android/org.torproject.android.OrbotMainActivity}: viewVisibility=8 req=1080x2280
05-10 18:12:57.085  6938  6938 D Launcher.NotificationListener: onNotificationPosted : StatusBarNotification(pkg=org.torproject.android user=UserHandle{0} id=1 tag=null key=0|org.torproject.android|1|null|10396: Notification(channel=orbot_channel_1 pri=0 contentView=null vibrate=null sound=null defaults=0x0 flags=0x62 color=0x00000000 category=service actions=1 vis=PRIVATE semFlags=0x0 semPriority=0 semMissedCount=0)) number : 0 listener : null
05-10 18:12:57.104  5342  5342 I SurfaceFlinger:      DEVICE | 0x73d1c33b80 | 0002 | RGBx_8888 |   0.0    0.0 1080.0 2280.0 |    0    0 1080 2280 | org.torproject.android/org.torprojec[...]boarding.OnboardingActivity$_14575#0
05-10 18:12:57.104  5342  5342 I SurfaceFlinger:      DEVICE | 0x73d1c35700 | 0002 | RGBx_8888 |   0.0    0.0 1080.0 2280.0 |    0    0 1080 2280 | Splash Screen org.torproject.android#0
05-10 18:12:57.116  5787  5899 I WindowManager: Reparenting to original parent: Surface(name=AppWindowToken{9bae1f5 token=Token{abb32c ActivityRecord{7abadf u0 org.torproject.android/.ui.onboarding.OnboardingActivity t70}}})/@0xde90b8a, destroyLeash=true, surface=Surface(name=81af67d Splash Screen org.torproject.android)/@0xea01d44
05-10 18:12:57.117  5787  5899 E WindowManager: win=Window{81af67d u0 Splash Screen org.torproject.android EXITING} destroySurfaces: appStopped=false win.mWindowRemovalAllowed=true win.mRemoveOnExit=true win.mViewVisibility=0 caller=com.android.server.wm.AppWindowToken.destroySurfaces:1186 com.android.server.wm.AppWindowToken.destroySurfaces:1167 com.android.server.wm.WindowState.onExitAnimationDone:4991 com.android.server.wm.WindowStateAnimator.onAnimationFinished:284 com.android.server.wm.WindowState.onAnimationFinished:5432 com.android.server.wm.-$$Lambda$yVRF8YoeNdTa8GR1wDStVsHu8xM.run:2 com.android.server.wm.SurfaceAnimator.lambda$getFinishedCallback$0$SurfaceAnimator:100
05-10 18:12:57.117  5787  5899 I WindowManager: Destroying surface Surface(name=Splash Screen org.torproject.android)/@0x2296d40 called by com.android.server.wm.WindowStateAnimator.destroySurface:1712 com.android.server.wm.WindowStateAnimator.destroySurfaceLocked:671 com.android.server.wm.WindowState.destroySurfaceUnchecked:3458 com.android.server.wm.WindowState.destroySurface:3432 com.android.server.wm.AppWindowToken.destroySurfaces:1186 com.android.server.wm.AppWindowToken.destroySurfaces:1167 com.android.server.wm.WindowState.onExitAnimationDone:4991 com.android.server.wm.WindowStateAnimator.onAnimationFinished:284
05-10 18:12:57.119  5342  5397 I SurfaceFlinger: id=8070 Removed Surface(name=81af67d Splash Screen org.torproject.android)/@0xea01d44 - animation-leash#0 (130)
05-10 18:12:57.119  5342  7001 I SurfaceFlinger: id=8057 Removed 81af67d Splash Screen org.torproject.android#0 (130)
05-10 18:12:57.119  5342  7001 I SurfaceFlinger: id=8058 Removed Splash Screen org.torproject.android#0 (130)
05-10 18:12:57.133  5342  5342 I Layer   : id=8070[1] Destroyed Surface(name=81af67d Splash Screen org.torproject.android)/@0xea01d44 - animation-leash#0
05-10 18:12:57.133  5342  5342 I Layer   : id=8057[1] Destroyed 81af67d Splash Screen org.torproject.android#0
05-10 18:12:57.135  5342  5342 I Layer   : id=8058[1] Destroyed Splash Screen org.torproject.android#0
05-10 18:12:57.138  5342  5342 I SurfaceFlinger:      DEVICE | 0x73d1c33b80 | 0002 | RGBx_8888 |   0.0    0.0 1080.0 2280.0 |    0    0 1080 2280 | org.torproject.android/org.torprojec[...]boarding.OnboardingActivity$_14575#0
05-10 18:12:57.822  5787  6338 D GameManagerService: handleForegroundChange(). pkgName: org.torproject.android, clsName: org.torproject.android.OrbotMainActivity,FgActivityName:org.torproject.android/.OrbotMainActivity,userID:0
05-10 18:13:01.587  5787  6418 I Pageboost: memUsage collected : 19942 0 0 for org.torproject.android 14575
05-10 18:13:23.870  5787  8795 V WindowManager: Changing focus from Window{1bc5ad8 u0 org.torproject.android/org.torproject.android.ui.onboarding.OnboardingActivity} to Window{b0520e6 u0 StatusBar} displayId=0 Callers=com.android.server.wm.RootWindowContainer.updateFocusedWindowLocked:203 com.android.server.wm.WindowManagerService.updateFocusedWindowLocked:6040 com.android.server.wm.WindowManagerService.relayoutWindow:2504 com.android.server.wm.Session.relayout:202
05-10 18:13:24.630  5787  6720 V WindowManager: Changing focus from Window{b0520e6 u0 StatusBar} to Window{1bc5ad8 u0 org.torproject.android/org.torproject.android.ui.onboarding.OnboardingActivity} displayId=0 Callers=com.android.server.wm.RootWindowContainer.updateFocusedWindowLocked:203 com.android.server.wm.WindowManagerService.updateFocusedWindowLocked:6040 com.android.server.wm.WindowManagerService.relayoutWindow:2504 com.android.server.wm.Session.relayout:202
05-10 18:13:24.631  5787  5865 D WindowManager: setSystemUiVisibility: displayId=0, vis=0x8018, fullVis=0x0, dockVis=0x0, win=Window{1bc5ad8 u0 org.torproject.android/org.torproject.android.ui.onboarding.OnboardingActivity}
05-10 18:15:23.862 14575 14575 V InputMethodManager: Starting input: tba=org.torproject.android ic=null mNaviBarColor -855310 mIsGetNaviBarColorSuccess true , NavVisible : true , NavTrans : false
05-10 18:15:24.587  5787  8784 V WindowManager: Changing focus from Window{1bc5ad8 u0 org.torproject.android/org.torproject.android.ui.onboarding.OnboardingActivity} to null displayId=0 Callers=com.android.server.wm.RootWindowContainer.updateFocusedWindowLocked:203 com.android.server.wm.WindowManagerService.updateFocusedWindowLocked:6040 com.android.server.wm.AppWindowToken.commitVisibility:830 com.android.server.wm.AppWindowToken.setVisibility:756
05-10 18:15:24.588  5787  8784 V WindowManager: Setting visibility of Window{1bc5ad8 u0 org.torproject.android/org.torproject.android.ui.onboarding.OnboardingActivity}: false, caller=com.android.server.wm.WindowContainer.sendAppVisibilityToClients:640 com.android.server.wm.AppWindowToken.setClientHidden:611 com.android.server.wm.AppWindowToken.onAnimationFinished:3476 com.android.server.wm.AppWindowToken.commitVisibility:846 com.android.server.wm.AppWindowToken.setVisibility:756
05-10 18:15:24.596  5787  8683 V WindowManager: Relayout Window{1bc5ad8 u0 org.torproject.android/org.torproject.android.ui.onboarding.OnboardingActivity}: viewVisibility=8 req=1080x2280
05-10 18:15:24.596  5787  8683 E WindowManager: win=Window{1bc5ad8 u0 org.torproject.android/org.torproject.android.ui.onboarding.OnboardingActivity} destroySurfaces: appStopped=true win.mWindowRemovalAllowed=false win.mRemoveOnExit=false win.mViewVisibility=8 caller=com.android.server.wm.WindowManagerService.tryStartExitingAnimation:2675 com.android.server.wm.WindowManagerService.relayoutWindow:2434 com.android.server.wm.Session.relayout:202 android.view.IWindowSession$Stub.onTransact:708 com.android.server.wm.Session.onTransact:142 android.os.Binder.execTransactInternal:1021 android.os.Binder.execTransact:994
05-10 18:15:24.596  5787  8683 I WindowManager: Destroying surface Surface(name=org.torproject.android/org.torproject.android.ui.onboarding.OnboardingActivity$_14575)/@0x9d17093 called by com.android.server.wm.WindowStateAnimator.destroySurface:1712 com.android.server.wm.WindowStateAnimator.destroySurfaceLocked:671 com.android.server.wm.WindowState.destroySurfaceUnchecked:3458 com.android.server.wm.WindowState.destroySurface:3432 com.android.server.wm.WindowManagerService.tryStartExitingAnimation:2675 com.android.server.wm.WindowManagerService.relayoutWindow:2434 com.android.server.wm.Session.relayout:202 android.view.IWindowSession$Stub.onTransact:708
05-10 18:15:24.597  5342  7255 I SurfaceFlinger: id=8069 Removed org.torproject.android/org.torproject.android.ui.onboarding.OnboardingActivity$_14575#0 (129)
05-10 18:15:24.598  5342  5342 I Layer   : id=8069[1] Destroyed org.torproject.android/org.torproject.android.ui.onboarding.OnboardingActivity$_14575#0
05-10 18:16:42.227  5787  8784 V WindowManager: Setting visibility of Window{1bc5ad8 u0 org.torproject.android/org.torproject.android.ui.onboarding.OnboardingActivity}: true, caller=com.android.server.wm.WindowContainer.sendAppVisibilityToClients:640 com.android.server.wm.AppWindowToken.setClientHidden:611 com.android.server.wm.AppWindowToken.setVisibility:707 com.android.server.wm.ActivityRecord.setVisibility:2089 com.android.server.wm.ActivityStack.resumeTopActivityInnerLocked:3383
05-10 18:16:42.229  5787  8784 D MARsPolicyManager: onPackageResumedFG pkgName = org.torproject.android, userId = 0
05-10 18:16:42.248  5787  5897 D GameManagerService: noteResumeComponent(), resumeComponent: org.torproject.android
05-10 18:16:42.248  5787  6338 D GameManagerService: handleForegroundChange(). pkgName: org.torproject.android, clsName: org.torproject.android.ui.onboarding.OnboardingActivity,FgActivityName:org.torproject.android/.ui.onboarding.OnboardingActivity,userID:0
05-10 18:16:42.255  5787  8763 V WindowManager: Relayout Window{1bc5ad8 u0 org.torproject.android/org.torproject.android.ui.onboarding.OnboardingActivity}: viewVisibility=0 req=1080x2280
05-10 18:16:42.257  5342  7255 I SurfaceFlinger: id=8073 createSurf (1080x2280),2 flag=404, org.torproject.android/org.torproject.android.ui.onboarding.OnboardingActivity$_14575#0
05-10 18:16:42.258  5787  8763 D WindowManager: makeSurface duration=1 name=org.torproject.android/org.torproject.android.ui.onboarding.OnboardingActivity$_14575
05-10 18:16:42.267  5787  8763 D WindowManager: finishDrawingWindow: Window{1bc5ad8 u0 org.torproject.android/org.torproject.android.ui.onboarding.OnboardingActivity} mDrawState=DRAW_PENDING
05-10 18:16:42.308  5342  5342 I SurfaceFlinger:      DEVICE | 0x73f06a3440 | 0002 | RGBx_8888 |   0.0    0.0 1080.0 2280.0 |    0    0 1080 2280 | org.torproject.android/org.torprojec[...]boarding.OnboardingActivity$_14575#0
05-10 18:16:42.370  5787  5787 D GameManagerService: identifyGamePackage. org.torproject.android, mCurrentUserId: 0, callerUserId: 0
05-10 18:16:42.370  5787  5787 D GamePkgDataHelper: getGamePkgData(). org.torproject.android
05-10 18:16:42.465  5787  5865 I WindowManager: Waiting for drawn Window{1bc5ad8 u0 org.torproject.android/org.torproject.android.ui.onboarding.OnboardingActivity}: removed=false visible=true mHasSurface=true drawState=1
05-10 18:16:42.467  5787  5899 I WindowManager: Waiting for drawn Window{1bc5ad8 u0 org.torproject.android/org.torproject.android.ui.onboarding.OnboardingActivity}: removed=false visible=true mHasSurface=true drawState=1
05-10 18:16:42.475  5787  5811 D WindowManager: finishDrawingWindow: Window{1bc5ad8 u0 org.torproject.android/org.torproject.android.ui.onboarding.OnboardingActivity} mDrawState=DRAW_PENDING
05-10 18:16:42.478  5787  5899 I WindowManager: Waiting for drawn Window{1bc5ad8 u0 org.torproject.android/org.torproject.android.ui.onboarding.OnboardingActivity}: removed=false visible=true mHasSurface=true drawState=4
05-10 18:16:42.478  5787  5899 D WindowManager: Window drawn win=Window{1bc5ad8 u0 org.torproject.android/org.torproject.android.ui.onboarding.OnboardingActivity}
05-10 18:16:42.538  5787  5787 D MdnieScenarioControlService:  packageName : org.torproject.android    className : org.torproject.android.ui.onboarding.OnboardingActivity
05-10 18:16:42.564  5787  5787 D MdnieScenarioControlService:  packageName : org.torproject.android    className : org.torproject.android.ui.onboarding.OnboardingActivity
05-10 18:16:42.584  5787  6338 D GameManagerService:   handleUserPresent(). resume signal is needed for org.torproject.android
05-10 18:16:42.593  5787  6338 D GameManagerService:   handleUserPresent(). resume signal is needed for org.torproject.android
05-10 18:16:42.616  5787  8791 V WindowManager: Changing focus from Window{b0520e6 u0 StatusBar} to Window{1bc5ad8 u0 org.torproject.android/org.torproject.android.ui.onboarding.OnboardingActivity} displayId=0 Callers=com.android.server.wm.RootWindowContainer.updateFocusedWindowLocked:203 com.android.server.wm.WindowManagerService.updateFocusedWindowLocked:6040 com.android.server.wm.WindowManagerService.relayoutWindow:2504 com.android.server.wm.Session.relayout:202
05-10 18:16:42.616  5787  5865 D WindowManager: setSystemUiVisibility: displayId=0, vis=0x8018, fullVis=0x0, dockVis=0x0, win=Window{1bc5ad8 u0 org.torproject.android/org.torproject.android.ui.onboarding.OnboardingActivity}
05-10 18:16:42.619 14575 14575 V InputMethodManager: Starting input: tba=org.torproject.android ic=null mNaviBarColor -855310 mIsGetNaviBarColorSuccess true , NavVisible : true , NavTrans : false
05-10 18:16:42.674  5342  5342 I SurfaceFlinger:      DEVICE | 0x73f06a3440 | 0002 | RGBx_8888 |   0.0    0.0 1080.0 2280.0 |    0    0 1080 2280 | org.torproject.android/org.torprojec[...]boarding.OnboardingActivity$_14575#0
05-10 18:16:42.708  5342  5342 I SurfaceFlinger:      DEVICE | 0x73f06a3440 | 0002 | RGBx_8888 |   0.0    0.0 1080.0 2280.0 |    0    0 1080 2280 | org.torproject.android/org.torprojec[...]boarding.OnboardingActivity$_14575#0
05-10 18:16:42.713 13644 15275 I [-5]oneconnect[1.7.47-22_02][CORE]: RunningInfo.isQcTopProcess - false [package]com.samsung.android.oneconnect [topProcess]org.torproject.android
05-10 18:16:42.715 13644 15275 I [-5]oneconnect[1.7.47-22_02][CORE]: RunningInfo.isNativePluginTopTopProcess - false [package]com.samsung.android.oneconnect:PluginNative [topProcess]org.torproject.android
05-10 18:16:42.716 13644 15275 I [-5]oneconnect[1.7.47-22_02][CORE]: RunningInfo.isWebPluginTopProcess - false [package]com.samsung.android.oneconnect:PluginWebApplication [topProcess]org.torproject.android
