05-10 18:19:43.604  5280  5280 E audit   : type=1300 audit(1589152783.601:9064): arch=c00000b7 syscall=29 success=no exit=-13 a0=d a1=894b a2=6fd0f55034 a3=7fc80b3450 items=0 ppid=1 pid=15464 auid=4294967295 uid=10396 gid=10396 euid=10396 suid=10396 fsuid=10396 egid=10396 sgid=10396 fsgid=10396 tty=(none) ses=4294967295 comm="tor" exe="/data/data/org.torproject.android/files/tor" subj=u:r:untrusted_app_27:s0:c140,c257,c512,c768 key=(null)
05-10 18:19:44.568  5787  5869 D ApplicationPolicy: isStatusBarNotificationAllowedAsUser: packageName = org.torproject.android,userId = 0
05-10 18:19:44.571  5787  5869 D ApplicationPolicy: isStatusBarNotificationAllowedAsUser: packageName = org.torproject.android,userId = 0
05-10 18:19:44.697  5787  5787 D EdgeLightingManager: showForNotification : isInteractive=true, isHeadUp=false, color=0, sbn = StatusBarNotification(pkg=org.torproject.android user=UserHandle{0} id=1 tag=null key=0|org.torproject.android|1|null|10396: Notification(channel=orbot_channel_1 pri=0 contentView=null vibrate=null sound=null defaults=0x0 flags=0x62 color=0x00000000 category=service actions=1 vis=PRIVATE semFlags=0x0 semPriority=0 semMissedCount=0))
05-10 18:19:44.697  5787  5787 D EdgeLightingPolicyManager: isAcceptableApplication:  pkg=org.torproject.android , range=256 , includeAllApp=false , userId=0 , infoRange=0 , infoCategory=0
05-10 18:19:44.697  5787  5787 D EdgeLightingPolicyManager.NotificationGroup: Remove previous child data. 0|org.torproject.android|1|null|10396
05-10 18:19:44.697  5787  5787 D EdgeLightingPolicyManager.NotificationGroup: group key = 0|org.torproject.android|1|null|10396 ,value= summary : null , child : 1key = 0|org.torproject.android|1|null|10396 , value =  NotificationData { tag= null } , }
05-10 18:19:44.697  5787  5787 D EdgeLightingPolicyManager: isAcceptableApplication:  pkg=org.torproject.android , range=1 , includeAllApp=false , userId=0 , infoRange=0 , infoCategory=0
05-10 18:19:44.702  6938  6938 D Launcher.NotificationListener: onNotificationPosted : StatusBarNotification(pkg=org.torproject.android user=UserHandle{0} id=1 tag=null key=0|org.torproject.android|1|null|10396: Notification(channel=orbot_channel_1 pri=0 contentView=null vibrate=null sound=null defaults=0x0 flags=0x62 color=0x00000000 category=service actions=1 vis=PRIVATE semFlags=0x0 semPriority=0 semMissedCount=0)) number : 0 listener : null
05-10 18:19:45.571  5787  5869 D ApplicationPolicy: isStatusBarNotificationAllowedAsUser: packageName = org.torproject.android,userId = 0
05-10 18:19:45.573  5787  5869 D ApplicationPolicy: isStatusBarNotificationAllowedAsUser: packageName = org.torproject.android,userId = 0
05-10 18:19:45.683  5787  5787 D EdgeLightingManager: showForNotification : isInteractive=true, isHeadUp=false, color=0, sbn = StatusBarNotification(pkg=org.torproject.android user=UserHandle{0} id=1 tag=null key=0|org.torproject.android|1|null|10396: Notification(channel=orbot_channel_1 pri=0 contentView=null vibrate=null sound=null defaults=0x0 flags=0x62 color=0x00000000 category=service actions=1 vis=PRIVATE semFlags=0x0 semPriority=0 semMissedCount=0))
05-10 18:19:45.683  5787  5787 D EdgeLightingPolicyManager: isAcceptableApplication:  pkg=org.torproject.android , range=256 , includeAllApp=false , userId=0 , infoRange=0 , infoCategory=0
05-10 18:19:45.684  5787  5787 D EdgeLightingPolicyManager.NotificationGroup: Remove previous child data. 0|org.torproject.android|1|null|10396
05-10 18:19:45.684  5787  5787 D EdgeLightingPolicyManager.NotificationGroup: group key = 0|org.torproject.android|1|null|10396 ,value= summary : null , child : 1key = 0|org.torproject.android|1|null|10396 , value =  NotificationData { tag= null } , }
05-10 18:19:45.684  5787  5787 D EdgeLightingPolicyManager: isAcceptableApplication:  pkg=org.torproject.android , range=1 , includeAllApp=false , userId=0 , infoRange=0 , infoCategory=0
05-10 18:19:45.690  6938  6938 D Launcher.NotificationListener: onNotificationPosted : StatusBarNotification(pkg=org.torproject.android user=UserHandle{0} id=1 tag=null key=0|org.torproject.android|1|null|10396: Notification(channel=orbot_channel_1 pri=0 contentView=null vibrate=null sound=null defaults=0x0 flags=0x62 color=0x00000000 category=service actions=1 vis=PRIVATE semFlags=0x0 semPriority=0 semMissedCount=0)) number : 0 listener : null
05-10 18:19:46.443  5787  5787 D EdgeLightingManager: hideForNotification : packageName = org.torproject.android
05-10 18:19:46.443  5787  5787 D EdgeLightingPolicyManager:NotificationGroup: remove : sbn : StatusBarNotification(pkg=org.torproject.android user=UserHandle{0} id=1 tag=null key=0|org.torproject.android|1|null|10396: Notification(channel=orbot_channel_1 pri=0 contentView=null vibrate=null sound=null defaults=0x0 flags=0x62 color=0x00000000 category=service actions=1 vis=PRIVATE semFlags=0x0 semPriority=0 semMissedCount=0))
05-10 18:19:46.449  6938  6938 D Launcher.NotificationListener: onNotificationRemoved : StatusBarNotification(pkg=org.torproject.android user=UserHandle{0} id=1 tag=null key=0|org.torproject.android|1|null|10396: Notification(channel=orbot_channel_1 pri=0 contentView=null vibrate=null sound=null defaults=0x0 flags=0x62 color=0x00000000 category=service actions=1 vis=PRIVATE semFlags=0x0 semPriority=0 semMissedCount=0)) listener : null
05-10 18:19:46.506  5787  5787 D GameManagerService: identifyGamePackage. org.torproject.android, mCurrentUserId: 0, callerUserId: 0
05-10 18:19:46.506  5787  5787 D GamePkgDataHelper: getGamePkgData(). org.torproject.android
05-10 18:19:49.896  5787  5869 D ApplicationPolicy: isStatusBarNotificationAllowedAsUser: packageName = org.torproject.android,userId = 0
05-10 18:19:49.897  5787  5869 D ApplicationPolicy: isStatusBarNotificationAllowedAsUser: packageName = org.torproject.android,userId = 0
05-10 18:19:49.903  5787  5869 D ApplicationPolicy: isStatusBarNotificationAllowedAsUser: packageName = org.torproject.android,userId = 0
05-10 18:19:49.905  5787  5869 D ApplicationPolicy: isStatusBarNotificationAllowedAsUser: packageName = org.torproject.android,userId = 0
05-10 18:19:49.999  5787  5787 D EdgeLightingManager: showForNotification : isInteractive=true, isHeadUp=false, color=0, sbn = StatusBarNotification(pkg=org.torproject.android user=UserHandle{0} id=1 tag=null key=0|org.torproject.android|1|null|10396: Notification(channel=orbot_channel_1 pri=0 contentView=null vibrate=null sound=null defaults=0x0 flags=0x62 color=0x00000000 category=service actions=1 vis=PRIVATE semFlags=0x0 semPriority=0 semMissedCount=0))
05-10 18:19:49.999  5787  5787 D EdgeLightingPolicyManager: isAcceptableApplication:  pkg=org.torproject.android , range=256 , includeAllApp=false , userId=0 , infoRange=0 , infoCategory=0
05-10 18:19:49.999  5787  5787 D EdgeLightingPolicyManager.NotificationGroup: group key = 0|org.torproject.android|1|null|10396 ,value= summary : null , child : 1key = 0|org.torproject.android|1|null|10396 , value =  NotificationData { tag= null } , }
05-10 18:19:49.999  5787  5787 D EdgeLightingPolicyManager: isAcceptableApplication:  pkg=org.torproject.android , range=1 , includeAllApp=false , userId=0 , infoRange=0 , infoCategory=0
05-10 18:19:50.003  6938  6938 D Launcher.NotificationListener: onNotificationPosted : StatusBarNotification(pkg=org.torproject.android user=UserHandle{0} id=1 tag=null key=0|org.torproject.android|1|null|10396: Notification(channel=orbot_channel_1 pri=0 contentView=null vibrate=null sound=null defaults=0x0 flags=0x62 color=0x00000000 category=service actions=1 vis=PRIVATE semFlags=0x0 semPriority=0 semMissedCount=0)) number : 0 listener : null
05-10 18:19:50.006  5787  5787 D EdgeLightingManager: showForNotification : isInteractive=true, isHeadUp=false, color=0, sbn = StatusBarNotification(pkg=org.torproject.android user=UserHandle{0} id=1 tag=null key=0|org.torproject.android|1|null|10396: Notification(channel=orbot_channel_1 pri=0 contentView=null vibrate=null sound=null defaults=0x0 flags=0x62 color=0x00000000 category=service actions=1 vis=PRIVATE semFlags=0x0 semPriority=0 semMissedCount=0))
05-10 18:19:50.006  5787  5787 D EdgeLightingPolicyManager: isAcceptableApplication:  pkg=org.torproject.android , range=256 , includeAllApp=false , userId=0 , infoRange=0 , infoCategory=0
05-10 18:19:50.006  5787  5787 D EdgeLightingPolicyManager.NotificationGroup: Remove previous child data. 0|org.torproject.android|1|null|10396
05-10 18:19:50.006  5787  5787 D EdgeLightingPolicyManager.NotificationGroup: group key = 0|org.torproject.android|1|null|10396 ,value= summary : null , child : 1key = 0|org.torproject.android|1|null|10396 , value =  NotificationData { tag= null } , }
05-10 18:19:50.006  5787  5787 D EdgeLightingPolicyManager: isAcceptableApplication:  pkg=org.torproject.android , range=1 , includeAllApp=false , userId=0 , infoRange=0 , infoCategory=0
05-10 18:19:50.009  6938  6938 D Launcher.NotificationListener: onNotificationPosted : StatusBarNotification(pkg=org.torproject.android user=UserHandle{0} id=1 tag=null key=0|org.torproject.android|1|null|10396: Notification(channel=orbot_channel_1 pri=0 contentView=null vibrate=null sound=null defaults=0x0 flags=0x62 color=0x00000000 category=service actions=1 vis=PRIVATE semFlags=0x0 semPriority=0 semMissedCount=0)) number : 0 listener : null
05-10 18:19:52.067  5787  6720 V WindowManager: Changing focus from Window{2a74ca1 u0 org.torproject.android/org.torproject.android.OrbotMainActivity} to Window{b0520e6 u0 StatusBar} displayId=0 Callers=com.android.server.wm.RootWindowContainer.updateFocusedWindowLocked:203 com.android.server.wm.WindowManagerService.updateFocusedWindowLocked:6040 com.android.server.wm.WindowManagerService.relayoutWindow:2504 com.android.server.wm.Session.relayout:202
05-10 18:19:52.253  5787  5787 D GameManagerService: identifyGamePackage. org.torproject.android, mCurrentUserId: 0, callerUserId: 0
05-10 18:19:52.253  5787  5787 D GamePkgDataHelper: getGamePkgData(). org.torproject.android
05-10 18:19:52.254  5787  5787 D GameManagerService: identifyGamePackage. org.torproject.android, mCurrentUserId: 0, callerUserId: 0
05-10 18:19:52.254  5787  5787 D GamePkgDataHelper: getGamePkgData(). org.torproject.android
05-10 18:19:52.476  5787  5869 D ApplicationPolicy: isStatusBarNotificationAllowedAsUser: packageName = org.torproject.android,userId = 0
05-10 18:19:52.477  5787  5869 D ApplicationPolicy: isStatusBarNotificationAllowedAsUser: packageName = org.torproject.android,userId = 0
05-10 18:19:52.579  5787  5787 D EdgeLightingManager: showForNotification : isInteractive=true, isHeadUp=false, color=0, sbn = StatusBarNotification(pkg=org.torproject.android user=UserHandle{0} id=1 tag=null key=0|org.torproject.android|1|null|10396: Notification(channel=orbot_channel_1 pri=0 contentView=null vibrate=null sound=null defaults=0x0 flags=0x62 color=0x00000000 category=service actions=1 vis=PRIVATE semFlags=0x0 semPriority=0 semMissedCount=0))
05-10 18:19:52.579  5787  5787 D EdgeLightingPolicyManager: isAcceptableApplication:  pkg=org.torproject.android , range=256 , includeAllApp=false , userId=0 , infoRange=0 , infoCategory=0
05-10 18:19:52.579  5787  5787 D EdgeLightingPolicyManager.NotificationGroup: Remove previous child data. 0|org.torproject.android|1|null|10396
05-10 18:19:52.580  5787  5787 D EdgeLightingPolicyManager.NotificationGroup: group key = 0|org.torproject.android|1|null|10396 ,value= summary : null , child : 1key = 0|org.torproject.android|1|null|10396 , value =  NotificationData { tag= null } , }
05-10 18:19:52.580  5787  5787 D EdgeLightingPolicyManager: isAcceptableApplication:  pkg=org.torproject.android , range=1 , includeAllApp=false , userId=0 , infoRange=0 , infoCategory=0
05-10 18:19:52.583  6938  6938 D Launcher.NotificationListener: onNotificationPosted : StatusBarNotification(pkg=org.torproject.android user=UserHandle{0} id=1 tag=null key=0|org.torproject.android|1|null|10396: Notification(channel=orbot_channel_1 pri=0 contentView=null vibrate=null sound=null defaults=0x0 flags=0x62 color=0x00000000 category=service actions=1 vis=PRIVATE semFlags=0x0 semPriority=0 semMissedCount=0)) number : 0 listener : null
05-10 18:19:53.130  5280  5280 E audit   : type=1300 audit(1589152793.125:9067): arch=c00000b7 syscall=29 success=no exit=-13 a0=d a1=894b a2=7c39f5d034 a3=7fc355f5d0 items=0 ppid=1 pid=15849 auid=4294967295 uid=10396 gid=10396 euid=10396 suid=10396 fsuid=10396 egid=10396 sgid=10396 fsgid=10396 tty=(none) ses=4294967295 comm="tor" exe="/data/data/org.torproject.android/files/tor" subj=u:r:untrusted_app_27:s0:c140,c257,c512,c768 key=(null)
05-10 18:19:53.459  5787  5869 D ApplicationPolicy: isStatusBarNotificationAllowedAsUser: packageName = org.torproject.android,userId = 0
05-10 18:19:53.459  5787  5869 D ApplicationPolicy: isStatusBarNotificationAllowedAsUser: packageName = org.torproject.android,userId = 0
05-10 18:19:53.531  5787  5787 D GameManagerService: identifyGamePackage. org.torproject.android, mCurrentUserId: 0, callerUserId: 0
05-10 18:19:53.531  5787  5787 D GamePkgDataHelper: getGamePkgData(). org.torproject.android
05-10 18:19:53.534  5787  5787 D GameManagerService: identifyGamePackage. org.torproject.android, mCurrentUserId: 0, callerUserId: 0
05-10 18:19:53.534  5787  5787 D GamePkgDataHelper: getGamePkgData(). org.torproject.android
05-10 18:19:53.561  5787  5787 D EdgeLightingManager: showForNotification : isInteractive=true, isHeadUp=false, color=0, sbn = StatusBarNotification(pkg=org.torproject.android user=UserHandle{0} id=1 tag=null key=0|org.torproject.android|1|null|10396: Notification(channel=orbot_channel_1 pri=0 contentView=null vibrate=null sound=null defaults=0x0 flags=0x62 color=0x00000000 category=service actions=1 vis=PRIVATE semFlags=0x0 semPriority=0 semMissedCount=0))
05-10 18:19:53.562  5787  5787 D EdgeLightingPolicyManager: isAcceptableApplication:  pkg=org.torproject.android , range=256 , includeAllApp=false , userId=0 , infoRange=0 , infoCategory=0
05-10 18:19:53.562  5787  5787 D EdgeLightingPolicyManager.NotificationGroup: Remove previous child data. 0|org.torproject.android|1|null|10396
05-10 18:19:53.562  5787  5787 D EdgeLightingPolicyManager.NotificationGroup: group key = 0|org.torproject.android|1|null|10396 ,value= summary : null , child : 1key = 0|org.torproject.android|1|null|10396 , value =  NotificationData { tag= null } , }
05-10 18:19:53.562  5787  5787 D EdgeLightingPolicyManager: isAcceptableApplication:  pkg=org.torproject.android , range=1 , includeAllApp=false , userId=0 , infoRange=0 , infoCategory=0
05-10 18:19:53.566  6938  6938 D Launcher.NotificationListener: onNotificationPosted : StatusBarNotification(pkg=org.torproject.android user=UserHandle{0} id=1 tag=null key=0|org.torproject.android|1|null|10396: Notification(channel=orbot_channel_1 pri=0 contentView=null vibrate=null sound=null defaults=0x0 flags=0x62 color=0x00000000 category=service actions=1 vis=PRIVATE semFlags=0x0 semPriority=0 semMissedCount=0)) number : 0 listener : null
05-10 18:19:53.936  5787  6720 V WindowManager: Changing focus from Window{b0520e6 u0 StatusBar} to Window{2a74ca1 u0 org.torproject.android/org.torproject.android.OrbotMainActivity} displayId=0 Callers=com.android.server.wm.RootWindowContainer.updateFocusedWindowLocked:203 com.android.server.wm.WindowManagerService.updateFocusedWindowLocked:6040 com.android.server.wm.WindowManagerService.relayoutWindow:2504 com.android.server.wm.Session.relayout:202
05-10 18:19:53.938  5787  5865 D WindowManager: setSystemUiVisibility: displayId=0, vis=0x8018, fullVis=0x0, dockVis=0x0, win=Window{2a74ca1 u0 org.torproject.android/org.torproject.android.OrbotMainActivity}
05-10 18:19:54.135  5280  5280 E audit   : type=1300 audit(1589152794.129:9072): arch=c00000b7 syscall=29 success=no exit=-13 a0=d a1=894b a2=7c39f5d034 a3=7fc355f5d0 items=0 ppid=1 pid=15849 auid=4294967295 uid=10396 gid=10396 euid=10396 suid=10396 fsuid=10396 egid=10396 sgid=10396 fsgid=10396 tty=(none) ses=4294967295 comm="tor" exe="/data/data/org.torproject.android/files/tor" subj=u:r:untrusted_app_27:s0:c140,c257,c512,c768 key=(null)
05-10 18:19:54.486  5787  5869 D ApplicationPolicy: isStatusBarNotificationAllowedAsUser: packageName = org.torproject.android,userId = 0
05-10 18:19:54.486  5787  5869 D ApplicationPolicy: isStatusBarNotificationAllowedAsUser: packageName = org.torproject.android,userId = 0
05-10 18:19:54.592  5787  5787 D EdgeLightingManager: showForNotification : isInteractive=true, isHeadUp=false, color=0, sbn = StatusBarNotification(pkg=org.torproject.android user=UserHandle{0} id=1 tag=null key=0|org.torproject.android|1|null|10396: Notification(channel=orbot_channel_1 pri=0 contentView=null vibrate=null sound=null defaults=0x0 flags=0x62 color=0x00000000 category=service actions=1 vis=PRIVATE semFlags=0x0 semPriority=0 semMissedCount=0))
05-10 18:19:54.592  5787  5787 D EdgeLightingPolicyManager: isAcceptableApplication:  pkg=org.torproject.android , range=256 , includeAllApp=false , userId=0 , infoRange=0 , infoCategory=0
05-10 18:19:54.592  5787  5787 D EdgeLightingPolicyManager.NotificationGroup: Remove previous child data. 0|org.torproject.android|1|null|10396
05-10 18:19:54.592  5787  5787 D EdgeLightingPolicyManager.NotificationGroup: group key = 0|org.torproject.android|1|null|10396 ,value= summary : null , child : 1key = 0|org.torproject.android|1|null|10396 , value =  NotificationData { tag= null } , }
05-10 18:19:54.592  5787  5787 D EdgeLightingPolicyManager: isAcceptableApplication:  pkg=org.torproject.android , range=1 , includeAllApp=false , userId=0 , infoRange=0 , infoCategory=0
05-10 18:19:54.596  6938  6938 D Launcher.NotificationListener: onNotificationPosted : StatusBarNotification(pkg=org.torproject.android user=UserHandle{0} id=1 tag=null key=0|org.torproject.android|1|null|10396: Notification(channel=orbot_channel_1 pri=0 contentView=null vibrate=null sound=null defaults=0x0 flags=0x62 color=0x00000000 category=service actions=1 vis=PRIVATE semFlags=0x0 semPriority=0 semMissedCount=0)) number : 0 listener : null
05-10 18:19:55.461  5280  5280 E audit   : type=1300 audit(1589152795.457:9076): arch=c00000b7 syscall=29 success=no exit=-13 a0=d a1=894b a2=7c39f5d034 a3=7fc355f5d0 items=0 ppid=1 pid=15849 auid=4294967295 uid=10396 gid=10396 euid=10396 suid=10396 fsuid=10396 egid=10396 sgid=10396 fsgid=10396 tty=(none) ses=4294967295 comm="tor" exe="/data/data/org.torproject.android/files/tor" subj=u:r:untrusted_app_27:s0:c140,c257,c512,c768 key=(null)
05-10 18:19:55.467  5787  5869 D ApplicationPolicy: isStatusBarNotificationAllowedAsUser: packageName = org.torproject.android,userId = 0
05-10 18:19:55.468  5787  5869 D ApplicationPolicy: isStatusBarNotificationAllowedAsUser: packageName = org.torproject.android,userId = 0
05-10 18:19:55.573  5787  5787 D EdgeLightingManager: showForNotification : isInteractive=true, isHeadUp=false, color=0, sbn = StatusBarNotification(pkg=org.torproject.android user=UserHandle{0} id=1 tag=null key=0|org.torproject.android|1|null|10396: Notification(channel=orbot_channel_1 pri=0 contentView=null vibrate=null sound=null defaults=0x0 flags=0x62 color=0x00000000 category=service actions=1 vis=PRIVATE semFlags=0x0 semPriority=0 semMissedCount=0))
05-10 18:19:55.573  5787  5787 D EdgeLightingPolicyManager: isAcceptableApplication:  pkg=org.torproject.android , range=256 , includeAllApp=false , userId=0 , infoRange=0 , infoCategory=0
05-10 18:19:55.573  5787  5787 D EdgeLightingPolicyManager.NotificationGroup: Remove previous child data. 0|org.torproject.android|1|null|10396
05-10 18:19:55.573  5787  5787 D EdgeLightingPolicyManager.NotificationGroup: group key = 0|org.torproject.android|1|null|10396 ,value= summary : null , child : 1key = 0|org.torproject.android|1|null|10396 , value =  NotificationData { tag= null } , }
05-10 18:19:55.573  5787  5787 D EdgeLightingPolicyManager: isAcceptableApplication:  pkg=org.torproject.android , range=1 , includeAllApp=false , userId=0 , infoRange=0 , infoCategory=0
05-10 18:19:55.577  6938  6938 D Launcher.NotificationListener: onNotificationPosted : StatusBarNotification(pkg=org.torproject.android user=UserHandle{0} id=1 tag=null key=0|org.torproject.android|1|null|10396: Notification(channel=orbot_channel_1 pri=0 contentView=null vibrate=null sound=null defaults=0x0 flags=0x62 color=0x00000000 category=service actions=1 vis=PRIVATE semFlags=0x0 semPriority=0 semMissedCount=0)) number : 0 listener : null
05-10 18:19:56.470  5787  5869 D ApplicationPolicy: isStatusBarNotificationAllowedAsUser: packageName = org.torproject.android,userId = 0
05-10 18:19:56.471  5787  5869 D ApplicationPolicy: isStatusBarNotificationAllowedAsUser: packageName = org.torproject.android,userId = 0
05-10 18:19:56.576  5787  5787 D EdgeLightingManager: showForNotification : isInteractive=true, isHeadUp=false, color=0, sbn = StatusBarNotification(pkg=org.torproject.android user=UserHandle{0} id=1 tag=null key=0|org.torproject.android|1|null|10396: Notification(channel=orbot_channel_1 pri=0 contentView=null vibrate=null sound=null defaults=0x0 flags=0x62 color=0x00000000 category=service actions=1 vis=PRIVATE semFlags=0x0 semPriority=0 semMissedCount=0))
05-10 18:19:56.577  5787  5787 D EdgeLightingPolicyManager: isAcceptableApplication:  pkg=org.torproject.android , range=256 , includeAllApp=false , userId=0 , infoRange=0 , infoCategory=0
05-10 18:19:56.577  5787  5787 D EdgeLightingPolicyManager.NotificationGroup: Remove previous child data. 0|org.torproject.android|1|null|10396
05-10 18:19:56.577  5787  5787 D EdgeLightingPolicyManager.NotificationGroup: group key = 0|org.torproject.android|1|null|10396 ,value= summary : null , child : 1key = 0|org.torproject.android|1|null|10396 , value =  NotificationData { tag= null } , }
05-10 18:19:56.577  5787  5787 D EdgeLightingPolicyManager: isAcceptableApplication:  pkg=org.torproject.android , range=1 , includeAllApp=false , userId=0 , infoRange=0 , infoCategory=0
05-10 18:19:56.582  6938  6938 D Launcher.NotificationListener: onNotificationPosted : StatusBarNotification(pkg=org.torproject.android user=UserHandle{0} id=1 tag=null key=0|org.torproject.android|1|null|10396: Notification(channel=orbot_channel_1 pri=0 contentView=null vibrate=null sound=null defaults=0x0 flags=0x62 color=0x00000000 category=service actions=1 vis=PRIVATE semFlags=0x0 semPriority=0 semMissedCount=0)) number : 0 listener : null
05-10 18:19:56.700  5280  5280 E audit   : type=1300 audit(1589152796.697:9080): arch=c00000b7 syscall=29 success=no exit=-13 a0=d a1=894b a2=7c39f5d034 a3=7fc355f5d0 items=0 ppid=1 pid=15849 auid=4294967295 uid=10396 gid=10396 euid=10396 suid=10396 fsuid=10396 egid=10396 sgid=10396 fsgid=10396 tty=(none) ses=4294967295 comm="tor" exe="/data/data/org.torproject.android/files/tor" subj=u:r:untrusted_app_27:s0:c140,c257,c512,c768 key=(null)
05-10 18:19:57.444  5787  5869 D ApplicationPolicy: isStatusBarNotificationAllowedAsUser: packageName = org.torproject.android,userId = 0
05-10 18:19:57.445  5787  5869 D ApplicationPolicy: isStatusBarNotificationAllowedAsUser: packageName = org.torproject.android,userId = 0
05-10 18:19:57.550  5787  5787 D EdgeLightingManager: showForNotification : isInteractive=true, isHeadUp=false, color=0, sbn = StatusBarNotification(pkg=org.torproject.android user=UserHandle{0} id=1 tag=null key=0|org.torproject.android|1|null|10396: Notification(channel=orbot_channel_1 pri=0 contentView=null vibrate=null sound=null defaults=0x0 flags=0x62 color=0x00000000 category=service actions=1 vis=PRIVATE semFlags=0x0 semPriority=0 semMissedCount=0))
05-10 18:19:57.550  5787  5787 D EdgeLightingPolicyManager: isAcceptableApplication:  pkg=org.torproject.android , range=256 , includeAllApp=false , userId=0 , infoRange=0 , infoCategory=0
05-10 18:19:57.551  5787  5787 D EdgeLightingPolicyManager.NotificationGroup: Remove previous child data. 0|org.torproject.android|1|null|10396
05-10 18:19:57.551  5787  5787 D EdgeLightingPolicyManager.NotificationGroup: group key = 0|org.torproject.android|1|null|10396 ,value= summary : null , child : 1key = 0|org.torproject.android|1|null|10396 , value =  NotificationData { tag= null } , }
05-10 18:19:57.551  5787  5787 D EdgeLightingPolicyManager: isAcceptableApplication:  pkg=org.torproject.android , range=1 , includeAllApp=false , userId=0 , infoRange=0 , infoCategory=0
05-10 18:19:57.554  6938  6938 D Launcher.NotificationListener: onNotificationPosted : StatusBarNotification(pkg=org.torproject.android user=UserHandle{0} id=1 tag=null key=0|org.torproject.android|1|null|10396: Notification(channel=orbot_channel_1 pri=0 contentView=null vibrate=null sound=null defaults=0x0 flags=0x62 color=0x00000000 category=service actions=1 vis=PRIVATE semFlags=0x0 semPriority=0 semMissedCount=0)) number : 0 listener : null
05-10 18:19:57.768  5787  6572 V WindowManager: Changing focus from Window{2a74ca1 u0 org.torproject.android/org.torproject.android.OrbotMainActivity} to Window{b0520e6 u0 StatusBar} displayId=0 Callers=com.android.server.wm.RootWindowContainer.updateFocusedWindowLocked:203 com.android.server.wm.WindowManagerService.updateFocusedWindowLocked:6040 com.android.server.wm.WindowManagerService.relayoutWindow:2504 com.android.server.wm.Session.relayout:202
05-10 18:19:58.446  5787  5869 D ApplicationPolicy: isStatusBarNotificationAllowedAsUser: packageName = org.torproject.android,userId = 0
05-10 18:19:58.448  5787  5869 D ApplicationPolicy: isStatusBarNotificationAllowedAsUser: packageName = org.torproject.android,userId = 0
05-10 18:19:58.535  5787  6720 V WindowManager: Changing focus from Window{b0520e6 u0 StatusBar} to Window{2a74ca1 u0 org.torproject.android/org.torproject.android.OrbotMainActivity} displayId=0 Callers=com.android.server.wm.RootWindowContainer.updateFocusedWindowLocked:203 com.android.server.wm.WindowManagerService.updateFocusedWindowLocked:6040 com.android.server.wm.WindowManagerService.relayoutWindow:2504 com.android.server.wm.Session.relayout:202
05-10 18:19:58.536  5787  5865 D WindowManager: setSystemUiVisibility: displayId=0, vis=0x8018, fullVis=0x0, dockVis=0x0, win=Window{2a74ca1 u0 org.torproject.android/org.torproject.android.OrbotMainActivity}
05-10 18:19:58.552  5787  5787 D EdgeLightingManager: showForNotification : isInteractive=true, isHeadUp=false, color=0, sbn = StatusBarNotification(pkg=org.torproject.android user=UserHandle{0} id=1 tag=null key=0|org.torproject.android|1|null|10396: Notification(channel=orbot_channel_1 pri=0 contentView=null vibrate=null sound=null defaults=0x0 flags=0x62 color=0x00000000 category=service actions=1 vis=PRIVATE semFlags=0x0 semPriority=0 semMissedCount=0))
05-10 18:19:58.552  5787  5787 D EdgeLightingPolicyManager: isAcceptableApplication:  pkg=org.torproject.android , range=256 , includeAllApp=false , userId=0 , infoRange=0 , infoCategory=0
05-10 18:19:58.552  5787  5787 D EdgeLightingPolicyManager.NotificationGroup: Remove previous child data. 0|org.torproject.android|1|null|10396
05-10 18:19:58.552  5787  5787 D EdgeLightingPolicyManager.NotificationGroup: group key = 0|org.torproject.android|1|null|10396 ,value= summary : null , child : 1key = 0|org.torproject.android|1|null|10396 , value =  NotificationData { tag= null } , }
05-10 18:19:58.552  5787  5787 D EdgeLightingPolicyManager: isAcceptableApplication:  pkg=org.torproject.android , range=1 , includeAllApp=false , userId=0 , infoRange=0 , infoCategory=0
05-10 18:19:58.555  6938  6938 D Launcher.NotificationListener: onNotificationPosted : StatusBarNotification(pkg=org.torproject.android user=UserHandle{0} id=1 tag=null key=0|org.torproject.android|1|null|10396: Notification(channel=orbot_channel_1 pri=0 contentView=null vibrate=null sound=null defaults=0x0 flags=0x62 color=0x00000000 category=service actions=1 vis=PRIVATE semFlags=0x0 semPriority=0 semMissedCount=0)) number : 0 listener : null
05-10 18:20:00.068  5787  5869 D ApplicationPolicy: isStatusBarNotificationAllowedAsUser: packageName = org.torproject.android,userId = 0
05-10 18:20:00.068  5787  5869 D ApplicationPolicy: isStatusBarNotificationAllowedAsUser: packageName = org.torproject.android,userId = 0
05-10 18:20:00.072  5787  5869 D ApplicationPolicy: isStatusBarNotificationAllowedAsUser: packageName = org.torproject.android,userId = 0
05-10 18:20:00.072  5787  5869 D ApplicationPolicy: isStatusBarNotificationAllowedAsUser: packageName = org.torproject.android,userId = 0
05-10 18:20:00.171  5787  5787 D EdgeLightingManager: showForNotification : isInteractive=true, isHeadUp=false, color=0, sbn = StatusBarNotification(pkg=org.torproject.android user=UserHandle{0} id=1 tag=null key=0|org.torproject.android|1|null|10396: Notification(channel=orbot_channel_1 pri=0 contentView=null vibrate=null sound=null defaults=0x0 flags=0x62 color=0x00000000 category=service actions=1 vis=PRIVATE semFlags=0x0 semPriority=0 semMissedCount=0))
05-10 18:20:00.171  5787  5787 D EdgeLightingPolicyManager: isAcceptableApplication:  pkg=org.torproject.android , range=256 , includeAllApp=false , userId=0 , infoRange=0 , infoCategory=0
05-10 18:20:00.171  5787  5787 D EdgeLightingPolicyManager.NotificationGroup: Remove previous child data. 0|org.torproject.android|1|null|10396
05-10 18:20:00.171  5787  5787 D EdgeLightingPolicyManager.NotificationGroup: group key = 0|org.torproject.android|1|null|10396 ,value= summary : null , child : 1key = 0|org.torproject.android|1|null|10396 , value =  NotificationData { tag= null } , }
05-10 18:20:00.171  5787  5787 D EdgeLightingPolicyManager: isAcceptableApplication:  pkg=org.torproject.android , range=1 , includeAllApp=false , userId=0 , infoRange=0 , infoCategory=0
05-10 18:20:00.175  6938  6938 D Launcher.NotificationListener: onNotificationPosted : StatusBarNotification(pkg=org.torproject.android user=UserHandle{0} id=1 tag=null key=0|org.torproject.android|1|null|10396: Notification(channel=orbot_channel_1 pri=0 contentView=null vibrate=null sound=null defaults=0x0 flags=0x62 color=0x00000000 category=service actions=1 vis=PRIVATE semFlags=0x0 semPriority=0 semMissedCount=0)) number : 0 listener : null
05-10 18:20:00.178  5787  5787 D EdgeLightingManager: showForNotification : isInteractive=true, isHeadUp=false, color=0, sbn = StatusBarNotification(pkg=org.torproject.android user=UserHandle{0} id=1 tag=null key=0|org.torproject.android|1|null|10396: Notification(channel=orbot_channel_1 pri=0 contentView=null vibrate=null sound=null defaults=0x0 flags=0x62 color=0x00000000 category=service actions=1 vis=PRIVATE semFlags=0x0 semPriority=0 semMissedCount=0))
05-10 18:20:00.178  5787  5787 D EdgeLightingPolicyManager: isAcceptableApplication:  pkg=org.torproject.android , range=256 , includeAllApp=false , userId=0 , infoRange=0 , infoCategory=0
05-10 18:20:00.179  5787  5787 D EdgeLightingPolicyManager.NotificationGroup: Remove previous child data. 0|org.torproject.android|1|null|10396
05-10 18:20:00.179  5787  5787 D EdgeLightingPolicyManager.NotificationGroup: group key = 0|org.torproject.android|1|null|10396 ,value= summary : null , child : 1key = 0|org.torproject.android|1|null|10396 , value =  NotificationData { tag= null } , }
05-10 18:20:00.179  5787  5787 D EdgeLightingPolicyManager: isAcceptableApplication:  pkg=org.torproject.android , range=1 , includeAllApp=false , userId=0 , infoRange=0 , infoCategory=0
05-10 18:20:00.184  6938  6938 D Launcher.NotificationListener: onNotificationPosted : StatusBarNotification(pkg=org.torproject.android user=UserHandle{0} id=1 tag=null key=0|org.torproject.android|1|null|10396: Notification(channel=orbot_channel_1 pri=0 contentView=null vibrate=null sound=null defaults=0x0 flags=0x62 color=0x00000000 category=service actions=1 vis=PRIVATE semFlags=0x0 semPriority=0 semMissedCount=0)) number : 0 listener : null
05-10 18:20:07.506  5280  5280 E audit   : type=1300 audit(1589152807.497:9082): arch=c00000b7 syscall=29 success=no exit=-13 a0=d a1=894b a2=7c39f5d034 a3=7fc355f5d0 items=0 ppid=1 pid=15849 auid=4294967295 uid=10396 gid=10396 euid=10396 suid=10396 fsuid=10396 egid=10396 sgid=10396 fsgid=10396 tty=(none) ses=4294967295 comm="tor" exe="/data/data/org.torproject.android/files/tor" subj=u:r:untrusted_app_27:s0:c140,c257,c512,c768 key=(null)
05-10 18:20:08.468  5787  5869 D ApplicationPolicy: isStatusBarNotificationAllowedAsUser: packageName = org.torproject.android,userId = 0
05-10 18:20:08.469  5787  5869 D ApplicationPolicy: isStatusBarNotificationAllowedAsUser: packageName = org.torproject.android,userId = 0
05-10 18:20:08.575  5787  5787 D EdgeLightingManager: showForNotification : isInteractive=true, isHeadUp=false, color=0, sbn = StatusBarNotification(pkg=org.torproject.android user=UserHandle{0} id=1 tag=null key=0|org.torproject.android|1|null|10396: Notification(channel=orbot_channel_1 pri=0 contentView=null vibrate=null sound=null defaults=0x0 flags=0x62 color=0x00000000 category=service actions=1 vis=PRIVATE semFlags=0x0 semPriority=0 semMissedCount=0))
05-10 18:20:08.576  5787  5787 D EdgeLightingPolicyManager: isAcceptableApplication:  pkg=org.torproject.android , range=256 , includeAllApp=false , userId=0 , infoRange=0 , infoCategory=0
05-10 18:20:08.576  5787  5787 D EdgeLightingPolicyManager.NotificationGroup: Remove previous child data. 0|org.torproject.android|1|null|10396
05-10 18:20:08.576  5787  5787 D EdgeLightingPolicyManager.NotificationGroup: group key = 0|org.torproject.android|1|null|10396 ,value= summary : null , child : 1key = 0|org.torproject.android|1|null|10396 , value =  NotificationData { tag= null } , }
05-10 18:20:08.576  5787  5787 D EdgeLightingPolicyManager: isAcceptableApplication:  pkg=org.torproject.android , range=1 , includeAllApp=false , userId=0 , infoRange=0 , infoCategory=0
05-10 18:20:08.580  6938  6938 D Launcher.NotificationListener: onNotificationPosted : StatusBarNotification(pkg=org.torproject.android user=UserHandle{0} id=1 tag=null key=0|org.torproject.android|1|null|10396: Notification(channel=orbot_channel_1 pri=0 contentView=null vibrate=null sound=null defaults=0x0 flags=0x62 color=0x00000000 category=service actions=1 vis=PRIVATE semFlags=0x0 semPriority=0 semMissedCount=0)) number : 0 listener : null
05-10 18:20:09.472  5787  5869 D ApplicationPolicy: isStatusBarNotificationAllowedAsUser: packageName = org.torproject.android,userId = 0
05-10 18:20:09.474  5787  5869 D ApplicationPolicy: isStatusBarNotificationAllowedAsUser: packageName = org.torproject.android,userId = 0
05-10 18:20:09.578  5787  5787 D EdgeLightingManager: showForNotification : isInteractive=true, isHeadUp=false, color=0, sbn = StatusBarNotification(pkg=org.torproject.android user=UserHandle{0} id=1 tag=null key=0|org.torproject.android|1|null|10396: Notification(channel=orbot_channel_1 pri=0 contentView=null vibrate=null sound=null defaults=0x0 flags=0x62 color=0x00000000 category=service actions=1 vis=PRIVATE semFlags=0x0 semPriority=0 semMissedCount=0))
05-10 18:20:09.578  5787  5787 D EdgeLightingPolicyManager: isAcceptableApplication:  pkg=org.torproject.android , range=256 , includeAllApp=false , userId=0 , infoRange=0 , infoCategory=0
05-10 18:20:09.579  5787  5787 D EdgeLightingPolicyManager.NotificationGroup: Remove previous child data. 0|org.torproject.android|1|null|10396
05-10 18:20:09.579  5787  5787 D EdgeLightingPolicyManager.NotificationGroup: group key = 0|org.torproject.android|1|null|10396 ,value= summary : null , child : 1key = 0|org.torproject.android|1|null|10396 , value =  NotificationData { tag= null } , }
05-10 18:20:09.579  5787  5787 D EdgeLightingPolicyManager: isAcceptableApplication:  pkg=org.torproject.android , range=1 , includeAllApp=false , userId=0 , infoRange=0 , infoCategory=0
05-10 18:20:09.585  6938  6938 D Launcher.NotificationListener: onNotificationPosted : StatusBarNotification(pkg=org.torproject.android user=UserHandle{0} id=1 tag=null key=0|org.torproject.android|1|null|10396: Notification(channel=orbot_channel_1 pri=0 contentView=null vibrate=null sound=null defaults=0x0 flags=0x62 color=0x00000000 category=service actions=1 vis=PRIVATE semFlags=0x0 semPriority=0 semMissedCount=0)) number : 0 listener : null
05-10 18:20:09.726  5787  6720 V WindowManager: Changing focus from Window{2a74ca1 u0 org.torproject.android/org.torproject.android.OrbotMainActivity} to Window{dd605ca u0 PopupWindow:15ccdc5} displayId=0 Callers=com.android.server.wm.RootWindowContainer.updateFocusedWindowLocked:203 com.android.server.wm.WindowManagerService.updateFocusedWindowLocked:6040 com.android.server.wm.WindowManagerService.addWindow:1781 com.android.server.wm.Session.addToDisplay:167
05-10 18:20:09.777  5342  5342 I SurfaceFlinger:      DEVICE | 0x73d1c32b40 | 0002 | RGBx_8888 |   0.0    0.0 1080.0 2280.0 |    0    0 1080 2280 | org.torproject.android/org.torproject.android.OrbotMainActivity$_14575#0
05-10 18:20:10.473  5787  5869 D ApplicationPolicy: isStatusBarNotificationAllowedAsUser: packageName = org.torproject.android,userId = 0
05-10 18:20:10.474  5787  5869 D ApplicationPolicy: isStatusBarNotificationAllowedAsUser: packageName = org.torproject.android,userId = 0
05-10 18:20:10.582  5787  5787 D EdgeLightingManager: showForNotification : isInteractive=true, isHeadUp=false, color=0, sbn = StatusBarNotification(pkg=org.torproject.android user=UserHandle{0} id=1 tag=null key=0|org.torproject.android|1|null|10396: Notification(channel=orbot_channel_1 pri=0 contentView=null vibrate=null sound=null defaults=0x0 flags=0x62 color=0x00000000 category=service actions=1 vis=PRIVATE semFlags=0x0 semPriority=0 semMissedCount=0))
05-10 18:20:10.582  5787  5787 D EdgeLightingPolicyManager: isAcceptableApplication:  pkg=org.torproject.android , range=256 , includeAllApp=false , userId=0 , infoRange=0 , infoCategory=0
05-10 18:20:10.582  5787  5787 D EdgeLightingPolicyManager.NotificationGroup: Remove previous child data. 0|org.torproject.android|1|null|10396
05-10 18:20:10.582  5787  5787 D EdgeLightingPolicyManager.NotificationGroup: group key = 0|org.torproject.android|1|null|10396 ,value= summary : null , child : 1key = 0|org.torproject.android|1|null|10396 , value =  NotificationData { tag= null } , }
05-10 18:20:10.582  5787  5787 D EdgeLightingPolicyManager: isAcceptableApplication:  pkg=org.torproject.android , range=1 , includeAllApp=false , userId=0 , infoRange=0 , infoCategory=0
05-10 18:20:10.585  6938  6938 D Launcher.NotificationListener: onNotificationPosted : StatusBarNotification(pkg=org.torproject.android user=UserHandle{0} id=1 tag=null key=0|org.torproject.android|1|null|10396: Notification(channel=orbot_channel_1 pri=0 contentView=null vibrate=null sound=null defaults=0x0 flags=0x62 color=0x00000000 category=service actions=1 vis=PRIVATE semFlags=0x0 semPriority=0 semMissedCount=0)) number : 0 listener : null
05-10 18:20:11.638  5787  6720 I ActivityTaskManager: START u0 {cmp=org.torproject.android/.settings.SettingsPreferences} from uid 10396
05-10 18:20:11.643  5342  6188 I SurfaceFlinger: id=8235 createSurf (0x0),-1 flag=80004, AppWindowToken{69bbc70 token=Token{ad3ceb3 ActivityRecord{a218422 u0 org.torproject.android/.settings.SettingsPreferences t72}}}#0
05-10 18:20:11.650  5787  5811 V WindowManager: Changing focus from Window{dd605ca u0 PopupWindow:15ccdc5} to Window{2a74ca1 u0 org.torproject.android/org.torproject.android.OrbotMainActivity} displayId=0 Callers=com.android.server.wm.RootWindowContainer.updateFocusedWindowLocked:203 com.android.server.wm.WindowManagerService.updateFocusedWindowLocked:6040 com.android.server.wm.WindowManagerService.relayoutWindow:2504 com.android.server.wm.Session.relayout:202
05-10 18:20:11.660  5787  6572 D GamePkgDataHelper: notifyAppCreate(), pkgName: org.torproject.android, sendRet: true
05-10 18:20:11.660  5787  6338 D GamePkgDataHelper: getGamePkgData(). org.torproject.android
05-10 18:20:11.660  5787  6338 D GameManagerService: handleMessage(), MSG_APP_CREATE. ignore. pkgName: org.torproject.android
05-10 18:20:11.661  5787  6572 V WindowManager: Changing focus from Window{2a74ca1 u0 org.torproject.android/org.torproject.android.OrbotMainActivity} to null displayId=0 Callers=com.android.server.wm.RootWindowContainer.updateFocusedWindowLocked:203 com.android.server.wm.WindowManagerService.updateFocusedWindowLocked:6040 com.android.server.wm.ActivityDisplay.setFocusedApp:1428 com.android.server.wm.ActivityTaskManagerService.setResumedActivityUncheckLocked:6682
05-10 18:20:11.661  5787  6572 D MARsPolicyManager: onPackageResumedFG pkgName = org.torproject.android, userId = 0
05-10 18:20:11.665  5787  5897 D GameManagerService: noteResumeComponent(), resumeComponent: org.torproject.android
05-10 18:20:11.665  5787  6338 D GameManagerService: handleForegroundChange(). pkgName: org.torproject.android, clsName: org.torproject.android.settings.SettingsPreferences,FgActivityName:org.torproject.android/.settings.SettingsPreferences,userID:0
05-10 18:20:11.798  5342  6188 I SurfaceFlinger: id=8236 createSurf (0x0),-1 flag=80004, b0f21a0 org.torproject.android/org.torproject.android.settings.SettingsPreferences#0
05-10 18:20:11.802  5787  5811 V WindowManager: Relayout Window{b0f21a0 u0 org.torproject.android/org.torproject.android.settings.SettingsPreferences}: viewVisibility=0 req=1080x2280
05-10 18:20:11.805  5342  6188 I SurfaceFlinger: id=8237 createSurf (1080x2280),2 flag=404, org.torproject.android/org.torproject.android.settings.SettingsPreferences$_14575#0
05-10 18:20:11.805  5787  5811 D WindowManager: makeSurface duration=2 name=org.torproject.android/org.torproject.android.settings.SettingsPreferences$_14575
05-10 18:20:11.806  5787  5811 V WindowManager: Changing focus from null to Window{b0f21a0 u0 org.torproject.android/org.torproject.android.settings.SettingsPreferences} displayId=0 Callers=com.android.server.wm.RootWindowContainer.updateFocusedWindowLocked:203 com.android.server.wm.WindowManagerService.updateFocusedWindowLocked:6040 com.android.server.wm.WindowManagerService.relayoutWindow:2504 com.android.server.wm.Session.relayout:202
05-10 18:20:11.806  5787  5865 D WindowManager: setSystemUiVisibility: displayId=0, vis=0x8018, fullVis=0x0, dockVis=0x0, win=Window{b0f21a0 u0 org.torproject.android/org.torproject.android.settings.SettingsPreferences}
05-10 18:20:11.817  5787  5811 D WindowManager: finishDrawingWindow: Window{b0f21a0 u0 org.torproject.android/org.torproject.android.settings.SettingsPreferences} mDrawState=DRAW_PENDING
05-10 18:20:11.821  5787  5899 I WindowManager: Reparenting to leash, surface=Surface(name=AppWindowToken{ebe4d6c token=Token{9aa561f ActivityRecord{82115be u0 org.torproject.android/.OrbotMainActivity t72}}})/@0xc760033
05-10 18:20:11.823  5342  6188 I SurfaceFlinger: id=8238 createSurf (0x0),-1 flag=80004, Surface(name=AppWindowToken{ebe4d6c token=Token{9aa561f ActivityRecord{82115be u0 org.torproject.android/.OrbotMainActivity t72}}})/@0xc760033 - animation-leash#0
05-10 18:20:11.823  5787  5899 D WindowManager: makeSurface duration=1 leash=Surface(name=Surface(name=AppWindowToken{ebe4d6c token=Token{9aa561f ActivityRecord{82115be u0 org.torproject.android/.OrbotMainActivity t72}}})/@0xc760033 - animation-leash)/@0x75a9a15
05-10 18:20:11.825  5342  6188 I SurfaceFlinger: id=8239 createSurf (0x0),-1 flag=80004, Surface(name=AppWindowToken{ebe4d6c token=Token{9aa561f ActivityRecord{82115be u0 org.torproject.android/.OrbotMainActivity t72}}})/@0xc760033 - animation-bounds#0
05-10 18:20:11.828  5787  5899 I WindowManager: Reparenting to leash, surface=Surface(name=AppWindowToken{69bbc70 token=Token{ad3ceb3 ActivityRecord{a218422 u0 org.torproject.android/.settings.SettingsPreferences t72}}})/@0x17dbb82
05-10 18:20:11.829  5342  6188 I SurfaceFlinger: id=8242 createSurf (0x0),-1 flag=80004, Surface(name=AppWindowToken{69bbc70 token=Token{ad3ceb3 ActivityRecord{a218422 u0 org.torproject.android/.settings.SettingsPreferences t72}}})/@0x17dbb82 - animation-leash#0
05-10 18:20:11.830  5787  5899 D WindowManager: makeSurface duration=2 leash=Surface(name=Surface(name=AppWindowToken{69bbc70 token=Token{ad3ceb3 ActivityRecord{a218422 u0 org.torproject.android/.settings.SettingsPreferences t72}}})/@0x17dbb82 - animation-leash)/@0xa36a293
05-10 18:20:11.831  5342  6188 I SurfaceFlinger: id=8243 createSurf (0x0),-1 flag=80004, Surface(name=AppWindowToken{69bbc70 token=Token{ad3ceb3 ActivityRecord{a218422 u0 org.torproject.android/.settings.SettingsPreferences t72}}})/@0x17dbb82 - animation-bounds#0
05-10 18:20:11.839 14575 14575 V InputMethodManager: Starting input: tba=org.torproject.android ic=null mNaviBarColor -855310 mIsGetNaviBarColorSuccess true , NavVisible : true , NavTrans : false
05-10 18:20:11.867  5342  5342 I SurfaceFlinger:      DEVICE | 0x73f06a5ec0 | 0002 | RGBx_8888 |   0.0    1.0 1080.0 2280.0 |    0    0 1080 2280 | org.torproject.android/org.torproject.android.OrbotMainActivity$_14575#0
05-10 18:20:11.867  5342  5342 I SurfaceFlinger:      DEVICE | 0x73d1c34940 | 0002 | RGBx_8888 |   0.0    0.0 1080.0 1747.0 |    0  533 1080 2280 | org.torproject.android/org.torprojec[...]ettings.SettingsPreferences$_14575#0
05-10 18:20:11.885  5342  5342 I SurfaceFlinger:      DEVICE | 0x73f06a5ec0 | 0002 | RGBx_8888 |   0.0    3.0 1080.0 2280.0 |    0    0 1080 2277 | org.torproject.android/org.torproject.android.OrbotMainActivity$_14575#0
05-10 18:20:11.885  5342  5342 I SurfaceFlinger:      DEVICE | 0x73d409a580 | 0002 | RGBx_8888 |   0.0    0.0 1080.0 1768.0 |    0  512 1080 2280 | org.torproject.android/org.torprojec[...]ettings.SettingsPreferences$_14575#0
05-10 18:20:12.142  5787  5899 I WindowManager: Reparenting to original parent: Surface(name=Task=72)/@0xa320650, destroyLeash=true, surface=Surface(name=AppWindowToken{ebe4d6c token=Token{9aa561f ActivityRecord{82115be u0 org.torproject.android/.OrbotMainActivity t72}}})/@0xc760033
05-10 18:20:12.143  5787  5899 V WindowManager: Setting visibility of Window{2a74ca1 u0 org.torproject.android/org.torproject.android.OrbotMainActivity}: false, caller=com.android.server.wm.WindowContainer.sendAppVisibilityToClients:640 com.android.server.wm.AppWindowToken.setClientHidden:611 com.android.server.wm.AppWindowToken.onAnimationFinished:3476 com.android.server.wm.-$$Lambda$yVRF8YoeNdTa8GR1wDStVsHu8xM.run:2 com.android.server.wm.SurfaceAnimator.lambda$getFinishedCallback$0$SurfaceAnimator:100
05-10 18:20:12.145  5787  5899 I WindowManager: Reparenting to original parent: Surface(name=Task=72)/@0xa320650, destroyLeash=true, surface=Surface(name=AppWindowToken{69bbc70 token=Token{ad3ceb3 ActivityRecord{a218422 u0 org.torproject.android/.settings.SettingsPreferences t72}}})/@0x17dbb82
05-10 18:20:12.145  5342  5397 I SurfaceFlinger: id=8238 Removed Surface(name=AppWindowToken{ebe4d6c token=Token{9aa561f ActivityRecord{82115be u0 org.torproject.android/.OrbotMainActivity t72}}})/@0xc760033 - animation-leash#0 (139)
05-10 18:20:12.145  5342  5397 I SurfaceFlinger: id=8239 Removed Surface(name=AppWindowToken{ebe4d6c token=Token{9aa561f ActivityRecord{82115be u0 org.torproject.android/.OrbotMainActivity t72}}})/@0xc760033 - animation-bounds#0 (139)
05-10 18:20:12.148  5342  5342 I SurfaceFlinger:      DEVICE | 0x73d409a580 | 0002 | RGBx_8888 |   0.0    0.0 1080.0 2280.0 |    0    0 1080 2280 | org.torproject.android/org.torprojec[...]ettings.SettingsPreferences$_14575#0
05-10 18:20:12.149  5342  7001 I SurfaceFlinger: id=8242 Removed Surface(name=AppWindowToken{69bbc70 token=Token{ad3ceb3 ActivityRecord{a218422 u0 org.torproject.android/.settings.SettingsPreferences t72}}})/@0x17dbb82 - animation-leash#0 (139)
05-10 18:20:12.149  5342  7001 I SurfaceFlinger: id=8243 Removed Surface(name=AppWindowToken{69bbc70 token=Token{ad3ceb3 ActivityRecord{a218422 u0 org.torproject.android/.settings.SettingsPreferences t72}}})/@0x17dbb82 - animation-bounds#0 (139)
05-10 18:20:12.159  5342  5342 I Layer   : id=8239[1] Destroyed Surface(name=AppWindowToken{ebe4d6c token=Token{9aa561f ActivityRecord{82115be u0 org.torproject.android/.OrbotMainActivity t72}}})/@0xc760033 - animation-bounds#0
05-10 18:20:12.159  5342  5342 I Layer   : id=8238[1] Destroyed Surface(name=AppWindowToken{ebe4d6c token=Token{9aa561f ActivityRecord{82115be u0 org.torproject.android/.OrbotMainActivity t72}}})/@0xc760033 - animation-leash#0
05-10 18:20:12.159  5342  5342 I Layer   : id=8243[1] Destroyed Surface(name=AppWindowToken{69bbc70 token=Token{ad3ceb3 ActivityRecord{a218422 u0 org.torproject.android/.settings.SettingsPreferences t72}}})/@0x17dbb82 - animation-bounds#0
05-10 18:20:12.159  5342  5342 I Layer   : id=8242[1] Destroyed Surface(name=AppWindowToken{69bbc70 token=Token{ad3ceb3 ActivityRecord{a218422 u0 org.torproject.android/.settings.SettingsPreferences t72}}})/@0x17dbb82 - animation-leash#0
05-10 18:20:12.161  5787  5811 V WindowManager: Relayout Window{2a74ca1 u0 org.torproject.android/org.torproject.android.OrbotMainActivity}: viewVisibility=8 req=1080x2280
05-10 18:20:12.176  5787  5811 V WindowManager: Relayout Window{2a74ca1 u0 org.torproject.android/org.torproject.android.OrbotMainActivity}: viewVisibility=8 req=1080x2280
05-10 18:20:12.178  5787  5811 E WindowManager: win=Window{2a74ca1 u0 org.torproject.android/org.torproject.android.OrbotMainActivity} destroySurfaces: appStopped=true win.mWindowRemovalAllowed=false win.mRemoveOnExit=false win.mViewVisibility=8 caller=com.android.server.wm.AppWindowToken.destroySurfaces:1186 com.android.server.wm.AppWindowToken.destroySurfaces:1167 com.android.server.wm.AppWindowToken.notifyAppStopped:1222 com.android.server.wm.ActivityRecord.activityStoppedLocked:2573 com.android.server.wm.ActivityTaskManagerService.activityStopped:2354 android.app.IActivityTaskManager$Stub.onTransact:2180 android.os.Binder.execTransactInternal:1021
