05-10 04:45:03.173 I/[SC]PackageUtil(27487): getContactsPkgName: com.samsung.android.contacts
05-10 04:45:03.177 I/Adreno  (26083): QUALCOMM build                   : f483705, I00265ca266
05-10 04:45:03.177 I/Adreno  (26083): Build Date                       : 06/09/18
05-10 04:45:03.177 I/Adreno  (26083): OpenGL ES Shader Compiler Version: EV031.22.00.08
05-10 04:45:03.177 I/Adreno  (26083): Local Branch                     : 
05-10 04:45:03.177 I/Adreno  (26083): Remote Branch                    : refs/tags/AU_LINUX_ANDROID_LA.UM.6.4.R1.08.01.00.309.069
05-10 04:45:03.177 I/Adreno  (26083): Remote Branch                    : NONE
05-10 04:45:03.177 I/Adreno  (26083): Reconstruct Branch               : NOTHING
05-10 04:45:03.180 I/[SC]SyncSettingHandler(27487): Handle method by TransactionManager : requestRegisterEventReceivedListener
05-10 04:45:03.182 I/Adreno  (26083): PFP: 0x005ff087, ME: 0x005ff063
05-10 04:45:03.184 I/com.google.android.gms.unstable(26083): android::hardware::configstore::V1_0::ISurfaceFlingerConfigs::hasWideColorDisplay retrieved: 0
05-10 04:45:03.189 I/[SC]SamsungCloudApp(27487): Core logics created.. Making message util
05-10 04:45:03.190 I/[SC]SamsungCloudApp(27487): Initialize Bixby
05-10 04:45:03.198 V/Surface (  683): sf_framedrop debug : 0x4f4c, game : false, logging : 0
05-10 04:45:03.205 I/Adreno  (26083): QUALCOMM build                   : f483705, I00265ca266
05-10 04:45:03.205 I/Adreno  (26083): Build Date                       : 06/09/18
05-10 04:45:03.205 I/Adreno  (26083): OpenGL ES Shader Compiler Version: EV031.22.00.08
05-10 04:45:03.205 I/Adreno  (26083): Local Branch                     : 
05-10 04:45:03.205 I/Adreno  (26083): Remote Branch                    : refs/tags/AU_LINUX_ANDROID_LA.UM.6.4.R1.08.01.00.309.069
05-10 04:45:03.205 I/Adreno  (26083): Remote Branch                    : NONE
05-10 04:45:03.205 I/Adreno  (26083): Reconstruct Branch               : NOTHING
05-10 04:45:03.210 I/Adreno  (26083): PFP: 0x005ff087, ME: 0x005ff063
05-10 04:45:03.212 I/com.google.android.gms.unstable(26083): android::hardware::configstore::V1_0::ISurfaceFlingerConfigs::hasWideColorDisplay retrieved: 0
05-10 04:45:03.217 E/propClient(27513): PropClient failed to load
05-10 04:45:03.222 I/[SC]FeatureManager(27487): byod mode enabled: false
05-10 04:45:03.223 I/[SC]FeatureManager(27487): FeatureManager ,[SEC_FLOATING_FEATURE_SAMSUNGCLOUD_ENABLE_SETTING_MENU]:TRUE
05-10 04:45:03.223 I/[SC]FeatureManager(27487): [SEC_FLOATING_FEATURE_SAMSUNGCLOUD_SUPPORT_CONTENT_SYNC]bln true
05-10 04:45:03.223 I/[SC]FeatureManager(27487): [SEC_FLOATING_FEATURE_SAMSUNGCLOUD_SUPPORT_SAMSUNGKEYBOARD_SYNC]bln true
05-10 04:45:03.223 I/[SC]FeatureManager(27487): [SEC_FLOATING_FEATURE_SAMSUNGCLOUD_ENABLE_SETTING_MENU]bln true
05-10 04:45:03.227 D/SamsungAnalytics111040(27487): cf feature is supported
05-10 04:45:03.238 D/PackageManager( 1612): setEnabledSetting : userId = 0 packageName = com.google.android.gms cmp = com.google.android.gms.auth.managed.ui.SetupWorkProfileActivity newState = 1 callingPackage = 10031/com.google.android.gms.persistent
05-10 04:45:03.241 E/propClient(27515): PropClient failed to load
05-10 04:45:03.241 I/Auth    (23863): [AuthManaged,PasswordComplexityHelperImpl] Updating password complexity components state.
05-10 04:45:03.241 I/Auth    (23863): [AuthManaged,PasswordComplexityHelperImpl] Disabling com.google.android.gms.auth.managed.admin.DeviceAdminReceiver
05-10 04:45:03.242 D/PackageManager( 1612): setEnabledSetting : userId = 0 packageName = com.google.android.gms cmp = com.google.android.gms.auth.managed.admin.DeviceAdminReceiver newState = 2 callingPackage = 10031/com.google.android.gms.persistent
05-10 04:45:03.242 I/Auth    (23863): [AuthManaged,PasswordComplexityHelperImpl] Disabling com.google.android.gms.auth.managed.ui.SetNewPasswordActivity
05-10 04:45:03.242 D/PackageManager( 1612): setEnabledSetting : userId = 0 packageName = com.google.android.gms cmp = com.google.android.gms.auth.managed.ui.SetNewPasswordActivity newState = 2 callingPackage = 10031/com.google.android.gms.persistent
05-10 04:45:03.250 D/SamsungAnalytics111040(27487): [Tracker] Tracker start:1.11.040
05-10 04:45:03.257 D/SamsungAnalytics111040(27487): newThread on Executor
05-10 04:45:03.262 E/propClient(27518): PropClient failed to load
05-10 04:45:03.265 I/[SC]DeviceControllerManager(27487): Handle method by TransactionManager : handleRequestRefreshIcon
05-10 04:45:03.266 V/Surface (  683): sf_framedrop debug : 0x4f4c, game : false, logging : 0
05-10 04:45:03.267 D/ConnectivityService( 1612): filterNetworkStateForUid() uid: 10031 networkInfo: [type: WIFI[] - WIFI, state: CONNECTED/CONNECTED, reason: (unspecified), extra: "BLT", failover: false, available: true, roaming: false]
05-10 04:45:03.268 I/[SC]TipsOperator(27487): Handle method by TransactionManager : handleReportAccountStatusOperation
05-10 04:45:03.270 I/[SC]AutoBackupSettingValueUpdater(27487): AutoBackupSetting value will be updated : false
05-10 04:45:03.273 I/[SC]SCloudReceiver(27487): onReceive: android.intent.action.PACKAGE_ADDED
05-10 04:45:03.290 I/System.out(26083): (HTTPLog)-Static: isSBSettingEnabled false
05-10 04:45:03.291 I/System.out(26083): (HTTPLog)-Static: isSBSettingEnabled false
05-10 04:45:03.301 E/propClient(27524): PropClient failed to load
05-10 04:45:03.312 D/PackageManager( 1612): setEnabledSetting : userId = 0 packageName = com.google.android.gms cmp = com.google.android.gms.auth.managed.ui.SetupWorkProfileActivity newState = 1 callingPackage = 10031/com.google.android.gms.persistent
05-10 04:45:03.312 D/InputReader( 1612): Input event(7): value=1 when=33329392831000
05-10 04:45:03.312 I/InputReader( 1612): Touch event's action is 0x0 (deviceType=0) [pCnt=1, s=0.0 ] when=33329392831000
05-10 04:45:03.312 I/InputDispatcher( 1612): Delivering touch to (22356): action: 0x4, toolType: 1
05-10 04:45:03.312 I/InputDispatcher( 1612): Delivering touch to (22356): action: 0x0, toolType: 1
05-10 04:45:03.313 D/ViewRootImpl@ca11b29[RecentsActivity](22356): ViewPostIme pointer 0
05-10 04:45:03.314 I/Auth    (23863): [AuthManaged,PasswordComplexityHelperImpl] Updating password complexity components state.
05-10 04:45:03.314 I/Auth    (23863): [AuthManaged,PasswordComplexityHelperImpl] Disabling com.google.android.gms.auth.managed.admin.DeviceAdminReceiver
05-10 04:45:03.315 D/PackageManager( 1612): setEnabledSetting : userId = 0 packageName = com.google.android.gms cmp = com.google.android.gms.auth.managed.admin.DeviceAdminReceiver newState = 2 callingPackage = 10031/com.google.android.gms.persistent
05-10 04:45:03.315 I/Auth    (23863): [AuthManaged,PasswordComplexityHelperImpl] Disabling com.google.android.gms.auth.managed.ui.SetNewPasswordActivity
05-10 04:45:03.316 D/PackageManager( 1612): setEnabledSetting : userId = 0 packageName = com.google.android.gms cmp = com.google.android.gms.auth.managed.ui.SetNewPasswordActivity newState = 2 callingPackage = 10031/com.google.android.gms.persistent
05-10 04:45:03.325 E/propClient(27526): PropClient failed to load
05-10 04:45:03.328 V/Surface (  683): sf_framedrop debug : 0x4f4c, game : false, logging : 0
05-10 04:45:03.343 D/WifiTrafficPoller( 1612): TrafficStats TxPkts=47374 RxPkts=61841 TxBytes=7412954 RxBytes=46426110 , Foreground uid=10011 pkgName=com.android.systemui txBytes=0 rxBytes=0
05-10 04:45:03.351 D/CommandListener(  937): bwctrlcmd: argc=2 bandwidth gettetherstats ...
05-10 04:45:03.351 D/CommandListener(  937): gettetherstats start. socket=60, pid=1612, uid=1000, gid=1000
05-10 04:45:03.351 D/CommandListener(  937): gettetherstats end 1
05-10 04:45:03.353 E/propClient(27527): PropClient failed to load
05-10 04:45:03.355 E/propClient(27528): PropClient failed to load
05-10 04:45:03.360 D/CommandListener(  937): bwctrlcmd: argc=3 bandwidth setglobalalert ...
05-10 04:45:03.361 I/ActivityManager( 1612): KPU : put [com.sec.android.app.clockpackage] : 0 K
05-10 04:45:03.361 I/ActivityManager( 1612): Killing 25677:com.sec.android.app.clockpackage/u0a97 (adj 906): DHA:empty #25
05-10 04:45:03.362 W/system_server( 1612): kill(-25677, 9) failed: No such process
05-10 04:45:03.371 W/system_server( 1612): kill(-25677, 9) failed: No such process
05-10 04:45:03.373 D/KnoxPackageReceiver(19258):  received intent Intent { act=android.intent.action.PACKAGE_ADDED dat=package:org.torproject.android flg=0x4000010 cmp=com.samsung.knox.securefolder/.containeragent.detector.KnoxPackageStateReceiver (has extras) }
05-10 04:45:03.373 D/KnoxPackageReceiver(19258): onReceive intent
05-10 04:45:03.373 D/KnoxPackageReceiver(19258): ACTION_PACKAGE_ADDED intent received
05-10 04:45:03.373 D/KnoxPackageReceiver(19258): packageName:org.torproject.android
05-10 04:45:03.377 W/system_server( 1612): kill(-25677, 9) failed: No such process
05-10 04:45:03.378 D/KnoxPackageReceiver(19258): userId 0
05-10 04:45:03.378 D/KnoxPackageReceiver(19258): installerPackage:null
05-10 04:45:03.378 D/InputReader( 1612): Input event(7): value=0 when=33329459254000
05-10 04:45:03.378 I/InputReader( 1612): Touch event's action is 0x1 (deviceType=0) [pCnt=1, s=] when=33329459254000
05-10 04:45:03.379 I/InputDispatcher( 1612): Delivering touch to (22356): action: 0x1, toolType: 1
05-10 04:45:03.379 D/KnoxPackageReceiver(19258): Application installed. Exiting.....
05-10 04:45:03.379 D/ViewRootImpl@ca11b29[RecentsActivity](22356): ViewPostIme pointer 1
05-10 04:45:03.383 W/system_server( 1612): kill(-25677, 9) failed: No such process
05-10 04:45:03.385 D/PacakageChanageReceiver(23428): Action: android.intent.action.PACKAGE_ADDED
05-10 04:45:03.385 D/PacakageChanageReceiver(23428): The DATA: package:org.torproject.android
05-10 04:45:03.385 D/PacakageChanageReceiver(23428): Parsed package name : org.torproject.android
05-10 04:45:03.387 W/BroadcastQueue( 1612): Background execution not allowed: receiving Intent { act=android.intent.action.PACKAGE_ADDED dat=package:org.torproject.android flg=0x4000010 (has extras) } to com.sec.imsservice/com.sec.internal.tapi.service.receiver.PackageEventReceiver
05-10 04:45:03.388 V/Surface (  683): sf_framedrop debug : 0x4f4c, game : false, logging : 0
05-10 04:45:03.388 W/system_server( 1612): kill(-25677, 9) failed: No such process
05-10 04:45:03.391 E/propClient(27529): PropClient failed to load
05-10 04:45:03.393 W/BroadcastQueue( 1612): Background execution not allowed: receiving Intent { act=android.intent.action.PACKAGE_ADDED dat=package:org.torproject.android flg=0x4000010 (has extras) } to com.sec.imsservice/com.sec.internal.ims.imsservice.ImsIntentReceiver
05-10 04:45:03.394 W/BroadcastQueue( 1612): Background execution not allowed: receiving Intent { act=android.intent.action.PACKAGE_ADDED dat=package:org.torproject.android flg=0x4000010 (has extras) } to com.wssnps/.stubdownload.smlNpsPackageReceiver
05-10 04:45:03.394 W/system_server( 1612): kill(-25677, 9) failed: No such process
05-10 04:45:03.424 I/chatty  ( 1612): uid=1000(system) ActivityManager identical 5 lines
05-10 04:45:03.429 W/system_server( 1612): kill(-25677, 9) failed: No such process
05-10 04:45:03.433 E/propClient(27532): PropClient failed to load
05-10 04:45:03.435 W/Choreographer( 1612): Frame time is 9.366479 ms in the future!  Check that graphics HAL is generating vsync timestamps using the correct timebase.
05-10 04:45:03.435 W/system_server( 1612): kill(-25677, 9) failed: No such process
05-10 04:45:03.435 I/system_server( 1612): Successfully killed process cgroup uid 10097 pid 25677 in 73ms
05-10 04:45:03.437 I/zygote64(26083): Deoptimizing java.lang.Object bdzb.a() due to JIT inline cache
05-10 04:45:03.452 V/Surface (  683): sf_framedrop debug : 0x4f4c, game : false, logging : 0
05-10 04:45:03.453 E/propClient(27535): PropClient failed to load
05-10 04:45:03.457 I/ActivityManager( 1612): KPU : put [com.sec.android.app.myfiles] : 0 K
05-10 04:45:03.458 I/ActivityManager( 1612): Killing 25728:com.sec.android.app.myfiles/u0a62 (adj 906): DHA:empty #25
05-10 04:45:03.458 W/system_server( 1612): kill(-25728, 9) failed: No such process
05-10 04:45:03.486 I/chatty  ( 1612): uid=1000(system) ActivityManager identical 5 lines
05-10 04:45:03.493 W/system_server( 1612): kill(-25728, 9) failed: No such process
05-10 04:45:03.493 I/system_server( 1612): Successfully killed process cgroup uid 10062 pid 25728 in 34ms
05-10 04:45:03.503 E/propClient(27538): PropClient failed to load
05-10 04:45:03.505 I/PTCommittedOperation(23863): Receive new configuration for com.google.android.gms.growth
05-10 04:45:03.511 V/Surface (  683): sf_framedrop debug : 0x4f4c, game : false, logging : 0
05-10 04:45:03.522 E/propClient(27540): PropClient failed to load
05-10 04:45:03.532 D/PackageManager( 1612): setEnabledSetting : userId = 0 packageName = com.google.android.gms cmp = com.google.android.gms.auth.managed.ui.SetupWorkProfileActivity newState = 1 callingPackage = 10031/com.google.android.gms.persistent
05-10 04:45:03.536 I/Auth    (23863): [AuthManaged,PasswordComplexityHelperImpl] Updating password complexity components state.
05-10 04:45:03.537 I/Auth    (23863): [AuthManaged,PasswordComplexityHelperImpl] Disabling com.google.android.gms.auth.managed.admin.DeviceAdminReceiver
05-10 04:45:03.538 D/PackageManager( 1612): setEnabledSetting : userId = 0 packageName = com.google.android.gms cmp = com.google.android.gms.auth.managed.admin.DeviceAdminReceiver newState = 2 callingPackage = 10031/com.google.android.gms.persistent
05-10 04:45:03.539 I/Auth    (23863): [AuthManaged,PasswordComplexityHelperImpl] Disabling com.google.android.gms.auth.managed.ui.SetNewPasswordActivity
05-10 04:45:03.541 D/PackageManager( 1612): setEnabledSetting : userId = 0 packageName = com.google.android.gms cmp = com.google.android.gms.auth.managed.ui.SetNewPasswordActivity newState = 2 callingPackage = 10031/com.google.android.gms.persistent
05-10 04:45:03.548 I/ChromeSync(24206): [Sync,SyncIntentOperation] Handling the intent: Intent { act=com.google.android.gms.phenotype.COMMITTED flg=0x10 pkg=com.google.android.gms cmp=com.google.android.gms/.chimera.GmsIntentOperationService (has extras) }.
05-10 04:45:03.549 E/propClient(27542): PropClient failed to load
05-10 04:45:03.551 I/MdiSyncModule(24206): flag handling is skipping irrelevant intent.
05-10 04:45:03.552 W/ActivityManager( 1612): Unbind failed: could not find connection for android.os.BinderProxy@2321e2a
05-10 04:45:03.554 E/GmsClient(24206): unable to connect to service: com.google.android.gms.auth.key.retrieval.service.START on com.google.android.gms
05-10 04:45:03.555 W/ModuleInitIntentOp(24206): Dropping unexpected action com.google.android.gms.phenotype.COMMITTED
05-10 04:45:03.560 I/ChromeSync(24206): [Sync,SyncIntentOperation] Handling the intent: Intent { act=com.google.android.gms.phenotype.COMMITTED flg=0x10 pkg=com.google.android.gms cmp=com.google.android.gms/.chimera.GmsIntentOperationService (has extras) }.
05-10 04:45:03.562 I/MdiSyncModule(24206): flag handling is skipping irrelevant intent.
05-10 04:45:03.564 W/ModuleInitIntentOp(24206): Dropping unexpected action com.google.android.gms.phenotype.COMMITTED
05-10 04:45:03.570 V/Surface (  683): sf_framedrop debug : 0x4f4c, game : false, logging : 0
05-10 04:45:03.583 I/zygote64(23863): Background concurrent copying GC freed 133105(7MB) AllocSpace objects, 30(956KB) LOS objects, 49% free, 8MB/16MB, paused 191us total 120.132ms
05-10 04:45:03.589 E/propClient(27544): PropClient failed to load
05-10 04:45:03.602 E/propClient(27546): PropClient failed to load
05-10 04:45:03.616 E/propClient(27548): PropClient failed to load
05-10 04:45:03.626 V/Surface (  683): sf_framedrop debug : 0x4f4c, game : false, logging : 0
05-10 04:45:03.632 E/propClient(27550): PropClient failed to load
05-10 04:45:03.634 I/PTCommittedOperation(23863): Receive new configuration for com.google.android.gms.notifications
05-10 04:45:03.642 I/ChromeSync(24206): [Sync,SyncIntentOperation] Handling the intent: Intent { act=com.google.android.gms.phenotype.COMMITTED flg=0x10 pkg=com.google.android.gms cmp=com.google.android.gms/.chimera.GmsIntentOperationService (has extras) }.
05-10 04:45:03.643 I/MdiSyncModule(24206): flag handling is skipping irrelevant intent.
05-10 04:45:03.647 W/ModuleInitIntentOp(24206): Dropping unexpected action com.google.android.gms.phenotype.COMMITTED
05-10 04:45:03.655 E/propClient(27551): PropClient failed to load
05-10 04:45:03.671 I/PTCommittedOperation(23863): Receive new configuration for com.google.android.gms.nearby
05-10 04:45:03.676 D/PackageManager( 1612): setEnabledSetting : userId = 0 packageName = com.google.android.gms cmp = com.google.android.gms.nearby.mediums.nearfieldcommunication.NfcAdvertisingService newState = 2 callingPackage = 10031/com.google.android.gms.persistent
05-10 04:45:03.679 E/propClient(27552): PropClient failed to load
05-10 04:45:03.685 D/InputReader( 1612): Input event(7): value=1 when=33329766148000
05-10 04:45:03.685 I/InputReader( 1612): Touch event's action is 0x0 (deviceType=0) [pCnt=1, s=0.0 ] when=33329766148000
05-10 04:45:03.686 I/InputDispatcher( 1612): Delivering touch to (22356): action: 0x4, toolType: 1
05-10 04:45:03.686 I/InputDispatcher( 1612): Delivering touch to (22356): action: 0x0, toolType: 1
05-10 04:45:03.686 D/ViewRootImpl@ca11b29[RecentsActivity](22356): ViewPostIme pointer 0
05-10 04:45:03.687 D/PackageManager( 1612): setEnabledSetting : userId = 0 packageName = com.google.android.gms cmp = com.google.android.gms.nearby.sharing.DirectShareService newState = 2 callingPackage = 10031/com.google.android.gms
05-10 04:45:03.688 V/Surface (  683): sf_framedrop debug : 0x4f4c, game : false, logging : 0
05-10 04:45:03.690 D/PackageManager( 1612): setEnabledSetting : userId = 0 packageName = com.google.android.gms cmp = com.google.android.gms.nearby.sharing.SharingSyncService newState = 2 callingPackage = 10031/com.google.android.gms
05-10 04:45:03.702 I/NearbyMediums(23863): BluetoothAdapter's name was not set by Nearby Connections, ignoring call to restore device name [CONTEXT service_id=54 ]
05-10 04:45:03.703 D/PackageManager( 1612): setEnabledSetting : userId = 0 packageName = com.google.android.gms cmp = com.google.android.gms.nearby.sharing.ShareSheetActivity newState = 2 callingPackage = 10031/com.google.android.gms
05-10 04:45:03.706 D/PackageManager( 1612): setEnabledSetting : userId = 0 packageName = com.google.android.gms cmp = com.google.android.gms.nearby.sharing.SettingsActivity newState = 2 callingPackage = 10031/com.google.android.gms
05-10 04:45:03.707 D/PackageManager( 1612): setEnabledSetting : userId = 0 packageName = com.google.android.gms cmp = com.google.android.gms.nearby.sharing.SetupActivity newState = 2 callingPackage = 10031/com.google.android.gms
05-10 04:45:03.708 D/PackageManager( 1612): setEnabledSetting : userId = 0 packageName = com.google.android.gms cmp = com.google.android.gms.nearby.sharing.ReceiveSurfaceActivity newState = 2 callingPackage = 10031/com.google.android.gms
05-10 04:45:03.708 E/propClient(27555): PropClient failed to load
05-10 04:45:03.709 D/PackageManager( 1612): setEnabledSetting : userId = 0 packageName = com.google.android.gms cmp = com.google.android.gms.nearby.sharing.SettingsActivityAlias newState = 2 callingPackage = 10031/com.google.android.gms
05-10 04:45:03.709 E/propClient(27554): PropClient failed to load
05-10 04:45:03.715 D/PackageManager( 1612): setEnabledSetting : userId = 0 packageName = com.google.android.gms cmp = com.google.android.gms.nearby.sharing.ReceiveSurfaceService newState = 2 callingPackage = 10031/com.google.android.gms
05-10 04:45:03.717 D/PackageManager( 1612): setEnabledSetting : userId = 0 packageName = com.google.android.gms cmp = com.google.android.gms.nearby.sharing.SharingTileService newState = 2 callingPackage = 10031/com.google.android.gms
05-10 04:45:03.719 D/PackageManager( 1612): setEnabledSetting : userId = 0 packageName = com.google.android.gms cmp = com.google.android.gms.nearby.sharing.ReceiveSurfaceService newState = 1 callingPackage = 10031/com.google.android.gms
05-10 04:45:03.732 I/NearbySharing(24206): Runtime state initialization complete. Sharing is disabled. [CONTEXT service_id=194 ]
05-10 04:45:03.735 I/ChromeSync(24206): [Sync,SyncIntentOperation] Handling the intent: Intent { act=com.google.android.gms.phenotype.COMMITTED flg=0x10 pkg=com.google.android.gms cmp=com.google.android.gms/.chimera.GmsIntentOperationService (has extras) }.
05-10 04:45:03.736 I/MdiSyncModule(24206): flag handling is skipping irrelevant intent.
05-10 04:45:03.736 W/ModuleInitIntentOp(24206): Dropping unexpected action com.google.android.gms.phenotype.COMMITTED
05-10 04:45:03.766 V/Surface (  683): sf_framedrop debug : 0x4f4c, game : false, logging : 0
05-10 04:45:03.775 I/PTCommittedOperation(23863): Receive new configuration for com.google.android.gms.netrec
05-10 04:45:03.776 I/ChromeSync(24206): [Sync,SyncIntentOperation] Handling the intent: Intent { act=com.google.android.gms.phenotype.COMMITTED flg=0x10 pkg=com.google.android.gms cmp=com.google.android.gms/.chimera.GmsIntentOperationService (has extras) }.
05-10 04:45:03.778 I/MdiSyncModule(24206): flag handling is skipping irrelevant intent.
05-10 04:45:03.779 D/PackageManager( 1612): setEnabledSetting : userId = 0 packageName = com.google.android.gms cmp = com.google.android.gms.auth.managed.ui.SetupWorkProfileActivity newState = 1 callingPackage = 10031/com.google.android.gms.persistent
05-10 04:45:03.780 W/ModuleInitIntentOp(24206): Dropping unexpected action com.google.android.gms.phenotype.COMMITTED
05-10 04:45:03.783 I/Auth    (23863): [AuthManaged,PasswordComplexityHelperImpl] Updating password complexity components state.
05-10 04:45:03.783 I/Auth    (23863): [AuthManaged,PasswordComplexityHelperImpl] Disabling com.google.android.gms.auth.managed.admin.DeviceAdminReceiver
05-10 04:45:03.785 D/PackageManager( 1612): setEnabledSetting : userId = 0 packageName = com.google.android.gms cmp = com.google.android.gms.auth.managed.admin.DeviceAdminReceiver newState = 2 callingPackage = 10031/com.google.android.gms.persistent
05-10 04:45:03.785 I/Auth    (23863): [AuthManaged,PasswordComplexityHelperImpl] Disabling com.google.android.gms.auth.managed.ui.SetNewPasswordActivity
05-10 04:45:03.785 D/PackageManager( 1612): setEnabledSetting : userId = 0 packageName = com.google.android.gms cmp = com.google.android.gms.auth.managed.ui.SetNewPasswordActivity newState = 2 callingPackage = 10031/com.google.android.gms.persistent
05-10 04:45:03.790 D/CommandListener(  937): bwctrlcmd: argc=2 bandwidth gettetherstats ...
05-10 04:45:03.790 D/CommandListener(  937): gettetherstats start. socket=60, pid=1612, uid=1000, gid=1000
05-10 04:45:03.790 D/CommandListener(  937): gettetherstats end 1
05-10 04:45:03.798 I/NearbySharing(23863): ReceiveSurfaceService created [CONTEXT service_id=194 ]
05-10 04:45:03.802 D/InputReader( 1612): Input event(7): value=0 when=33329882274000
05-10 04:45:03.802 I/InputReader( 1612): Touch event's action is 0x1 (deviceType=0) [pCnt=1, s=] when=33329882274000
05-10 04:45:03.802 I/InputDispatcher( 1612): Delivering touch to (22356): action: 0x1, toolType: 1
05-10 04:45:03.802 D/ViewRootImpl@ca11b29[RecentsActivity](22356): ViewPostIme pointer 1
05-10 04:45:03.803 D/SamsungAlarmManager( 1612): setInexact Intent (T:2/F:0/AC:false) 20200510T071338 - CU:10031/CP:23863
05-10 04:45:03.803 I/NearbySharing(23863): ReceiveSurfaceService started [CONTEXT service_id=194 ]
05-10 04:45:03.810 I/PTCommittedOperation(23863): Receive new configuration for com.google.android.gms.tapandpay
05-10 04:45:03.811 D/SamsungAlarmManager( 1612): setInexact Intent (T:2/F:0/AC:false) 20200510T130117 - CU:10031/CP:23863
05-10 04:45:03.811 D/CommandListener(  937): bwctrlcmd: argc=3 bandwidth setglobalalert ...
05-10 04:45:03.811 D/PackageManager( 1612): setEnabledSetting : userId = 0 packageName = com.google.android.gms cmp = com.google.android.gms.fido.fido2.pollux.CableAuthenticatorService newState = 1 callingPackage = 10031/com.google.android.gms.persistent
05-10 04:45:03.815 D/PackageManager( 1612): setEnabledSetting : userId = 0 packageName = com.google.android.gms cmp = com.google.android.gms.fido.fido2.ui.PolluxActivity newState = 1 callingPackage = 10031/com.google.android.gms.persistent
05-10 04:45:03.817 I/ChromeSync(24206): [Sync,SyncIntentOperation] Handling the intent: Intent { act=com.google.android.gms.phenotype.COMMITTED flg=0x10 pkg=com.google.android.gms cmp=com.google.android.gms/.chimera.GmsIntentOperationService (has extras) }.
05-10 04:45:03.820 W/ModuleInitIntentOp(24206): Dropping unexpected action com.google.android.gms.phenotype.COMMITTED
05-10 04:45:03.824 I/NearbySharing(23863): ReceiveSurfaceService destroyed [CONTEXT service_id=194 ]
05-10 04:45:03.827 E/propClient(27558): PropClient failed to load
05-10 04:45:03.831 W/BroadcastQueue( 1612): Background execution not allowed: receiving Intent { act=android.intent.action.PACKAGE_RESTARTED dat=package:org.torproject.android flg=0x10 (has extras) } to android/com.kddi.android.CpaNotiReceiver
05-10 04:45:03.831 W/BroadcastQueue( 1612): Background execution not allowed: receiving Intent { act=android.intent.action.PACKAGE_RESTARTED dat=package:org.torproject.android flg=0x10 (has extras) } to com.sec.android.daemonapp/com.samsung.android.weather.daemon.receiver.ClearDataReceiver
05-10 04:45:03.834 V/Surface (  683): sf_framedrop debug : 0x4f4c, game : false, logging : 0
05-10 04:45:03.891 V/Surface (  683): sf_framedrop debug : 0x4f4c, game : false, logging : 0
05-10 04:45:03.904 I/Fido    (23863): [CableAuthenticatorChimeraService] Registering broadcast receiver.
05-10 04:45:03.913 I/PTCommittedOperation(23863): Receive new configuration for com.google.android.gms.photos
05-10 04:45:03.919 I/ChromeSync(24206): [Sync,SyncIntentOperation] Handling the intent: Intent { act=com.google.android.gms.phenotype.COMMITTED flg=0x10 pkg=com.google.android.gms cmp=com.google.android.gms/.chimera.GmsIntentOperationService (has extras) }.
05-10 04:45:03.920 I/MdiSyncModule(24206): flag handling is skipping irrelevant intent.
05-10 04:45:03.931 W/ModuleInitIntentOp(24206): Dropping unexpected action com.google.android.gms.phenotype.COMMITTED
05-10 04:45:03.943 E/propClient(27560): PropClient failed to load
05-10 04:45:03.951 V/Surface (  683): sf_framedrop debug : 0x4f4c, game : false, logging : 0
05-10 04:45:03.960 E/propClient(27559): PropClient failed to load
05-10 04:45:04.000 E/propClient(27562): PropClient failed to load
05-10 04:45:04.000 E/propClient(27563): PropClient failed to load
05-10 04:45:04.009 V/Surface (  683): sf_framedrop debug : 0x4f4c, game : false, logging : 0
05-10 04:45:04.029 E/propClient(27566): PropClient failed to load
05-10 04:45:04.046 I/PTCommittedOperation(23863): Receive new configuration for com.google.android.gms.places
05-10 04:45:04.048 D/PackageManager( 1612): setEnabledSetting : userId = 0 packageName = com.google.android.gms cmp = com.google.android.gms.auth.managed.ui.SetupWorkProfileActivity newState = 1 callingPackage = 10031/com.google.android.gms.persistent
05-10 04:45:04.049 I/ChromeSync(24206): [Sync,SyncIntentOperation] Handling the intent: Intent { act=com.google.android.gms.phenotype.COMMITTED flg=0x10 pkg=com.google.android.gms cmp=com.google.android.gms/.chimera.GmsIntentOperationService (has extras) }.
05-10 04:45:04.050 I/MdiSyncModule(24206): flag handling is skipping irrelevant intent.
05-10 04:45:04.051 W/ModuleInitIntentOp(24206): Dropping unexpected action com.google.android.gms.phenotype.COMMITTED
05-10 04:45:04.053 E/propClient(27568): PropClient failed to load
05-10 04:45:04.053 I/Auth    (23863): [AuthManaged,PasswordComplexityHelperImpl] Updating password complexity components state.
05-10 04:45:04.054 I/Auth    (23863): [AuthManaged,PasswordComplexityHelperImpl] Disabling com.google.android.gms.auth.managed.admin.DeviceAdminReceiver
05-10 04:45:04.054 D/PackageManager( 1612): setEnabledSetting : userId = 0 packageName = com.google.android.gms cmp = com.google.android.gms.auth.managed.admin.DeviceAdminReceiver newState = 2 callingPackage = 10031/com.google.android.gms.persistent
05-10 04:45:04.055 I/Auth    (23863): [AuthManaged,PasswordComplexityHelperImpl] Disabling com.google.android.gms.auth.managed.ui.SetNewPasswordActivity
05-10 04:45:04.056 D/PackageManager( 1612): setEnabledSetting : userId = 0 packageName = com.google.android.gms cmp = com.google.android.gms.auth.managed.ui.SetNewPasswordActivity newState = 2 callingPackage = 10031/com.google.android.gms.persistent
05-10 04:45:04.068 V/Surface (  683): sf_framedrop debug : 0x4f4c, game : false, logging : 0
05-10 04:45:04.069 I/PTCommittedOperation(23863): Receive new configuration for com.google.android.gms.signin
05-10 04:45:04.082 E/propClient(27570): PropClient failed to load
05-10 04:45:04.104 E/propClient(27572): PropClient failed to load
05-10 04:45:04.122 E/propClient(27574): PropClient failed to load
05-10 04:45:04.132 V/Surface (  683): sf_framedrop debug : 0x4f4c, game : false, logging : 0
05-10 04:45:04.146 E/propClient(27575): PropClient failed to load
05-10 04:45:04.147 E/propClient(27576): PropClient failed to load
05-10 04:45:04.172 I/ChromeSync(24206): [Sync,SyncIntentOperation] Handling the intent: Intent { act=com.google.android.gms.phenotype.COMMITTED flg=0x10 pkg=com.google.android.gms cmp=com.google.android.gms/.chimera.GmsIntentOperationService (has extras) }.
05-10 04:45:04.173 D/PackageManager( 1612): setEnabledSetting : userId = 0 packageName = com.google.android.gms cmp = com.google.android.gms.auth.managed.ui.SetupWorkProfileActivity newState = 1 callingPackage = 10031/com.google.android.gms.persistent
05-10 04:45:04.177 W/ModuleInitIntentOp(24206): Dropping unexpected action com.google.android.gms.phenotype.COMMITTED
05-10 04:45:04.178 I/MdiSyncModule(24206): flag handling is skipping irrelevant intent.
05-10 04:45:04.180 I/Auth    (23863): [AuthManaged,PasswordComplexityHelperImpl] Updating password complexity components state.
05-10 04:45:04.180 I/Auth    (23863): [AuthManaged,PasswordComplexityHelperImpl] Disabling com.google.android.gms.auth.managed.admin.DeviceAdminReceiver
05-10 04:45:04.181 I/PTCommittedOperation(23863): Receive new configuration for com.google.android.gms.auth.proximity
05-10 04:45:04.184 D/PackageManager( 1612): setEnabledSetting : userId = 0 packageName = com.google.android.gms cmp = com.google.android.gms.auth.managed.admin.DeviceAdminReceiver newState = 2 callingPackage = 10031/com.google.android.gms.persistent
05-10 04:45:04.185 I/Auth    (23863): [AuthManaged,PasswordComplexityHelperImpl] Disabling com.google.android.gms.auth.managed.ui.SetNewPasswordActivity
05-10 04:45:04.186 D/PackageManager( 1612): setEnabledSetting : userId = 0 packageName = com.google.android.gms cmp = com.google.android.gms.auth.managed.ui.SetNewPasswordActivity newState = 2 callingPackage = 10031/com.google.android.gms.persistent
05-10 04:45:04.193 I/ChromeSync(24206): [Sync,SyncIntentOperation] Handling the intent: Intent { act=com.google.android.gms.phenotype.COMMITTED flg=0x10 pkg=com.google.android.gms cmp=com.google.android.gms/.chimera.GmsIntentOperationService (has extras) }.
05-10 04:45:04.194 V/Surface (  683): sf_framedrop debug : 0x4f4c, game : false, logging : 0
05-10 04:45:04.194 I/MdiSyncModule(24206): flag handling is skipping irrelevant intent.
05-10 04:45:04.195 W/ModuleInitIntentOp(24206): Dropping unexpected action com.google.android.gms.phenotype.COMMITTED
05-10 04:45:04.201 E/propClient(27577): PropClient failed to load
05-10 04:45:04.207 I/SystemUpdate(24206): [Execution,InstallationEventIntentOperation] Handling event of type 2.
05-10 04:45:04.211 I/SystemUpdate(24206): [Execution,InstallationIntentOperation] Received intent: Intent { act=com.google.android.gms.update.INSTALL_UPDATE cat=[targeted_intent_op_prefix:.update.execution.InstallationIntentOperation] cmp=com.google.android.gms/.chimera.GmsIntentOperationService }.
05-10 04:45:04.211 D/CommandListener(  937): bwctrlcmd: argc=2 bandwidth gettetherstats ...
05-10 04:45:04.211 D/CommandListener(  937): gettetherstats start. socket=60, pid=1612, uid=1000, gid=1000
05-10 04:45:04.211 D/CommandListener(  937): gettetherstats end 1
05-10 04:45:04.216 D/CommandListener(  937): bwctrlcmd: argc=3 bandwidth setglobalalert ...
05-10 04:45:04.217 I/SystemUpdate(24206): [Execution,ExecutionManager] Action finished-execution executed for 0.00 seconds.
05-10 04:45:04.242 E/propClient(27580): PropClient failed to load
05-10 04:45:04.254 D/SamsungAlarmManager( 1612): setInexact Intent (T:1/F:0/AC:false) 19220203T183831 - CU:10031/CP:24206
05-10 04:45:04.256 V/Surface (  683): sf_framedrop debug : 0x4f4c, game : false, logging : 0
05-10 04:45:04.258 E/propClient(27583): PropClient failed to load
05-10 04:45:04.290 E/propClient(27585): PropClient failed to load
05-10 04:45:04.297 I/PTCommittedOperation(23863): Receive new configuration for com.google.android.gms.update
05-10 04:45:04.299 D/PackageManager( 1612): setEnabledSetting : userId = 0 packageName = com.google.android.gms cmp = com.google.android.gms.auth.managed.ui.SetupWorkProfileActivity newState = 1 callingPackage = 10031/com.google.android.gms.persistent
05-10 04:45:04.300 I/ChromeSync(24206): [Sync,SyncIntentOperation] Handling the intent: Intent { act=com.google.android.gms.phenotype.COMMITTED flg=0x10 pkg=com.google.android.gms cmp=com.google.android.gms/.chimera.GmsIntentOperationService (has extras) }.
05-10 04:45:04.303 I/MdiSyncModule(24206): flag handling is skipping irrelevant intent.
05-10 04:45:04.303 W/ModuleInitIntentOp(24206): Dropping unexpected action com.google.android.gms.phenotype.COMMITTED
05-10 04:45:04.305 D/PackageManager( 1612): setEnabledSetting : userId = 0 packageName = com.google.android.gms cmp = com.google.android.gms.auth.proximity.multidevice.SettingsActivity newState = 1 callingPackage = 10031/com.google.android.gms.persistent
05-10 04:45:04.306 I/Auth    (23863): [AuthManaged,PasswordComplexityHelperImpl] Updating password complexity components state.
05-10 04:45:04.306 I/Auth    (23863): [AuthManaged,PasswordComplexityHelperImpl] Disabling com.google.android.gms.auth.managed.admin.DeviceAdminReceiver
05-10 04:45:04.307 D/PackageManager( 1612): setEnabledSetting : userId = 0 packageName = com.google.android.gms cmp = com.google.android.gms.auth.managed.admin.DeviceAdminReceiver newState = 2 callingPackage = 10031/com.google.android.gms.persistent
05-10 04:45:04.307 I/Auth    (23863): [AuthManaged,PasswordComplexityHelperImpl] Disabling com.google.android.gms.auth.managed.ui.SetNewPasswordActivity
05-10 04:45:04.308 D/PackageManager( 1612): setEnabledSetting : userId = 0 packageName = com.google.android.gms cmp = com.google.android.gms.auth.managed.ui.SetNewPasswordActivity newState = 2 callingPackage = 10031/com.google.android.gms.persistent
05-10 04:45:04.312 V/Surface (  683): sf_framedrop debug : 0x4f4c, game : false, logging : 0
05-10 04:45:04.313 D/PackageManager( 1612): setEnabledSetting : userId = 0 packageName = com.google.android.gms cmp = com.google.android.gms.auth.proximity.multidevice.SettingsContentProvider newState = 1 callingPackage = 10031/com.google.android.gms.persistent
05-10 04:45:04.323 E/propClient(27587): PropClient failed to load
05-10 04:45:04.342 I/ChromeSync(24206): [Sync,SyncIntentOperation] Handling the intent: Intent { act=com.google.android.gms.phenotype.COMMITTED flg=0x10 pkg=com.google.android.gms cmp=com.google.android.gms/.chimera.GmsIntentOperationService (has extras) }.
05-10 04:45:04.342 I/PTCommittedOperation(23863): Receive new configuration for com.google.android.gms.auth_authzen
05-10 04:45:04.345 I/MdiSyncModule(24206): flag handling is skipping irrelevant intent.
05-10 04:45:04.346 W/ModuleInitIntentOp(24206): Dropping unexpected action com.google.android.gms.phenotype.COMMITTED
05-10 04:45:04.350 D/WifiTrafficPoller( 1612): TrafficStats TxPkts=47400 RxPkts=61887 TxBytes=7414423 RxBytes=46479022 , Foreground uid=10011 pkgName=com.android.systemui txBytes=0 rxBytes=0
05-10 04:45:04.353 E/propClient(27589): PropClient failed to load
05-10 04:45:04.380 E/propClient(27591): PropClient failed to load
05-10 04:45:04.388 V/Surface (  683): sf_framedrop debug : 0x4f4c, game : false, logging : 0
05-10 04:45:04.401 E/propClient(27593): PropClient failed to load
05-10 04:45:04.417 I/PTCommittedOperation(23863): Receive new configuration for com.google.android.gms.vision
05-10 04:45:04.421 D/PackageManager( 1612): setEnabledSetting : userId = 0 packageName = com.google.android.gms cmp = com.google.android.gms.auth.managed.ui.SetupWorkProfileActivity newState = 1 callingPackage = 10031/com.google.android.gms.persistent
05-10 04:45:04.424 I/ChromeSync(24206): [Sync,SyncIntentOperation] Handling the intent: Intent { act=com.google.android.gms.phenotype.COMMITTED flg=0x10 pkg=com.google.android.gms cmp=com.google.android.gms/.chimera.GmsIntentOperationService (has extras) }.
05-10 04:45:04.426 I/Auth    (23863): [AuthManaged,PasswordComplexityHelperImpl] Updating password complexity components state.
05-10 04:45:04.426 I/Auth    (23863): [AuthManaged,PasswordComplexityHelperImpl] Disabling com.google.android.gms.auth.managed.admin.DeviceAdminReceiver
05-10 04:45:04.427 D/PackageManager( 1612): setEnabledSetting : userId = 0 packageName = com.google.android.gms cmp = com.google.android.gms.auth.managed.admin.DeviceAdminReceiver newState = 2 callingPackage = 10031/com.google.android.gms.persistent
05-10 04:45:04.427 I/Auth    (23863): [AuthManaged,PasswordComplexityHelperImpl] Disabling com.google.android.gms.auth.managed.ui.SetNewPasswordActivity
05-10 04:45:04.428 D/PackageManager( 1612): setEnabledSetting : userId = 0 packageName = com.google.android.gms cmp = com.google.android.gms.auth.managed.ui.SetNewPasswordActivity newState = 2 callingPackage = 10031/com.google.android.gms.persistent
05-10 04:45:04.432 I/MdiSyncModule(24206): flag handling is skipping irrelevant intent.
05-10 04:45:04.433 W/ModuleInitIntentOp(24206): Dropping unexpected action com.google.android.gms.phenotype.COMMITTED
05-10 04:45:04.434 D/PackageManager( 1612): setEnabledSetting : userId = 0 packageName = com.google.android.gms cmp = com.google.android.gms.wallet.service.WalletGcmTaskService newState = 1 callingPackage = 10031/com.google.android.gms
05-10 04:45:04.443 E/propClient(27595): PropClient failed to load
05-10 04:45:04.445 V/Surface (  683): sf_framedrop debug : 0x4f4c, game : false, logging : 0
05-10 04:45:04.466 E/propClient(27597): PropClient failed to load
05-10 04:45:04.477 D/InputReader( 1612): Input event(7): value=1 when=33330558009000
05-10 04:45:04.477 I/InputReader( 1612): Touch event's action is 0x0 (deviceType=0) [pCnt=1, s=0.0 ] when=33330558009000
05-10 04:45:04.477 I/InputDispatcher( 1612): Delivering touch to (22356): action: 0x4, toolType: 1
05-10 04:45:04.477 I/InputDispatcher( 1612): Delivering touch to (22356): action: 0x0, toolType: 1
05-10 04:45:04.478 D/ViewRootImpl@ca11b29[RecentsActivity](22356): ViewPostIme pointer 0
05-10 04:45:04.494 E/propClient(27598): PropClient failed to load
05-10 04:45:04.514 I/PTCommittedOperation(23863): Receive new configuration for com.google.android.gms.wallet
05-10 04:45:04.519 I/ChromeSync(24206): [Sync,SyncIntentOperation] Handling the intent: Intent { act=com.google.android.gms.phenotype.COMMITTED flg=0x10 pkg=com.google.android.gms cmp=com.google.android.gms/.chimera.GmsIntentOperationService (has extras) }.
05-10 04:45:04.520 I/MdiSyncModule(24206): flag handling is skipping irrelevant intent.
05-10 04:45:04.521 D/PackageManager( 1612): setEnabledSetting : userId = 0 packageName = com.google.android.gms cmp = com.google.android.gms.auth.managed.ui.SetupWorkProfileActivity newState = 1 callingPackage = 10031/com.google.android.gms.persistent
05-10 04:45:04.522 W/ModuleInitIntentOp(24206): Dropping unexpected action com.google.android.gms.phenotype.COMMITTED
05-10 04:45:04.524 I/Auth    (23863): [AuthManaged,PasswordComplexityHelperImpl] Updating password complexity components state.
05-10 04:45:04.524 I/Auth    (23863): [AuthManaged,PasswordComplexityHelperImpl] Disabling com.google.android.gms.auth.managed.admin.DeviceAdminReceiver
05-10 04:45:04.525 E/propClient(27599): PropClient failed to load
05-10 04:45:04.525 D/PackageManager( 1612): setEnabledSetting : userId = 0 packageName = com.google.android.gms cmp = com.google.android.gms.auth.managed.admin.DeviceAdminReceiver newState = 2 callingPackage = 10031/com.google.android.gms.persistent
05-10 04:45:04.526 I/Auth    (23863): [AuthManaged,PasswordComplexityHelperImpl] Disabling com.google.android.gms.auth.managed.ui.SetNewPasswordActivity
05-10 04:45:04.526 D/PackageManager( 1612): setEnabledSetting : userId = 0 packageName = com.google.android.gms cmp = com.google.android.gms.auth.managed.ui.SetNewPasswordActivity newState = 2 callingPackage = 10031/com.google.android.gms.persistent
05-10 04:45:04.546 E/propClient(27601): PropClient failed to load
05-10 04:45:04.552 E/propClient(27600): PropClient failed to load
05-10 04:45:04.553 I/PTCommittedOperation(23863): Receive new configuration for com.google.android.gms.tron.metrics
05-10 04:45:04.564 I/ChromeSync(24206): [Sync,SyncIntentOperation] Handling the intent: Intent { act=com.google.android.gms.phenotype.COMMITTED flg=0x10 pkg=com.google.android.gms cmp=com.google.android.gms/.chimera.GmsIntentOperationService (has extras) }.
05-10 04:45:04.567 I/MdiSyncModule(24206): flag handling is skipping irrelevant intent.
05-10 04:45:04.575 W/ModuleInitIntentOp(24206): Dropping unexpected action com.google.android.gms.phenotype.COMMITTED
05-10 04:45:04.580 V/Surface (  683): sf_framedrop debug : 0x4f4c, game : false, logging : 0
05-10 04:45:04.605 D/InputReader( 1612): Input event(7): value=0 when=33330685459000
05-10 04:45:04.607 I/InputReader( 1612): Touch event's action is 0x1 (deviceType=0) [pCnt=1, s=] when=33330685459000
05-10 04:45:04.607 I/InputDispatcher( 1612): Delivering touch to (22356): action: 0x1, toolType: 1
05-10 04:45:04.607 D/ViewRootImpl@ca11b29[RecentsActivity](22356): ViewPostIme pointer 1
05-10 04:45:04.626 D/OpenGLRenderer(22356): eglDestroySurface = 0x756d6d28c0, 0x755b832000
05-10 04:45:04.626 D/OpenGLRenderer(22356): endAllActiveAnimators on 0x756d7e9c00 (RippleDrawable) with handle 0x75818511a0
05-10 04:45:04.626 D/ViewRootImpl@ca11b29[RecentsActivity](22356): dispatchDetachedFromWindow
05-10 04:45:04.626 D/InputEventReceiver(22356): channel '12f39dd Sys2008:com.android.systemui/com.android.systemui.recents.RecentsActivity (client)' ~ Disposing input event receiver.
05-10 04:45:04.626 D/InputEventReceiver(22356): channel '12f39dd Sys2008:com.android.systemui/com.android.systemui.recents.RecentsActivity (client)' ~NativeInputEventReceiver.
05-10 04:45:04.628 D/SamsungPhoneWindowManager( 1612): updateSystemUiVisibilityLw : setForceImmersiveBtnVisibility=false
05-10 04:45:04.629 D/WindowManager( 1612): set systemUiVisibility : systemUiFlags= 0x80008708 fullscreenStackSysUiFlags= 0x0 dockedVisibility= 0x0
05-10 04:45:04.633 V/Surface (  683): sf_framedrop debug : 0x4f4c, game : false, logging : 0
05-10 04:45:04.639 D/InputDispatcher( 1612): Focus left window: 22356 0
05-10 04:45:04.640 D/InputDispatcher( 1612): Focus entered window: 22356 0
05-10 04:45:04.640 D/InputTransport( 1612): Input channel destroyed: fd=483
05-10 04:45:04.640 D/InputTransport(22356): Input channel destroyed: fd=94
05-10 04:45:04.641 D/NavigationBar(22356): setForceImmersiveBtnVisibility visible : false
05-10 04:45:04.641 D/NavBarPresenter(22356): setPinButtonVisibility() shouldshow=false, leftRemoteVisible=false, mAllKeyDisabled=false, isBouncerShowing=false, isUltraPowerSaving=false, isEmergencyMode=false, isDeviceEncrypted=false, isUserSetupComplete : true
05-10 04:45:04.641 D/ViewRootImpl@9ea8e3[RecentsActivity](22356): MSG_WINDOW_FOCUS_CHANGED 1
05-10 04:45:04.641 D/WindowManager( 1612): adjustSystemUiVisibilityLw : vis= 0x80008708  displayId:0
05-10 04:45:04.644 I/PTCommittedOperation(23863): Receive new configuration for com.google.android.gms.wearable
05-10 04:45:04.644 D/PackageManager( 1612): setEnabledSetting : userId = 0 packageName = com.google.android.gms cmp = com.google.android.gms.auth.managed.ui.SetupWorkProfileActivity newState = 1 callingPackage = 10031/com.google.android.gms.persistent
05-10 04:45:04.646 I/Auth    (23863): [AuthManaged,PasswordComplexityHelperImpl] Updating password complexity components state.
05-10 04:45:04.646 I/Auth    (23863): [AuthManaged,PasswordComplexityHelperImpl] Disabling com.google.android.gms.auth.managed.admin.DeviceAdminReceiver
05-10 04:45:04.650 D/PackageManager( 1612): setEnabledSetting : userId = 0 packageName = com.google.android.gms cmp = com.google.android.gms.auth.managed.admin.DeviceAdminReceiver newState = 2 callingPackage = 10031/com.google.android.gms.persistent
05-10 04:45:04.650 I/Auth    (23863): [AuthManaged,PasswordComplexityHelperImpl] Disabling com.google.android.gms.auth.managed.ui.SetNewPasswordActivity
05-10 04:45:04.650 D/InputMethodManagerService( 1612): startInputOrWindowGainedFocus : windowGainedFocus 
05-10 04:45:04.651 D/InputMethodManagerService( 1612): windowGainedFocus: destinationUserId (getCallingUid) = 0
05-10 04:45:04.651 D/InputMethodManagerService( 1612): windowGainedFocus: currentUserId=0
05-10 04:45:04.651 D/InputMethodManagerService( 1612): windowGainedFocus: mCurrentFocusedUserId=0
05-10 04:45:04.651 D/InputMethodManagerService( 1612): windowGainedFocus : lock - currentUserId = 0 destinationUserId = 0
05-10 04:45:04.651 D/InputMethodManagerService( 1612): windowGainedFocus : mCurrentFocusedUserId - 0 and mSecureKeypadEnabled - false, userSwitched - false
05-10 04:45:04.651 W/InputMethodManagerService( 1612): Window already focused, ignoring focus gain of: com.android.internal.view.IInputMethodClient$Stub$Proxy@6299f83 attribute=null, token = android.os.BinderProxy@bcfe9ea
05-10 04:45:04.651 E/ViewRootImpl(22356): sendUserActionEvent() returned.
05-10 04:45:04.652 D/CommandListener(  937): bwctrlcmd: argc=2 bandwidth gettetherstats ...
05-10 04:45:04.652 D/CommandListener(  937): gettetherstats start. socket=60, pid=1612, uid=1000, gid=1000
05-10 04:45:04.652 D/CommandListener(  937): gettetherstats end 1
05-10 04:45:04.652 I/ChromeSync(24206): [Sync,SyncIntentOperation] Handling the intent: Intent { act=com.google.android.gms.phenotype.COMMITTED flg=0x10 pkg=com.google.android.gms cmp=com.google.android.gms/.chimera.GmsIntentOperationService (has extras) }.
05-10 04:45:04.653 D/PackageManager( 1612): setEnabledSetting : userId = 0 packageName = com.google.android.gms cmp = com.google.android.gms.auth.managed.ui.SetNewPasswordActivity newState = 2 callingPackage = 10031/com.google.android.gms.persistent
05-10 04:45:04.653 I/MdiSyncModule(24206): flag handling is skipping irrelevant intent.
05-10 04:45:04.654 W/ModuleInitIntentOp(24206): Dropping unexpected action com.google.android.gms.phenotype.COMMITTED
05-10 04:45:04.659 D/CommandListener(  937): bwctrlcmd: argc=3 bandwidth setglobalalert ...
05-10 04:45:04.674 E/propClient(27603): PropClient failed to load
05-10 04:45:04.681 I/ChromeSync(24206): [Sync,SyncIntentOperation] Handling the intent: Intent { act=com.google.android.gms.phenotype.COMMITTED flg=0x10 pkg=com.google.android.gms cmp=com.google.android.gms/.chimera.GmsIntentOperationService (has extras) }.
05-10 04:45:04.682 I/MdiSyncModule(24206): flag handling is skipping irrelevant intent.
05-10 04:45:04.683 I/PhoneskyRecoveryLogs(24206): Experiments updated. Start recovery checks.
05-10 04:45:04.684 W/ModuleInitIntentOp(24206): Dropping unexpected action com.google.android.gms.phenotype.COMMITTED
05-10 04:45:04.684 I/ActivityManager( 1612): KPU : put [com.android.providers.calendar] : 0 K
05-10 04:45:04.684 I/ActivityManager( 1612): Killing 25410:com.android.providers.calendar/u0a53 (adj 906): DHA:empty #25
05-10 04:45:04.685 W/system_server( 1612): kill(-25410, 9) failed: No such process
05-10 04:45:04.685 W/ChimeraUtils(24206): Non Chimera context
05-10 04:45:04.685 W/ChimeraUtils(24206): Non Chimera context
05-10 04:45:04.686 I/PTCommittedOperation(23863): Receive new configuration for com.google.android.gms.walletp2p.v2
05-10 04:45:04.691 W/system_server( 1612): kill(-25410, 9) failed: No such process
05-10 04:45:04.693 V/Surface (  683): sf_framedrop debug : 0x4f4c, game : false, logging : 0
05-10 04:45:04.696 I/qti_sensors_hal(  662): processReportInd: Accel - X: 9.901 Y: -0.160 Z: 1.429
05-10 04:45:04.696 W/system_server( 1612): kill(-25410, 9) failed: No such process
05-10 04:45:04.720 I/chatty  ( 1612): uid=1000(system) ActivityManager identical 4 lines
05-10 04:45:04.725 W/system_server( 1612): kill(-25410, 9) failed: No such process
05-10 04:45:04.727 I/ChromeSync(24206): [Sync,SyncIntentOperation] Handling the intent: Intent { act=com.google.android.gms.phenotype.COMMITTED flg=0x10 pkg=com.google.android.gms cmp=com.google.android.gms/.chimera.GmsIntentOperationService (has extras) }.
05-10 04:45:04.728 I/MdiSyncModule(24206): flag handling is skipping irrelevant intent.
05-10 04:45:04.729 W/ModuleInitIntentOp(24206): Dropping unexpected action com.google.android.gms.phenotype.COMMITTED
05-10 04:45:04.731 W/system_server( 1612): kill(-25410, 9) failed: No such process
05-10 04:45:04.737 I/chatty  ( 1612): uid=1000(system) ActivityManager identical 1 line
05-10 04:45:04.742 W/system_server( 1612): kill(-25410, 9) failed: No such process
05-10 04:45:04.742 I/system_server( 1612): Successfully killed process cgroup uid 10053 pid 25410 in 57ms
05-10 04:45:04.752 V/Surface (  683): sf_framedrop debug : 0x4f4c, game : false, logging : 0
05-10 04:45:04.797 I/PTCommittedOperation(23863): Receive new configuration for com.google.android.gms.phonesky_recovery
