05-10 04:42:40.961 I/ChromeSync(17325): [Sync,SyncIntentOperation] Handling the intent: Intent { act=com.google.android.gms.phenotype.COMMITTED flg=0x10 pkg=com.google.android.gms cmp=com.google.android.gms/.chimera.GmsIntentOperationService (has extras) }.
05-10 04:42:40.962 I/MdiSyncModule(17325): flag handling is skipping irrelevant intent.
05-10 04:42:40.963 W/ModuleInitIntentOp(17325): Dropping unexpected action com.google.android.gms.phenotype.COMMITTED
05-10 04:42:40.965 I/PTCommittedOperation(17188): Receive new configuration for com.google.android.gms.drive
05-10 04:42:40.985 I/Auth    (17188): [AuthManaged,PasswordComplexityHelperImpl] Updating password complexity components state.
05-10 04:42:40.985 I/Auth    (17188): [AuthManaged,PasswordComplexityHelperImpl] Disabling com.google.android.gms.auth.managed.admin.DeviceAdminReceiver
05-10 04:42:40.986 I/Auth    (17188): [AuthManaged,PasswordComplexityHelperImpl] Disabling com.google.android.gms.auth.managed.ui.SetNewPasswordActivity
05-10 04:42:40.989 I/ChromeSync(17325): [Sync,SyncIntentOperation] Handling the intent: Intent { act=com.google.android.gms.phenotype.COMMITTED flg=0x10 pkg=com.google.android.gms cmp=com.google.android.gms/.chimera.GmsIntentOperationService (has extras) }.
05-10 04:42:40.990 I/PTCommittedOperation(17188): Receive new configuration for com.google.android.gms.fonts
05-10 04:42:40.992 I/MdiSyncModule(17325): flag handling is skipping irrelevant intent.
05-10 04:42:40.993 W/ModuleInitIntentOp(17325): Dropping unexpected action com.google.android.gms.phenotype.COMMITTED
05-10 04:42:41.020 I/Auth    (17188): [AuthManaged,PasswordComplexityHelperImpl] Updating password complexity components state.
05-10 04:42:41.020 I/Auth    (17188): [AuthManaged,PasswordComplexityHelperImpl] Disabling com.google.android.gms.auth.managed.admin.DeviceAdminReceiver
05-10 04:42:41.021 I/Auth    (17188): [AuthManaged,PasswordComplexityHelperImpl] Disabling com.google.android.gms.auth.managed.ui.SetNewPasswordActivity
05-10 04:42:41.021 I/ChromeSync(17325): [Sync,SyncIntentOperation] Handling the intent: Intent { act=com.google.android.gms.phenotype.COMMITTED flg=0x10 pkg=com.google.android.gms cmp=com.google.android.gms/.chimera.GmsIntentOperationService (has extras) }.
05-10 04:42:41.023 I/MdiSyncModule(17325): flag handling is skipping irrelevant intent.
05-10 04:42:41.024 I/PTCommittedOperation(17188): Receive new configuration for com.google.android.gms.icing
05-10 04:42:41.025 W/ModuleInitIntentOp(17325): Dropping unexpected action com.google.android.gms.phenotype.COMMITTED
05-10 04:42:41.048 I/Auth    (17188): [AuthManaged,PasswordComplexityHelperImpl] Updating password complexity components state.
05-10 04:42:41.048 I/Auth    (17188): [AuthManaged,PasswordComplexityHelperImpl] Disabling com.google.android.gms.auth.managed.admin.DeviceAdminReceiver
05-10 04:42:41.049 I/Auth    (17188): [AuthManaged,PasswordComplexityHelperImpl] Disabling com.google.android.gms.auth.managed.ui.SetNewPasswordActivity
05-10 04:42:41.053 I/MobileDataHub(17325): Scheduling periodic tasks
05-10 04:42:41.058 I/ChromeSync(17325): [Sync,SyncIntentOperation] Handling the intent: Intent { act=com.google.android.gms.phenotype.COMMITTED flg=0x10 pkg=com.google.android.gms cmp=com.google.android.gms/.chimera.GmsIntentOperationService (has extras) }.
05-10 04:42:41.059 I/MdiSyncModule(17325): flag handling is skipping irrelevant intent.
05-10 04:42:41.061 W/ModuleInitIntentOp(17325): Dropping unexpected action com.google.android.gms.phenotype.COMMITTED
05-10 04:42:41.065 I/Icing   (17325): updateResources: need to parse acae{com.google.android.gms}
05-10 04:42:41.073 I/Auth    (17188): [AuthManaged,PasswordComplexityHelperImpl] Updating password complexity components state.
05-10 04:42:41.073 I/Auth    (17188): [AuthManaged,PasswordComplexityHelperImpl] Disabling com.google.android.gms.auth.managed.admin.DeviceAdminReceiver
05-10 04:42:41.074 I/Auth    (17188): [AuthManaged,PasswordComplexityHelperImpl] Disabling com.google.android.gms.auth.managed.ui.SetNewPasswordActivity
05-10 04:42:41.077 I/ChromeSync(17325): [Sync,SyncIntentOperation] Handling the intent: Intent { act=com.google.android.gms.phenotype.COMMITTED flg=0x10 pkg=com.google.android.gms cmp=com.google.android.gms/.chimera.GmsIntentOperationService (has extras) }.
05-10 04:42:41.079 I/PTCommittedOperation(17188): Receive new configuration for com.google.android.gms.droidguard
05-10 04:42:41.080 I/MdiSyncModule(17325): flag handling is skipping irrelevant intent.
05-10 04:42:41.082 W/ModuleInitIntentOp(17325): Dropping unexpected action com.google.android.gms.phenotype.COMMITTED
05-10 04:42:41.102 I/Auth    (17188): [AuthManaged,PasswordComplexityHelperImpl] Updating password complexity components state.
05-10 04:42:41.102 I/Auth    (17188): [AuthManaged,PasswordComplexityHelperImpl] Disabling com.google.android.gms.auth.managed.admin.DeviceAdminReceiver
05-10 04:42:41.103 I/Auth    (17188): [AuthManaged,PasswordComplexityHelperImpl] Disabling com.google.android.gms.auth.managed.ui.SetNewPasswordActivity
05-10 04:42:41.104 I/ChromeSync(17325): [Sync,SyncIntentOperation] Handling the intent: Intent { act=com.google.android.gms.phenotype.COMMITTED flg=0x10 pkg=com.google.android.gms cmp=com.google.android.gms/.chimera.GmsIntentOperationService (has extras) }.
05-10 04:42:41.105 I/PTCommittedOperation(17188): Receive new configuration for com.google.android.gms.recaptcha
05-10 04:42:41.106 I/MdiSyncModule(17325): flag handling is skipping irrelevant intent.
05-10 04:42:41.107 W/ModuleInitIntentOp(17325): Dropping unexpected action com.google.android.gms.phenotype.COMMITTED
05-10 04:42:41.121 I/Auth    (17188): [AuthManaged,PasswordComplexityHelperImpl] Updating password complexity components state.
05-10 04:42:41.121 I/Auth    (17188): [AuthManaged,PasswordComplexityHelperImpl] Disabling com.google.android.gms.auth.managed.admin.DeviceAdminReceiver
05-10 04:42:41.123 I/Auth    (17188): [AuthManaged,PasswordComplexityHelperImpl] Disabling com.google.android.gms.auth.managed.ui.SetNewPasswordActivity
05-10 04:42:41.124 I/ChromeSync(17325): [Sync,SyncIntentOperation] Handling the intent: Intent { act=com.google.android.gms.phenotype.COMMITTED flg=0x10 pkg=com.google.android.gms cmp=com.google.android.gms/.chimera.GmsIntentOperationService (has extras) }.
05-10 04:42:41.125 I/MdiSyncModule(17325): flag handling is skipping irrelevant intent.
05-10 04:42:41.125 W/ModuleInitIntentOp(17325): Dropping unexpected action com.google.android.gms.phenotype.COMMITTED
05-10 04:42:41.130 I/PTCommittedOperation(17188): Receive new configuration for com.google.android.gms.auth.api.credentials
05-10 04:42:41.130 I/Auth    (17188): [AuthManaged,PasswordComplexityHelperImpl] Updating password complexity components state.
05-10 04:42:41.130 I/Auth    (17188): [AuthManaged,PasswordComplexityHelperImpl] Disabling com.google.android.gms.auth.managed.admin.DeviceAdminReceiver
05-10 04:42:41.131 I/Auth    (17188): [AuthManaged,PasswordComplexityHelperImpl] Disabling com.google.android.gms.auth.managed.ui.SetNewPasswordActivity
05-10 04:42:41.154 I/Auth    (17188): [AuthManaged,PasswordComplexityHelperImpl] Updating password complexity components state.
05-10 04:42:41.154 I/Auth    (17188): [AuthManaged,PasswordComplexityHelperImpl] Disabling com.google.android.gms.auth.managed.admin.DeviceAdminReceiver
05-10 04:42:41.155 I/Auth    (17188): [AuthManaged,PasswordComplexityHelperImpl] Disabling com.google.android.gms.auth.managed.ui.SetNewPasswordActivity
05-10 04:42:41.156 I/ChromeSync(17325): [Sync,SyncIntentOperation] Handling the intent: Intent { act=com.google.android.gms.phenotype.COMMITTED flg=0x10 pkg=com.google.android.gms cmp=com.google.android.gms/.chimera.GmsIntentOperationService (has extras) }.
05-10 04:42:41.156 I/MdiSyncModule(17325): flag handling is skipping irrelevant intent.
05-10 04:42:41.157 W/ModuleInitIntentOp(17325): Dropping unexpected action com.google.android.gms.phenotype.COMMITTED
05-10 04:42:41.159 I/Auth    (17188): [AuthManaged,PasswordComplexityHelperImpl] Updating password complexity components state.
05-10 04:42:41.159 I/Auth    (17188): [AuthManaged,PasswordComplexityHelperImpl] Disabling com.google.android.gms.auth.managed.admin.DeviceAdminReceiver
05-10 04:42:41.159 I/PTCommittedOperation(17188): Receive new configuration for com.google.android.gms.smartdevice
05-10 04:42:41.160 I/Auth    (17188): [AuthManaged,PasswordComplexityHelperImpl] Disabling com.google.android.gms.auth.managed.ui.SetNewPasswordActivity
05-10 04:42:41.163 I/Auth    (17188): [AuthManaged,PasswordComplexityHelperImpl] Updating password complexity components state.
05-10 04:42:41.163 I/Auth    (17188): [AuthManaged,PasswordComplexityHelperImpl] Disabling com.google.android.gms.auth.managed.admin.DeviceAdminReceiver
05-10 04:42:41.164 I/Auth    (17188): [AuthManaged,PasswordComplexityHelperImpl] Disabling com.google.android.gms.auth.managed.ui.SetNewPasswordActivity
05-10 04:42:41.166 I/Auth    (17188): [AuthManaged,PasswordComplexityHelperImpl] Updating password complexity components state.
05-10 04:42:41.166 I/Auth    (17188): [AuthManaged,PasswordComplexityHelperImpl] Disabling com.google.android.gms.auth.managed.admin.DeviceAdminReceiver
05-10 04:42:41.167 I/Auth    (17188): [AuthManaged,PasswordComplexityHelperImpl] Disabling com.google.android.gms.auth.managed.ui.SetNewPasswordActivity
05-10 04:42:41.824 I/System.out( 9919): Total Memory 3550
05-10 04:42:41.820 I/GraphitePosting( 9919): type=1400 audit(0.0:10615): avc: denied { read } for name="loadavg" dev="proc" ino=4026532125 scontext=u:r:untrusted_app_25:s0:c512,c768 tcontext=u:object_r:proc_loadavg:s0 tclass=file permissive=1
05-10 04:42:41.820 I/GraphitePosting( 9919): type=1400 audit(0.0:10616): avc: denied { open } for path="/proc/loadavg" dev="proc" ino=4026532125 scontext=u:r:untrusted_app_25:s0:c512,c768 tcontext=u:object_r:proc_loadavg:s0 tclass=file permissive=1
05-10 04:42:41.824 I/System.out( 9919): Free mem 1742
05-10 04:42:41.820 I/GraphitePosting( 9919): type=1400 audit(0.0:10618): avc: denied { open } for path="/proc/stat" dev="proc" ino=4026532127 scontext=u:r:untrusted_app_25:s0:c512,c768 tcontext=u:object_r:proc_stat:s0 tclass=file permissive=1
05-10 04:42:42.186 I/System.out( 9919): 8551220 8551504 7043783 7043947
05-10 04:42:38.837 V/SettingsProvider( 1220): Notifying for 0: content://settings/system/gearhead:driving_mode_settings_enabled
05-10 04:42:42.212 I/ActivityManager( 1220): Killing 17286:com.google.android.partnersetup/u0a26 (adj 906): empty #17
05-10 04:42:42.213 W/libprocessgroup( 1220): kill(-17286, 9) failed: No such process
05-10 04:42:42.214 I/Finsky  (14372): [2] JobSchedulerEngine$PhoneskyJobSchedulerJobService.onStartJob(3): SCH: onJobSchedulerWakeup with jobId 9002
05-10 04:42:42.215 I/Finsky  (14372): [2] upn.a(19): Scheduling fallback job with id: 9034, and delay: 43200000 ms
05-10 04:42:42.216 I/Finsky  (14372): [2] upn.a(9): Scheduling fallback in 64800000 (absolute: 75568715)
05-10 04:42:42.227 W/libprocessgroup( 1220): kill(-17286, 9) failed: No such process
05-10 04:42:42.235 I/Zygote  (  761): Process 17286 exited due to signal (9)
05-10 04:42:42.245 I/Finsky  (14372): [2] upw.handleMessage(6): SCH: DeviceState: DeviceState{currentTime=1589085762235, isCharging=true, isIdle=false, netAny=true, netNotRoaming=true, netUnmetered=true, batteryPercent=100.0}
05-10 04:42:42.248 I/Finsky  (14372): [2602] usk.a(7): SCH: Jobs in database: 1-1337 12-1 26-1414141414 31-305419896
05-10 04:42:42.251 I/Finsky  (14372): [2] upx.a(18): SCH: Running job: 12-1
05-10 04:42:42.251 I/Finsky  (14372): [2] ContentSyncJob.a(14): ContentSyncJob started
05-10 04:42:42.252 I/Finsky  (14372): [2] upw.handleMessage(57): SCH: RunningQueue size: 1, PendingQueue size: 0
05-10 04:42:42.252 I/Finsky  (14372): [2] upw.handleMessage(60): SCH: Running queue: 12-1
05-10 04:42:42.270 W/libprocessgroup( 1220): kill(-17286, 9) failed: No such process
05-10 04:42:42.270 I/libprocessgroup( 1220): Successfully killed process cgroup uid 10026 pid 17286 in 57ms
05-10 04:42:42.497 I/Finsky  (14372): [2606] lhn.run(4): Wrote 196 rows to frosting DB
05-10 04:42:42.588 I/Finsky  (14372): [2615] eev.a(29): Completed 0 account content syncs with 0 successful.
05-10 04:42:42.588 I/Finsky  (14372): [2] ContentSyncJob.a(12): Installation state replication succeeded.
05-10 04:42:42.588 I/Finsky  (14372): [2] urh.a(16): SCH: jobFinished: 12-1. TimeElapsed: 336ms.
05-10 04:42:42.589 I/Finsky  (14372): [2] upx.a(36): SCH: Job 12-1 finished. Not rescheduling.
05-10 04:42:42.589 I/Finsky  (14372): [2] upw.handleMessage(57): SCH: RunningQueue size: 0, PendingQueue size: 0
05-10 04:42:42.589 I/Finsky  (14372): [2] upw.handleMessage(23): Executor finished
05-10 04:42:42.596 I/Finsky  (14372): [2] usk.a(7): SCH: Jobs in database: 1-1337 26-1414141414 31-305419896
05-10 04:42:42.602 I/Finsky  (14372): [2] uoh.a(56): SCH: ConstraintMapping: 1-1337, 31-305419896,  -> L: 10360ms, D: 13444332ms, C: false, I: false, N: 1
05-10 04:42:42.602 I/Finsky  (14372): [2] uoh.a(56): SCH: ConstraintMapping: 26-1414141414,  -> L: 554033ms, D: 1454033ms, C: false, I: false, N: 0
05-10 04:42:42.605 I/Finsky  (14372): [2] uqu.a(35): Cancelling existing jobscheduler jobs: 9003 
05-10 04:42:42.605 I/Finsky  (14372): [2] uqu.a(12): Throttling wakeup for job 9000 (expected to run in 10360 ms) due to recent wakeup
05-10 04:42:42.606 I/Finsky  (14372): [2] uqu.a(28): Scheduling job Id: 9000, L: 30000, D: 13444332, C: false, I: false, N: 1
05-10 04:42:42.608 I/Finsky  (14372): [2] uqu.a(28): Scheduling job Id: 9001, L: 554033, D: 1454033, C: false, I: false, N: 0
05-10 04:42:42.910 I/NetworkManagementSocketTagger(17188): tagSocketFd(-1, 805307399, -1) failed with errno-9
05-10 04:42:42.911 W/GCM     (17188): socket file descriptor unavailable.
05-10 04:42:42.988 E/GCM     (17188): Missing checkin config file
05-10 04:42:42.988 W/GCM     (17188): GCM FAILED TO INITIALIZE - missing checkin
05-10 04:42:42.989 E/GCM     (17188): Missing checkin config file
05-10 04:42:42.989 W/GCM     (17188): GCM FAILED TO INITIALIZE - missing checkin
05-10 04:42:42.997 E/WakeLock(17188): GCM_HB_ALARM release without a matched acquire!
05-10 04:42:42.997 W/WakeLock(17188): GCM_HB_ALARM counter does not exist
05-10 04:42:43.004 I/NetworkManagementSocketTagger(17188): tagSocketFd(-1, 805307399, -1) failed with errno-9
05-10 04:42:43.005 W/GCM     (17188): socket file descriptor unavailable.
05-10 04:42:43.258 E/GCM     (17188): Missing checkin config file
05-10 04:42:43.259 W/GCM     (17188): GCM FAILED TO INITIALIZE - missing checkin
05-10 04:42:43.260 E/GCM     (17188): Missing checkin config file
05-10 04:42:43.260 W/GCM     (17188): GCM FAILED TO INITIALIZE - missing checkin
05-10 04:42:43.266 E/WakeLock(17188): GCM_HB_ALARM release without a matched acquire!
05-10 04:42:43.266 W/WakeLock(17188): GCM_HB_ALARM counter does not exist
05-10 04:42:43.267 D/ConnectivityService( 1220): reportNetworkConnectivity(100, false) by 10021
05-10 04:42:43.267 D/NetworkMonitor/NetworkAgentInfo [WIFI () - 100]( 1220): Forcing reevaluation for UID 10021
05-10 04:42:43.271 D/NetworkMonitor/NetworkAgentInfo [WIFI () - 100]( 1220): PROBE_DNS www.google.com 3ms OK 74.125.136.105
05-10 04:42:43.272 D/NetworkMonitor/NetworkAgentInfo [WIFI () - 100]( 1220): PROBE_DNS connectivitycheck.gstatic.com 4ms OK 74.125.21.94
05-10 04:42:43.290 D/NetworkMonitor/NetworkAgentInfo [WIFI () - 100]( 1220): PROBE_HTTPS https://www.google.com/generate_204 time=19ms ret=204 request={User-Agent=[Mozilla/5.0 (X11; Linux x86_64) AppleWebKit/537.36 (KHTML, like Gecko) Chrome/60.0.3112.32 Safari/537.36]} headers={null=[HTTP/1.1 204 No Content], Alt-Svc=[h3-27=":443"; ma=2592000,h3-25=":443"; ma=2592000,h3-Q050=":443"; ma=2592000,h3-Q049=":443"; ma=2592000,h3-Q048=":443"; ma=2592000,h3-Q046=":443"; ma=2592000,h3-Q043=":443"; ma=2592000,quic=":443"; ma=2592000; v="46,43"], Content-Length=[0], Date=[Sun, 10 May 2020 04:42:43 GMT], X-Android-Received-Millis=[1589085763289], X-Android-Response-Source=[NETWORK 204], X-Android-Selected-Protocol=[http/1.1], X-Android-Sent-Millis=[1589085763271]}
05-10 04:42:43.290 D/ConnectivityService( 1220): NetworkAgentInfo [WIFI () - 100] validation passed
05-10 04:42:43.292 D/NetworkMonitor/NetworkAgentInfo [WIFI () - 100]( 1220): PROBE_HTTP http://connectivitycheck.gstatic.com/generate_204 time=19ms ret=204 request={User-Agent=[Mozilla/5.0 (X11; Linux x86_64) AppleWebKit/537.36 (KHTML, like Gecko) Chrome/60.0.3112.32 Safari/537.36]} headers={null=[HTTP/1.1 204 No Content], Content-Length=[0], Date=[Sun, 10 May 2020 04:42:43 GMT], Proxy-Connection=[keep-alive], X-Android-Received-Millis=[1589085763292], X-Android-Response-Source=[NETWORK 204], X-Android-Selected-Protocol=[http/1.1], X-Android-Sent-Millis=[1589085763273]}
05-10 04:42:43.922 I/ActivityManager( 1220): Killing 17162:com.android.defcontainer/u0a39 (adj 906): empty #17
05-10 04:42:43.923 W/libprocessgroup( 1220): kill(-17162, 9) failed: No such process
05-10 04:42:43.938 I/Zygote  (  761): Process 17162 exited due to signal (9)
05-10 04:42:43.966 W/libprocessgroup( 1220): kill(-17162, 9) failed: No such process
05-10 04:42:43.966 I/libprocessgroup( 1220): Successfully killed process cgroup uid 10039 pid 17162 in 43ms
05-10 04:42:44.134 I/Binder:748_2(  748): type=1400 audit(0.0:10624): avc: denied { associate } for name="globalAlert" scontext=u:object_r:proc_net:s0 tcontext=u:object_r:proc:s0 tclass=filesystem permissive=1
05-10 04:42:44.388 I/ChmraDebugLogger(17325): [78] null
05-10 04:42:44.472 I/DynamiteModule(17325): Considering local module com.google.android.gms.cronet_dynamite:0 and remote module com.google.android.gms.cronet_dynamite:1311
05-10 04:42:44.472 I/DynamiteModule(17325): Selected remote version of com.google.android.gms.cronet_dynamite, version >= 1311
05-10 04:42:44.478 I/ChmraDebugLogger(17325): [71] Cronetdynamite
05-10 04:42:44.481 W/gle.android.gm(17325): Unsupported class loader
05-10 04:42:44.482 W/gle.android.gm(17325): Skipping duplicate class check due to unsupported classloader
05-10 04:42:44.497 I/cr_CronetLibraryLoader(17325): Cronet version: 80.0.3987.149, arch: armv8l
05-10 04:42:44.497 D/ConnectivityService( 1220): requestNetwork for uid/pid:10021/17325 NetworkRequest [ TRACK_DEFAULT id=606, [ Capabilities: INTERNET&NOT_RESTRICTED&TRUSTED Unwanted:  Uid: 10021] ]
05-10 04:42:44.498 D/WIFI_UT ( 1220): got request NetworkRequest [ TRACK_DEFAULT id=606, [ Capabilities: INTERNET&NOT_RESTRICTED&TRUSTED Unwanted:  Uid: 10021] ] with score 60
05-10 04:42:44.498 D/Ethernet( 1220): got request NetworkRequest [ TRACK_DEFAULT id=606, [ Capabilities: INTERNET&NOT_RESTRICTED&TRUSTED Unwanted:  Uid: 10021] ] with score 60
05-10 04:42:44.498 D/WIFI    ( 1220): got request NetworkRequest [ TRACK_DEFAULT id=606, [ Capabilities: INTERNET&NOT_RESTRICTED&TRUSTED Unwanted:  Uid: 10021] ] with score 60
05-10 04:42:44.499 D/WIFI_AWARE_FACTORY( 1220): got request NetworkRequest [ TRACK_DEFAULT id=606, [ Capabilities: INTERNET&NOT_RESTRICTED&TRUSTED Unwanted:  Uid: 10021] ] with score 60
05-10 04:42:44.499 D/PhoneSwitcherNetworkRequstListener( 4980): got request NetworkRequest [ TRACK_DEFAULT id=606, [ Capabilities: INTERNET&NOT_RESTRICTED&TRUSTED Unwanted:  Uid: 10021] ] with score 60
05-10 04:42:44.514 I/Binder:748_2(  748): type=1400 audit(0.0:10625): avc: denied { create } for name="globalAlert" scontext=u:r:netd:s0 tcontext=u:object_r:proc_net:s0 tclass=file permissive=1
05-10 04:42:44.529 I/Finsky  (14372): [2489] adcs.a(74): Module info request for [# atkl@62fc54e4] modules from package com.google.android.gms v=201515030 hasAccount:false authEnabled:false
05-10 04:42:44.534 E/Finsky  (14372): [2514] grv.a(5): Unexpected android-id = 0
05-10 04:42:44.543 E/Finsky  (14372): [2514] iru.a(17): Unable to fetch checkin consistency token: empty token
05-10 04:42:44.544 I/Finsky  (14372): [2514] irm.c(2): Account name null when calculating account hash
05-10 04:42:44.557 I/Binder:748_2(  748): type=1400 audit(0.0:10626): avc: denied { add_name } for name="globalAlert" scontext=u:r:netd:s0 tcontext=u:object_r:proc_net:s0 tclass=dir permissive=1
05-10 04:42:44.579 E/Volley  (14372): [2514] ble.a: Unexpected response code 400 for https://android.clients.google.com/fdfe/moduleDelivery
05-10 04:42:44.580 W/Finsky  (14372): [2] adce.a(2): Error while loading ModuleDelivery: DisplayErrorMessage[Error retrieving information from server. DF-DFERH-01]
05-10 04:42:44.583 E/DynamicModuleDownloader(17325): Zapp module request failed: 1,-5007
05-10 04:42:44.583 I/ChmraDebugLogger(17325): [30] VisionOcr.optional:201515100400 permitMetered=true,
05-10 04:42:44.591 I/ChimeraConfigService(17325): Scheduling checkin for one-off execution between [3300,43200] seconds from now (1589085764591)
05-10 04:42:44.611 I/ModuleSetMgr(17325): Computing pending module set with APKs: [[AdsFdrDynamite.integ:21207000008], [Cronetdynamite:201515100408], [Dynamiteloader:201515100008], [Dynamitemodulesa:201515100008], [Dynamitemodulesc:201515100008], [Googlecertificates:201515100008], [Mapsdynamite:201515100008], [Measurementdynamite:201515100008]]
05-10 04:42:44.679 I/ModuleSetMgr(17325): Pending container module APKs: []
05-10 04:42:44.679 I/ModuleSetMgr(17325): Pending non-container module APKs: []
05-10 04:42:44.677 I/tor     (19723): type=1400 audit(0.0:10627): avc: denied { ioctl } for path="socket:[4212613]" dev="sockfs" ino=4212613 ioctlcmd=0x894b scontext=u:r:untrusted_app:s0:c78,c257,c512,c768 tcontext=u:r:untrusted_app:s0:c78,c257,c512,c768 tclass=tcp_socket permissive=1
05-10 04:42:44.702 I/ChimeraConfigurator(17325): Update complete: success
05-10 04:42:46.707 I/tor     (19723): type=1400 audit(0.0:10628): avc: denied { ioctl } for path="socket:[4212618]" dev="sockfs" ino=4212618 ioctlcmd=0x894b scontext=u:r:untrusted_app:s0:c78,c257,c512,c768 tcontext=u:r:untrusted_app:s0:c78,c257,c512,c768 tclass=tcp_socket permissive=1
05-10 04:42:46.960 I/Binder:748_2(  748): type=1400 audit(0.0:10629): avc: denied { associate } for name="globalAlert" scontext=u:object_r:proc_net:s0 tcontext=u:object_r:proc:s0 tclass=filesystem permissive=1
05-10 04:42:48.087 I/Binder:748_2(  748): type=1400 audit(0.0:10630): avc: denied { create } for name="globalAlert" scontext=u:r:netd:s0 tcontext=u:object_r:proc_net:s0 tclass=file permissive=1
05-10 04:42:48.237 D/ImsResolver( 4980): maybeAddedImsService, packageName: com.google.android.gms
05-10 04:42:48.247 I/Binder:748_2(  748): type=1400 audit(0.0:10631): avc: denied { add_name } for name="globalAlert" scontext=u:r:netd:s0 tcontext=u:object_r:proc_net:s0 tclass=dir permissive=1
05-10 04:42:48.257 I/InputReader( 1220): Reconfiguring input devices.  changes=0x00000010
05-10 04:42:48.257 D/RegisteredNfcFServicesCache( 5604): Service unchanged, not updating
05-10 04:42:48.263 W/system_server( 1220): resources.arsc in APK '/data/app/com.facebook.katana-YkXMgY505moo7NL7dfraDQ==/base.apk' is compressed.
05-10 04:42:48.265 E/PhoneInterfaceManager( 4980): [PhoneIntfMgr] getCarrierPackageNamesForIntent: No UICC
05-10 04:42:48.265 D/CarrierSvcBindHelper( 4980): No carrier app for: 0
05-10 04:42:48.299 I/Fitness (17188): FitCleanupIntentOperation received Intent android.intent.action.PACKAGE_CHANGED [CONTEXT service_id=17 ]
05-10 04:42:48.301 I/Icing   (17325): updateResources: need to parse acae{com.google.android.gms}
05-10 04:42:48.310 I/Icing   (17325): IndexChimeraService.getServiceInterface callingPackage=com.google.android.gms componentName=AppsCorpus serviceId=36
05-10 04:42:48.322 I/Fitness (17188): OnPackageChangedOperation got intent: Intent { act=android.intent.action.PACKAGE_CHANGED dat=package:com.google.android.gms flg=0x45000010 cmp=com.google.android.gms/.chimera.PersistentIntentOperationService (has extras) } [CONTEXT service_id=17 ]
05-10 04:42:48.327 I/Telecom ( 1220): DefaultDialerCache: Refreshing default dialer for user 0: now com.google.android.dialer: DDC.oR@BnE
05-10 04:42:48.370 W/Icing   (17325): No valid account for uploading user actions
05-10 04:42:48.380 I/Icing   (17325): Usage reports ok 0, Failed Usage reports 0, indexed 0, rejected 0
05-10 04:42:48.389 I/Icing   (17325): IndexChimeraService.getServiceInterface callingPackage=com.google.android.gms componentName=null serviceId=30
05-10 04:42:48.393 W/Icing   (17325): No valid account for uploading user actions
05-10 04:42:48.398 I/Icing   (17325): Usage reports ok 0, Failed Usage reports 0, indexed 0, rejected 0
05-10 04:42:48.428 W/Binder  ( 1220): Outgoing transactions from this process must be FLAG_ONEWAY
05-10 04:42:48.428 W/Binder  ( 1220): java.lang.Throwable
05-10 04:42:48.428 W/Binder  ( 1220): 	at android.os.BinderProxy.transact(Binder.java:1114)
05-10 04:42:48.428 W/Binder  ( 1220): 	at com.android.internal.location.ILocationProvider$Stub$Proxy.getProperties(ILocationProvider.java:236)
05-10 04:42:48.428 W/Binder  ( 1220): 	at com.android.server.location.LocationProviderProxy$1$1.run(LocationProviderProxy.java:117)
05-10 04:42:48.428 W/Binder  ( 1220): 	at com.android.server.ServiceWatcher.runOnBinder(ServiceWatcher.java:425)
05-10 04:42:48.428 W/Binder  ( 1220): 	at com.android.server.location.LocationProviderProxy$1.run(LocationProviderProxy.java:111)
05-10 04:42:48.428 W/Binder  ( 1220): 	at android.os.Handler.handleCallback(Handler.java:873)
05-10 04:42:48.428 W/Binder  ( 1220): 	at android.os.Handler.dispatchMessage(Handler.java:99)
05-10 04:42:48.428 W/Binder  ( 1220): 	at android.os.Looper.loop(Looper.java:193)
05-10 04:42:48.428 W/Binder  ( 1220): 	at android.os.HandlerThread.run(HandlerThread.java:65)
05-10 04:42:48.428 W/Binder  ( 1220): Outgoing transactions from this process must be FLAG_ONEWAY
05-10 04:42:48.428 W/Binder  ( 1220): java.lang.Throwable
05-10 04:42:48.428 W/Binder  ( 1220): 	at android.os.BinderProxy.transact(Binder.java:1114)
05-10 04:42:48.428 W/Binder  ( 1220): 	at com.android.internal.location.ILocationProvider$Stub$Proxy.getProperties(ILocationProvider.java:236)
05-10 04:42:48.428 W/Binder  ( 1220): 	at com.android.server.location.LocationProviderProxy$1$1.run(LocationProviderProxy.java:117)
05-10 04:42:48.428 W/Binder  ( 1220): 	at com.android.server.ServiceWatcher.runOnBinder(ServiceWatcher.java:425)
05-10 04:42:48.428 W/Binder  ( 1220): 	at com.android.server.location.LocationProviderProxy$1.run(LocationProviderProxy.java:111)
05-10 04:42:48.428 W/Binder  ( 1220): 	at android.os.Handler.handleCallback(Handler.java:873)
05-10 04:42:48.428 W/Binder  ( 1220): 	at android.os.Handler.dispatchMessage(Handler.java:99)
05-10 04:42:48.428 W/Binder  ( 1220): 	at android.os.Looper.loop(Looper.java:193)
05-10 04:42:48.428 W/Binder  ( 1220): 	at android.os.HandlerThread.run(HandlerThread.java:65)
05-10 04:42:49.137 I/CheckinCompat(17325): No service .update.SystemUpdateService to disable
05-10 04:42:49.138 I/CheckinCompat(17325): No service .checkin.EventLogService to disable
05-10 04:42:49.139 I/CheckinCompat(17325): No service .checkin.EventLogService$Receiver to disable
05-10 04:42:49.139 I/CheckinCompat(17325): Done disabling old GoogleServicesFramework version
05-10 04:42:49.384 I/Icing   (17325): Indexing com.google.android.gms-apps from com.google.android.gms
05-10 04:42:49.391 I/Icing   (17325): Indexing done com.google.android.gms-apps
05-10 04:42:49.477 I/Vision  (17325): Requesting optional module download of ocr.
05-10 04:42:49.478 I/Vision  (17325): Checking for download completion for 10785977 -- ocr
05-10 04:42:50.984 I/tor     (19723): type=1400 audit(0.0:10632): avc: denied { ioctl } for path="socket:[4215149]" dev="sockfs" ino=4215149 ioctlcmd=0x894b scontext=u:r:untrusted_app:s0:c78,c257,c512,c768 tcontext=u:r:untrusted_app:s0:c78,c257,c512,c768 tclass=tcp_socket permissive=1
05-10 04:42:51.290 I/Binder:748_2(  748): type=1400 audit(0.0:10633): avc: denied { associate } for name="globalAlert" scontext=u:object_r:proc_net:s0 tcontext=u:object_r:proc:s0 tclass=filesystem permissive=1
05-10 04:42:52.854 I/Binder:748_2(  748): type=1400 audit(0.0:10634): avc: denied { add_name } for name="globalAlert" scontext=u:r:netd:s0 tcontext=u:object_r:proc_net:s0 tclass=dir permissive=1
05-10 04:42:52.854 I/Binder:748_2(  748): type=1400 audit(0.0:10635): avc: denied { create } for name="globalAlert" scontext=u:r:netd:s0 tcontext=u:object_r:proc_net:s0 tclass=file permissive=1
05-10 04:42:53.648 I/ActivityManager( 1220): Killing 17379:com.google.android.apps.photos/u0a80 (adj 906): empty #17
05-10 04:42:53.649 W/libprocessgroup( 1220): kill(-17379, 9) failed: No such process
05-10 04:42:53.672 I/Zygote  (  761): Process 17379 exited due to signal (9)
05-10 04:42:53.693 W/libprocessgroup( 1220): kill(-17379, 9) failed: No such process
05-10 04:42:53.693 I/libprocessgroup( 1220): Successfully killed process cgroup uid 10080 pid 17379 in 43ms
05-10 04:42:55.795 I/ActivityManager( 1220): Killing 17439:com.facebook.katana/u0a160 (adj 906): empty #17
05-10 04:42:55.798 W/libprocessgroup( 1220): kill(-17439, 9) failed: No such process
05-10 04:42:55.841 W/libprocessgroup( 1220): kill(-17439, 9) failed: No such process
05-10 04:42:55.841 I/libprocessgroup( 1220): Successfully killed process cgroup uid 10160 pid 17439 in 43ms
05-10 04:42:55.841 I/Zygote  (  762): Process 17439 exited due to signal (9)
05-10 04:42:59.479 I/ActivityManager( 1220): Killing 19620:com.google.android.youtube/u0a85 (adj 906): empty #17
05-10 04:42:59.481 W/libprocessgroup( 1220): kill(-19620, 9) failed: No such process
05-10 04:42:59.493 I/Vision  (17325): Requesting optional module download of ocr.
05-10 04:42:59.494 I/Vision  (17325): Checking for download completion for 10795993 -- ocr
05-10 04:42:59.519 D/ConnectivityService( 1220): ConnectivityService NetworkRequestInfo binderDied(NetworkRequest [ LISTEN id=604, [ Capabilities: INTERNET&NOT_RESTRICTED&TRUSTED Unwanted:  Uid: 10085] ], android.os.BinderProxy@4756804)
05-10 04:42:59.522 I/Zygote  (  761): Process 19620 exited due to signal (9)
05-10 04:42:59.522 I/ActivityManager( 1220): Killing 19969:com.google.intelligence.sense/u0a25 (adj 906): empty #17
05-10 04:42:59.526 I/libprocessgroup( 1220): Successfully killed process cgroup uid 10085 pid 19620 in 45ms
05-10 04:42:59.526 W/libprocessgroup( 1220): kill(-19969, 9) failed: No such process
05-10 04:42:59.527 I/Binder:748_2(  748): type=1400 audit(0.0:10636): avc: denied { associate } for name="globalAlert" scontext=u:object_r:proc_net:s0 tcontext=u:object_r:proc:s0 tclass=filesystem permissive=1
05-10 04:42:59.539 I/Zygote  (  761): Process 19969 exited due to signal (9)
05-10 04:42:59.559 W/libprocessgroup( 1220): kill(-19969, 9) failed: No such process
05-10 04:42:59.559 I/libprocessgroup( 1220): Successfully killed process cgroup uid 10025 pid 19969 in 32ms
05-10 04:42:59.697 I/Binder:748_2(  748): type=1400 audit(0.0:10637): avc: denied { create } for name="globalAlert" scontext=u:r:netd:s0 tcontext=u:object_r:proc_net:s0 tclass=file permissive=1
05-10 04:43:00.000 I/Binder:748_2(  748): type=1400 audit(0.0:10638): avc: denied { add_name } for name="globalAlert" scontext=u:r:netd:s0 tcontext=u:object_r:proc_net:s0 tclass=dir permissive=1
05-10 04:43:03.295 I/NetworkManagementSocketTagger(17188): tagSocketFd(-1, 805307399, -1) failed with errno-9
05-10 04:43:03.296 W/GCM     (17188): socket file descriptor unavailable.
05-10 04:43:03.359 E/GCM     (17188): Missing checkin config file
05-10 04:43:03.359 W/GCM     (17188): GCM FAILED TO INITIALIZE - missing checkin
05-10 04:43:03.361 E/GCM     (17188): Missing checkin config file
05-10 04:43:03.361 W/GCM     (17188): GCM FAILED TO INITIALIZE - missing checkin
05-10 04:43:03.365 E/WakeLock(17188): GCM_HB_ALARM release without a matched acquire!
05-10 04:43:03.365 W/WakeLock(17188): GCM_HB_ALARM counter does not exist
05-10 04:43:03.369 I/NetworkManagementSocketTagger(17188): tagSocketFd(-1, 805307399, -1) failed with errno-9
05-10 04:43:03.369 W/GCM     (17188): socket file descriptor unavailable.
05-10 04:43:03.675 E/GCM     (17188): Missing checkin config file
05-10 04:43:03.676 W/GCM     (17188): GCM FAILED TO INITIALIZE - missing checkin
05-10 04:43:03.676 E/GCM     (17188): Missing checkin config file
05-10 04:43:03.676 W/GCM     (17188): GCM FAILED TO INITIALIZE - missing checkin
05-10 04:43:03.680 E/WakeLock(17188): GCM_HB_ALARM release without a matched acquire!
05-10 04:43:03.680 W/WakeLock(17188): GCM_HB_ALARM counter does not exist
05-10 04:43:03.681 D/ConnectivityService( 1220): reportNetworkConnectivity(100, false) by 10021
05-10 04:43:03.681 D/NetworkMonitor/NetworkAgentInfo [WIFI () - 100]( 1220): Forcing reevaluation for UID 10021
05-10 04:43:03.684 D/NetworkMonitor/NetworkAgentInfo [WIFI () - 100]( 1220): PROBE_DNS connectivitycheck.gstatic.com 2ms OK 74.125.21.94
05-10 04:43:03.686 D/NetworkMonitor/NetworkAgentInfo [WIFI () - 100]( 1220): PROBE_DNS www.google.com 4ms OK 74.125.136.104
05-10 04:43:03.703 D/NetworkMonitor/NetworkAgentInfo [WIFI () - 100]( 1220): PROBE_HTTP http://connectivitycheck.gstatic.com/generate_204 time=19ms ret=204 request={User-Agent=[Mozilla/5.0 (X11; Linux x86_64) AppleWebKit/537.36 (KHTML, like Gecko) Chrome/60.0.3112.32 Safari/537.36]} headers={null=[HTTP/1.1 204 No Content], Content-Length=[0], Date=[Sun, 10 May 2020 04:43:03 GMT], Proxy-Connection=[keep-alive], X-Android-Received-Millis=[1589085783703], X-Android-Response-Source=[NETWORK 204], X-Android-Selected-Protocol=[http/1.1], X-Android-Sent-Millis=[1589085783684]}
05-10 04:43:03.705 D/NetworkMonitor/NetworkAgentInfo [WIFI () - 100]( 1220): PROBE_HTTPS https://www.google.com/generate_204 time=18ms ret=204 request={User-Agent=[Mozilla/5.0 (X11; Linux x86_64) AppleWebKit/537.36 (KHTML, like Gecko) Chrome/60.0.3112.32 Safari/537.36]} headers={null=[HTTP/1.1 204 No Content], Alt-Svc=[h3-27=":443"; ma=2592000,h3-25=":443"; ma=2592000,h3-Q050=":443"; ma=2592000,h3-Q049=":443"; ma=2592000,h3-Q048=":443"; ma=2592000,h3-Q046=":443"; ma=2592000,h3-Q043=":443"; ma=2592000,quic=":443"; ma=2592000; v="46,43"], Content-Length=[0], Date=[Sun, 10 May 2020 04:43:03 GMT], X-Android-Received-Millis=[1589085783704], X-Android-Response-Source=[NETWORK 204], X-Android-Selected-Protocol=[http/1.1], X-Android-Sent-Millis=[1589085783687]}
05-10 04:43:03.705 D/ConnectivityService( 1220): NetworkAgentInfo [WIFI () - 100] validation passed
05-10 04:43:05.600 I/tor     (19723): type=1400 audit(0.0:10639): avc: denied { ioctl } for path="socket:[4215149]" dev="sockfs" ino=4215149 ioctlcmd=0x894b scontext=u:r:untrusted_app:s0:c78,c257,c512,c768 tcontext=u:r:untrusted_app:s0:c78,c257,c512,c768 tclass=tcp_socket permissive=1
05-10 04:43:06.087 I/Binder:748_2(  748): type=1400 audit(0.0:10640): avc: denied { associate } for name="globalAlert" scontext=u:object_r:proc_net:s0 tcontext=u:object_r:proc:s0 tclass=filesystem permissive=1
05-10 04:43:06.538 I/ActivityManager( 1220): Killing 20012:com.android.vending:instant_app_installer/u0a56 (adj 906): empty #17
05-10 04:43:06.538 I/ActivityManager( 1220): Killing 19915:com.google.android.as:nonpersistent/u0a28 (adj 906): empty #18
05-10 04:43:06.539 W/libprocessgroup( 1220): kill(-20012, 9) failed: No such process
05-10 04:43:06.560 D/ConnectivityService( 1220): ConnectivityService NetworkRequestInfo binderDied(NetworkRequest [ LISTEN id=605, [ Capabilities: INTERNET&NOT_RESTRICTED&TRUSTED Unwanted:  Uid: 10028] ], android.os.BinderProxy@5da2b3)
05-10 04:43:06.560 I/Zygote  (  762): Process 19915 exited due to signal (9)
05-10 04:43:06.572 W/libprocessgroup( 1220): kill(-20012, 9) failed: No such process
05-10 04:43:06.575 I/Zygote  (  762): Process 20012 exited due to signal (9)
05-10 04:43:06.610 W/libprocessgroup( 1220): kill(-20012, 9) failed: No such process
05-10 04:43:06.610 I/libprocessgroup( 1220): Successfully killed process cgroup uid 10056 pid 20012 in 70ms
05-10 04:43:06.610 W/libprocessgroup( 1220): kill(-19915, 9) failed: No such process
05-10 04:43:06.610 I/libprocessgroup( 1220): Successfully killed process cgroup uid 10028 pid 19915 in 0ms
05-10 04:43:07.350 I/Binder:748_2(  748): type=1400 audit(0.0:10641): avc: denied { create } for name="globalAlert" scontext=u:r:netd:s0 tcontext=u:object_r:proc_net:s0 tclass=file permissive=1
05-10 04:43:07.620 I/Binder:748_2(  748): type=1400 audit(0.0:10642): avc: denied { add_name } for name="globalAlert" scontext=u:r:netd:s0 tcontext=u:object_r:proc_net:s0 tclass=dir permissive=1
05-10 04:43:09.505 I/Vision  (17325): Requesting optional module download of ocr.
05-10 04:43:09.506 I/Vision  (17325): Checking for download completion for 10806005 -- ocr
05-10 04:43:12.446 I/System.out( 9919): Total Memory 3550
05-10 04:43:12.444 I/GraphitePosting( 9919): type=1400 audit(0.0:10643): avc: denied { read } for name="loadavg" dev="proc" ino=4026532125 scontext=u:r:untrusted_app_25:s0:c512,c768 tcontext=u:object_r:proc_loadavg:s0 tclass=file permissive=1
05-10 04:43:12.444 I/GraphitePosting( 9919): type=1400 audit(0.0:10644): avc: denied { open } for path="/proc/loadavg" dev="proc" ino=4026532125 scontext=u:r:untrusted_app_25:s0:c512,c768 tcontext=u:object_r:proc_loadavg:s0 tclass=file permissive=1
05-10 04:43:12.444 I/GraphitePosting( 9919): type=1400 audit(0.0:10645): avc: denied { getattr } for path="/proc/loadavg" dev="proc" ino=4026532125 scontext=u:r:untrusted_app_25:s0:c512,c768 tcontext=u:object_r:proc_loadavg:s0 tclass=file permissive=1
05-10 04:43:12.444 I/GraphitePosting( 9919): type=1400 audit(0.0:10646): avc: denied { open } for path="/proc/stat" dev="proc" ino=4026532127 scontext=u:r:untrusted_app_25:s0:c512,c768 tcontext=u:object_r:proc_stat:s0 tclass=file permissive=1
05-10 04:43:12.444 I/GraphitePosting( 9919): type=1400 audit(0.0:10647): avc: denied { getattr } for path="/proc/stat" dev="proc" ino=4026532127 scontext=u:r:untrusted_app_25:s0:c512,c768 tcontext=u:object_r:proc_stat:s0 tclass=file permissive=1
05-10 04:43:12.447 I/System.out( 9919): Free mem 1819
05-10 04:43:12.613 I/Finsky  (14372): [2] JobSchedulerEngine$PhoneskyJobSchedulerJobService.onStartJob(3): SCH: onJobSchedulerWakeup with jobId 9000
05-10 04:43:12.617 I/Finsky  (14372): [2] upn.a(19): Scheduling fallback job with id: 9034, and delay: 43200000 ms
05-10 04:43:12.620 I/Finsky  (14372): [2] upn.a(9): Scheduling fallback in 64799998 (absolute: 75599117)
05-10 04:43:12.683 I/Finsky  (14372): [2] upw.handleMessage(6): SCH: DeviceState: DeviceState{currentTime=1589085792680, isCharging=true, isIdle=false, netAny=true, netNotRoaming=true, netUnmetered=true, batteryPercent=100.0}
05-10 04:43:12.688 I/Finsky  (14372): [2617] usk.a(7): SCH: Jobs in database: 1-1337 26-1414141414 31-305419896
05-10 04:43:12.697 W/Finsky  (14372): [2] doi.a(25): For unauth, use getDfeApiNonAuthenticated() instead!
05-10 04:43:12.698 I/Finsky  (14372): [2] upw.handleMessage(57): SCH: RunningQueue size: 1, PendingQueue size: 0
05-10 04:43:12.698 I/Finsky  (14372): [2] upw.handleMessage(60): SCH: Running queue: 31-305419896
05-10 04:43:12.700 E/Finsky  (14372): [2513] grv.a(5): Unexpected android-id = 0
05-10 04:43:12.702 I/Finsky  (14372): [2513] irm.c(2): Account name null when calculating account hash
05-10 04:43:12.734 E/Volley  (14372): [2513] ble.a: Unexpected response code 400 for https://android.clients.google.com/fdfe/deviceSettings
05-10 04:43:12.736 E/Finsky  (14372): [2497] iub.a(7): Err
05-10 04:43:12.736 E/Finsky  (14372): network time: 0, HTTP status code: na, exception DisplayErrorMessage[Error retrieving information from server. DF-DFERH-01]
05-10 04:43:12.736 E/Finsky  (14372): 	at qnc.a(Unknown Source:4)
05-10 04:43:12.736 E/Finsky  (14372): 	at bko.b(PG:3)
05-10 04:43:12.736 E/Finsky  (14372): 	at doq.b(PG:6)
05-10 04:43:12.736 E/Finsky  (14372): 	at bkg.run(PG:3)
05-10 04:43:12.736 E/Finsky  (14372): 	at android.os.Handler.handleCallback(Handler.java:873)
05-10 04:43:12.736 E/Finsky  (14372): 	at android.os.Handler.dispatchMessage(Handler.java:99)
05-10 04:43:12.736 E/Finsky  (14372): 	at android.os.Looper.loop(Looper.java:193)
05-10 04:43:12.736 E/Finsky  (14372): 	at android.app.ActivityThread.main(ActivityThread.java:6680)
05-10 04:43:12.736 E/Finsky  (14372): 	at java.lang.reflect.Method.invoke(Native Method)
05-10 04:43:12.736 E/Finsky  (14372): 	at com.android.internal.os.RuntimeInit$MethodAndArgsCaller.run(RuntimeInit.java:493)
05-10 04:43:12.736 E/Finsky  (14372): 	at com.android.internal.os.ZygoteInit.main(ZygoteInit.java:858)
05-10 04:43:12.736 E/Finsky  (14372): [2497] itu.a(3): Error while refreshing device settings: network time: 0, HTTP status code: na, exception DisplayErrorMessage[Error retrieving information from server. DF-DFERH-01]. Retrying.
05-10 04:43:12.736 E/Finsky  (14372): network time: 0, HTTP status code: na, exception DisplayErrorMessage[Error retrieving information from server. DF-DFERH-01]
05-10 04:43:12.736 E/Finsky  (14372): 	at qnc.a(Unknown Source:4)
05-10 04:43:12.736 E/Finsky  (14372): 	at bko.b(PG:3)
05-10 04:43:12.736 E/Finsky  (14372): 	at doq.b(PG:6)
05-10 04:43:12.736 E/Finsky  (14372): 	at bkg.run(PG:3)
05-10 04:43:12.736 E/Finsky  (14372): 	at android.os.Handler.handleCallback(Handler.java:873)
05-10 04:43:12.736 E/Finsky  (14372): 	at android.os.Handler.dispatchMessage(Handler.java:99)
05-10 04:43:12.736 E/Finsky  (14372): 	at android.os.Looper.loop(Looper.java:193)
05-10 04:43:12.736 E/Finsky  (14372): 	at android.app.ActivityThread.main(ActivityThread.java:6680)
05-10 04:43:12.736 E/Finsky  (14372): 	at java.lang.reflect.Method.invoke(Native Method)
05-10 04:43:12.736 E/Finsky  (14372): 	at com.android.internal.os.RuntimeInit$MethodAndArgsCaller.run(RuntimeInit.java:493)
05-10 04:43:12.736 E/Finsky  (14372): 	at com.android.internal.os.ZygoteInit.main(ZygoteInit.java:858)
05-10 04:43:12.736 I/Finsky  (14372): [2497] urh.a(16): SCH: jobFinished: 31-305419896. TimeElapsed: 41ms.
05-10 04:43:12.737 I/Finsky  (14372): [2] upx.a(40): SCH: Job 31-305419896 finished. Rescheduling.
05-10 04:43:12.737 I/Finsky  (14372): [2] upw.handleMessage(57): SCH: RunningQueue size: 0, PendingQueue size: 0
05-10 04:43:12.738 I/Finsky  (14372): [2] upw.handleMessage(23): Executor finished
05-10 04:43:12.746 I/Finsky  (14372): [2] usk.a(7): SCH: Jobs in database: 1-1337 26-1414141414 31-305419896
05-10 04:43:12.751 I/Finsky  (14372): [2] uoh.a(56): SCH: ConstraintMapping: 1-1337, 31-305419896,  -> L: 218488ms, D: 13414183ms, C: false, I: false, N: 1
05-10 04:43:12.751 I/Finsky  (14372): [2] uoh.a(56): SCH: ConstraintMapping: 26-1414141414,  -> L: 523884ms, D: 1423884ms, C: false, I: false, N: 0
05-10 04:43:12.752 I/Finsky  (14372): [2] uqu.a(35): Cancelling existing jobscheduler jobs: 9001 
05-10 04:43:12.753 I/Finsky  (14372): [2] uqu.a(28): Scheduling job Id: 9002, L: 218488, D: 13414183, C: false, I: false, N: 1
05-10 04:43:12.753 I/Finsky  (14372): [2] uqu.a(28): Scheduling job Id: 9003, L: 523884, D: 1423884, C: false, I: false, N: 0
05-10 04:43:12.810 I/System.out( 9919): 8575433 8575718 7059564 7059738
05-10 04:43:13.633 E/BatteryExternalStatsWorker( 1220): no controller energy info supplied for bluetooth
05-10 04:43:13.667 I/Binder:748_2(  748): type=1400 audit(0.0:10648): avc: denied { add_name } for name="globalAlert" scontext=u:r:netd:s0 tcontext=u:object_r:proc_net:s0 tclass=dir permissive=1
05-10 04:43:13.667 I/Binder:748_2(  748): type=1400 audit(0.0:10649): avc: denied { create } for name="globalAlert" scontext=u:r:netd:s0 tcontext=u:object_r:proc_net:s0 tclass=file permissive=1
05-10 04:43:13.667 I/Binder:748_2(  748): type=1400 audit(0.0:10650): avc: denied { associate } for name="globalAlert" scontext=u:object_r:proc_net:s0 tcontext=u:object_r:proc:s0 tclass=filesystem permissive=1
05-10 04:43:14.884 I/ActivityManager( 1220): START u0 {cmp=org.torproject.android/.ui.VPNEnableActivity} from uid 10334
05-10 04:43:14.885 D/android.hardware.power@1.3-service.crosshatch-libperfmgr(  815): LAUNCH ON
05-10 04:43:14.895 D/audio_route(  798): Apply path: speaker
05-10 04:43:14.895 D/audio_hw_primary(  798): enable_snd_device: snd_device(102: vi-feedback)
05-10 04:43:14.895 D/audio_route(  798): Apply path: vi-feedback
05-10 04:43:14.895 E/audio_hw_utils(  798): audio_extn_utils_send_app_type_cfg: Failed to derive app_type for uc type : 0x1
05-10 04:43:14.895 D/ACDB-LOADER(  798): ACDB -> send_audio_cal, acdb_id = 512, path = 1, app id = 0x11132, sample rate = 48000
05-10 04:43:14.895 D/android.hardware.power@1.3-service.crosshatch-libperfmgr(  815): AUDIO STREAMING ON
05-10 04:43:14.895 D/ACDB-LOADER(  798): ACDB -> send_asm_topology
05-10 04:43:14.895 D/ACDB-LOADER(  798): ACDB -> ACDB_CMD_GET_AUDPROC_STREAM_TOPOLOGY_ID
05-10 04:43:14.895 D/ACDB-LOADER(  798): ACDB -> send_adm_topology
05-10 04:43:14.895 D/ACDB-LOADER(  798): ACDB -> ACDB_CMD_GET_AUDPROC_COMMON_TOPOLOGY_ID
05-10 04:43:14.895 D/ACDB-LOADER(  798): ACDB -> send_audtable
05-10 04:43:14.895 D/ACDB-LOADER(  798): ACDB -> ACDB_CMD_GET_AUDPROC_COMMON_TABLE_SIZE
05-10 04:43:14.895 D/ACDB-LOADER(  798): ACDB -> ACDB_CMD_GET_AUDPROC_COMMON_TABLE
05-10 04:43:14.895 D/ACDB-LOADER(  798): ACDB -> AUDIO_SET_AUDPROC_CAL
05-10 04:43:14.895 D/ACDB-LOADER(  798): ACDB -> send_audvoltable
05-10 04:43:14.895 D/ACDB-LOADER(  798): ACDB -> ACDB_CMD_GET_AUDPROC_VOL_STEP_TABLE_SIZE
05-10 04:43:14.895 D/ACDB-LOADER(  798): ACDB -> ACDB_CMD_GET_AUDPROC_GAIN_DEP_STEP_TABLE, vol index 0
05-10 04:43:14.895 D/        (  798): Failed to fetch the lookup information of the device 00000200 
05-10 04:43:14.895 E/ACDB-LOADER(  798): Error: ACDB AudProc vol returned = -19
05-10 04:43:14.895 D/ACDB-LOADER(  798): ACDB -> AUDIO_SET_VOL_CAL cal type = 12
05-10 04:43:14.895 D/ACDB-LOADER(  798): ACDB -> ACDB_CMD_GET_AUDPROC_STREAM_TABLE_SIZE
05-10 04:43:14.895 D/ACDB-LOADER(  798): ACDB -> send_audstrmtable
05-10 04:43:14.895 D/ACDB-LOADER(  798): ACDB -> ACDB_CMD_GET_AUDPROC_STREAM_TABLE_V2
05-10 04:43:14.895 D/ACDB-LOADER(  798): ACDB -> audstrm_cal->cal_type.cal_data.cal_size = 16
05-10 04:43:14.895 D/ACDB-LOADER(  798): ACDB -> send_afe_topology
05-10 04:43:14.895 D/ACDB-LOADER(  798): ACDB -> ACDB_CMD_GET_AFE_TOPOLOGY_ID
05-10 04:43:14.895 D/ACDB-LOADER(  798): ACDB -> GET_AFE_TOPOLOGY_ID for adcd_id 512, Topology Id 10001ccc
05-10 04:43:14.895 D/ACDB-LOADER(  798): ACDB -> send_afe_cal
05-10 04:43:14.895 D/ACDB-LOADER(  798): ACDB -> ACDB_CMD_GET_AFE_COMMON_TABLE_SIZE
05-10 04:43:14.895 D/ACDB-LOADER(  798): ACDB -> ACDB_CMD_GET_AFE_COMMON_TABLE
05-10 04:43:14.895 D/ACDB-LOADER(  798): ACDB -> AUDIO_SET_AFE_CAL
05-10 04:43:14.895 D/ACDB-LOADER(  798): ACDB -> send_hw_delay : acdb_id = 512 path = 1
05-10 04:43:14.895 D/ACDB-LOADER(  798): ACDB -> ACDB_AVSYNC_INFO: ACDB_CMD_GET_DEVICE_PROPERTY
05-10 04:43:14.895 D/audio_hw_primary(  798): enable_audio_route: usecase(24) apply and update mixer path: spkr-vi-record vi-feedback
05-10 04:43:14.895 D/audio_route(  798): Apply path: spkr-vi-record vi-feedback
05-10 04:43:14.928 D/ACDB-LOADER(  798): ACDB -> send_audio_cal, acdb_id = 513, path = 0, app id = 0x11130, sample rate = 48000
05-10 04:43:14.928 D/ACDB-LOADER(  798): ACDB -> send_asm_topology
05-10 04:43:14.928 D/ACDB-LOADER(  798): ACDB -> ACDB_CMD_GET_AUDPROC_STREAM_TOPOLOGY_ID
05-10 04:43:14.928 D/ACDB-LOADER(  798): ACDB -> send_adm_topology
05-10 04:43:14.928 D/ACDB-LOADER(  798): ACDB -> ACDB_CMD_GET_AUDPROC_COMMON_TOPOLOGY_ID
05-10 04:43:14.928 D/ACDB-LOADER(  798): ACDB -> send_audtable
05-10 04:43:14.928 D/ACDB-LOADER(  798): ACDB -> ACDB_CMD_GET_AUDPROC_COMMON_TABLE_SIZE
05-10 04:43:14.928 D/ACDB-LOADER(  798): ACDB -> ACDB_CMD_GET_AUDPROC_COMMON_TABLE
05-10 04:43:14.928 D/ACDB-LOADER(  798): ACDB -> AUDIO_SET_AUDPROC_CAL
05-10 04:43:14.928 D/ACDB-LOADER(  798): ACDB -> send_audvoltable
05-10 04:43:14.928 D/ACDB-LOADER(  798): ACDB -> ACDB_CMD_GET_AUDPROC_VOL_STEP_TABLE_SIZE
05-10 04:43:14.928 D/ACDB-LOADER(  798): ACDB -> ACDB_CMD_GET_AUDPROC_GAIN_DEP_STEP_TABLE, vol index 0
05-10 04:43:14.928 D/        (  798): Failed to fetch the lookup information of the device 00000201 
05-10 04:43:14.928 E/ACDB-LOADER(  798): Error: ACDB AudProc vol returned = -19
05-10 04:43:14.928 D/ACDB-LOADER(  798): ACDB -> AUDIO_SET_VOL_CAL cal type = 12
05-10 04:43:14.928 D/ACDB-LOADER(  798): ACDB -> ACDB_CMD_GET_AUDPROC_STREAM_TABLE_SIZE
05-10 04:43:14.928 D/ACDB-LOADER(  798): ACDB -> send_audstrmtable
05-10 04:43:14.928 D/ACDB-LOADER(  798): ACDB -> ACDB_CMD_GET_AUDPROC_STREAM_TABLE_V2
05-10 04:43:14.928 D/ACDB-LOADER(  798): ACDB -> audstrm_cal->cal_type.cal_data.cal_size = 456
05-10 04:43:14.928 D/ACDB-LOADER(  798): ACDB -> send_afe_topology
05-10 04:43:14.928 D/ACDB-LOADER(  798): ACDB -> ACDB_CMD_GET_AFE_TOPOLOGY_ID
05-10 04:43:14.928 D/ACDB-LOADER(  798): ACDB -> GET_AFE_TOPOLOGY_ID for adcd_id 513, Topology Id 10000ccc
05-10 04:43:14.928 D/ACDB-LOADER(  798): ACDB -> send_afe_cal
05-10 04:43:14.928 D/ACDB-LOADER(  798): ACDB -> ACDB_CMD_GET_AFE_COMMON_TABLE_SIZE
05-10 04:43:14.928 D/ACDB-LOADER(  798): ACDB -> ACDB_CMD_GET_AFE_COMMON_TABLE
05-10 04:43:14.928 D/ACDB-LOADER(  798): ACDB -> AUDIO_SET_AFE_CAL
05-10 04:43:14.928 D/ACDB-LOADER(  798): ACDB -> send_hw_delay : acdb_id = 513 path = 0
05-10 04:43:14.928 D/ACDB-LOADER(  798): ACDB -> ACDB_AVSYNC_INFO: ACDB_CMD_GET_DEVICE_PROPERTY
05-10 04:43:14.928 D/audio_hw_primary(  798): enable_audio_route: usecase(1) apply and update mixer path: low-latency-playback speaker
05-10 04:43:14.928 D/audio_route(  798): Apply path: low-latency-playback speaker
05-10 04:43:14.943 W/ActivityThread(18783): handleWindowVisibility: no activity for token android.os.BinderProxy@10f12a8
05-10 04:43:14.946 D/VPNEnableActivity(18783): prompting user to start Orbot VPN
05-10 04:43:14.944 I/Binder:748_2(  748): type=1400 audit(0.0:10651): avc: denied { associate } for name="globalAlert" scontext=u:object_r:proc_net:s0 tcontext=u:object_r:proc:s0 tclass=filesystem permissive=1
