05-10 04:42:39.292 D/GRIL-L  (17068): disconnect(): Unbinding service
05-10 04:42:39.297 I/GCoreUlr(17188): Unbound from all signal providers.
05-10 04:42:39.314 I/Auth    (17188): [AuthManaged,PasswordComplexityHelperImpl] Updating password complexity components state.
05-10 04:42:39.314 I/Auth    (17188): [AuthManaged,PasswordComplexityHelperImpl] Disabling com.google.android.gms.auth.managed.admin.DeviceAdminReceiver
05-10 04:42:39.314 I/Auth    (17188): [AuthManaged,PasswordComplexityHelperImpl] Disabling com.google.android.gms.auth.managed.ui.SetNewPasswordActivity
05-10 04:42:39.331 I/ChromeSync(17325): [Sync,SyncIntentOperation] Handling the intent: Intent { act=com.google.android.gms.phenotype.COMMITTED flg=0x10 pkg=com.google.android.gms cmp=com.google.android.gms/.chimera.GmsIntentOperationService (has extras) }.
05-10 04:42:39.332 I/MdiSyncModule(17325): flag handling is skipping irrelevant intent.
05-10 04:42:39.333 W/ModuleInitIntentOp(17325): Dropping unexpected action com.google.android.gms.phenotype.COMMITTED
05-10 04:42:39.334 I/GCoreUlr(17188): DispatchingService ignoring Intent { act=android.net.wifi.WIFI_STATE_CHANGED flg=0x4000010 (has extras) } because ULR inactive
05-10 04:42:39.350 I/tor     (19723): type=1400 audit(0.0:10610): avc: denied { ioctl } for path="socket:[4208113]" dev="sockfs" ino=4208113 ioctlcmd=0x894b scontext=u:r:untrusted_app:s0:c78,c257,c512,c768 tcontext=u:r:untrusted_app:s0:c78,c257,c512,c768 tclass=tcp_socket permissive=1
05-10 04:42:39.365 I/GCoreUlr(17188): Unbound from all signal providers.
05-10 04:42:39.366 I/GCoreUlr(17188): Stopping handler for UlrDispSvcFast
05-10 04:42:39.369 I/PTCommittedOperation(17188): Receive new configuration for com.google.android.gms.constellation
05-10 04:42:39.375 I/ChromeSync(17325): [Sync,SyncIntentOperation] Handling the intent: Intent { act=com.google.android.gms.phenotype.COMMITTED flg=0x10 pkg=com.google.android.gms cmp=com.google.android.gms/.chimera.GmsIntentOperationService (has extras) }.
05-10 04:42:39.377 I/MdiSyncModule(17325): flag handling is skipping irrelevant intent.
05-10 04:42:39.378 W/ModuleInitIntentOp(17325): Dropping unexpected action com.google.android.gms.phenotype.COMMITTED
05-10 04:42:39.388 D/DownloadManager(13660): [7] Finished with status SUCCESS
05-10 04:42:39.412 I/PTCommittedOperation(17188): Receive new configuration for com.google.android.gms.feedback
05-10 04:42:39.414 I/Auth    (17188): [AuthManaged,PasswordComplexityHelperImpl] Updating password complexity components state.
05-10 04:42:39.414 I/Auth    (17188): [AuthManaged,PasswordComplexityHelperImpl] Disabling com.google.android.gms.auth.managed.admin.DeviceAdminReceiver
05-10 04:42:39.414 I/Auth    (17188): [AuthManaged,PasswordComplexityHelperImpl] Disabling com.google.android.gms.auth.managed.ui.SetNewPasswordActivity
05-10 04:42:39.419 I/ChromeSync(17325): [Sync,SyncIntentOperation] Handling the intent: Intent { act=com.google.android.gms.phenotype.COMMITTED flg=0x10 pkg=com.google.android.gms cmp=com.google.android.gms/.chimera.GmsIntentOperationService (has extras) }.
05-10 04:42:39.422 I/MdiSyncModule(17325): flag handling is skipping irrelevant intent.
05-10 04:42:39.427 W/ModuleInitIntentOp(17325): Dropping unexpected action com.google.android.gms.phenotype.COMMITTED
05-10 04:42:39.428 I/Auth    (17188): [AuthManaged,PasswordComplexityHelperImpl] Updating password complexity components state.
05-10 04:42:39.428 I/Auth    (17188): [AuthManaged,PasswordComplexityHelperImpl] Disabling com.google.android.gms.auth.managed.admin.DeviceAdminReceiver
05-10 04:42:39.428 I/Auth    (17188): [AuthManaged,PasswordComplexityHelperImpl] Disabling com.google.android.gms.auth.managed.ui.SetNewPasswordActivity
05-10 04:42:39.437 I/PTCommittedOperation(17188): Receive new configuration for com.google.android.gms.analytics
05-10 04:42:39.439 I/ChromeSync(17325): [Sync,SyncIntentOperation] Handling the intent: Intent { act=com.google.android.gms.phenotype.COMMITTED flg=0x10 pkg=com.google.android.gms cmp=com.google.android.gms/.chimera.GmsIntentOperationService (has extras) }.
05-10 04:42:39.441 I/MdiSyncModule(17325): flag handling is skipping irrelevant intent.
05-10 04:42:39.442 W/ModuleInitIntentOp(17325): Dropping unexpected action com.google.android.gms.phenotype.COMMITTED
05-10 04:42:39.452 I/Vision  (17325): Requesting optional module download of ocr.
05-10 04:42:39.461 I/Vision  (17325): Checking for download completion for 10775960 -- ocr
05-10 04:42:39.466 E/MS_DownloadManager(17325): Unsupported Matchstick Download Type:
05-10 04:42:39.466 E/MS_DownloadManager(17325): Failed to get download uri for unsupported Matchstick download type:
05-10 04:42:39.484 I/PTCommittedOperation(17188): Receive new configuration for com.google.android.libraries.personalization.footprints#com.google.android.gms
05-10 04:42:39.486 I/Auth    (17188): [AuthManaged,PasswordComplexityHelperImpl] Updating password complexity components state.
05-10 04:42:39.486 I/Auth    (17188): [AuthManaged,PasswordComplexityHelperImpl] Disabling com.google.android.gms.auth.managed.admin.DeviceAdminReceiver
05-10 04:42:39.487 I/Auth    (17188): [AuthManaged,PasswordComplexityHelperImpl] Disabling com.google.android.gms.auth.managed.ui.SetNewPasswordActivity
05-10 04:42:39.489 I/MdiSyncModule(17325): flag handling is skipping irrelevant intent.
05-10 04:42:39.489 W/ModuleInitIntentOp(17325): Dropping unexpected action com.google.android.gms.phenotype.COMMITTED
05-10 04:42:39.500 I/PTCommittedOperation(17188): Receive new configuration for com.google.android.gms.subscribedfeeds
05-10 04:42:39.502 I/ChromeSync(17325): [Sync,SyncIntentOperation] Handling the intent: Intent { act=com.google.android.gms.phenotype.COMMITTED flg=0x10 pkg=com.google.android.gms cmp=com.google.android.gms/.chimera.GmsIntentOperationService (has extras) }.
05-10 04:42:39.504 I/MdiSyncModule(17325): flag handling is skipping irrelevant intent.
05-10 04:42:39.506 W/ModuleInitIntentOp(17325): Dropping unexpected action com.google.android.gms.phenotype.COMMITTED
05-10 04:42:39.507 V/DownloadManager(13660): Deleting /data/data/com.android.providers.downloads/cache/params_expdate_c45e5b7.dat via provider delete
05-10 04:42:39.537 I/PTCommittedOperation(17188): Receive new configuration for com.google.android.gms.auth_cryptauth
05-10 04:42:39.542 I/Auth    (17188): [AuthManaged,PasswordComplexityHelperImpl] Updating password complexity components state.
05-10 04:42:39.542 I/Auth    (17188): [AuthManaged,PasswordComplexityHelperImpl] Disabling com.google.android.gms.auth.managed.admin.DeviceAdminReceiver
05-10 04:42:39.543 I/Auth    (17188): [AuthManaged,PasswordComplexityHelperImpl] Disabling com.google.android.gms.auth.managed.ui.SetNewPasswordActivity
05-10 04:42:39.553 I/ChromeSync(17325): [Sync,SyncIntentOperation] Handling the intent: Intent { act=com.google.android.gms.phenotype.COMMITTED flg=0x10 pkg=com.google.android.gms cmp=com.google.android.gms/.chimera.GmsIntentOperationService (has extras) }.
05-10 04:42:39.554 I/MdiSyncModule(17325): flag handling is skipping irrelevant intent.
05-10 04:42:39.554 W/ModuleInitIntentOp(17325): Dropping unexpected action com.google.android.gms.phenotype.COMMITTED
05-10 04:42:39.564 I/PTCommittedOperation(17188): Receive new configuration for com.google.android.gms.thunderbird
05-10 04:42:39.591 I/Auth    (17188): [AuthManaged,PasswordComplexityHelperImpl] Updating password complexity components state.
05-10 04:42:39.591 I/Auth    (17188): [AuthManaged,PasswordComplexityHelperImpl] Disabling com.google.android.gms.auth.managed.admin.DeviceAdminReceiver
05-10 04:42:39.592 I/Auth    (17188): [AuthManaged,PasswordComplexityHelperImpl] Disabling com.google.android.gms.auth.managed.ui.SetNewPasswordActivity
05-10 04:42:39.598 I/ChromeSync(17325): [Sync,SyncIntentOperation] Handling the intent: Intent { act=com.google.android.gms.phenotype.COMMITTED flg=0x10 pkg=com.google.android.gms cmp=com.google.android.gms/.chimera.GmsIntentOperationService (has extras) }.
05-10 04:42:39.598 I/MdiSyncModule(17325): flag handling is skipping irrelevant intent.
05-10 04:42:39.599 W/ModuleInitIntentOp(17325): Dropping unexpected action com.google.android.gms.phenotype.COMMITTED
05-10 04:42:39.606 I/PTCommittedOperation(17188): Receive new configuration for com.google.android.gms.magictether
05-10 04:42:39.614 I/ChromeSync(17325): [Sync,SyncIntentOperation] Handling the intent: Intent { act=com.google.android.gms.phenotype.COMMITTED flg=0x10 pkg=com.google.android.gms cmp=com.google.android.gms/.chimera.GmsIntentOperationService (has extras) }.
05-10 04:42:39.615 I/Auth    (17188): [AuthManaged,PasswordComplexityHelperImpl] Updating password complexity components state.
05-10 04:42:39.615 I/Auth    (17188): [AuthManaged,PasswordComplexityHelperImpl] Disabling com.google.android.gms.auth.managed.admin.DeviceAdminReceiver
05-10 04:42:39.616 I/Auth    (17188): [AuthManaged,PasswordComplexityHelperImpl] Disabling com.google.android.gms.auth.managed.ui.SetNewPasswordActivity
05-10 04:42:39.616 I/MdiSyncModule(17325): flag handling is skipping irrelevant intent.
05-10 04:42:39.617 W/ModuleInitIntentOp(17325): Dropping unexpected action com.google.android.gms.phenotype.COMMITTED
05-10 04:42:39.626 E/MagicTether(17188): [MagicTetherInitializer] Invalid account list.
05-10 04:42:39.634 I/MagicTether(17188): [HostValidator] InvalidHost. MobileData: true, Tethering: true, whitelist: false, ble: true
05-10 04:42:39.644 I/BgTaskExecutorImpl(17200): Starting EXCLUSIVE background task FETCH_LOCATION_REPORTING_STATE.
05-10 04:42:39.655 I/PTCommittedOperation(17188): Receive new configuration for com.google.android.metrics
05-10 04:42:39.658 I/Auth    (17188): [AuthManaged,PasswordComplexityHelperImpl] Updating password complexity components state.
05-10 04:42:39.658 I/Auth    (17188): [AuthManaged,PasswordComplexityHelperImpl] Disabling com.google.android.gms.auth.managed.admin.DeviceAdminReceiver
05-10 04:42:39.660 I/WifiService( 1220): getWifiApConfiguration uid=10021
05-10 04:42:39.661 I/Auth    (17188): [AuthManaged,PasswordComplexityHelperImpl] Disabling com.google.android.gms.auth.managed.ui.SetNewPasswordActivity
05-10 04:42:39.660 I/Binder:748_2(  748): type=1400 audit(0.0:10611): avc: denied { associate } for name="globalAlert" scontext=u:object_r:proc_net:s0 tcontext=u:object_r:proc:s0 tclass=filesystem permissive=1
05-10 04:42:39.666 I/ChromeSync(17325): [Sync,SyncIntentOperation] Handling the intent: Intent { act=com.google.android.gms.phenotype.COMMITTED flg=0x10 pkg=com.google.android.gms cmp=com.google.android.gms/.chimera.GmsIntentOperationService (has extras) }.
05-10 04:42:39.667 I/MdiSyncModule(17325): flag handling is skipping irrelevant intent.
05-10 04:42:39.669 W/ModuleInitIntentOp(17325): Dropping unexpected action com.google.android.gms.phenotype.COMMITTED
05-10 04:42:39.684 I/PTCommittedOperation(17188): Receive new configuration for com.google.android.gms.matchstick
05-10 04:42:39.697 I/MS_RegisterService(17325): Tachyon host: instantmessaging-pa.googleapis.com, Tachyon port: 443
05-10 04:42:39.722 I/MS_RegisterService(17325): RegisterService intent:Intent { act=com.google.android.gms.matchstick.register_intent_action cat=[targeted_intent_op_prefix:com.google.android.libraries.matchstick.net.SilentRegisterIntentOperation] cmp=com.google.android.gms/.chimera.GmsIntentOperationService } isPeriodic:false
05-10 04:42:39.745 I/Auth    (17188): [AuthManaged,PasswordComplexityHelperImpl] Updating password complexity components state.
05-10 04:42:39.745 I/Auth    (17188): [AuthManaged,PasswordComplexityHelperImpl] Disabling com.google.android.gms.auth.managed.admin.DeviceAdminReceiver
05-10 04:42:39.745 I/Auth    (17188): [AuthManaged,PasswordComplexityHelperImpl] Disabling com.google.android.gms.auth.managed.ui.SetNewPasswordActivity
05-10 04:42:39.751 I/ChromeSync(17325): [Sync,SyncIntentOperation] Handling the intent: Intent { act=com.google.android.gms.phenotype.COMMITTED flg=0x10 pkg=com.google.android.gms cmp=com.google.android.gms/.chimera.GmsIntentOperationService (has extras) }.
05-10 04:42:39.752 I/MdiSyncModule(17325): flag handling is skipping irrelevant intent.
05-10 04:42:39.753 I/PTCommittedOperation(17188): Receive new configuration for com.google.android.gms.instantapps
05-10 04:42:39.754 W/ModuleInitIntentOp(17325): Dropping unexpected action com.google.android.gms.phenotype.COMMITTED
05-10 04:42:39.768 W/MS_RegisterService(17325): Not eligible for registration.
05-10 04:42:39.801 I/Auth    (17188): [AuthManaged,PasswordComplexityHelperImpl] Updating password complexity components state.
05-10 04:42:39.801 I/Auth    (17188): [AuthManaged,PasswordComplexityHelperImpl] Disabling com.google.android.gms.auth.managed.admin.DeviceAdminReceiver
05-10 04:42:39.802 I/Auth    (17188): [AuthManaged,PasswordComplexityHelperImpl] Disabling com.google.android.gms.auth.managed.ui.SetNewPasswordActivity
05-10 04:42:39.803 I/ChromeSync(17325): [Sync,SyncIntentOperation] Handling the intent: Intent { act=com.google.android.gms.phenotype.COMMITTED flg=0x10 pkg=com.google.android.gms cmp=com.google.android.gms/.chimera.GmsIntentOperationService (has extras) }.
05-10 04:42:39.804 I/PTCommittedOperation(17188): Receive new configuration for com.google.android.gms.clearcut.public
05-10 04:42:39.806 I/MdiSyncModule(17325): flag handling is skipping irrelevant intent.
05-10 04:42:39.807 W/ModuleInitIntentOp(17325): Dropping unexpected action com.google.android.gms.phenotype.COMMITTED
05-10 04:42:39.826 I/Auth    (17188): [AuthManaged,PasswordComplexityHelperImpl] Updating password complexity components state.
05-10 04:42:39.827 I/Auth    (17188): [AuthManaged,PasswordComplexityHelperImpl] Disabling com.google.android.gms.auth.managed.admin.DeviceAdminReceiver
05-10 04:42:39.828 I/Auth    (17188): [AuthManaged,PasswordComplexityHelperImpl] Disabling com.google.android.gms.auth.managed.ui.SetNewPasswordActivity
05-10 04:42:39.839 I/ChromeSync(17325): [Sync,SyncIntentOperation] Handling the intent: Intent { act=com.google.android.gms.phenotype.COMMITTED flg=0x10 pkg=com.google.android.gms cmp=com.google.android.gms/.chimera.GmsIntentOperationService (has extras) }.
05-10 04:42:39.840 I/MdiSyncModule(17325): flag handling is skipping irrelevant intent.
05-10 04:42:39.840 W/ModuleInitIntentOp(17325): Dropping unexpected action com.google.android.gms.phenotype.COMMITTED
05-10 04:42:39.841 I/PTCommittedOperation(17188): Receive new configuration for com.google.android.gms.fitness
05-10 04:42:39.860 I/Auth    (17188): [AuthManaged,PasswordComplexityHelperImpl] Updating password complexity components state.
05-10 04:42:39.860 I/Auth    (17188): [AuthManaged,PasswordComplexityHelperImpl] Disabling com.google.android.gms.auth.managed.admin.DeviceAdminReceiver
05-10 04:42:39.860 I/Auth    (17188): [AuthManaged,PasswordComplexityHelperImpl] Disabling com.google.android.gms.auth.managed.ui.SetNewPasswordActivity
05-10 04:42:39.865 I/ChromeSync(17325): [Sync,SyncIntentOperation] Handling the intent: Intent { act=com.google.android.gms.phenotype.COMMITTED flg=0x10 pkg=com.google.android.gms cmp=com.google.android.gms/.chimera.GmsIntentOperationService (has extras) }.
05-10 04:42:39.866 I/MdiSyncModule(17325): flag handling is skipping irrelevant intent.
05-10 04:42:39.871 I/PTCommittedOperation(17188): Receive new configuration for com.google.android.gms.contextmanager
05-10 04:42:39.897 I/Auth    (17188): [AuthManaged,PasswordComplexityHelperImpl] Updating password complexity components state.
05-10 04:42:39.897 I/Auth    (17188): [AuthManaged,PasswordComplexityHelperImpl] Disabling com.google.android.gms.auth.managed.admin.DeviceAdminReceiver
05-10 04:42:39.897 I/Auth    (17188): [AuthManaged,PasswordComplexityHelperImpl] Disabling com.google.android.gms.auth.managed.ui.SetNewPasswordActivity
05-10 04:42:39.899 I/MdiSyncModule(17325): flag handling is skipping irrelevant intent.
05-10 04:42:39.900 W/ModuleInitIntentOp(17325): Dropping unexpected action com.google.android.gms.phenotype.COMMITTED
05-10 04:42:39.906 I/PTCommittedOperation(17188): Receive new configuration for com.google.android.gms.auth_managed
05-10 04:42:39.911 I/ChromeSync(17325): [Sync,SyncIntentOperation] Handling the intent: Intent { act=com.google.android.gms.phenotype.COMMITTED flg=0x10 pkg=com.google.android.gms cmp=com.google.android.gms/.chimera.GmsIntentOperationService (has extras) }.
05-10 04:42:39.912 I/MdiSyncModule(17325): flag handling is skipping irrelevant intent.
05-10 04:42:39.913 W/ModuleInitIntentOp(17325): Dropping unexpected action com.google.android.gms.phenotype.COMMITTED
05-10 04:42:39.925 I/Auth    (17188): [AuthManaged,PasswordComplexityHelperImpl] Updating password complexity components state.
05-10 04:42:39.925 I/PTCommittedOperation(17188): Receive new configuration for alt.com.google.android.gms
05-10 04:42:39.925 I/Auth    (17188): [AuthManaged,PasswordComplexityHelperImpl] Disabling com.google.android.gms.auth.managed.admin.DeviceAdminReceiver
05-10 04:42:39.925 I/Auth    (17188): [AuthManaged,PasswordComplexityHelperImpl] Disabling com.google.android.gms.auth.managed.ui.SetNewPasswordActivity
05-10 04:42:39.942 I/Auth    (17188): [AuthManaged,PasswordComplexityHelperImpl] Updating password complexity components state.
05-10 04:42:39.942 I/Auth    (17188): [AuthManaged,PasswordComplexityHelperImpl] Disabling com.google.android.gms.auth.managed.admin.DeviceAdminReceiver
05-10 04:42:39.942 I/Auth    (17188): [AuthManaged,PasswordComplexityHelperImpl] Disabling com.google.android.gms.auth.managed.ui.SetNewPasswordActivity
05-10 04:42:39.945 I/ChromeSync(17325): [Sync,SyncIntentOperation] Handling the intent: Intent { act=com.google.android.gms.phenotype.COMMITTED flg=0x10 pkg=com.google.android.gms cmp=com.google.android.gms/.chimera.GmsIntentOperationService (has extras) }.
05-10 04:42:39.946 I/MdiSyncModule(17325): flag handling is skipping irrelevant intent.
05-10 04:42:39.948 W/ModuleInitIntentOp(17325): Dropping unexpected action com.google.android.gms.phenotype.COMMITTED
05-10 04:42:39.956 I/PTCommittedOperation(17188): Receive new configuration for com.google.android.gms.measurement
05-10 04:42:40.002 I/Auth    (17188): [AuthManaged,PasswordComplexityHelperImpl] Updating password complexity components state.
05-10 04:42:40.002 I/Auth    (17188): [AuthManaged,PasswordComplexityHelperImpl] Disabling com.google.android.gms.auth.managed.admin.DeviceAdminReceiver
05-10 04:42:40.003 I/Auth    (17188): [AuthManaged,PasswordComplexityHelperImpl] Disabling com.google.android.gms.auth.managed.ui.SetNewPasswordActivity
05-10 04:42:40.007 I/ChromeSync(17325): [Sync,SyncIntentOperation] Handling the intent: Intent { act=com.google.android.gms.phenotype.COMMITTED flg=0x10 pkg=com.google.android.gms cmp=com.google.android.gms/.chimera.GmsIntentOperationService (has extras) }.
05-10 04:42:40.009 I/MdiSyncModule(17325): flag handling is skipping irrelevant intent.
05-10 04:42:40.009 W/ModuleInitIntentOp(17325): Dropping unexpected action com.google.android.gms.phenotype.COMMITTED
05-10 04:42:40.016 I/FA-SVC  (17188): App measurement initialized, version: 201515
05-10 04:42:40.020 I/PTCommittedOperation(17188): Receive new configuration for com.google.android.gms
05-10 04:42:40.021 I/PTCommittedOperation(17188): Running Fixer Framework for com.google.android.gms
05-10 04:42:40.062 I/Auth    (17188): [AuthManaged,PasswordComplexityHelperImpl] Updating password complexity components state.
05-10 04:42:40.062 I/Auth    (17188): [AuthManaged,PasswordComplexityHelperImpl] Disabling com.google.android.gms.auth.managed.admin.DeviceAdminReceiver
05-10 04:42:40.062 I/Auth    (17188): [AuthManaged,PasswordComplexityHelperImpl] Disabling com.google.android.gms.auth.managed.ui.SetNewPasswordActivity
05-10 04:42:40.065 I/ChromeSync(17325): [Sync,SyncIntentOperation] Handling the intent: Intent { act=com.google.android.gms.phenotype.COMMITTED flg=0x10 pkg=com.google.android.gms cmp=com.google.android.gms/.chimera.GmsIntentOperationService (has extras) }.
05-10 04:42:40.066 I/MdiSyncModule(17325): flag handling is skipping irrelevant intent.
05-10 04:42:40.066 W/ModuleInitIntentOp(17325): Dropping unexpected action com.google.android.gms.phenotype.COMMITTED
05-10 04:42:40.075 I/PTCommittedOperation(17188): Receive new configuration for com.google.android.gms.vision.sdk
05-10 04:42:40.108 I/Auth    (17188): [AuthManaged,PasswordComplexityHelperImpl] Updating password complexity components state.
05-10 04:42:40.109 I/Auth    (17188): [AuthManaged,PasswordComplexityHelperImpl] Disabling com.google.android.gms.auth.managed.admin.DeviceAdminReceiver
05-10 04:42:40.109 I/Auth    (17188): [AuthManaged,PasswordComplexityHelperImpl] Disabling com.google.android.gms.auth.managed.ui.SetNewPasswordActivity
05-10 04:42:40.112 I/ChromeSync(17325): [Sync,SyncIntentOperation] Handling the intent: Intent { act=com.google.android.gms.phenotype.COMMITTED flg=0x10 pkg=com.google.android.gms cmp=com.google.android.gms/.chimera.GmsIntentOperationService (has extras) }.
05-10 04:42:40.115 I/MdiSyncModule(17325): flag handling is skipping irrelevant intent.
05-10 04:42:40.116 W/ModuleInitIntentOp(17325): Dropping unexpected action com.google.android.gms.phenotype.COMMITTED
05-10 04:42:40.125 I/PTCommittedOperation(17188): Receive new configuration for com.google.android.gms.security
05-10 04:42:40.144 I/Auth    (17188): [AuthManaged,PasswordComplexityHelperImpl] Updating password complexity components state.
05-10 04:42:40.144 I/Auth    (17188): [AuthManaged,PasswordComplexityHelperImpl] Disabling com.google.android.gms.auth.managed.admin.DeviceAdminReceiver
05-10 04:42:40.144 I/Auth    (17188): [AuthManaged,PasswordComplexityHelperImpl] Disabling com.google.android.gms.auth.managed.ui.SetNewPasswordActivity
05-10 04:42:40.156 I/ChromeSync(17325): [Sync,SyncIntentOperation] Handling the intent: Intent { act=com.google.android.gms.phenotype.COMMITTED flg=0x10 pkg=com.google.android.gms cmp=com.google.android.gms/.chimera.GmsIntentOperationService (has extras) }.
05-10 04:42:40.157 I/MdiSyncModule(17325): flag handling is skipping irrelevant intent.
05-10 04:42:40.158 W/ModuleInitIntentOp(17325): Dropping unexpected action com.google.android.gms.phenotype.COMMITTED
05-10 04:42:40.159 I/Auth    (17188): [AuthManaged,PasswordComplexityHelperImpl] Updating password complexity components state.
05-10 04:42:40.159 I/Auth    (17188): [AuthManaged,PasswordComplexityHelperImpl] Disabling com.google.android.gms.auth.managed.admin.DeviceAdminReceiver
05-10 04:42:40.160 I/Auth    (17188): [AuthManaged,PasswordComplexityHelperImpl] Disabling com.google.android.gms.auth.managed.ui.SetNewPasswordActivity
05-10 04:42:40.163 I/PTCommittedOperation(17188): Receive new configuration for com.google.android.gms.locationsharing
05-10 04:42:40.166 I/ChromeSync(17325): [Sync,SyncIntentOperation] Handling the intent: Intent { act=com.google.android.gms.phenotype.COMMITTED flg=0x10 pkg=com.google.android.gms cmp=com.google.android.gms/.chimera.GmsIntentOperationService (has extras) }.
05-10 04:42:40.167 I/MdiSyncModule(17325): flag handling is skipping irrelevant intent.
05-10 04:42:40.169 W/ModuleInitIntentOp(17325): Dropping unexpected action com.google.android.gms.phenotype.COMMITTED
05-10 04:42:40.187 I/PTCommittedOperation(17188): Receive new configuration for com.google.android.gms.trustlet_place
05-10 04:42:40.189 I/Auth    (17188): [AuthManaged,PasswordComplexityHelperImpl] Updating password complexity components state.
05-10 04:42:40.189 I/Auth    (17188): [AuthManaged,PasswordComplexityHelperImpl] Disabling com.google.android.gms.auth.managed.admin.DeviceAdminReceiver
05-10 04:42:40.189 I/Auth    (17188): [AuthManaged,PasswordComplexityHelperImpl] Disabling com.google.android.gms.auth.managed.ui.SetNewPasswordActivity
05-10 04:42:40.194 I/ChromeSync(17325): [Sync,SyncIntentOperation] Handling the intent: Intent { act=com.google.android.gms.phenotype.COMMITTED flg=0x10 pkg=com.google.android.gms cmp=com.google.android.gms/.chimera.GmsIntentOperationService (has extras) }.
05-10 04:42:40.195 I/MdiSyncModule(17325): flag handling is skipping irrelevant intent.
05-10 04:42:40.195 W/ModuleInitIntentOp(17325): Dropping unexpected action com.google.android.gms.phenotype.COMMITTED
05-10 04:42:40.214 I/Auth    (17188): [AuthManaged,PasswordComplexityHelperImpl] Updating password complexity components state.
05-10 04:42:40.214 I/Auth    (17188): [AuthManaged,PasswordComplexityHelperImpl] Disabling com.google.android.gms.auth.managed.admin.DeviceAdminReceiver
05-10 04:42:40.214 I/Auth    (17188): [AuthManaged,PasswordComplexityHelperImpl] Disabling com.google.android.gms.auth.managed.ui.SetNewPasswordActivity
05-10 04:42:40.225 I/ChromeSync(17325): [Sync,SyncIntentOperation] Handling the intent: Intent { act=com.google.android.gms.phenotype.COMMITTED flg=0x10 pkg=com.google.android.gms cmp=com.google.android.gms/.chimera.GmsIntentOperationService (has extras) }.
05-10 04:42:40.225 I/MdiSyncModule(17325): flag handling is skipping irrelevant intent.
05-10 04:42:40.226 I/PTCommittedOperation(17188): Receive new configuration for com.google.android.gms.trustlet_voiceunlock
05-10 04:42:40.226 W/ModuleInitIntentOp(17325): Dropping unexpected action com.google.android.gms.phenotype.COMMITTED
05-10 04:42:40.248 I/Auth    (17188): [AuthManaged,PasswordComplexityHelperImpl] Updating password complexity components state.
05-10 04:42:40.248 I/Auth    (17188): [AuthManaged,PasswordComplexityHelperImpl] Disabling com.google.android.gms.auth.managed.admin.DeviceAdminReceiver
05-10 04:42:40.248 I/Auth    (17188): [AuthManaged,PasswordComplexityHelperImpl] Disabling com.google.android.gms.auth.managed.ui.SetNewPasswordActivity
05-10 04:42:40.250 I/ChromeSync(17325): [Sync,SyncIntentOperation] Handling the intent: Intent { act=com.google.android.gms.phenotype.COMMITTED flg=0x10 pkg=com.google.android.gms cmp=com.google.android.gms/.chimera.GmsIntentOperationService (has extras) }.
05-10 04:42:40.252 I/MdiSyncModule(17325): flag handling is skipping irrelevant intent.
05-10 04:42:40.253 W/ModuleInitIntentOp(17325): Dropping unexpected action com.google.android.gms.phenotype.COMMITTED
05-10 04:42:40.259 I/PTCommittedOperation(17188): Receive new configuration for com.google.android.gms.octarine
05-10 04:42:40.285 I/Auth    (17188): [AuthManaged,PasswordComplexityHelperImpl] Updating password complexity components state.
05-10 04:42:40.285 I/Auth    (17188): [AuthManaged,PasswordComplexityHelperImpl] Disabling com.google.android.gms.auth.managed.admin.DeviceAdminReceiver
05-10 04:42:40.285 I/Auth    (17188): [AuthManaged,PasswordComplexityHelperImpl] Disabling com.google.android.gms.auth.managed.ui.SetNewPasswordActivity
05-10 04:42:40.291 I/ChromeSync(17325): [Sync,SyncIntentOperation] Handling the intent: Intent { act=com.google.android.gms.phenotype.COMMITTED flg=0x10 pkg=com.google.android.gms cmp=com.google.android.gms/.chimera.GmsIntentOperationService (has extras) }.
05-10 04:42:40.292 I/MdiSyncModule(17325): flag handling is skipping irrelevant intent.
05-10 04:42:40.292 W/ModuleInitIntentOp(17325): Dropping unexpected action com.google.android.gms.phenotype.COMMITTED
05-10 04:42:40.294 I/PTCommittedOperation(17188): Receive new configuration for com.google.android.gms.googlehelp
05-10 04:42:40.310 I/ChromeSync(17325): [Sync,SyncIntentOperation] Handling the intent: Intent { act=com.google.android.gms.phenotype.COMMITTED flg=0x10 pkg=com.google.android.gms cmp=com.google.android.gms/.chimera.GmsIntentOperationService (has extras) }.
05-10 04:42:40.310 I/Auth    (17188): [AuthManaged,PasswordComplexityHelperImpl] Updating password complexity components state.
05-10 04:42:40.310 I/Auth    (17188): [AuthManaged,PasswordComplexityHelperImpl] Disabling com.google.android.gms.auth.managed.admin.DeviceAdminReceiver
05-10 04:42:40.311 I/MdiSyncModule(17325): flag handling is skipping irrelevant intent.
05-10 04:42:40.312 I/Auth    (17188): [AuthManaged,PasswordComplexityHelperImpl] Disabling com.google.android.gms.auth.managed.ui.SetNewPasswordActivity
05-10 04:42:40.312 W/ModuleInitIntentOp(17325): Dropping unexpected action com.google.android.gms.phenotype.COMMITTED
05-10 04:42:40.317 I/PTCommittedOperation(17188): Receive new configuration for com.google.android.gms.chromesync
05-10 04:42:40.344 I/Auth    (17188): [AuthManaged,PasswordComplexityHelperImpl] Updating password complexity components state.
05-10 04:42:40.344 I/Auth    (17188): [AuthManaged,PasswordComplexityHelperImpl] Disabling com.google.android.gms.auth.managed.admin.DeviceAdminReceiver
05-10 04:42:40.344 I/Auth    (17188): [AuthManaged,PasswordComplexityHelperImpl] Disabling com.google.android.gms.auth.managed.ui.SetNewPasswordActivity
05-10 04:42:40.348 I/ChromeSync(17325): [Sync,SyncIntentOperation] Handling the intent: Intent { act=com.google.android.gms.phenotype.COMMITTED flg=0x10 pkg=com.google.android.gms cmp=com.google.android.gms/.chimera.GmsIntentOperationService (has extras) }.
05-10 04:42:40.350 I/MdiSyncModule(17325): flag handling is skipping irrelevant intent.
05-10 04:42:40.351 W/ModuleInitIntentOp(17325): Dropping unexpected action com.google.android.gms.phenotype.COMMITTED
05-10 04:42:40.355 I/PTCommittedOperation(17188): Receive new configuration for com.google.android.gms.credential_manager
05-10 04:42:40.357 I/Auth    (17188): [AuthManaged,PasswordComplexityHelperImpl] Updating password complexity components state.
05-10 04:42:40.357 I/Auth    (17188): [AuthManaged,PasswordComplexityHelperImpl] Disabling com.google.android.gms.auth.managed.admin.DeviceAdminReceiver
05-10 04:42:40.357 I/Auth    (17188): [AuthManaged,PasswordComplexityHelperImpl] Disabling com.google.android.gms.auth.managed.ui.SetNewPasswordActivity
05-10 04:42:40.363 I/ChromeSync(17325): [Sync,SyncIntentOperation] Handling the intent: Intent { act=com.google.android.gms.phenotype.COMMITTED flg=0x10 pkg=com.google.android.gms cmp=com.google.android.gms/.chimera.GmsIntentOperationService (has extras) }.
05-10 04:42:40.365 I/MdiSyncModule(17325): flag handling is skipping irrelevant intent.
05-10 04:42:40.369 W/ModuleInitIntentOp(17325): Dropping unexpected action com.google.android.gms.phenotype.COMMITTED
05-10 04:42:40.380 I/PTCommittedOperation(17188): Receive new configuration for com.google.android.gms.autofill
05-10 04:42:40.395 I/Auth    (17188): [AuthManaged,PasswordComplexityHelperImpl] Updating password complexity components state.
05-10 04:42:40.395 I/Auth    (17188): [AuthManaged,PasswordComplexityHelperImpl] Disabling com.google.
05-10 04:42:40.395 I/Auth    (17188): [AuthManaged,PasswordComplexityHelperImpl] Disabling com.google.android.gms.auth.managed.ui.SetNewPasswordActivity
05-10 04:42:40.399 I/ChromeSync(17325): [Sync,SyncIntentOperation] Handling the intent: Intent { act=com.google.android.gms.phenotype.COMMITTED flg=0x10 pkg=com.google.android.gms cmp=com.google.android.gms/.chimera.GmsIntentOperationService (has extras) }.
05-10 04:42:40.401 I/MdiSyncModule(17325): flag handling is skipping irrelevant intent.
05-10 04:42:40.401 W/ModuleInitIntentOp(17325): Dropping unexpected action com.google.android.gms.phenotype.COMMITTED
05-10 04:42:40.404 I/PTCommittedOperation(17188): Receive new configuration for com.google.android.gms.cast
05-10 04:42:40.422 I/Auth    (17188): [AuthManaged,PasswordComplexityHelperImpl] Updating password complexity components state.
05-10 04:42:40.423 I/Auth    (17188): [AuthManaged,PasswordComplexityHelperImpl] Disabling com.google.android.gms.auth.managed.admin.DeviceAdminReceiver
05-10 04:42:40.423 I/Auth    (17188): [AuthManaged,PasswordComplexityHelperImpl] Disabling com.google.android.gms.auth.managed.ui.SetNewPasswordActivity
05-10 04:42:40.424 I/ChromeSync(17325): [Sync,SyncIntentOperation] Handling the intent: Intent { act=com.google.android.gms.phenotype.COMMITTED flg=0x10 pkg=com.google.android.gms cmp=com.google.android.gms/.chimera.GmsIntentOperationService (has extras) }.
05-10 04:42:40.425 I/PTCommittedOperation(17188): Receive new configuration for com.google.android.gms.fido
05-10 04:42:40.426 I/MdiSyncModule(17325): flag handling is skipping irrelevant intent.
05-10 04:42:40.426 W/ModuleInitIntentOp(17325): Dropping unexpected action com.google.android.gms.phenotype.COMMITTED
05-10 04:42:40.447 I/Fido    (17188): [CableAuthenticatorChimeraService] Registering broadcast receiver.
05-10 04:42:40.480 I/Auth    (17188): [AuthManaged,PasswordComplexityHelperImpl] Updating password complexity components state.
05-10 04:42:40.480 I/Auth    (17188): [AuthManaged,PasswordComplexityHelperImpl] Disabling com.google.android.gms.auth.managed.admin.DeviceAdminReceiver
05-10 04:42:40.480 I/Auth    (17188): [AuthManaged,PasswordComplexityHelperImpl] Disabling com.google.android.gms.auth.managed.ui.SetNewPasswordActivity
05-10 04:42:40.483 I/ChromeSync(17325): [Sync,SyncIntentOperation] Handling the intent: Intent { act=com.google.android.gms.phenotype.COMMITTED flg=0x10 pkg=com.google.android.gms cmp=com.google.android.gms/.chimera.GmsIntentOperationService (has extras) }.
05-10 04:42:40.484 W/ModuleInitIntentOp(17325): Dropping unexpected action com.google.android.gms.phenotype.COMMITTED
05-10 04:42:40.486 I/PTCommittedOperation(17188): Receive new configuration for com.google.android.gms.gass
05-10 04:42:40.497 I/Auth    (17188): [AuthManaged,PasswordComplexityHelperImpl] Updating password complexity components state.
05-10 04:42:40.497 I/Auth    (17188): [AuthManaged,PasswordComplexityHelperImpl] Disabling com.google.android.gms.auth.managed.admin.DeviceAdminReceiver
05-10 04:42:40.497 I/Auth    (17188): [AuthManaged,PasswordComplexityHelperImpl] Disabling com.google.android.gms.auth.managed.ui.SetNewPasswordActivity
05-10 04:42:40.503 I/ChromeSync(17325): [Sync,SyncIntentOperation] Handling the intent: Intent { act=com.google.android.gms.phenotype.COMMITTED flg=0x10 pkg=com.google.android.gms cmp=com.google.android.gms/.chimera.GmsIntentOperationService (has extras) }.
05-10 04:42:40.504 I/MdiSyncModule(17325): flag handling is skipping irrelevant intent.
05-10 04:42:40.504 W/ModuleInitIntentOp(17325): Dropping unexpected action com.google.android.gms.phenotype.COMMITTED
05-10 04:42:40.504 I/PTCommittedOperation(17188): Receive new configuration for com.google.android.gms.kids
05-10 04:42:40.526 I/Auth    (17188): [AuthManaged,PasswordComplexityHelperImpl] Updating password complexity components state.
05-10 04:42:40.526 I/Auth    (17188): [AuthManaged,PasswordComplexityHelperImpl] Disabling com.google.android.gms.auth.managed.admin.DeviceAdminReceiver
05-10 04:42:40.527 I/Auth    (17188): [AuthManaged,PasswordComplexityHelperImpl] Disabling com.google.android.gms.auth.managed.ui.SetNewPasswordActivity
05-10 04:42:40.529 I/ChromeSync(17325): [Sync,SyncIntentOperation] Handling the intent: Intent { act=com.google.android.gms.phenotype.COMMITTED flg=0x10 pkg=com.google.android.gms cmp=com.google.android.gms/.chimera.GmsIntentOperationService (has extras) }.
05-10 04:42:40.530 I/MdiSyncModule(17325): flag handling is skipping irrelevant intent.
05-10 04:42:40.531 W/ModuleInitIntentOp(17325): Dropping unexpected action com.google.android.gms.phenotype.COMMITTED
05-10 04:42:40.534 I/PTCommittedOperation(17188): Receive new configuration for com.google.android.gms.auth_folsom
05-10 04:42:40.545 I/Auth    (17188): [AuthManaged,PasswordComplexityHelperImpl] Updating password complexity components state.
05-10 04:42:40.545 I/Auth    (17188): [AuthManaged,PasswordComplexityHelperImpl] Disabling com.google.android.gms.auth.managed.admin.DeviceAdminReceiver
05-10 04:42:40.545 I/Auth    (17188): [AuthManaged,PasswordComplexityHelperImpl] Disabling com.google.android.gms.auth.managed.ui.SetNewPasswordActivity
05-10 04:42:40.551 I/ChromeSync(17325): [Sync,SyncIntentOperation] Handling the intent: Intent { act=com.google.android.gms.phenotype.COMMITTED flg=0x10 pkg=com.google.android.gms cmp=com.google.android.gms/.chimera.GmsIntentOperationService (has extras) }.
05-10 04:42:40.552 I/MdiSyncModule(17325): flag handling is skipping irrelevant intent.
05-10 04:42:40.552 W/ModuleInitIntentOp(17325): Dropping unexpected action com.google.android.gms.phenotype.COMMITTED
05-10 04:42:40.553 I/PTCommittedOperation(17188): Receive new configuration for com.google.android.gms.trustagent
05-10 04:42:40.572 I/Auth    (17188): [AuthManaged,PasswordComplexityHelperImpl] Updating password complexity components state.
05-10 04:42:40.573 I/Auth    (17188): [AuthManaged,PasswordComplexityHelperImpl] Disabling com.google.android.gms.auth.managed.admin.DeviceAdminReceiver
05-10 04:42:40.573 I/Auth    (17188): [AuthManaged,PasswordComplexityHelperImpl] Disabling com.google.android.gms.auth.managed.ui.SetNewPasswordActivity
05-10 04:42:40.578 I/ChromeSync(17325): [Sync,SyncIntentOperation] Handling the intent: Intent { act=com.google.android.gms.phenotype.COMMITTED flg=0x10 pkg=com.google.android.gms cmp=com.google.android.gms/.chimera.GmsIntentOperationService (has extras) }.
05-10 04:42:40.579 I/MdiSyncModule(17325): flag handling is skipping irrelevant intent.
05-10 04:42:40.580 I/PTCommittedOperation(17188): Receive new configuration for com.google.android.gms.trustlet_onbody
05-10 04:42:40.581 W/ModuleInitIntentOp(17325): Dropping unexpected action com.google.android.gms.phenotype.COMMITTED
05-10 04:42:40.607 I/Auth    (17188): [AuthManaged,PasswordComplexityHelperImpl] Updating password complexity components state.
05-10 04:42:40.608 I/Auth    (17188): [AuthManaged,PasswordComplexityHelperImpl] Disabling com.google.android.gms.auth.managed.admin.DeviceAdminReceiver
05-10 04:42:40.608 I/Auth    (17188): [AuthManaged,PasswordComplexityHelperImpl] Disabling com.google.android.gms.auth.managed.ui.SetNewPasswordActivity
05-10 04:42:40.616 I/PTCommittedOperation(17188): Receive new configuration for com.google.android.gms.languageprofile
05-10 04:42:40.617 I/ChromeSync(17325): [Sync,SyncIntentOperation] Handling the intent: Intent { act=com.google.android.gms.phenotype.COMMITTED flg=0x10 pkg=com.google.android.gms cmp=com.google.android.gms/.chimera.GmsIntentOperationService (has extras) }.
05-10 04:42:40.619 I/MdiSyncModule(17325): flag handling is skipping irrelevant intent.
05-10 04:42:40.620 W/ModuleInitIntentOp(17325): Dropping unexpected action com.google.android.gms.phenotype.COMMITTED
05-10 04:42:40.650 I/Auth    (17188): [AuthManaged,PasswordComplexityHelperImpl] Updating password complexity components state.
05-10 04:42:40.650 I/Auth    (17188): [AuthManaged,PasswordComplexityHelperImpl] Disabling com.google.android.gms.auth.managed.admin.DeviceAdminReceiver
05-10 04:42:40.650 I/Auth    (17188): [AuthManaged,PasswordComplexityHelperImpl] Disabling com.google.android.gms.auth.managed.ui.SetNewPasswordActivity
05-10 04:42:40.653 I/ChromeSync(17325): [Sync,SyncIntentOperation] Handling the intent: Intent { act=com.google.android.gms.phenotype.COMMITTED flg=0x10 pkg=com.google.android.gms cmp=com.google.android.gms/.chimera.GmsIntentOperationService (has extras) }.
05-10 04:42:40.655 I/MdiSyncModule(17325): flag handling is skipping irrelevant intent.
05-10 04:42:40.655 W/ModuleInitIntentOp(17325): Dropping unexpected action com.google.android.gms.phenotype.COMMITTED
05-10 04:42:40.657 I/PTCommittedOperation(17188): Receive new configuration for com.google.android.gms.mobile_data_plan
05-10 04:42:40.706 I/ChromeSync(17325): [Sync,SyncIntentOperation] Handling the intent: Intent { act=com.google.android.gms.phenotype.COMMITTED flg=0x10 pkg=com.google.android.gms cmp=com.google.android.gms/.chimera.GmsIntentOperationService (has extras) }.
05-10 04:42:40.707 I/Auth    (17188): [AuthManaged,PasswordComplexityHelperImpl] Updating password complexity components state.
05-10 04:42:40.707 I/Auth    (17188): [AuthManaged,PasswordComplexityHelperImpl] Disabling com.google.android.gms.auth.managed.admin.DeviceAdminReceiver
05-10 04:42:40.707 I/MdiSyncModule(17325): flag handling is skipping irrelevant intent.
05-10 04:42:40.708 I/Auth    (17188): [AuthManaged,PasswordComplexityHelperImpl] Disabling com.google.android.gms.auth.managed.ui.SetNewPasswordActivity
05-10 04:42:40.708 W/ModuleInitIntentOp(17325): Dropping unexpected action com.google.android.gms.phenotype.COMMITTED
05-10 04:42:40.710 I/PTCommittedOperation(17188): Receive new configuration for com.google.android.gms.auth.easyunlock
05-10 04:42:40.713 I/system_server( 1220): Background concurrent copying GC freed 411487(15MB) AllocSpace objects, 15(364KB) LOS objects, 42% free, 19MB/33MB, paused 83us total 111.092ms
05-10 04:42:40.732 I/.gms.persisten(17188): Background concurrent copying GC freed 223946(11MB) AllocSpace objects, 38(1268KB) LOS objects, 50% free, 9MB/19MB, paused 126us total 151.784ms
05-10 04:42:40.736 I/elligence.sens(19969): Waiting for a blocking GC ProfileSaver
05-10 04:42:40.738 E/EasyUnlock(17188): [EasyUnlockSupportReporterIntentOperation] Invalid account list.
05-10 04:42:40.746 I/Auth    (17188): [AuthManaged,PasswordComplexityHelperImpl] Updating password complexity components state.
05-10 04:42:40.746 I/Auth    (17188): [AuthManaged,PasswordComplexityHelperImpl] Disabling com.google.android.gms.auth.managed.admin.DeviceAdminReceiver
05-10 04:42:40.746 I/Auth    (17188): [AuthManaged,PasswordComplexityHelperImpl] Disabling com.google.android.gms.auth.managed.ui.SetNewPasswordActivity
05-10 04:42:40.749 I/ChromeSync(17325): [Sync,SyncIntentOperation] Handling the intent: Intent { act=com.google.android.gms.phenotype.COMMITTED flg=0x10 pkg=com.google.android.gms cmp=com.google.android.gms/.chimera.GmsIntentOperationService (has extras) }.
05-10 04:42:40.750 I/PTCommittedOperation(17188): Receive new configuration for com.google.android.gms.contactinteractions
05-10 04:42:40.751 I/elligence.sens(19969): WaitForGcToComplete blocked ProfileSaver on HeapTrim for 15.345ms
05-10 04:42:40.752 I/MdiSyncModule(17325): flag handling is skipping irrelevant intent.
05-10 04:42:40.752 W/ModuleInitIntentOp(17325): Dropping unexpected action com.google.android.gms.phenotype.COMMITTED
05-10 04:42:40.781 I/Auth    (17188): [AuthManaged,PasswordComplexityHelperImpl] Updating password complexity components state.
05-10 04:42:40.781 I/Auth    (17188): [AuthManaged,PasswordComplexityHelperImpl] Disabling com.google.android.gms.auth.managed.admin.DeviceAdminReceiver
05-10 04:42:40.783 I/ChromeSync(17325): [Sync,SyncIntentOperation] Handling the intent: Intent { act=com.google.android.gms.phenotype.COMMITTED flg=0x10 pkg=com.google.android.gms cmp=com.google.android.gms/.chimera.GmsIntentOperationService (has extras) }.
05-10 04:42:40.783 I/MdiSyncModule(17325): flag handling is skipping irrelevant intent.
05-10 04:42:40.783 I/PTCommittedOperation(17188): Receive new configuration for com.google.android.gms.enterprise
05-10 04:42:40.784 I/Auth    (17188): [AuthManaged,PasswordComplexityHelperImpl] Disabling com.google.android.gms.auth.managed.ui.SetNewPasswordActivity
05-10 04:42:40.784 W/ModuleInitIntentOp(17325): Dropping unexpected action com.google.android.gms.phenotype.COMMITTED
05-10 04:42:40.803 I/Auth    (17188): [AuthManaged,PasswordComplexityHelperImpl] Updating password complexity components state.
05-10 04:42:40.803 I/Auth    (17188): [AuthManaged,PasswordComplexityHelperImpl] Disabling com.google.android.gms.auth.managed.admin.DeviceAdminReceiver
05-10 04:42:40.804 I/Auth    (17188): [AuthManaged,PasswordComplexityHelperImpl] Disabling com.google.android.gms.auth.managed.ui.SetNewPasswordActivity
05-10 04:42:40.807 I/ChromeSync(17325): [Sync,SyncIntentOperation] Handling the intent: Intent { act=com.google.android.gms.phenotype.COMMITTED flg=0x10 pkg=com.google.android.gms cmp=com.google.android.gms/.chimera.GmsIntentOperationService (has extras) }.
05-10 04:42:40.807 I/MdiSyncModule(17325): flag handling is skipping irrelevant intent.
05-10 04:42:40.808 W/ModuleInitIntentOp(17325): Dropping unexpected action com.google.android.gms.phenotype.COMMITTED
05-10 04:42:40.812 I/PTCommittedOperation(17188): Receive new configuration for com.google.android.gms.checkin
05-10 04:42:40.829 I/Auth    (17188): [AuthManaged,PasswordComplexityHelperImpl] Updating password complexity components state.
05-10 04:42:40.829 I/Auth    (17188): [AuthManaged,PasswordComplexityHelperImpl] Disabling com.google.android.gms.auth.managed.admin.DeviceAdminReceiver
05-10 04:42:40.830 I/Auth    (17188): [AuthManaged,PasswordComplexityHelperImpl] Disabling com.google.android.gms.auth.managed.ui.SetNewPasswordActivity
05-10 04:42:40.832 I/ChromeSync(17325): [Sync,SyncIntentOperation] Handling the intent: Intent { act=com.google.android.gms.phenotype.COMMITTED flg=0x10 pkg=com.google.android.gms cmp=com.google.android.gms/.chimera.GmsIntentOperationService (has extras) }.
05-10 04:42:40.834 I/MdiSyncModule(17325): flag handling is skipping irrelevant intent.
05-10 04:42:40.834 W/ModuleInitIntentOp(17325): Dropping unexpected action com.google.android.gms.phenotype.COMMITTED
05-10 04:42:40.834 I/PTCommittedOperation(17188): Receive new configuration for com.google.android.gms.telephonyspam
05-10 04:42:40.834 I/TelephonySpam(17325): SettingsChangedIntentOp - telephonyspam phenotype flag changed
05-10 04:42:40.835 I/TelephonySpam(17325): SpamListSync - schedulePeriodicTask
05-10 04:42:40.853 I/Auth    (17188): [AuthManaged,PasswordComplexityHelperImpl] Updating password complexity components state.
05-10 04:42:40.853 I/Auth    (17188): [AuthManaged,PasswordComplexityHelperImpl] Disabling com.google.android.gms.auth.managed.admin.DeviceAdminReceiver
05-10 04:42:40.854 I/Auth    (17188): [AuthManaged,PasswordComplexityHelperImpl] Disabling com.google.android.gms.auth.managed.ui.SetNewPasswordActivity
05-10 04:42:40.858 I/ChromeSync(17325): [Sync,SyncIntentOperation] Handling the intent: Intent { act=com.google.android.gms.phenotype.COMMITTED flg=0x10 pkg=com.google.android.gms cmp=com.google.android.gms/.chimera.GmsIntentOperationService (has extras) }.
05-10 04:42:40.858 I/PTCommittedOperation(17188): Receive new configuration for com.google.android.gms.reachability
05-10 04:42:40.860 I/MdiSyncModule(17325): flag handling is skipping irrelevant intent.
05-10 04:42:40.860 W/ModuleInitIntentOp(17325): Dropping unexpected action com.google.android.gms.phenotype.COMMITTED
05-10 04:42:40.880 I/Auth    (17188): [AuthManaged,PasswordComplexityHelperImpl] Updating password complexity components state.
05-10 04:42:40.880 I/Auth    (17188): [AuthManaged,PasswordComplexityHelperImpl] Disabling com.google.android.gms.auth.managed.admin.DeviceAdminReceiver
05-10 04:42:40.880 I/Auth    (17188): [AuthManaged,PasswordComplexityHelperImpl] Disabling com.google.android.gms.auth.managed.ui.SetNewPasswordActivity
05-10 04:42:40.884 I/ChromeSync(17325): [Sync,SyncIntentOperation] Handling the intent: Intent { act=com.google.android.gms.phenotype.COMMITTED flg=0x10 pkg=com.google.android.gms cmp=com.google.android.gms/.chimera.GmsIntentOperationService (has extras) }.
05-10 04:42:40.885 I/PTCommittedOperation(17188): Receive new configuration for com.google.android.gms.mdisync
05-10 04:42:40.887 W/ModuleInitIntentOp(17325): Dropping unexpected action com.google.android.gms.phenotype.COMMITTED
05-10 04:42:40.897 I/MdiSyncModule(17325): handling relevant flag change...
05-10 04:42:40.904 I/Auth    (17188): [AuthManaged,PasswordComplexityHelperImpl] Updating password complexity components state.
05-10 04:42:40.904 I/Auth    (17188): [AuthManaged,PasswordComplexityHelperImpl] Disabling com.google.android.gms.auth.managed.admin.DeviceAdminReceiver
05-10 04:42:40.904 I/Auth    (17188): [AuthManaged,PasswordComplexityHelperImpl] Disabling com.google.android.gms.auth.managed.ui.SetNewPasswordActivity
05-10 04:42:40.906 I/MdiSyncModule(17325): flag handling completed
05-10 04:42:40.907 I/PTCommittedOperation(17188): Receive new configuration for com.google.android.gms.admob
05-10 04:42:40.909 I/ChromeSync(17325): [Sync,SyncIntentOperation] Handling the intent: Intent { act=com.google.android.gms.phenotype.COMMITTED flg=0x10 pkg=com.google.android.gms cmp=com.google.android.gms/.chimera.GmsIntentOperationService (has extras) }.
05-10 04:42:40.911 I/MdiSyncModule(17325): flag handling is skipping irrelevant intent.
05-10 04:42:40.912 W/ModuleInitIntentOp(17325): Dropping unexpected action com.google.android.gms.phenotype.COMMITTED
05-10 04:42:40.923 I/Auth    (17188): [AuthManaged,PasswordComplexityHelperImpl] Updating password complexity components state.
05-10 04:42:40.923 I/Auth    (17188): [AuthManaged,PasswordComplexityHelperImpl] Disabling com.google.android.gms.auth.managed.admin.DeviceAdminReceiver
05-10 04:42:40.923 I/Auth    (17188): [AuthManaged,PasswordComplexityHelperImpl] Disabling com.google.android.gms.auth.managed.ui.SetNewPasswordActivity
05-10 04:42:40.924 I/ChromeSync(17325): [Sync,SyncIntentOperation] Handling the intent: Intent { act=com.google.android.gms.phenotype.COMMITTED flg=0x10 pkg=com.google.android.gms cmp=com.google.android.gms/.chimera.GmsIntentOperationService (has extras) }.
05-10 04:42:40.925 I/MdiSyncModule(17325): flag handling is skipping irrelevant intent.
05-10 04:42:40.926 W/ModuleInitIntentOp(17325): Dropping unexpected action com.google.android.gms.phenotype.COMMITTED
05-10 04:42:40.929 I/PTCommittedOperation(17188): Receive new configuration for com.google.android.gms.audit
05-10 04:42:40.959 I/Auth    (17188): [AuthManaged,PasswordComplexityHelperImpl] Updating password complexity components state.
05-10 04:42:40.959 I/Auth    (17188): [AuthManaged,PasswordComplexityHelperImpl] Disabling com.google.android.gms.auth.managed.admin.DeviceAdminReceiver
05-10 04:42:40.960 I/Auth    (17188): [AuthManaged,PasswordComplexityHelperImpl] Disabling com.google.android.gms.auth.managed.ui.SetNewPasswordActivity
