05-10 04:44:57.699 W/system_server( 1612): kill(-23528, 9) failed: No such process
05-10 04:44:57.699 D/OpenGLRenderer(31757): eglCreateWindowSurface = 0x7560a12280, 0x75660d0010
05-10 04:44:57.699 E/propClient(26952): PropClient failed to load
05-10 04:44:57.704 W/system_server( 1612): kill(-23528, 9) failed: No such process
05-10 04:44:57.709 W/system_server( 1612): kill(-23528, 9) failed: No such process
05-10 04:44:57.710 D/AppsAdapter(31757): notifyUpdate start : com.android.launcher3.Launcher@fe76830
05-10 04:44:57.710 D/AppsCustomAdapter(31757): no change items
05-10 04:44:57.710 D/AppsAdapter(31757): notifyUpdate end : com.android.launcher3.Launcher@fe76830
05-10 04:44:57.710 I/LauncherAppWidgetHostView(31757): updateLastInflationOrientation, orientation: 1, widget: AppWidgetProviderInfo(UserHandle{0}/ComponentInfo{com.sec.android.daemonapp/com.sec.android.daemonapp.appwidget.WeatherAppWidget2x1})
05-10 04:44:57.710 D/RemoteViews(31757): getRemoteViewsToApply apply portrait remoteView
05-10 04:44:57.712 D/DragLayer(31757): DragLayer dispatchDraw, mIsNaviBarPositionChanged = false, mWillOrientationChange = false
05-10 04:44:57.714 D/q       (23428): #S##########################################
05-10 04:44:57.714 D/q       (23428): WidgetSize = 18
05-10 04:44:57.714 D/q       (23428): Action = android.appwidget.action.APPWIDGET_UPDATE_OPTIONS
05-10 04:44:57.714 D/q       (23428): State = WIDGET_STATE_IDLE
05-10 04:44:57.714 D/q       (23428): PageList Size = 1
05-10 04:44:57.714 D/q       (23428): loadCacheFirst = true
05-10 04:44:57.714 D/q       (23428): dontshow3galert = false
05-10 04:44:57.714 D/q       (23428): instanceId = 31
05-10 04:44:57.714 D/q       (23428): #E###########################################
05-10 04:44:57.714 I/Icing   (24206): Indexing done com.google.android.gms-apps
05-10 04:44:57.715 W/system_server( 1612): kill(-23528, 9) failed: No such process
05-10 04:44:57.715 I/Icing   (24206): Indexing com.google.android.gms-internal.3p:MobileApplication from com.google.android.gms
05-10 04:44:57.718 I/ACodec  ( 2395): setParam : video-bitrate = 2508000
05-10 04:44:57.720 W/system_server( 1612): kill(-23528, 9) failed: No such process
05-10 04:44:57.727 W/system_server( 1612): kill(-23528, 9) failed: No such process
05-10 04:44:57.729 D/[WeatherWidget(157735@5)] (23367): {[003ECA3ECD60D589B9D3F7E817555AF6BF4692C67F7B6A53D47EC21705D874A4D04D1B74DCC81944E894D54BEC1CEE0EE1523B9130590EECF9FD56457CA3AB09AA0F08B1EA53776FFB985FC1B40EB107380300AF044049BBDBA46878F67B73A3E476A38BB18C6D7DC053EEDF4FFE783A]}
05-10 04:44:57.732 W/system_server( 1612): kill(-23528, 9) failed: No such process
05-10 04:44:57.733 D/WindowManager( 1612): finishDrawingWindow: Window{3eaf0a7 u0 com.sec.android.app.launcher/com.sec.android.app.launcher.activities.LauncherActivity} mDrawState=HAS_DRAWN
05-10 04:44:57.733 D/ViewRootImpl@7061812[LauncherActivity](31757): MSG_WINDOW_FOCUS_CHANGED 1
05-10 04:44:57.736 D/InputMethodManagerService( 1612): startInputOrWindowGainedFocus : windowGainedFocus
05-10 04:44:57.736 D/InputMethodManagerService( 1612): windowGainedFocus: destinationUserId (getCallingUid) = 0
05-10 04:44:57.736 D/InputMethodManagerService( 1612): windowGainedFocus: currentUserId=0
05-10 04:44:57.736 D/InputMethodManagerService( 1612): windowGainedFocus: mCurrentFocusedUserId=0
05-10 04:44:57.736 D/InputMethodManagerService( 1612): windowGainedFocus : lock - currentUserId = 0 destinationUserId = 0
05-10 04:44:57.736 D/InputMethodManagerService( 1612): windowGainedFocus : mCurrentFocusedUserId - 0 and mSecureKeypadEnabled - false, userSwitched - false
05-10 04:44:57.736 W/InputMethodManagerService( 1612): Window already focused, ignoring focus gain of: com.android.internal.view.IInputMethodClient$Stub$Proxy@d7ebd12 attribute=null, token = android.os.BinderProxy@dc0e566
05-10 04:44:57.736 I/LauncherAppWidgetHostView(31757): updateLastInflationOrientation, orientation: 1, widget: AppWidgetProviderInfo(UserHandle{0}/ComponentInfo{com.google.android.googlequicksearchbox/com.google.android.googlequicksearchbox.SearchWidgetProvider})
05-10 04:44:57.738 D/DragLayer(31757): DragLayer onMeasure, mIsNaviBarPositionChanged = false, mWillOrientationChange = false
05-10 04:44:57.738 D/LauncherAppWidgetHostView(31757): setResizeScaleResult() 1528/ 349 scaleToResize = 1.0(widget id = 30)
05-10 04:44:57.738 D/LauncherAppWidgetHostView(31757): setResizeScaleResult() 488/ 1111 scaleToResize = 1.0(widget id = 29)
05-10 04:44:57.739 D/DragLayer(31757): DragLayer dispatchDraw, mIsNaviBarPositionChanged = false, mWillOrientationChange = false
05-10 04:44:57.739 I/Icing   (24206): Indexing done com.google.android.gms-internal.3p:MobileApplication
05-10 04:44:57.739 W/system_server( 1612): kill(-23528, 9) failed: No such process
05-10 04:44:57.741 D/[WeatherWidget(157735@5)] (23367): {[003ECA3ECD60D589B9D3F7E817555AF69175BE0905BEE2DB841F24DFD95BBFEF7DAA448231DB1709C03D0D1F52E414F5583B45F30689C6824B97C45E13EA268CEF6A2BC00C4557B1EC39733035E2BC0A]}
05-10 04:44:57.741 D/[WeatherWidget(157735@5)] (23367): {[98D5E08ADED74B1149542FB7BA1828914C01EE4A17D54A39B481171FC030C1D8AD85F933B70D237743F2A2AED00AD5CE40AA2ADA411BCEB2D9274EC7764C8F0F]}
05-10 04:44:57.741 D/[WeatherWidget(157735@5)] (23367): {[2F3054AD64BE8EF3BAD4B2CFE0E49D5B1083B755D29D496CCF2C57662C5CD0518486D441565367E3234CA7D26211D1D7]}
05-10 04:44:57.741 D/[WeatherWidget(157735@5)] (23367): {[1CAAD97D0F4C76DEBB47AACF278E91D6B5C98E06BD266078CE70F607D3A64863017435A1D1572FCF46090F466F6B9BF49258AA77426AA7C5E867DDA8818132CF]}
05-10 04:44:57.744 D/[WeatherWidget(157735@5)] (23367): {[236FFFA4FE6D378EDABD8749C406D4B6BC3AB7B5B885BD50A1A53259C64ED258042E7AE21363E98DBF8984B4C67F375139E904DD8D65182385F72DF655B2D036]}
05-10 04:44:57.746 W/system_server( 1612): kill(-23528, 9) failed: No such process
05-10 04:44:57.749 E/propClient(26953): PropClient failed to load
05-10 04:44:57.751 V/Surface (  683): sf_framedrop debug : 0x4f4c, game : false, logging : 0
05-10 04:44:57.752 W/system_server( 1612): kill(-23528, 9) failed: No such process
05-10 04:44:57.756 D/[WeatherWidget(157735@5)] (23367): {[236FFFA4FE6D378EDABD8749C406D4B6A219E4B3CD48DFC33A0137A06E4CDFCC3AAC94FBB8B0B97323CD3ED7DC0E11ABD4925E7EE3BA60DFCFA1E741670FAAF38FE9CCF8770198DC027142F3440B1EDA]}
05-10 04:44:57.756 D/[WeatherWidget(157735@5)] (23367): {[236FFFA4FE6D378EDABD8749C406D4B62968626B97FF63B36C407816ADBE7EE290DFC6D4AAD38B58208BE79A5ADFE821EEDB3AB1607C61C93D4BE061BDC4AE0ABEC5303052083F0F1A8406FBFAE8A46E]}
05-10 04:44:57.757 D/[WeatherWidget(157735@5)] (23367): {[7C1F05480406A54003E661285C404B6816D146330393A79BA1AAD7199E483BAEDFB10F17BF8A7B1DEF1906B06CE700541398743603BFF621FE4DE9BFA02239FA]}
05-10 04:44:57.757 W/system_server( 1612): kill(-23528, 9) failed: No such process
05-10 04:44:57.760 D/[WeatherWidget(157735@5)] (23367): {[D7F368E70E5F68F72B44E8030D50E9B84F13F9800F7CE446AE0A4D8C5727F42B9D006999D5F3A4CC3D3670D90CE5D7DF36A6C7EB141EF985E112890A237E6D748C47FCB628D38D68C878ACCFEAE06F5AF190336D5439C0170E20679D5753CD81CAFF72C799E7D84AA2E2399CE8E3535AFEFFFD1334E10C3FE25F4F6F4611485C07E2690281A55793B0A583AA5E114A96B0F1ABACDCBDA39934F56C58F1F4E93ED0097F1A6F5A7CDDAEE564E946096151B35B98F4988748F6EBD4F9717697AB273C405CC9AAE29D1EBB459CCB636B4FF0E1D19D34394A9AFF1E8150CC786876F39F4B90A6CE9FC78CB3F0B74A6EE42B0441CEC58D2293568F9ED1948F631726A9CFFD8D804A3502D216C86F3865597A834DF3FE0B2295DCCCB13F3F02E1B21C7957F6A5A2540DFA73ABA3466E599D2F79]}
05-10 04:44:57.760 D/[WeatherWidget(157735@5)] (23367): {[544481E477165EDB782852C8186041303E4687AAB9D9133B5023EB8681C6CF3A9BF981989CF911C4545DBED52AD3163A]}
05-10 04:44:57.760 D/[WeatherWidget(157735@5)] (23367): {[E6A1E4D4951215FC55F69E816022B977E046F94E57B3180E4B2D03692900A66282D3768D09743CE528DA99AB5195B9B81A1BB4A1692AD1B901A56120F49D0D70]}
05-10 04:44:57.760 D/[WeatherWidget(157735@5)] (23367): {[E8DD3A476C535903327BD248833A5FECF0C3321F5C1FA34AA982A8421B980A7E29AECC6D467FB2B93575BEF9F51030CE]}
05-10 04:44:57.760 D/[WeatherWidget(157735@5)] (23367): {[D6ED620614BFB8DDC50A1DD407F43BEFD3CF640033FE2C8418528C300D1F1C033041135D05F10E7EF0A7C437BD3F0AF4]}
05-10 04:44:57.761 D/[WeatherWidget(157735@5)] (23367): {[410305DDB6A0315653F51BC97F662EC9BBA9B0A3033FBC7B04E905731B72D2B1FF2B3F866A04BC7457E8E91AE888D1A6]}
05-10 04:44:57.761 D/[WeatherWidget(157735@5)] (23367): {[17BF97144D73E4A09BEEDF062991FEB5BF579B96C2D3C16822F41C88BA43656AB48E5D62EE5D23868BA0D1695BF3DE51]}
05-10 04:44:57.761 D/[WeatherWidget(157735@5)] (23367): {[48F38E4F85E4FB8850201B7E32E27F5C7A305A59CD386CB60C5DDF5ED40C0F97C5068C29EDC243EE6D3E60DBB382C36455FC8B8F6D23872416CC86CEAA2192280FDFCFD93E624B524F174D6A35F877785AB6E6EB61054D8E8B0CBA7EF181EE1E2C218C86E1C976E8FF452B476C2E890A]}
05-10 04:44:57.761 D/[WeatherWidget(157735@5)] (23367): {[A65C72249743A71FE8E9C8A8DE2527350BA1001BD5AB4B7B6D0BC16D4EFD305D220F19619D6309863BAF2D3DF0A00B98]}
05-10 04:44:57.761 D/[WeatherWidget(157735@5)] (23367): {[E6A1E4D4951215FC55F69E816022B977D12BF324E2BF714F3CD983448F7ADB8672E288A73FCCE54ADAEAB30ABEA7DBFE45B143A3E68A03E5876B79FFE9004FD6]}
05-10 04:44:57.762 W/system_server( 1612): kill(-23528, 9) failed: No such process
05-10 04:44:57.763 D/[WeatherWidget(157735@5)] (23367): {[DEB0EF9B0F1DB330593C932E65A827D4553B07010A8DB9F28006F1BC61668B70302047004CB17F39BE19922B1028171D91C32221995A5C5E37B2658DC7525434ED0FCA7D001D07BB4C8BA445E3A21958D33EF69A48FAC0178FB40BB71FEA52229A36A653F17DEF4F47A75D50728469CBE7F84887E6BF3F396B42FF22E34FE0F0D051E771186BC5E9994DF3850344EFBC39F942C8918548E396CEE019047A7990F6344F8444FE7233520398B037DB4D406EE28C73090723B440BDE8E958155D86]}
05-10 04:44:57.768 D/AppWidgetServiceImpl( 1612): handleNotifyUpdateAppWidget, appWidgetId = 29
05-10 04:44:57.768 I/LauncherAppWidgetHostView(31757): updateLastInflationOrientation, orientation: 1, widget: AppWidgetProviderInfo(UserHandle{0}/ComponentInfo{com.sec.android.daemonapp/com.sec.android.daemonapp.appwidget.WeatherAppWidget2x1})
05-10 04:44:57.768 D/RemoteViews(31757): getRemoteViewsToApply apply portrait remoteView
05-10 04:44:57.768 W/system_server( 1612): kill(-23528, 9) failed: No such process
05-10 04:44:57.774 E/propClient(26955): PropClient failed to load
05-10 04:44:57.774 I/constellation(24206): [event_manager] Starting session. sessionId: fb1dc42e-f5d9-4cda-87d8-e4fe9d6fd0e9 from trigger: 1
05-10 04:44:57.774 W/constellation(24206): [event_manager] Event manager is not initialized
05-10 04:44:57.775 D/ConnectivityService( 1612): filterNetworkStateForUid() uid: 10031 networkInfo: [type: WIFI[] - WIFI, state: CONNECTED/CONNECTED, reason: (unspecified), extra: "BLT", failover: false, available: true, roaming: false]
05-10 04:44:57.780 D/[WeatherWidget(157735@5)] (23367): {[B1E4BB2D7008689C4554F9612CF64154A49C3DC7F7DEDD29C4905B9BAE5099BFFC09EB1237CF24EA1B5F20DF6D646896E649C71D5AD61F000291AF14565CE763C8E31670A677C554934C985A1E2BB352]}
05-10 04:44:57.789 W/system_server( 1612): kill(-23528, 9) failed: No such process
05-10 04:44:57.789 I/system_server( 1612): Successfully killed process cgroup uid 10114 pid 23528 in 106ms
05-10 04:44:57.790 E/propClient(26954): PropClient failed to load
05-10 04:44:57.795 W/SearchService(23580): Abort, client detached.
05-10 04:44:57.801 D/AppWidgetServiceImpl( 1612): handleNotifyUpdateAppWidget, appWidgetId = 30
05-10 04:44:57.801 I/LauncherAppWidgetHostView(31757): updateLastInflationOrientation, orientation: 1, widget: AppWidgetProviderInfo(UserHandle{0}/ComponentInfo{com.google.android.googlequicksearchbox/com.google.android.googlequicksearchbox.SearchWidgetProvider})
05-10 04:44:57.814 D/DragLayer(31757): DragLayer onMeasure, mIsNaviBarPositionChanged = false, mWillOrientationChange = false
05-10 04:44:57.814 D/LauncherAppWidgetHostView(31757): setResizeScaleResult() 1528/ 349 scaleToResize = 1.0(widget id = 30)
05-10 04:44:57.815 D/LauncherAppWidgetHostView(31757): setResizeScaleResult() 488/ 1111 scaleToResize = 1.0(widget id = 29)
05-10 04:44:57.815 D/DragLayer(31757): DragLayer dispatchDraw, mIsNaviBarPositionChanged = false, mWillOrientationChange = false
05-10 04:44:57.816 V/Surface (  683): sf_framedrop debug : 0x4f4c, game : false, logging : 0
05-10 04:44:57.821 D/q       (23428): #S##########################################
05-10 04:44:57.821 D/q       (23428): WidgetSize = 18
05-10 04:44:57.821 D/q       (23428): Action = android.appwidget.action.APPWIDGET_UPDATE_OPTIONS
05-10 04:44:57.821 D/q       (23428): State = WIDGET_STATE_IDLE
05-10 04:44:57.821 D/q       (23428): PageList Size = 1
05-10 04:44:57.821 D/q       (23428): loadCacheFirst = true
05-10 04:44:57.821 D/q       (23428): dontshow3galert = false
05-10 04:44:57.821 D/q       (23428): instanceId = 31
05-10 04:44:57.821 D/q       (23428): #E###########################################
05-10 04:44:57.833 I/TorService(26881): onCreate end
05-10 04:44:57.842 D/ApplicationPolicy( 1612): isStatusBarNotificationAllowedAsUser: packageName = android,userId = 0
05-10 04:44:57.842 D/API test( 1612): getContainerInfo: value is 
05-10 04:44:57.842 D/ApplicationPolicy( 1612): isStatusBarNotificationAllowedAsUser: packageName = android,userId = 0
05-10 04:44:57.842 D/API test( 1612): getContainerInfo: value is
05-10 04:44:57.845 D/AudioService( 1612): isEnabled
05-10 04:44:57.845 D/AudioService( 1612): getStreamVolume 5 index 10
05-10 04:44:57.846 D/ApplicationPolicy( 1612): isStatusBarNotificationAllowedAsUser: packageName = org.torproject.android,userId = 0
05-10 04:44:57.846 D/API test( 1612): getContainerInfo: value is 
05-10 04:44:57.847 D/ApplicationPolicy( 1612): isStatusBarNotificationAllowedAsUser: packageName = org.torproject.android,userId = 0
05-10 04:44:57.847 D/API test( 1612): getContainerInfo: value is 
05-10 04:44:57.848 D/Notification.Badge(31757): [valid] onNotificationPosted : StatusBarNotification(pkg=android user=UserHandle{0} id=40 tag=null key=0|android|40|null|1000: Notification(channel=FOREGROUND_SERVICE pri=0 contentView=null vibrate=null sound=null defaults=0x0 flags=0x2 color=0xff607d8b number=0 vis=PRIVATE semFlags=0x0 semPriority=0 semMissedCount=0))
05-10 04:44:57.848 D/Notification.Badge(31757): notificationKey : 0|android|40|null|1000, count : 0, this.count : 1
05-10 04:44:57.849 D/Notification.Badge(31757): LauncherModel:onNotificationPosted() : android, count : [1], shouldBeFilteredOut : [false]
05-10 04:44:57.849 D/skia    ( 1612): Bitmap.writeToParcel_BEGIN : parcelAddr: 0x755feef728, isMutable: 1, colorType: 4, alphaType: 2, width: 90, height: 90, rowBytes: 360, density: 360
05-10 04:44:57.849 D/skia    ( 1612): Bitmap.writeToParcel_END : parcelAddr: 0x755feef728, isMutable: 1, colorType: 4, alphaType: 2, width: 90, height: 90, rowBytes: 360, density: 360
05-10 04:44:57.849 D/skia    ( 1612): Bitmap.writeToParcel_BEGIN : parcelAddr: 0x755feef558, isMutable: 1, colorType: 4, alphaType: 2, width: 90, height: 90, rowBytes: 360, density: 360
05-10 04:44:57.849 D/skia    ( 1612): Bitmap.writeToParcel_END : parcelAddr: 0x755feef558, isMutable: 1, colorType: 4, alphaType: 2, width: 90, height: 90, rowBytes: 360, density: 360
05-10 04:44:57.854 D/NotificationData(22356): filterOut because isDungeonNotification
05-10 04:44:57.854 D/NotificationData(22356): filterOut because isDungeonNotification
05-10 04:44:57.856 D/AudioService( 1612): isEnabled
05-10 04:44:57.858 D/Notification.Badge(31757): [valid] onNotificationPosted : StatusBarNotification(pkg=org.torproject.android user=UserHandle{0} id=1 tag=null key=0|org.torproject.android|1|null|10260: Notification(channel=orbot_channel_1 pri=0 contentView=null vibrate=null sound=null defaults=0x0 flags=0x62 color=0x00000000 category=service actions=1 number=0 vis=PRIVATE semFlags=0x0 semPriority=0 semMissedCount=0))
05-10 04:44:57.858 D/Notification.Badge(31757): notificationKey : 0|org.torproject.android|1|null|10260, count : 0, this.count : 1
05-10 04:44:57.858 D/Notification.Badge(31757): [filtered] shouldBeFilteredOut().mTempRanking.canShowBadge[false], [sbn : StatusBarNotification(pkg=org.torproject.android user=UserHandle{0} id=1 tag=null key=0|org.torproject.android|1|null|10260: Notification(channel=orbot_channel_1 pri=0 contentView=null vibrate=null sound=null defaults=0x0 flags=0x62 color=0x00000000 category=service actions=1 number=0 vis=PRIVATE semFlags=0x0 semPriority=0 semMissedCount=0))]
05-10 04:44:57.858 D/Notification.Badge(31757): LauncherModel:onNotificationPosted() : org.torproject.android, count : [1], shouldBeFilteredOut : [true]
05-10 04:44:57.858 D/Notification.Badge(31757): updateLauncherIconBadges : 1
05-10 04:44:57.859 D/Notification.Badge(31757): updateLauncherIconBadges() item : [IconInfo(title=Orbot intent=Intent { act=android.intent.action.MAIN cat=[android.intent.category.LAUNCHER] flg=0x10200000 cmp=org.torproject.android/.OrbotMainActivity (has extras) } id=92 type=0 container=-102 screen=0 cellX=3 cellY=4 spanX=1 spanY=1 rank=23 hidden=0 dropPos=null user=UserHandle{0})], item.mBadgeCount: [0]
05-10 04:44:57.860 D/ViewRootImpl@b0b6b67[OrbotMainActivity](26881): dispatchAttachedToWindow
05-10 04:44:57.856 D/AudioService( 1612): getStreamVolume 5 index 10
05-10 04:44:57.880 V/WindowManager( 1612): Relayout Window{5692a4e u0 org.torproject.android/org.torproject.android.OrbotMainActivity}: viewVisibility=0 req=1600x2396 WM.LayoutParams{(0,0)(fillxfill) sim=#110 ty=1 fl=#80810100 pfl=0x1020000 wanim=0x10302fc vsysui=0x610 needsMenuKey=2 colorMode=0 naviIconColor=0}
05-10 04:44:57.880 D/StatusBar(22356): addNotification key=0|org.torproject.android|1|null|10260 fullscreen:false
05-10 04:44:57.881 D/NotificationData(22356): filterOut because isDungeonNotification
05-10 04:44:57.883 D/ViewRootImpl@b0b6b67[OrbotMainActivity](26881): Relayout returned: old=[0,0][0,0] new=[0,0][1600,2560] result=0x1 surface={valid=false 0} changed=false
05-10 04:44:57.887 V/Surface (  683): sf_framedrop debug : 0x4f4c, game : false, logging : 0
05-10 04:44:57.888 D/ScrollView(26881):  onsize change changed
05-10 04:44:57.888 D/PackageManager( 1612): setEnabledSetting : userId = 0 packageName = com.google.android.gms cmp = com.google.android.gms.auth.managed.ui.SetupWorkProfileActivity newState = 1 callingPackage = 10031/com.google.android.gms.persistent
05-10 04:44:57.891 I/Auth    (23863): [AuthManaged,PasswordComplexityHelperImpl] Updating password complexity components state.
05-10 04:44:57.891 I/Auth    (23863): [AuthManaged,PasswordComplexityHelperImpl] Disabling com.google.android.gms.auth.managed.admin.DeviceAdminReceiver
05-10 04:44:57.892 E/ViewRootImpl@b0b6b67[OrbotMainActivity](26881): Surface is not valid.
05-10 04:44:57.892 D/PackageManager( 1612): setEnabledSetting : userId = 0 packageName = com.google.android.gms cmp = com.google.android.gms.auth.managed.admin.DeviceAdminReceiver newState = 2 callingPackage = 10031/com.google.android.gms.persistent
05-10 04:44:57.896 I/Backup  (23863): [GmsBackupAccountManager] Backup account not found in gmscore.
05-10 04:44:57.896 I/Auth    (23863): [AuthManaged,PasswordComplexityHelperImpl] Disabling com.google.android.gms.auth.managed.ui.SetNewPasswordActivity
05-10 04:44:57.897 D/PackageManager( 1612): setEnabledSetting : userId = 0 packageName = com.google.android.gms cmp = com.google.android.gms.auth.managed.ui.SetNewPasswordActivity newState = 2 callingPackage = 10031/com.google.android.gms.persistent
05-10 04:44:57.902 I/Icing   (24206): Indexing com.google.android.gms-apps from com.google.android.gms
05-10 04:44:57.904 D/WallpaperService(22356): updateSurface forceRelayout=true redrawNeeded=false myWidth=2560 myHeight=2560 fixedSize=true x = 0 y = 0 mWidth=2560 mHeight=2560 mIsSleepMode=false
05-10 04:44:57.904 I/Icing   (24206): Indexing done com.google.android.gms-apps
05-10 04:44:57.905 V/WindowManager( 1612): Relayout Window{3f0b310 u0 com.android.systemui.ImageWallpaper}: viewVisibility=0 req=2560x2560 WM.LayoutParams{(0,0)(2560x2560) gr=#800033 ty=2013 fl=#10318 fmt=2 wanim=0x103030d colorMode=0 naviIconColor=0}
05-10 04:44:57.910 D/ImageWallpaper(22356): onOffsetsChanged: xOffset=0.0, yOffset=0.0, xOffsetStep=0.0, yOffsetStep=0.0, xPixels=0, yPixels=0
05-10 04:44:57.910 D/ImageWallpaper(22356): newRotation : 0,mLastRotation : 0
05-10 04:44:57.910 D/ImageWallpaper(22356): drawFrame:[frame.width()]2560[frame.height()]2560
05-10 04:44:57.911 D/ImageWallpaper(22356): surfaceDimensionsChanged=false mDisplayWidth=1600 mDisplayHeight=2560
05-10 04:44:57.911 D/ImageWallpaper(22356): redrawNeeded = false, mOffsetsChanged = false
05-10 04:44:57.911 D/ImageWallpaper(22356): Suppressed drawFrame since redraw is not needed and offsets have not changed.
05-10 04:44:57.918 D/WallpaperService(22356): updateSurface forceRelayout=true redrawNeeded=false myWidth=2560 myHeight=2560 fixedSize=true x = 0 y = 0 mWidth=2560 mHeight=2560 mIsSleepMode=false
05-10 04:44:57.918 V/WindowManager( 1612): Relayout Window{3f0b310 u0 com.android.systemui.ImageWallpaper}: viewVisibility=0 req=2560x2560 WM.LayoutParams{(0,0)(2560x2560) gr=#800033 ty=2013 fl=#10318 fmt=2 wanim=0x103030d colorMode=0 naviIconColor=0}
05-10 04:44:57.919 W/ChimeraUtils(23863): Non Chimera context
05-10 04:44:57.919 W/ChimeraUtils(23863): Non Chimera context
05-10 04:44:57.921 D/CommandListener(  937): bwctrlcmd: argc=2 bandwidth gettetherstats ...
05-10 04:44:57.921 D/CommandListener(  937): gettetherstats start. socket=60, pid=1612, uid=1000, gid=1000
05-10 04:44:57.922 D/CommandListener(  937): gettetherstats end 1
05-10 04:44:57.922 D/CapturePreview(31757): start capture - drawaingEnabled : false
05-10 04:44:57.923 D/CapturePreview(31757): capture tagetview width : 1600 height : 2560
05-10 04:44:57.933 D/InputTransport( 1612): Input channel constructed: fd=298
05-10 04:44:57.933 D/InputTransport( 1612): Input channel constructed: fd=353
05-10 04:44:57.934 D/InputTransport( 1612): Input channel destroyed: fd=353
05-10 04:44:57.934 D/InputTransport(26881): Input channel constructed: fd=74
05-10 04:44:57.934 D/ImageWallpaper(22356): onOffsetsChanged: xOffset=0.0, yOffset=0.0, xOffsetStep=0.0, yOffsetStep=0.0, xPixels=0, yPixels=0
05-10 04:44:57.934 D/ImageWallpaper(22356): newRotation : 0,mLastRotation : 0
05-10 04:44:57.934 D/ImageWallpaper(22356): drawFrame:[frame.width()]2560[frame.height()]2560
05-10 04:44:57.934 D/ImageWallpaper(22356): surfaceDimensionsChanged=false mDisplayWidth=1600 mDisplayHeight=2560
05-10 04:44:57.934 D/ImageWallpaper(22356): redrawNeeded = false, mOffsetsChanged = false
05-10 04:44:57.934 D/ImageWallpaper(22356): Suppressed drawFrame since redraw is not needed and offsets have not changed.
05-10 04:44:57.935 D/ViewRootImpl@f38012a[OnboardingActivity](26881): setView = DecorView@baf7b1b[OnboardingActivity] TM=true MM=false
05-10 04:44:57.935 D/ActivityManager( 1612): post active user change for 0 fullscreen true isHomeActivity() false
05-10 04:44:57.935 E/propClient(26962): PropClient failed to load
05-10 04:44:57.938 D/CapturePreview(31757): capture took  16
05-10 04:44:57.938 D/CommandListener(  937): bwctrlcmd: argc=3 bandwidth setglobalalert ...
05-10 04:44:57.952 V/Surface (  683): sf_framedrop debug : 0x4f4c, game : false, logging : 0
05-10 04:44:57.964 D/ViewRootImpl@b0b6b67[OrbotMainActivity](26881): Relayout returned: old=[0,0][1600,2560] new=[0,0][1600,2560] result=0x1 surface={valid=false 0} changed=false
05-10 04:44:57.966 D/ViewRootImpl@f38012a[OnboardingActivity](26881): dispatchAttachedToWindow
05-10 04:44:57.967 V/WindowManager( 1612): Relayout Window{86c8ec2 u0 org.torproject.android/org.torproject.android.ui.onboarding.OnboardingActivity}: viewVisibility=8 req=0x0 WM.LayoutParams{(0,0)(fillxfill) sim=#120 ty=1 fl=#80810100 pfl=0x1020000 wanim=0x10302fc vsysui=0x610 needsMenuKey=2 colorMode=0 naviIconColor=0}
05-10 04:44:57.969 E/propClient(26965): PropClient failed to load
05-10 04:44:57.971 D/ViewRootImpl@f38012a[OnboardingActivity](26881): Relayout returned: old=[0,0][0,0] new=[0,0][1600,2452] result=0x1 surface={valid=false 0} changed=false
05-10 04:44:57.979 D/ViewRootImpl@407f0f9[android]( 1612): dispatchDetachedFromWindow
05-10 04:44:57.979 D/InputEventReceiver( 1612): channel 'c63a83e Splash Screen org.torproject.android (client)' ~ Disposing input event receiver.
05-10 04:44:57.979 D/InputEventReceiver( 1612): channel 'c63a83e Splash Screen org.torproject.android (client)' ~NativeInputEventReceiver.
05-10 04:44:57.979 D/MultiDisplayManager( 1612): activityStoppedLocked : ActivityRecord{f1e54e4 u0 org.torproject.android/.ui.onboarding.OnboardingActivity t155}
05-10 04:44:57.981 D/InputTransport( 1612): Input channel destroyed: fd=518
05-10 04:44:57.982 D/InputTransport( 1612): Input channel destroyed: fd=519
05-10 04:44:57.985 D/SamsungAnimationCreator( 1612): createAppCloseWallpaperEnterAnimation onAnimationEnd
05-10 04:44:57.986 D/SamsungAnimationCreator( 1612): updateAppTransitionStartValues reset
05-10 04:44:57.986 D/WallpaperService(22356): updateSurface forceRelayout=true redrawNeeded=false myWidth=2560 myHeight=2560 fixedSize=true x = 0 y = 0 mWidth=2560 mHeight=2560 mIsSleepMode=false
05-10 04:44:57.987 V/WindowManager( 1612): Relayout Window{3f0b310 u0 com.android.systemui.ImageWallpaper}: viewVisibility=0 req=2560x2560 WM.LayoutParams{(0,0)(2560x2560) gr=#800033 ty=2013 fl=#10318 fmt=2 wanim=0x103030d colorMode=0 naviIconColor=0}
05-10 04:44:57.990 D/ImageWallpaper(22356): onOffsetsChanged: xOffset=0.0, yOffset=0.0, xOffsetStep=0.0, yOffsetStep=0.0, xPixels=0, yPixels=0
05-10 04:44:57.991 D/ImageWallpaper(22356): newRotation : 0,mLastRotation : 0
05-10 04:44:57.991 D/ImageWallpaper(22356): drawFrame:[frame.width()]2560[frame.height()]2560
05-10 04:44:57.991 D/ImageWallpaper(22356): surfaceDimensionsChanged=false mDisplayWidth=1600 mDisplayHeight=2560
05-10 04:44:57.991 D/ImageWallpaper(22356): redrawNeeded = false, mOffsetsChanged = false
05-10 04:44:57.991 D/ImageWallpaper(22356): Suppressed drawFrame since redraw is not needed and offsets have not changed.
05-10 04:44:57.991 D/WallpaperService(22356): updateSurface forceRelayout=true redrawNeeded=false myWidth=2560 myHeight=2560 fixedSize=true x = 0 y = 0 mWidth=2560 mHeight=2560 mIsSleepMode=false
05-10 04:44:57.991 I/ActivityManager( 1612): KPU : put [com.samsung.android.app.smartcapture] : 0 K
05-10 04:44:57.991 I/ACodec  ( 2395): setParam : video-bitrate = 2512000
05-10 04:44:57.991 V/WindowManager( 1612): Relayout Window{3f0b310 u0 com.android.systemui.ImageWallpaper}: viewVisibility=0 req=2560x2560 WM.LayoutParams{(0,0)(2560x2560) gr=#800033 ty=2013 fl=#10318 fmt=2 wanim=0x103030d colorMode=0 naviIconColor=0}
05-10 04:44:57.991 I/ActivityManager( 1612): Killing 25351:com.samsung.android.app.smartcapture/u0a144 (adj 906): DHA:empty #25
05-10 04:44:57.991 W/system_server( 1612): kill(-25351, 9) failed: No such process
05-10 04:44:57.994 D/ImageWallpaper(22356): onOffsetsChanged: xOffset=0.0, yOffset=0.0, xOffsetStep=0.0, yOffsetStep=0.0, xPixels=0, yPixels=0
05-10 04:44:57.995 D/ImageWallpaper(22356): newRotation : 0,mLastRotation : 0
05-10 04:44:57.995 D/ImageWallpaper(22356): drawFrame:[frame.width()]2560[frame.height()]2560
05-10 04:44:57.995 D/ImageWallpaper(22356): surfaceDimensionsChanged=false mDisplayWidth=1600 mDisplayHeight=2560
05-10 04:44:57.995 D/ImageWallpaper(22356): redrawNeeded = false, mOffsetsChanged = false
05-10 04:44:57.995 D/ImageWallpaper(22356): Suppressed drawFrame since redraw is not needed and offsets have not changed.
05-10 04:44:57.997 W/system_server( 1612): kill(-25351, 9) failed: No such process
05-10 04:44:57.997 E/WindowManager( 1612): win=Window{c63a83e u0 Splash Screen org.torproject.android EXITING} destroySurfaces: appStopped=true win.mWindowRemovalAllowed=true win.mRemoveOnExit=true win.mViewVisibility=0, caller=com.android.server.wm.AppWindowToken.destroySurfaces:748 com.android.server.wm.AppWindowToken.destroySurfaces:732 com.android.server.wm.WindowState.onExitAnimationDone:5523 com.android.server.wm.AppWindowAnimator.stepAnimationLocked:517 com.android.server.wm.AppWindowToken.stepAppWindowsAnimation:1745
05-10 04:44:57.997 I/WindowManager( 1612): Destroying surface #9558f09: Surface(name=Splash Screen org.torproject.android) called by com.android.server.wm.WindowStateAnimator.destroySurface:2617 com.android.server.wm.WindowStateAnimator.destroySurfaceLocked:1026 com.android.server.wm.WindowState.destroyOrSaveSurfaceUnchecked:3821 com.android.server.wm.WindowState.destroySurface:3767 com.android.server.wm.AppWindowToken.destroySurfaces:748 com.android.server.wm.AppWindowToken.destroySurfaces:732 com.android.server.wm.WindowState.onExitAnimationDone:5523 com.android.server.wm.AppWindowAnimator.stepAnimationLocked:517
05-10 04:44:57.997 I/SurfaceFlinger(  683): id=382 Removed Splash Screen org.torproject.android[1612]#0 (3/6)
05-10 04:44:58.002 I/SurfaceFlinger(  683): id=382 Removed Splash Screen org.torproject.android[1612]#0 (-2/6)
05-10 04:44:58.007 E/propClient(26966): PropClient failed to load
05-10 04:44:58.009 W/system_server( 1612): kill(-25351, 9) failed: No such process
05-10 04:44:58.011 I/SurfaceFlinger(  683): Display 0 HWC layers:
05-10 04:44:58.011 I/SurfaceFlinger(  683):     type    |    handle    | flag |  format   |   source crop (l,t,r,b)    |         frame       | name 
05-10 04:44:58.011 I/SurfaceFlinger(  683): ------------+--------------+------+-----------+----------------------------+---------------------+------
05-10 04:44:58.011 I/SurfaceFlinger(  683):      Device | 0x7c7b3e6a80 | 0002 | RGBx_8888 |   0.0  480.0 2560.0 2080.0 |    0    0 2560 1600 | com.android.systemui.ImageWallpaper[22356]#0
05-10 04:44:58.011 I/SurfaceFlinger(  683):      Device | 0x7c7e5fec00 | 0000 | RGBA_8888 |   2.0    2.0 2558.0 1599.0 |    0    0 2560 1600 | com.sec.android.app.launcher/com.sec[...]activities.LauncherActivity[31757]#0
05-10 04:44:58.011 I/SurfaceFlinger(  683):      Device | 0x7c7b3f9800 | 0000 | RGBA_8888 |   0.0    0.0   54.0 1600.0 |    0    0   54 1600 | StatusBar[22356]#0
05-10 04:44:58.011 I/SurfaceFlinger(  683):      Device | 0x7c7dc3f900 | 0000 | RGBA_8888 |   0.0    0.0  108.0 1600.0 | 2452    0 2560 1600 | NavigationBar[22356]#0
05-10 04:44:58.011 I/SurfaceFlinger(  683):
05-10 04:44:58.012 I/Layer   (  683): id=382 onRemoved Splash Screen org.torproject.android[1612]#0 
05-10 04:44:58.014 E/ActivityManager( 1612): getPackageFromAppProcesses, return null :26966
05-10 04:44:58.016 W/system_server( 1612): kill(-25351, 9) failed: No such process
05-10 04:44:58.018 I/System.out(16398): Thread-1041(ApacheHTTPLog):isSBSettingEnabled false
05-10 04:44:58.018 I/System.out(16398): Thread-1041(ApacheHTTPLog):isShipBuild true
05-10 04:44:58.019 I/System.out(16398): Thread-1041(ApacheHTTPLog):getDebugLevel 0x4f4c
05-10 04:44:58.019 I/System.out(16398): Thread-1041(ApacheHTTPLog):Smart Bonding Setting is false
05-10 04:44:58.019 I/System.out(16398): Thread-1041(ApacheHTTPLog):SmartBonding Setting is false, SHIP_BUILD is true, log to file is false, DBG is false, DEBUG_LEVEL (1-LOW, 2-MID, 3-HIGH) is 1
05-10 04:44:58.021 W/system_server( 1612): kill(-25351, 9) failed: No such process
05-10 04:44:58.021 I/system_server( 1612): Successfully killed process cgroup uid 10144 pid 25351 in 29ms
05-10 04:44:58.022 D/NotificationData(22356): filterOut because isDungeonNotification
05-10 04:44:58.022 D/NotificationData(22356): filterOut because isDungeonNotification
05-10 04:44:58.025 V/Surface (  683): sf_framedrop debug : 0x4f4c, game : false, logging : 0
05-10 04:44:58.030 D/DragLayer(31757): DragLayer dispatchDraw, mIsNaviBarPositionChanged = false, mWillOrientationChange = false
05-10 04:44:58.030 E/propClient(26970): PropClient failed to load
05-10 04:44:58.035 D/CustomFrequencyManagerService( 1612): acquireDVFSLockLocked : type : DVFS_MIN_LIMIT  frequency : 1651200  uid : 1000  pid : 1612  pkgName : AMS_RESUME_TAIL@CPU_MIN@41
05-10 04:44:58.035 D/ActivityManagerPerformance( 1612): AMP_acquire() TAIL
05-10 04:44:58.035 D/CustomFrequencyManagerService( 1612): FrequencyrequestList.getNextMaxCPUCoreRequest, index: 2
05-10 04:44:58.035 D/CustomFrequencyManagerService( 1612): releaseDVFSLockLocked : Getting Lock type frm List : DVFS_MIN_LIMIT  frequency : 2361600  uid : 1000  pid : 1612  tag : AMS_APP_SWITCH@CPU_MIN@35
05-10 04:44:58.036 D/ActivityManagerPerformance( 1612): AMP_release() APP_SWITCH
05-10 04:44:58.039 I/ActivityManager( 1612): KPU : put [com.samsung.android.calendar] : 0 K
05-10 04:44:58.040 I/ActivityManager( 1612): Killing 23441:com.samsung.android.calendar/u0a138 (adj 906): DHA:empty #25
05-10 04:44:58.040 W/system_server( 1612): kill(-23441, 9) failed: No such process
05-10 04:44:58.045 I/OpenGLRenderer( 1612): Initialized EGL, version 1.4
05-10 04:44:58.045 D/OpenGLRenderer( 1612): Swap behavior 2
05-10 04:44:58.046 V/WindowManager( 1612): Relayout Window{5692a4e u0 org.torproject.android/org.torproject.android.OrbotMainActivity}: viewVisibility=8 req=1600x2560 WM.LayoutParams{(0,0)(fillxfill) sim=#120 ty=1 fl=#80810100 pfl=0x1020000 wanim=0x10302fc vsysui=0x610 needsMenuKey=2 colorMode=0 naviIconColor=0}
05-10 04:44:58.047 E/propClient(26971): PropClient failed to load
05-10 04:44:58.049 D/ViewRootImpl@b0b6b67[OrbotMainActivity](26881): Relayout returned: old=[0,0][1600,2560] new=[0,0][1600,2560] result=0x1 surface={valid=false 0} changed=false
05-10 04:44:58.051 D/MultiDisplayManager( 1612): activityStoppedLocked : ActivityRecord{b102fa8 u0 org.torproject.android/.OrbotMainActivity t155}
05-10 04:44:58.055 D/ApplicationPolicy( 1612): isStatusBarNotificationAllowedAsUser: packageName = android,userId = 0
05-10 04:44:58.055 D/API test( 1612): getContainerInfo: value is 
05-10 04:44:58.055 D/ApplicationPolicy( 1612): isStatusBarNotificationAllowedAsUser: packageName = android,userId = 0
05-10 04:44:58.055 D/API test( 1612): getContainerInfo: value is 
05-10 04:44:58.055 W/system_server( 1612): kill(-23441, 9) failed: No such process
05-10 04:44:58.060 W/system_server( 1612): kill(-23441, 9) failed: No such process
05-10 04:44:58.061 D/AudioService( 1612): isEnabled
05-10 04:44:58.062 D/AudioService( 1612): getStreamVolume 5 index 10
05-10 04:44:58.063 D/Notification.Badge(31757): notificationKey : 0|android|40|null|1000, count : 0, this.count : 1
05-10 04:44:58.064 D/Notification.Badge(31757): LauncherModel:onNotificationPosted() : android, count : [1], shouldBeFilteredOut : [false]
05-10 04:44:58.064 D/skia    ( 1612): Bitmap.writeToParcel_BEGIN : parcelAddr: 0x7555e75728, isMutable: 1, colorType: 4, alphaType: 2, width: 90, height: 90, rowBytes: 360, density: 360
05-10 04:44:58.064 D/skia    ( 1612): Bitmap.writeToParcel_END : parcelAddr: 0x7555e75728, isMutable: 1, colorType: 4, alphaType: 2, width: 90, height: 90, rowBytes: 360, density: 360
05-10 04:44:58.064 D/skia    ( 1612): Bitmap.writeToParcel_BEGIN : parcelAddr: 0x7555e75558, isMutable: 1, colorType: 4, alphaType: 2, width: 90, height: 90, rowBytes: 360, density: 360
05-10 04:44:58.064 D/skia    ( 1612): Bitmap.writeToParcel_END : parcelAddr: 0x7555e75558, isMutable: 1, colorType: 4, alphaType: 2, width: 90, height: 90, rowBytes: 360, density: 360
05-10 04:44:58.065 D/NotificationData(22356): filterOut because isDungeonNotification
05-10 04:44:58.066 W/system_server( 1612): kill(-23441, 9) failed: No such process
05-10 04:44:58.067 D/NotificationData(22356): filterOut because isDungeonNotification
05-10 04:44:58.067 D/NotificationData(22356): filterOut because isDungeonNotification
05-10 04:44:58.068 D/AODManagerService( 1612): updateNotificationKeysInternal() return : same [7]
05-10 04:44:58.072 I/ActivityManager( 1612): KPU : put [com.samsung.android.mobileservice] : 0 K
05-10 04:44:58.072 I/ActivityManager( 1612): Killing 23767:com.samsung.android.mobileservice/u0a55 (adj 906): DHA:empty #25
05-10 04:44:58.074 W/system_server( 1612): kill(-23441, 9) failed: No such process
05-10 04:44:58.076 E/constellation(24206): [periodic_consent_checker] Couldn't sync with the server due to 
05-10 04:44:58.076 E/constellation(24206): thz
05-10 04:44:58.076 E/constellation(24206): 	at com.google.android.gms.constellation.EventManager.onHandleIntent(:com.google.android.gms@201515019@20.15.15 (040400-306758586):225)
05-10 04:44:58.076 E/constellation(24206): 	at com.google.android.chimera.IntentOperation.onHandleIntent(:com.google.android.gms@201515019@20.15.15 (040400-306758586):2)
05-10 04:44:58.076 E/constellation(24206): 	at qpb.onHandleIntent(:com.google.android.gms@201515019@20.15.15 (040400-306758586):4)
05-10 04:44:58.076 E/constellation(24206): 	at dis.run(:com.google.android.gms@201515019@20.15.15 (040400-306758586):5)
05-10 04:44:58.076 E/constellation(24206): 	at dir.run(:com.google.android.gms@201515019@20.15.15 (040400-306758586):7)
05-10 04:44:58.076 E/constellation(24206): 	at java.util.concurrent.ThreadPoolExecutor.runWorker(ThreadPoolExecutor.java:1162)
05-10 04:44:58.076 E/constellation(24206): 	at java.util.concurrent.ThreadPoolExecutor$Worker.run(ThreadPoolExecutor.java:636)
05-10 04:44:58.076 E/constellation(24206): 	at java.lang.Thread.run(Thread.java:764)
05-10 04:44:58.079 W/system_server( 1612): kill(-23441, 9) failed: No such process
05-10 04:44:58.082 E/propClient(26972): PropClient failed to load
05-10 04:44:58.085 W/system_server( 1612): kill(-23441, 9) failed: No such process
05-10 04:44:58.086 E/ActivityManager( 1612): getPackageFromAppProcesses, return null :26972
05-10 04:44:58.088 D/DnsProxyListener(  937): DNSDBG::dns addrinfo af 2
05-10 04:44:58.089 V/Surface (  683): sf_framedrop debug : 0x4f4c, game : false, logging : 0
05-10 04:44:58.090 W/system_server( 1612): kill(-23441, 9) failed: No such process
05-10 04:44:58.095 I/chatty  ( 1612): uid=1000(system) ActivityManager identical 1 line
05-10 04:44:58.103 W/system_server( 1612): kill(-23441, 9) failed: No such process
05-10 04:44:58.103 W/InputMethodManagerService( 1612): hideSoftInput : Ignoring, uid 1000: com.android.internal.view.IInputMethodClient$Stub$Proxy@af4b4b
05-10 04:44:58.108 W/system_server( 1612): kill(-23441, 9) failed: No such process
05-10 04:44:58.108 D/ViewRootImpl@5736a72[Settings$BadgeAppIconSettingsActivity](26609): dispatchDetachedFromWindow
05-10 04:44:58.109 D/InputEventReceiver(26609): channel 'a364c8c com.android.settings/com.android.settings.Settings$BadgeAppIconSettingsActivity (client)' ~ Disposing input event rec
05-10 04:44:58.109 D/InputEventReceiver(26609): channel 'a364c8c com.android.settings/com.android.settings.Settings$BadgeAppIconSettingsActivity (client)' ~NativeInputEventReceiver.
05-10 04:44:58.114 W/system_server( 1612): kill(-23441, 9) failed: No such process
05-10 04:44:58.115 D/InputTransport( 1612): Input channel destroyed: fd=485
05-10 04:44:58.117 D/InputTransport(26609): Input channel destroyed: fd=85
05-10 04:44:58.117 E/ViewRootImpl(26609): sendUserActionEvent() returned.
05-10 04:44:58.119 D/ActivityManager( 1612): setTask() : Task is set by null callers=com.android.server.am.TaskRecord.removeActivity:1865 com.android.server.am.ActivityStack.removeActivityFromHistoryLocked:5310 com.android.server.am.ActivityStack.activityDestroyedLocked:5595 com.android.server.am.ActivityManagerService.activityDestroyed:10067  taskId=147
05-10 04:44:58.122 E/propClient(26976): PropClient failed to load
05-10 04:44:58.124 W/system_server( 1612): kill(-23441, 9) failed: No such process
05-10 04:44:58.130 I/chatty  ( 1612): uid=1000(system) ActivityManager identical 1 line
05-10 04:44:58.136 W/system_server( 1612): kill(-23441, 9) failed: No such process
05-10 04:44:58.136 I/system_server( 1612): Successfully killed process cgroup uid 10138 pid 23441 in 95ms
05-10 04:44:58.136 W/system_server( 1612): kill(-23767, 9) failed: No such process
05-10 04:44:58.136 I/system_server( 1612): Successfully killed process cgroup uid 10055 pid 23767 in 0ms
05-10 04:44:58.140 D/PackageManager( 1612): setEnabledSetting : userId = 0 packageName = com.google.android.gms cmp = com.google.android.gms.auth.managed.ui.SetupWorkProfileActivity newState = 1 callingPackage = 10031/com.google.android.gms.persistent
05-10 04:44:58.143 I/Auth    (23863): [AuthManaged,PasswordComplexityHelperImpl] Updating password complexity components state.
05-10 04:44:58.143 I/Auth    (23863): [AuthManaged,PasswordComplexityHelperImpl] Disabling com.google.android.gms.auth.managed.admin.DeviceAdminReceiver
05-10 04:44:58.148 D/PackageManager( 1612): setEnabledSetting : userId = 0 packageName = com.google.android.gms cmp = com.google.android.gms.auth.managed.admin.DeviceAdminReceiver newState = 2 callingPackage = 10031/com.google.android.gms.persistent
05-10 04:44:58.148 I/Auth    (23863): [AuthManaged,PasswordComplexityHelperImpl] Disabling com.google.android.gms.auth.managed.ui.SetNewPasswordActivity
05-10 04:44:58.149 D/PackageManager( 1612): setEnabledSetting : userId = 0 packageName = com.google.android.gms cmp = com.google.android.gms.auth.managed.ui.SetNewPasswordActivity newState = 2 callingPackage = 10031/com.google.android.gms.persistent
05-10 04:44:58.155 V/Surface (  683): sf_framedrop debug : 0x4f4c, game : false, logging : 0
05-10 04:44:58.176 I/ACodec  ( 2395): setParam : video-bitrate = 2546000
05-10 04:44:58.188 D/MdnieScenarioControlService( 1612):  packageName : com.sec.android.app.launcher    className : com.sec.android.app.launcher.activities.LauncherActivity
05-10 04:44:58.188 V/MdnieScenarioControlService( 1612): setUIMode from UI function(3)
05-10 04:44:58.198 D/PackageManager( 1612): setEnabledSetting : userId = 0 packageName = com.google.android.gms cmp = com.google.android.gms.auth.managed.ui.SetupWorkProfileActivity newState = 1 callingPackage = 10031/com.google.android.gms.persistent
05-10 04:44:58.200 I/Auth    (23863): [AuthManaged,PasswordComplexityHelperImpl] Updating password complexity components state.
05-10 04:44:58.200 I/Auth    (23863): [AuthManaged,PasswordComplexityHelperImpl] Disabling com.google.android.gms.auth.managed.admin.DeviceAdminReceiver
05-10 04:44:58.204 D/PackageManager( 1612): setEnabledSetting : userId = 0 packageName = com.google.android.gms cmp = com.google.android.gms.auth.managed.admin.DeviceAdminReceiver newState = 2 callingPackage = 10031/com.google.android.gms.persistent
05-10 04:44:58.204 I/Auth    (23863): [AuthManaged,PasswordComplexityHelperImpl] Disabling com.google.android.gms.auth.managed.ui.SetNewPasswordActivity
05-10 04:44:58.205 D/PackageManager( 1612): setEnabledSetting : userId = 0 packageName = com.google.android.gms cmp = com.google.android.gms.auth.managed.ui.SetNewPasswordActivity newState = 2 callingPackage = 10031/com.google.android.gms.persistent
05-10 04:44:58.209 V/Surface (  683): sf_framedrop debug : 0x4f4c, game : false, logging : 0
05-10 04:44:58.240 W/OpenGLRenderer(31757): Incorrectly called buildLayer on View: WorkspaceCellLayoutChildren, destroying layer...
05-10 04:44:58.240 W/OpenGLRenderer(31757): Incorrectly called buildLayer on View: WorkspaceCellLayoutChildren, destroying layer...
05-10 04:44:58.255 E/propClient(26978): PropClient failed to load
05-10 04:44:58.271 E/propClient(26977): PropClient failed to load
05-10 04:44:58.286 I/Icing   (24206): Indexing com.google.android.gms-apps from com.google.android.gms
05-10 04:44:58.288 I/Icing   (24206): Indexing done com.google.android.gms-apps
05-10 04:44:58.289 I/Icing   (24206): Indexing com.google.android.gms-internal.3p:MobileApplication from com.google.android.gms
05-10 04:44:58.297 D/WifiTrafficPoller( 1612): TrafficStats TxPkts=47272 RxPkts=61691 TxBytes=7385688 RxBytes=46246624 , Foreground uid=10076 pkgName=com.sec.android.app.launcher txBytes=0 rxBytes=0
05-10 04:44:58.301 D/Tile.WifiTile(22356): handleUpdateState enabled  = true
05-10 04:44:58.301 E/propClient(26981): PropClient failed to load
05-10 04:44:58.305 D/CustomFrequencyManagerService( 1612): FrequencyrequestList.getNextMaxCPUCoreRequest, index: 1
05-10 04:44:58.308 D/CustomFrequencyManagerService( 1612): releaseDVFSLockLocked : Getting Lock type frm List : DVFS_MIN_LIMIT  frequency : 2361600  uid : 1000  pid : 1612  tag : AMS_APP_HOME@CPU_MIN@49
05-10 04:44:58.308 E/propClient(26980): PropClient failed to load
05-10 04:44:58.311 I/Icing   (24206): Indexing done com.google.android.gms-internal.3p:MobileApplication
05-10 04:44:58.312 I/zygote64( 1612): NativeAlloc concurrent copying GC freed 91468(5MB) AllocSpace objects, 19(828KB) LOS objects, 42% free, 32MB/56MB, paused 196us total 146.185ms
05-10 04:44:58.331 E/propClient(26984): PropClient failed to load
05-10 04:44:58.335 D/CustomFrequencyManagerService( 1612): releaseDVFSLockLocked : Getting Lock type frm List : DVFS_MIN_LIMIT  frequency : 1651200  uid : 1000  pid : 1612  tag : AMS_RESUME_TAIL@CPU_MIN@41
05-10 04:44:58.347 E/propClient(26986): PropClient failed to load
05-10 04:44:58.354 V/Surface (  683): sf_framedrop debug : 0x4f4c, game : false, logging : 0
05-10 04:44:58.365 D/GamePkgDataHelper( 1612): getGamePkgDataIncServer(). com.sec.android.app.launcher
05-10 04:44:58.365 D/GameManagerService( 1612): identifyGamePackage. com.sec.android.app.launcher
05-10 04:44:58.365 D/GamePkgDataHelper( 1612): getGamePkgData(). com.sec.android.app.launcher
05-10 04:44:58.365 D/GamePkgDataHelper( 1612): getSosPolicy(). com.sec.android.app.launcher
05-10 04:44:58.366 D/GameManagerService( 1612): identifyGamePackage. com.sec.android.app.launcher
05-10 04:44:58.366 D/GamePkgDataHelper( 1612): getGamePkgData(). com.sec.android.app.launcher
05-10 04:44:58.371 D/GameManagerService( 1612): identifyGamePackage. com.sec.android.app.launcher
05-10 04:44:58.371 D/GamePkgDataHelper( 1612): getGamePkgData(). com.sec.android.app.launcher
05-10 04:44:58.373 D/GameManagerService( 1612): identifyGamePackage. com.sec.android.app.launcher
05-10 04:44:58.373 D/GamePkgDataHelper( 1612): getGamePkgData(). com.sec.android.app.launcher
05-10 04:44:58.376 D/GameManagerService( 1612): identifyGamePackage. com.sec.android.app.launcher
05-10 04:44:58.376 D/GamePkgDataHelper( 1612): getGamePkgData(). com.sec.android.app.launcher
05-10 04:44:58.382 D/CommandListener(  937): bwctrlcmd: argc=2 bandwidth gettetherstats ...
05-10 04:44:58.382 D/CommandListener(  937): gettetherstats start. socket=60, pid=1612, uid=1000, gid=1000
05-10 04:44:58.382 D/CommandListener(  937): gettetherstats end 1
05-10 04:44:58.383 D/PackageManager( 1612): setEnabledSetting : userId = 0 packageName = com.google.android.gms cmp = com.google.android.gms.auth.managed.ui.SetupWorkProfileActivity newState = 1 callingPackage = 10031/com.google.android.gms.persistent
05-10 04:44:58.383 E/propClient(26988): PropClient failed to load
05-10 04:44:58.385 I/Auth    (23863): [AuthManaged,PasswordComplexityHelperImpl] Updating password complexity components state.
05-10 04:44:58.385 I/Auth    (23863): [AuthManaged,PasswordComplexityHelperImpl] Disabling com.google.android.gms.auth.managed.admin.DeviceAdminReceiver
05-10 04:44:58.388 D/CommandListener(  937): bwctrlcmd: argc=3 bandwidth setglobalalert ...
05-10 04:44:58.388 D/PackageManager( 1612): setEnabledSetting : userId = 0 packageName = com.google.android.gms cmp = com.google.android.gms.auth.managed.admin.DeviceAdminReceiver newState = 2 callingPackage = 10031/com.google.android.gms.persistent
05-10 04:44:58.388 I/Auth    (23863): [AuthManaged,PasswordComplexityHelperImpl] Disabling com.google.android.gms.auth.managed.ui.SetNewPasswordActivity
05-10 04:44:58.391 D/PackageManager( 1612): setEnabledSetting : userId = 0 packageName = com.google.android.gms cmp = com.google.android.gms.auth.managed.ui.SetNewPasswordActivity newState = 2 callingPackage = 10031/com.google.android.gms.persistent
05-10 04:44:58.414 E/propClient(26990): PropClient failed to load
05-10 04:44:58.419 V/Surface (  683): sf_framedrop debug : 0x4f4c, game : false, logging : 0
05-10 04:44:58.426 E/propClient(26992): PropClient failed to load
05-10 04:44:58.435 D/PackageManager( 1612): setEnabledSetting : userId = 0 packageName = com.google.android.gms cmp = com.google.android.gms.auth.managed.ui.SetupWorkProfileActivity newState = 1 callingPackage = 10031/com.google.android.gms.persistent
05-10 04:44:58.438 I/Auth    (23863): [AuthManaged,PasswordComplexityHelperImpl] Updating password complexity components state.
05-10 04:44:58.438 I/Auth    (23863): [AuthManaged,PasswordComplexityHelperImpl] Disabling com.google.android.gms.auth.managed.admin.DeviceAdminReceiver
05-10 04:44:58.439 D/PackageManager( 1612): setEnabledSetting : userId = 0 packageName = com.google.android.gms cmp = com.google.android.gms.auth.managed.admin.DeviceAdminReceiver newState = 2 callingPackage = 10031/com.google.android.gms.persistent
05-10 04:44:58.440 I/Auth    (23863): [AuthManaged,PasswordComplexityHelperImpl] Disabling com.google.android.gms.auth.managed.ui.SetNewPasswordActivity
05-10 04:44:58.441 D/PackageManager( 1612): setEnabledSetting : userId = 0 packageName = com.google.android.gms cmp = com.google.android.gms.auth.managed.ui.SetNewPasswordActivity newState = 2 callingPackage = 10031/com.google.android.gms.persistent
05-10 04:44:58.449 I/ACodec  ( 2395): setParam : video-bitrate = 2637000
05-10 04:44:58.458 E/propClient(26993): PropClient failed to load
05-10 04:44:58.471 E/propClient(26994): PropClient failed to load
05-10 04:44:58.482 V/Surface (  683): sf_framedrop debug : 0x4f4c, game : false, logging : 0
05-10 04:44:58.491 D/PackageManager( 1612): setEnabledSetting : userId = 0 packageName = com.google.android.gms cmp = com.google.android.gms.auth.managed.ui.SetupWorkProfileActivity newState = 1 callingPackage = 10031/com.google.android.gms.persistent
05-10 04:44:58.492 I/Auth    (23863): [AuthManaged,PasswordComplexityHelperImpl] Updating password complexity components state.
05-10 04:44:58.492 I/Auth    (23863): [AuthManaged,PasswordComplexityHelperImpl] Disabling com.google.android.gms.auth.managed.admin.DeviceAdminReceiver
