05-10 04:42:33.713 D/libnos_transport(  624): App 2 poll=32 status=0x00000000 reply_len=0 flags=0x0001
05-10 04:42:33.717 D/libnos_transport(  624): App 2 polled=34 status=0x80000000 reply_len=93 flags=0x0000
05-10 04:42:33.717 D/libnos_transport(  624): Read app 2 reply data (93 bytes)
05-10 04:42:33.718 D/libnos_transport(  624): App 2 returning 0x0
05-10 04:42:33.760 I/IntentService[D(19148): type=1400 audit(0.0:10576): avc: denied { open } for path="/proc/bus/pci/devices" dev="proc" ino=4026532179 scontext=u:r:priv_app:s0:c512,c768 tcontext=u:object_r:proc:s0 tclass=file permissive=1
05-10 04:42:33.821 W/KeyStore(19148): KeyStore exception
05-10 04:42:33.821 W/KeyStore(19148): android.os.ServiceSpecificException:  (code 7)
05-10 04:42:33.821 W/KeyStore(19148): 	at android.os.Parcel.createException(Parcel.java:1956)
05-10 04:42:33.821 W/KeyStore(19148): 	at android.os.Parcel.readException(Parcel.java:1910)
05-10 04:42:33.821 W/KeyStore(19148): 	at android.os.Parcel.readException(Parcel.java:1860)
05-10 04:42:33.821 W/KeyStore(19148): 	at android.security.IKeystoreService$Stub$Proxy.get(IKeystoreService.java:786)
05-10 04:42:33.821 W/KeyStore(19148): 	at android.security.KeyStore.get(KeyStore.java:195)
05-10 04:42:33.821 W/KeyStore(19148): 	at android.security.keystore.AndroidKeyStoreSpi.engineGetCertificateChain(AndroidKeyStoreSpi.java:118)
05-10 04:42:33.821 W/KeyStore(19148): 	at java.security.KeyStoreSpi.engineGetEntry(KeyStoreSpi.java:484)
05-10 04:42:33.821 W/KeyStore(19148): 	at java.security.KeyStore.getEntry(KeyStore.java:1560)
05-10 04:42:33.821 W/KeyStore(19148): 	at com.google.ccc.abuse.droidguard.DroidGuard.initNative(Native Method)
05-10 04:42:33.821 W/KeyStore(19148): 	at com.google.ccc.abuse.droidguard.DroidGuard.init(DroidGuard.java:447)
05-10 04:42:33.821 W/KeyStore(19148): 	at com.google.ccc.abuse.droidguard.DroidGuard.run(DroidGuard.java:429)
05-10 04:42:33.821 W/KeyStore(19148): 	at java.lang.reflect.Method.invoke(Native Method)
05-10 04:42:33.821 W/KeyStore(19148): 	at wai.a(:com.google.android.gms@201515030@20.15.15 (100408-306758586):3)
05-10 04:42:33.821 W/KeyStore(19148): 	at com.google.android.gms.droidguard.DroidGuardChimeraService.a(:com.google.android.gms@201515030@20.15.15 (100408-306758586):37)
05-10 04:42:33.821 W/KeyStore(19148): 	at com.google.android.gms.droidguard.DroidGuardChimeraService.a(:com.google.android.gms@201515030@20.15.15 (100408-306758586):67)
05-10 04:42:33.821 W/KeyStore(19148): 	at com.google.android.gms.framework.tracing.wrapper.TracingIntentService.onHandleIntent(:com.google.android.gms@201515030@20.15.15 (100408-306758586):1)
05-10 04:42:33.821 W/KeyStore(19148): 	at dff.handleMessage(:com.google.android.gms@201515030@20.15.15 (100408-306758586):0)
05-10 04:42:33.821 W/KeyStore(19148): 	at android.os.Handler.dispatchMessage(Handler.java:106)
05-10 04:42:33.821 W/KeyStore(19148): 	at android.os.Looper.loop(Looper.java:193)
05-10 04:42:33.821 W/KeyStore(19148): 	at android.os.HandlerThread.run(HandlerThread.java:65)
05-10 04:42:33.855 W/NetworkStats( 1220): Found non-monotonic values; saving to dropbox
05-10 04:42:33.856 I/keystore(  888): 1 0
05-10 04:42:33.871 I/Adreno  (19148): QUALCOMM build                   : 3f88ca2, I42f6fe38fb
05-10 04:42:33.871 I/Adreno  (19148): Build Date                       : 07/13/18
05-10 04:42:33.871 I/Adreno  (19148): OpenGL ES Shader Compiler Version: EV031.24.00.00
05-10 04:42:33.871 I/Adreno  (19148): Local Branch                     : 50.04
05-10 04:42:33.871 I/Adreno  (19148): Remote Branch                    : 
05-10 04:42:33.871 I/Adreno  (19148): Remote Branch                    : 
05-10 04:42:33.871 I/Adreno  (19148): Reconstruct Branch               : 
05-10 04:42:33.871 I/Adreno  (19148): Build Config                     : S P 4.0.10 AArch64
05-10 04:42:33.867 I/IntentService[D(19148): type=1400 audit(0.0:10577): avc: denied { open } for path="/sys/block" dev="sysfs" ino=35787 scontext=u:r:priv_app:s0:c512,c768 tcontext=u:object_r:sysfs:s0 tclass=dir permissive=1
05-10 04:42:33.873 I/Adreno  (19148): PFP: 0x016ee170, ME: 0x00000000
05-10 04:42:33.874 I/ConfigStore(19148): android::hardware::configstore::V1_0::ISurfaceFlingerConfigs::hasWideColorDisplay retrieved: 1
05-10 04:42:33.874 I/ConfigStore(19148): android::hardware::configstore::V1_0::ISurfaceFlingerConfigs::hasHDRDisplay retrieved: 1
05-10 04:42:33.877 W/BroadcastQueue( 1220): Background execution not allowed: receiving Intent { act=android.intent.action.DROPBOX_ENTRY_ADDED flg=0x10 (has extras) } to com.google.android.gms/.stats.service.DropBoxEntryAddedReceiver
05-10 04:42:33.877 W/BroadcastQueue( 1220): Background execution not allowed: receiving Intent { act=android.intent.action.DROPBOX_ENTRY_ADDED flg=0x10 (has extras) } to com.google.android.gms/.chimera.GmsIntentOperationService$PersistentTrustedReceiver
05-10 04:42:33.888 W/NetworkStats( 1220): Found non-monotonic values; saving to dropbox
05-10 04:42:33.891 W/BroadcastQueue( 1220): Background execution not allowed: receiving Intent { act=android.intent.action.DROPBOX_ENTRY_ADDED flg=0x10 (has extras) } to com.google.android.gms/.stats.service.DropBoxEntryAddedReceiver
05-10 04:42:33.891 W/BroadcastQueue( 1220): Background execution not allowed: receiving Intent { act=android.intent.action.DROPBOX_ENTRY_ADDED flg=0x10 (has extras) } to com.google.android.gms/.chimera.GmsIntentOperationService$PersistentTrustedReceiver
05-10 04:42:33.895 W/BroadcastQueue( 1220): Background execution not allowed: receiving Intent { act=android.intent.action.DROPBOX_ENTRY_ADDED flg=0x10 (has extras) } to com.google.android.gms/.stats.service.DropBoxEntryAddedReceiver
05-10 04:42:33.895 W/BroadcastQueue( 1220): Background execution not allowed: receiving Intent { act=android.intent.action.DROPBOX_ENTRY_ADDED flg=0x10 (has extras) } to com.google.android.gms/.chimera.GmsIntentOperationService$PersistentTrustedReceiver
05-10 04:42:33.908 W/BroadcastQueue( 1220): Background execution not allowed: receiving Intent { act=android.intent.action.DROPBOX_ENTRY_ADDED flg=0x10 (has extras) } to com.google.android.gms/.stats.service.DropBoxEntryAddedReceiver
05-10 04:42:33.908 W/BroadcastQueue( 1220): Background execution not allowed: receiving Intent { act=android.intent.action.DROPBOX_ENTRY_ADDED flg=0x10 (has extras) } to com.google.android.gms/.chimera.GmsIntentOperationService$PersistentTrustedReceiver
05-10 04:42:33.924 W/BroadcastQueue( 1220): Background execution not allowed: receiving Intent { act=android.intent.action.DROPBOX_ENTRY_ADDED flg=0x10 (has extras) } to com.google.android.gms/.stats.service.DropBoxEntryAddedReceiver
05-10 04:42:33.924 W/BroadcastQueue( 1220): Background execution not allowed: receiving Intent { act=android.intent.action.DROPBOX_ENTRY_ADDED flg=0x10 (has extras) } to com.google.android.gms/.chimera.GmsIntentOperationService$PersistentTrustedReceiver
05-10 04:42:33.904 I/chatty  ( 1220): uid=1000(system) NetworkStats identical 2 lines
05-10 04:42:33.919 W/NetworkStats( 1220): Found non-monotonic values; saving to dropbox
05-10 04:42:33.925 I/Adreno  (19148): QUALCOMM build                   : 3f88ca2, I42f6fe38fb
05-10 04:42:33.925 I/Adreno  (19148): Build Date                       : 07/13/18
05-10 04:42:33.925 I/Adreno  (19148): OpenGL ES Shader Compiler Version: EV031.24.00.00
05-10 04:42:33.925 I/Adreno  (19148): Local Branch                     : 50.04
05-10 04:42:33.925 I/Adreno  (19148): Remote Branch                    : 
05-10 04:42:33.925 I/Adreno  (19148): Remote Branch                    : 
05-10 04:42:33.925 I/Adreno  (19148): Reconstruct Branch               : 
05-10 04:42:33.925 I/Adreno  (19148): Build Config                     : S P 4.0.10 AArch64
05-10 04:42:33.929 I/Adreno  (19148): PFP: 0x016ee170, ME: 0x00000000
05-10 04:42:33.935 W/NetworkStats( 1220): Found non-monotonic values; saving to dropbox
05-10 04:42:33.935 I/ConfigStore(19148): android::hardware::configstore::V1_0::ISurfaceFlingerConfigs::hasWideColorDisplay retrieved: 1
05-10 04:42:33.935 I/ConfigStore(19148): android::hardware::configstore::V1_0::ISurfaceFlingerConfigs::hasHDRDisplay retrieved: 1
05-10 04:42:33.936 W/BroadcastQueue( 1220): Background execution not allowed: receiving Intent { act=android.intent.action.DROPBOX_ENTRY_ADDED flg=0x10 (has extras) } to com.google.android.gms/.stats.service.DropBoxEntryAddedReceiver
05-10 04:42:33.936 W/BroadcastQueue( 1220): Background execution not allowed: receiving Intent { act=android.intent.action.DROPBOX_ENTRY_ADDED flg=0x10 (has extras) } to com.google.android.gms/.chimera.GmsIntentOperationService$PersistentTrustedReceiver
05-10 04:42:33.950 I/system_server( 1220): Background concurrent copying GC freed 439627(18MB) AllocSpace objects, 17(512KB) LOS objects, 42% free, 24MB/42MB, paused 272us total 328.058ms
05-10 04:42:33.955 W/BroadcastQueue( 1220): Background execution not allowed: receiving Intent { act=android.intent.action.DROPBOX_ENTRY_ADDED flg=0x10 (has extras) } to com.google.android.gms/.stats.service.DropBoxEntryAddedReceiver
05-10 04:42:33.956 W/BroadcastQueue( 1220): Background execution not allowed: receiving Intent { act=android.intent.action.DROPBOX_ENTRY_ADDED flg=0x10 (has extras) } to com.google.android.gms/.chimera.GmsIntentOperationService$PersistentTrustedReceiver
05-10 04:42:33.991 I/android.youtub(19620): The ClassLoaderContext is a special shared library.
05-10 04:42:34.023 W/dex2oat (19604): Verification of void com.google.maps.api.android.lib6.gmm6.store.cache.p.f() took 107.036ms
05-10 04:42:34.050 I/android.youtub(19620): Background concurrent copying GC freed 4979(905KB) AllocSpace objects, 2(40KB) LOS objects, 49% free, 2MB/4MB, paused 1.685ms total 338.936ms
05-10 04:42:34.077 E/YouTube (19620): Failed delayed event dispatch, no dispatchers.
05-10 04:42:34.089 I/android.youtub(19620): The ClassLoaderContext is a special shared library.
05-10 04:42:34.090 W/dex2oat (19604): Verification of void com.google.maps.api.android.lib6.gmm6.vector.bt.a(javax.microedition.khronos.opengles.GL10) took 129.012ms
05-10 04:42:34.161 I/android.youtub(19620): The ClassLoaderContext is a special shared library.
05-10 04:42:34.177 W/Conscrypt(17325): Could not set socket write timeout: java.net.SocketException: Socket closed
05-10 04:42:34.177 W/Conscrypt(17325): 	at com.google.android.gms.org.conscrypt.Platform.setSocketWriteTimeout(:com.google.android.gms@201515030@20.15.15 (100408-306758586):2)
05-10 04:42:34.177 W/Conscrypt(17325): 	at com.google.android.gms.org.conscrypt.ConscryptFileDescriptorSocket.setSoWriteTimeout(:com.google.android.gms@201515030@20.15.15 (100408-306758586):0)
05-10 04:42:34.182 I/FontsSharedState(17325): Updating from directory version 0 to 17 from disk
05-10 04:42:34.259 W/Conscrypt(17325): Could not set socket write timeout: java.net.SocketException: Socket closed
05-10 04:42:34.259 W/Conscrypt(17325): 	at com.google.android.gms.org.conscrypt.Platform.setSocketWriteTimeout(:com.google.android.gms@201515030@20.15.15 (100408-306758586):2)
05-10 04:42:34.280 W/Conscrypt(17325): 	at com.google.android.gms.org.conscrypt.ConscryptFileDescriptorSocket.setSoWriteTimeout(:com.google.android.gms@201515030@20.15.15 (100408-306758586):0)
05-10 04:42:34.284 I/Icing   (17325): Usage reports ok 97, Failed Usage reports 0, indexed 0, rejected 0
05-10 04:42:34.321 W/Icing   (17325): No valid account for uploading user actions
05-10 04:42:34.346 I/gle.android.gm(17325): The ClassLoaderContext is a special shared library.
05-10 04:42:34.372 I/Icing   (17325): Usage reports ok 0, Failed Usage reports 0, indexed 0, rejected 0
05-10 04:42:34.379 W/Icing   (17325): No valid account for uploading user actions
05-10 04:42:34.398 I/Icing   (17325): Usage reports ok 0, Failed Usage reports 0, indexed 0, rejected 0
05-10 04:42:34.409 W/Icing   (17325): No valid account for uploading user actions
05-10 04:42:34.414 D/RegisteredNfcFServicesCache( 5604): Service unchanged, not updating
05-10 04:42:34.414 I/CarrierServices(13597): [2] RcsAutoStartReceiver.b: carrierServicesJibeServiceEnabled changed from true to true
05-10 04:42:34.417 I/CarrierServices(13597): [2] RcsAutoStartReceiver.b: enableRcs changed from true to true
05-10 04:42:34.418 I/CarrierServices(13597): [2] RcsAutoStartReceiver.b: RcsAutoStartReceiver triggered. Fetching RCS State. Action: android.intent.action.PACKAGE_CHANGED
05-10 04:42:34.423 I/CarrierServices(13597): [2] aws.a: Migration binding to RcsMigrationService
05-10 04:42:34.426 I/Bugle   (14445): returning RCS state provider.
05-10 04:42:34.443 I/Icing   (17325): Usage reports ok 0, Failed Usage reports 0, indexed 0, rejected 0
05-10 04:42:34.444 I/CarrierServices(14445): [7242] inq.a: Sim state is not ready. Returning last known operation mode.
05-10 04:42:34.447 I/CarrierServices(13597): [7435] awt.doInBackground: Saving RCS State
05-10 04:42:34.447 I/CarrierServices(13597): [7435] awt.doInBackground: Old operation mode: 0
05-10 04:42:34.447 I/InputReader( 1220): Reconfiguring input devices.  changes=0x00000010
05-10 04:42:34.449 I/CarrierServices(13597): [7435] awt.doInBackground: New operation mode: 0
05-10 04:42:34.450 I/CarrierServices(13597): [2] aww.a: Unbinding RcsMigrationService
05-10 04:42:34.465 E/PhoneInterfaceManager( 4980): [PhoneIntfMgr] getCarrierPackageNamesForIntent: No UICC
05-10 04:42:34.465 D/CarrierSvcBindHelper( 4980): No carrier app for: 0
05-10 04:42:34.465 D/ImsResolver( 4980): maybeAddedImsService, packageName: com.google.android.gms
05-10 04:42:34.468 W/system_server( 1220): resources.arsc in APK '/data/app/com.facebook.katana-YkXMgY505moo7NL7dfraDQ==/base.apk' is compressed.
05-10 04:42:34.486 I/dex2oat (19758): The ClassLoaderContext is a special shared library.
05-10 04:42:34.486 I/dex2oat (19758): /system/bin/dex2oat --dex-file=/data/user_de/0/com.google.android.gms/app_chimera/m/00000001/CronetDynamite.apk --output-vdex-fd=108 --oat-fd=117 --oat-location=/data/user_de/0/com.google.android.gms/app_chimera/m/00000001/oat/arm64/CronetDynamite.odex --compiler-filter=quicken --class-loader-context=&
05-10 04:42:34.496 D/AdvertisingIdNS(17325): Notifying advertising info update event for package com.google.android.youtube
05-10 04:42:34.511 I/Finsky  (14372): [2] AdIdListener.onCreate(38): AdId refresh
05-10 04:42:34.512 D/AdvertisingIdNS(17325): Notifying advertising info update event for package com.android.vending
05-10 04:42:34.514 I/Binder:748_2(  748): type=1400 audit(0.0:10589): avc: denied { associate } for name="globalAlert" scontext=u:object_r:proc_net:s0 tcontext=u:object_r:proc:s0 tclass=filesystem permissive=1
05-10 04:42:34.524 I/Finsky  (14372): [2613] AdIdListener.a(2): AdId change: id (hash)=-109787411 limit=false
05-10 04:42:34.529 I/Fitness (17188): OnPackageChangedOperation got intent: Intent { act=android.intent.action.PACKAGE_CHANGED dat=package:com.google.android.gms flg=0x45000010 cmp=com.google.android.gms/.chimera.PersistentIntentOperationService (has extras) } [CONTEXT service_id=17 ]
05-10 04:42:34.540 I/Fitness (17188): FitCleanupIntentOperation received Intent android.intent.action.PACKAGE_CHANGED [CONTEXT service_id=17 ]
05-10 04:42:34.544 I/Telecom ( 1220): DefaultDialerCache: Refreshing default dialer for user 0: now com.google.android.dialer: DDC.oR@BnA
05-10 04:42:34.564 I/ProvidersCache(17313): Provider returned no roots. Possibly naughty: com.google.android.apps.docs.storage
05-10 04:42:34.583 D/AdvertisingIdNS(17325): Notifying advertising info update event for package com.google.android.youtube
05-10 04:42:34.603 W/Binder  ( 1220): Outgoing transactions from this process must be FLAG_ONEWAY
05-10 04:42:34.603 W/Binder  ( 1220): java.lang.Throwable
05-10 04:42:34.603 W/Binder  ( 1220): 	at android.os.BinderProxy.transact(Binder.java:1114)
05-10 04:42:34.603 W/Binder  ( 1220): 	at com.android.internal.location.ILocationProvider$Stub$Proxy.getProperties(ILocationProvider.java:236)
05-10 04:42:34.603 W/Binder  ( 1220): 	at com.android.server.location.LocationProviderProxy$1$1.run(LocationProviderProxy.java:117)
05-10 04:42:34.603 W/Binder  ( 1220): 	at com.android.server.ServiceWatcher.runOnBinder(ServiceWatcher.java:425)
05-10 04:42:34.603 W/Binder  ( 1220): 	at com.android.server.location.LocationProviderProxy$1.run(LocationProviderProxy.java:111)
05-10 04:42:34.603 W/Binder  ( 1220): 	at android.os.Handler.handleCallback(Handler.java:873)
05-10 04:42:34.603 W/Binder  ( 1220): 	at android.os.Handler.dispatchMessage(Handler.java:99)
05-10 04:42:34.603 W/Binder  ( 1220): 	at android.os.Looper.loop(Looper.java:193)
05-10 04:42:34.603 W/Binder  ( 1220): 	at android.os.HandlerThread.run(HandlerThread.java:65)
05-10 04:42:34.615 W/Icing   (17325): No valid account for uploading user actions
05-10 04:42:34.622 W/Binder  ( 1220): Outgoing transactions from this process must be FLAG_ONEWAY
05-10 04:42:34.622 W/Binder  ( 1220): java.lang.Throwable
05-10 04:42:34.622 W/Binder  ( 1220): 	at android.os.BinderProxy.transact(Binder.java:1114)
05-10 04:42:34.622 W/Binder  ( 1220): 	at com.android.internal.location.ILocationProvider$Stub$Proxy.getProperties(ILocationProvider.java:236)
05-10 04:42:34.622 W/Binder  ( 1220): 	at com.android.server.location.LocationProviderProxy$1$1.run(LocationProviderProxy.java:117)
05-10 04:42:34.622 W/Binder  ( 1220): 	at com.android.server.ServiceWatcher.runOnBinder(ServiceWatcher.java:425)
05-10 04:42:34.622 W/Binder  ( 1220): 	at com.android.server.location.LocationProviderProxy$1.run(LocationProviderProxy.java:111)
05-10 04:42:34.622 W/Binder  ( 1220): 	at android.os.Handler.handleCallback(Handler.java:873)
05-10 04:42:34.622 W/Binder  ( 1220): 	at android.os.Handler.dispatchMessage(Handler.java:99)
05-10 04:42:34.622 W/Binder  ( 1220): 	at android.os.Looper.loop(Looper.java:193)
05-10 04:42:34.622 W/Binder  ( 1220): 	at android.os.HandlerThread.run(HandlerThread.java:65)
05-10 04:42:34.628 I/Icing   (17325): Usage reports ok 0, Failed Usage reports 0, indexed 0, rejected 0
05-10 04:42:34.670 W/Conscrypt(17188): Could not set socket write timeout: java.net.SocketException: Socket closed
05-10 04:42:34.670 W/Conscrypt(17188): 	at com.google.android.gms.org.conscrypt.Platform.setSocketWriteTimeout(:com.google.android.gms@201515030@20.15.15 (100408-306758586):2)
05-10 04:42:34.670 W/Conscrypt(17188): 	at com.google.android.gms.org.conscrypt.ConscryptFileDescriptorSocket.setSoWriteTimeout(:com.google.android.gms@201515030@20.15.15 (100408-306758586):0)
05-10 04:42:34.682 I/dex2oat (19758): dex2oat took 197.196ms (107.202ms cpu) (threads: 8) arena alloc=9KB (9776B) java alloc=201KB (206048B) native alloc=1251KB (1281112B) free=2MB (2913192B)
05-10 04:42:34.692 I/gle.android.gm(17325): The ClassLoaderContext is a special shared library.
05-10 04:42:34.696 E/GCM     (17188): Missing checkin config file
05-10 04:42:34.696 W/GCM     (17188): GCM FAILED TO INITIALIZE - missing checkin
05-10 04:42:34.697 I/Icing   (17325): updateResources: need to parse acae{com.google.android.gms}
05-10 04:42:34.713 W/Conscrypt(17188): Could not set socket write timeout: java.net.SocketException: Socket closed
05-10 04:42:34.714 W/Conscrypt(17188): 	at com.google.android.gms.org.conscrypt.Platform.setSocketWriteTimeout(:com.google.android.gms@201515030@20.15.15 (100408-306758586):2)
05-10 04:42:34.714 W/Conscrypt(17188): 	at com.google.android.gms.org.conscrypt.ConscryptFileDescriptorSocket.setSoWriteTimeout(:com.google.android.gms@201515030@20.15.15 (100408-306758586):0)
05-10 04:42:34.717 E/FirebaseInstanceId(19620): Token retrieval failed: AUTHENTICATION_FAILED
05-10 04:42:34.734 D/NetworkSecurityConfig(19620): No Network Security Config specified, using platform default
05-10 04:42:34.774 W/android.youtub(19620): Unsupported class loader
05-10 04:42:34.776 I/dex2oat (19816): The ClassLoaderContext is a special shared library.
05-10 04:42:34.777 I/dex2oat (19816): /system/bin/dex2oat --dex-file=/data/user_de/0/com.google.android.gms/app_chimera/m/00000004/DynamiteModulesC.apk --output-vdex-fd=108 --oat-fd=117 --oat-location=/data/user_de/0/com.google.android.gms/app_chimera/m/00000004/oat/arm64/DynamiteModulesC.odex --compiler-filter=quicken --class-loader-context=&
05-10 04:42:34.804 I/Binder:748_2(  748): type=1400 audit(0.0:10590): avc: denied { add_name } for name="globalAlert" scontext=u:r:netd:s0 tcontext=u:object_r:proc_net:s0 tclass=dir permissive=1
05-10 04:42:34.818 E/YouTube (19620): MobileInfraHotConfig observer error java.lang.NullPointerException: Attempt to read from field 'int[] ailf.b' on a null object reference
05-10 04:42:34.836 W/YouTube (19620): ECatcher disabled: level: ERROR, category: system_health, message: MobileInfraHotConfig observer error: java.lang.NullPointerException: Attempt to read from field 'int[] ailf.b' on a null object reference
05-10 04:42:34.836 W/YouTube (19620): java.lang.Exception
05-10 04:42:34.836 W/YouTube (19620): 	at abxn.a(SourceFile:3)
05-10 04:42:34.836 W/YouTube (19620): 	at gzt.a(SourceFile:8)
05-10 04:42:34.836 W/YouTube (19620): 	at aqqj.a(SourceFile:6)
05-10 04:42:34.836 W/YouTube (19620): 	at aqsn.a(SourceFile:30)
05-10 04:42:34.836 W/YouTube (19620): 	at aqjo.a(SourceFile:30)
05-10 04:42:34.836 W/YouTube (19620): 	at aqsn.d_(SourceFile:58)
05-10 04:42:34.836 W/YouTube (19620): 	at aqmd.d_(SourceFile:19)
05-10 04:42:34.836 W/YouTube (19620): 	at aqmm.a(SourceFile:27)
05-10 04:42:34.836 W/YouTube (19620): 	at aqot.a(SourceFile:7)
05-10 04:42:34.836 W/YouTube (19620): 	at aqpm.run(SourceFile:19)
05-10 04:42:34.836 W/YouTube (19620): 	at java.util.concurrent.Executors$RunnableAdapter.call(Executors.java:458)
05-10 04:42:34.836 W/YouTube (19620): 	at java.util.concurrent.FutureTask.run(FutureTask.java:266)
05-10 04:42:34.836 W/YouTube (19620): 	at java.util.concurrent.ScheduledThreadPoolExecutor$ScheduledFutureTask.run(ScheduledThreadPoolExecutor.java:301)
05-10 04:42:34.836 W/YouTube (19620): 	at java.util.concurrent.ThreadPoolExecutor.runWorker(ThreadPoolExecutor.java:1167)
05-10 04:42:34.836 W/YouTube (19620): 	at java.util.concurrent.ThreadPoolExecutor$Worker.run(ThreadPoolExecutor.java:641)
05-10 04:42:34.836 W/YouTube (19620): 	at java.lang.Thread.run(Thread.java:764)
05-10 04:42:34.842 E/android.youtub(19620): The String#value field is not present on Android versions >= 6.0
05-10 04:42:34.857 W/android.youtub(19620): Skipping duplicate class check due to unsupported classloader
05-10 04:42:34.876 I/DynamiteModule(19620): Considering local module com.google.android.gms.ads.dynamite:0 and remote module com.google.android.gms.ads.dynamite:21200
05-10 04:42:34.876 I/DynamiteModule(19620): Selected remote version of com.google.android.gms.ads.dynamite, version >= 21200
05-10 04:42:34.888 V/NativeCrypto(19620): Registering com/google/android/gms/org/conscrypt/NativeCrypto's 286 native methods...
05-10 04:42:34.908 I/DynamiteLoaderV2(19620): [71] AdsFdrDynamite.integ
05-10 04:42:34.920 W/android.youtub(19620): Unsupported class loader
05-10 04:42:34.946 W/android.youtub(19620): Skipping duplicate class check due to unsupported classloader
05-10 04:42:34.971 D/DynamitePackage(19620): Instantiated singleton DynamitePackage.
05-10 04:42:34.971 D/DynamitePackage(19620): Instantiating com.google.android.gms.ads.adshield.ChimeraAdShieldCreatorImpl
05-10 04:42:34.996 I/ProviderInstaller(19620): Installed default security provider GmsCore_OpenSSL
05-10 04:42:35.003 I/android.youtub(19620): The ClassLoaderContext is a special shared library.
05-10 04:42:35.081 I/.gms.persisten(17188): Background concurrent copying GC freed 174853(6MB) AllocSpace objects, 9(1648KB) LOS objects, 49% free, 9MB/19MB, paused 30us total 110.734ms
05-10 04:42:35.230 I/Icing   (17325): Indexing done com.google.android.gms-apps
05-10 04:42:35.232 I/Icing   (17325): Indexing done com.google.android.gms-internal.3p:MobileApplication
05-10 04:42:35.250 I/dex2oat (19816): dex2oat took 477.277ms (469.764ms cpu) (threads: 8) arena alloc=21KB (21520B) java alloc=1787KB (1830800B) native alloc=2MB (2430056B) free=2MB (2812824B)
05-10 04:42:35.259 I/gle.android.gm(17325): The ClassLoaderContext is a special shared library.
05-10 04:42:35.367 I/Binder:748_2(  748): type=1400 audit(0.0:10592): avc: denied { associate } for name="globalAlert" scontext=u:object_r:proc_net:s0 tcontext=u:object_r:proc:s0 tclass=filesystem permissive=1
05-10 04:42:35.448 E/TaskPersister( 1220): File error accessing recents directory (directory doesn't exist?).
05-10 04:42:35.469 I/.gms.persisten(17188): Compiler allocated 6MB to compile void ankm.a(java.util.Set, java.util.List, java.lang.String, int, java.lang.String, boolean, bxxf, ankl, java.util.LinkedHashMap, boolean)
05-10 04:42:35.503 I/ActivityManager( 1220): Start proc 19915:com.google.android.as:nonpersistent/u0a28 for broadcast com.google.android.as/com.google.android.apps.miphone.aiai.allapps.experiment.AllAppsPhenotypeReceiver
05-10 04:42:35.504 I/Zygote  (19915): seccomp disabled by setenforce 0
05-10 04:42:35.544 I/Binder:748_2(  748): type=1400 audit(0.0:10593): avc: denied { add_name } for name="globalAlert" scontext=u:r:netd:s0 tcontext=u:object_r:proc_net:s0 tclass=dir permissive=1
05-10 04:42:35.544 I/Binder:748_2(  748): type=1400 audit(0.0:10594): avc: denied { create } for name="globalAlert" scontext=u:r:netd:s0 tcontext=u:object_r:proc_net:s0 tclass=file permissive=1
05-10 04:42:35.559 I/s:nonpersisten(19915): The ClassLoaderContext is a special shared library.
05-10 04:42:35.579 I/ankb    (17188): Scheduling a periodic sync task every 14400 seconds, with flex of 1800 seconds [CONTEXT service_id=51 ]
05-10 04:42:35.586 I/ankb    (17188): Scheduling adaptive one off task with window [14400, 604800] in seconds [CONTEXT service_id=51 ]
05-10 04:42:35.608 I/Icing   (17325): Indexing com.google.android.gms-apps from com.google.android.gms
05-10 04:42:35.609 I/Icing   (17325): Indexing done com.google.android.gms-apps
05-10 04:42:35.618 I/cr_CronetLibraryLoader(19915): Cronet version: 68.0.3430.2, arch: armv8l
05-10 04:42:35.645 I/AiAi    (19915): AiAi onCreate, isDebug: false
05-10 04:42:35.656 I/AiAiMatchmaker(19915): Install SilentFeedback Handler: true
05-10 04:42:35.660 I/ActivityManager( 1220): Killing 15994:com.google.android.contacts/u0a123 (adj 906): empty #17
05-10 04:42:35.661 W/libprocessgroup( 1220): kill(-15994, 9) failed: No such process
05-10 04:42:35.692 I/ActivityManager( 1220): Start proc 19969:com.google.intelligence.sense/u0a25 for broadcast com.google.intelligence.sense/.ambientmusic.SystemBroadcastReceiver
05-10 04:42:35.694 I/Zygote  (19969): seccomp disabled by setenforce 0
05-10 04:42:35.702 I/Zygote  (  761): Process 15994 exited due to signal (9)
05-10 04:42:35.703 I/AiAi    ( 5845): Enabling Matchmaker service.
05-10 04:42:35.706 W/libprocessgroup( 1220): kill(-15994, 9) failed: No such process
05-10 04:42:35.706 I/libprocessgroup( 1220): Successfully killed process cgroup uid 10123 pid 15994 in 44ms
05-10 04:42:35.716 I/AiAi    ( 5845): Enabling Matchmaker service.
05-10 04:42:35.728 I/elligence.sens(19969): The ClassLoaderContext is a special shared library.
05-10 04:42:35.736 I/AiAi-AllApps(19915): Phenotype flags commit succeeded.
05-10 04:42:35.746 W/native  (19969): commandlineflags.cc:1511 Ignoring RegisterValidateFunction() for flag pointer 0x7ccd31f598: no flag found at that address
05-10 04:42:35.778 E/elligence.sens(19969): The String#value field is not present on Android versions >= 6.0
05-10 04:42:35.828 I/Superpacks(19969): Releasing all superpacks except ambientmusic-index-17_09_02
05-10 04:42:35.840 I/Binder:748_2(  748): type=1400 audit(0.0:10595): avc: denied { associate } for name="globalAlert" scontext=u:object_r:proc_net:s0 tcontext=u:object_r:proc:s0 tclass=filesystem permissive=1
05-10 04:42:35.846 I/Superpacks(19969): Starting garbage collection
05-10 04:42:35.847 W/Superpacks(19969): isDirectory returned false while listing files for /data/user/0/com.google.intelligence.sense/files/superpacks
05-10 04:42:35.904 I/SoundTriggerModelLoader(19969): Unloading model 9f6ad62a-1f0b-11e7-87c5-40a8f03d3f15
05-10 04:42:35.904 I/SoundTriggerManagerComp(19969): Unloading model 9f6ad62a-1f0b-11e7-87c5-40a8f03d3f15
05-10 04:42:35.905 I/SoundTriggerService( 1220): deleteSoundModel(): id = 9f6ad62a-1f0b-11e7-87c5-40a8f03d3f15
05-10 04:42:35.905 W/SoundTriggerHelper( 1220): Unload error: Attempting unload invalid generic model with id:9f6ad62a-1f0b-11e7-87c5-40a8f03d3f15
05-10 04:42:35.915 W/Zebedee-Pheno( 6144): Received intent com.google.android.gms.phenotype.UPDATE. config package: com.google.android.apps.turbo
05-10 04:42:35.916 W/PhChangedReceiver( 6144): Config is for a different mendel package com.google.android.apps.internal.zebedee. Not committing flags.
05-10 04:42:35.917 W/Zebedee-Pheno( 6144): Received intent com.google.android.gms.phenotype.UPDATE. config package: com.google.android.apps.internal.zebedee
05-10 04:42:35.930 I/Zygote  (20012): seccomp disabled by setenforce 0
05-10 04:42:35.939 I/ActivityManager( 1220): Start proc 20012:com.android.vending:instant_app_installer/u0a56 for broadcast com.android.vending/com.google.android.finsky.instantapps.PhenotypeUpdateReceiver
05-10 04:42:35.950 I/Binder:748_2(  748): type=1400 audit(0.0:10596): avc: denied { add_name } for name="globalAlert" scontext=u:r:netd:s0 tcontext=u:object_r:proc_net:s0 tclass=dir permissive=1
05-10 04:42:35.950 I/Binder:748_2(  748): type=1400 audit(0.0:10597): avc: denied { create } for name="globalAlert" scontext=u:r:netd:s0 tcontext=u:object_r:proc_net:s0 tclass=file permissive=1
05-10 04:42:35.973 I/t_app_installe(20012): The ClassLoaderContext is a special shared library.
05-10 04:42:36.001 I/Finsky:instant_app_inst(20012): [2] dzl.bc(5): Process created at version: 19.5.13-all [0] [PR] 303545793
05-10 04:42:36.094 I/ActivityManager( 1220): Killing 13597:com.google.android.ims/u0a14 (adj 1001): empty #17
05-10 04:42:36.094 W/libprocessgroup( 1220): kill(-13597, 9) failed: No such process
05-10 04:42:36.126 D/ConnectivityService( 1220): ConnectivityService NetworkRequestInfo binderDied(NetworkRequest [ TRACK_DEFAULT id=593, [ Capabilities: INTERNET&NOT_RESTRICTED&TRUSTED Unwanted:  Uid: 10014] ], android.os.BinderProxy@63e0fd6)
05-10 04:42:36.127 D/ConnectivityService( 1220): releasing NetworkRequest [ TRACK_DEFAULT id=593, [ Capabilities: INTERNET&NOT_RESTRICTED&TRUSTED Unwanted:  Uid: 10014] ] (release request)
05-10 04:42:36.127 I/Zygote  (  761): Process 13597 exited due to signal (9)
05-10 04:42:36.130 W/ActivityManager( 1220): Scheduling restart of crashed service com.google.android.ims/.services.NetworkConnectionsService in 1000ms
05-10 04:42:36.130 W/ActivityManager( 1220): Scheduling restart of crashed service com.google.android.ims/.services.WakeLockService in 10999ms
05-10 04:42:36.140 I/BugleRcsEngine(15789): [2] ids.a: RCS provisioning stopped!!
05-10 04:42:36.144 W/libprocessgroup( 1220): kill(-13597, 9) failed: No such process
05-10 04:42:36.144 I/libprocessgroup( 1220): Successfully killed process cgroup uid 10014 pid 13597 in 49ms
05-10 04:42:36.181 I/Auth    (17188): [AuthManaged,PasswordComplexityHelperImpl] Updating password complexity components state.
05-10 04:42:36.194 I/Auth    (17188): [AuthManaged,PasswordComplexityHelperImpl] Disabling com.google.android.gms.auth.managed.admin.DeviceAdminReceiver
05-10 04:42:36.195 I/Auth    (17188): [AuthManaged,PasswordComplexityHelperImpl] Disabling com.google.android.gms.auth.managed.ui.SetNewPasswordActivity
05-10 04:42:36.229 I/Icing   (17325): Indexing com.google.android.gms-internal.3p:MobileApplication from com.google.android.gms
05-10 04:42:36.247 I/anmd    (17188): updateFromConfigurations using legacy put method [CONTEXT service_id=204 ]
05-10 04:42:36.262 I/Icing   (17325): Indexing done com.google.android.gms-internal.3p:MobileApplication
05-10 04:42:36.265 I/Icing   (17325): Indexing com.google.android.gms-apps from com.google.android.gms
05-10 04:42:36.267 V/SettingsProvider( 1220): Notifying for 0: content://settings/global/phenotype_test_setting
05-10 04:42:36.271 I/Icing   (17325): Indexing done com.google.android.gms-apps
05-10 04:42:36.275 I/Icing   (17325): Indexing com.google.android.gms-internal.3p:MobileApplication from com.google.android.gms
05-10 04:42:36.291 I/Icing   (17325): Indexing done com.google.android.gms-internal.3p:MobileApplication
05-10 04:42:36.295 I/Icing   (17325): Indexing com.google.android.gms-apps from com.google.android.gms
05-10 04:42:36.298 I/Icing   (17325): Indexing done com.google.android.gms-apps
05-10 04:42:36.351 I/anmd    (17188): updateFromConfigurations using legacy put method [CONTEXT service_id=204 ]
05-10 04:42:36.374 I/Auth    (17188): [AuthManaged,PasswordComplexityHelperImpl] Updating password complexity components state.
05-10 04:42:36.374 I/Auth    (17188): [AuthManaged,PasswordComplexityHelperImpl] Disabling com.google.android.gms.auth.managed.admin.DeviceAdminReceiver
05-10 04:42:36.375 I/Auth    (17188): [AuthManaged,PasswordComplexityHelperImpl] Disabling com.google.android.gms.auth.managed.ui.SetNewPasswordActivity
05-10 04:42:36.402 I/Auth    (17188): [AuthManaged,PasswordComplexityHelperImpl] Updating password complexity components state.
05-10 04:42:36.402 I/Auth    (17188): [AuthManaged,PasswordComplexityHelperImpl] Disabling com.google.android.gms.auth.managed.admin.DeviceAdminReceiver
05-10 04:42:36.403 I/Auth    (17188): [AuthManaged,PasswordComplexityHelperImpl] Disabling com.google.android.gms.auth.managed.ui.SetNewPasswordActivity
05-10 04:42:36.471 I/Auth    (17188): [AuthManaged,PasswordComplexityHelperImpl] Updating password complexity components state.
05-10 04:42:36.471 I/Auth    (17188): [AuthManaged,PasswordComplexityHelperImpl] Disabling com.goog
05-10 04:42:36.477 I/Auth    (17188): [AuthManaged,PasswordComplexityHelperImpl] Disabling com.google.android.gms.auth.managed.ui.SetNewPasswordActivity
05-10 04:42:36.544 I/Auth    (17188): [AuthManaged,PasswordComplexityHelperImpl] Updating password complexity components state.
05-10 04:42:36.544 I/Auth    (17188): [AuthManaged,PasswordComplexityHelperImpl] Disabling com.google.android.gms.auth.managed.admin.DeviceAdminReceiver
05-10 04:42:36.545 I/Auth    (17188): [AuthManaged,PasswordComplexityHelperImpl] Disabling com.google.android.gms.auth.managed.ui.SetNewPasswordActivity
05-10 04:42:36.569 I/gle.android.gm(17325): Background concurrent copying GC freed 140839(7MB) AllocSpace objects, 54(2MB) LOS objects, 49% free, 8MB/16MB, paused 37us total 112.718ms
05-10 04:42:36.590 I/Binder:748_2(  748): type=1400 audit(0.0:10598): avc: denied { associate } for name="globalAlert" scontext=u:object_r:proc_net:s0 tcontext=u:object_r:proc:s0 tclass=filesystem permissive=1
05-10 04:42:36.641 I/Auth    (17188): [AuthManaged,PasswordComplexityHelperImpl] Updating password complexity components state.
05-10 04:42:36.641 I/Auth    (17188): [AuthManaged,PasswordComplexityHelperImpl] Disabling com.google.android.gms.auth.managed.admin.DeviceAdminReceiver
05-10 04:42:36.642 I/Auth    (17188): [AuthManaged,PasswordComplexityHelperImpl] Disabling com.google.android.gms.auth.managed.ui.SetNewPasswordActivity
05-10 04:42:36.767 I/system_server( 1220): Background concurrent copying GC freed 546627(21MB) AllocSpace objects, 94(3MB) LOS objects, 42% free, 19MB/34MB, paused 129us total 212.169ms
05-10 04:42:36.774 I/Auth    (17188): [AuthManaged,PasswordComplexityHelperImpl] Updating password complexity components state.
05-10 04:42:36.774 I/Auth    (17188): [AuthManaged,PasswordComplexityHelperImpl] Disabling com.google.android.gms.auth.managed.admin.DeviceAdminReceiver
05-10 04:42:36.777 I/Auth    (17188): [AuthManaged,PasswordComplexityHelperImpl] Disabling com.google.android.gms.auth.managed.ui.SetNewPasswordActivity
05-10 04:42:36.849 I/Auth    (17188): [AuthManaged,PasswordComplexityHelperImpl] Updating password complexity components state.
05-10 04:42:36.849 I/Auth    (17188): [AuthManaged,PasswordComplexityHelperImpl] Disabling com.google.android.gms.auth.managed.admin.DeviceAdminReceiver
05-10 04:42:36.850 I/Auth    (17188): [AuthManaged,PasswordComplexityHelperImpl] Disabling com.google.android.gms.auth.managed.ui.SetNewPasswordActivity
05-10 04:42:36.875 I/Bugle   (14445): BuglePhenotypeBroadcastReceiver.onReceive
05-10 04:42:36.877 W/ActivityManager( 1220): Background start not allowed: service Intent { cmp=com.google.android.apps.messaging/.shared.datamodel.action.ActionExecutorImpl$EmptyService } to com.google.android.apps.messaging/.shared.datamodel.action.ActionExecutorImpl$EmptyService from pid=14445 uid=10116 pkg=com.google.android.apps.messaging startFg?=false
05-10 04:42:36.880 V/Bugle   (14445): Committing bugle phenotype.
05-10 04:42:36.896 I/Auth    (17188): [AuthManaged,PasswordComplexityHelperImpl] Updating password complexity components state.
05-10 04:42:36.896 I/Auth    (17188): [AuthManaged,PasswordComplexityHelperImpl] Disabling com.google.android.gms.auth.managed.admin.DeviceAdminReceiver
05-10 04:42:36.897 I/Auth    (17188): [AuthManaged,PasswordComplexityHelperImpl] Disabling com.google.android.gms.auth.managed.ui.SetNewPasswordActivity
05-10 04:42:36.918 I/Auth    (17188): [AuthManaged,PasswordComplexityHelperImpl] Updating password complexity components state.
05-10 04:42:36.919 I/Auth    (17188): [AuthManaged,PasswordComplexityHelperImpl] Disabling com.google.android.gms.auth.managed.admin.DeviceAdminReceiver
05-10 04:42:36.920 I/Auth    (17188): [AuthManaged,PasswordComplexityHelperImpl] Disabling com.google.android.gms.auth.managed.ui.SetNewPasswordActivity
05-10 04:42:36.924 I/Binder:748_2(  748): type=1400 audit(0.0:10599): avc: denied { add_name } for name="globalAlert" scontext=u:r:netd:s0 tcontext=u:object_r:proc_net:s0 tclass=dir permissive=1
05-10 04:42:36.924 I/Binder:748_2(  748): type=1400 audit(0.0:10600): avc: denied { create } for name="globalAlert" scontext=u:r:netd:s0 tcontext=u:object_r:proc_net:s0 tclass=file permissive=1
05-10 04:42:36.944 D/audio_hw_primary(  798): disable_audio_route: usecase(1) reset and update mixer path: low-latency-playback speaker
05-10 04:42:36.944 I/audio_hw_cirrus_playback(  798): audio_extn_spkr_prot_stop_processing: pcm_tx_close
05-10 04:42:36.946 I/BugleRcs(14445): updating RCS availability
05-10 04:42:36.947 I/BugleRcs(14445): RCS availability is already updating
05-10 04:42:36.949 I/BugleRcs(14445): No minimum Cs.apk version is set, not checking Cs.apk version
05-10 04:42:36.950 D/audio_hw_primary(  798): disable_audio_route: usecase(24) reset and update mixer path: spkr-vi-record vi-feedback
05-10 04:42:36.950 D/audio_hw_primary(  798): disable_snd_device: snd_device(102: vi-feedback)
05-10 04:42:36.952 V/BugleRcs(14445): RcsAvailability updated but unchanged: RCS is disabled due to SIM absent
05-10 04:42:36.960 I/Auth    (17188): [AuthManaged,PasswordComplexityHelperImpl] Updating password complexity components state.
05-10 04:42:36.960 I/Auth    (17188): [AuthManaged,PasswordComplexityHelperImpl] Disabling com.google.android.gms.auth.managed.admin.DeviceAdminReceiver
05-10 04:42:36.961 I/Auth    (17188): [AuthManaged,PasswordComplexityHelperImpl] Disabling com.google.android.gms.auth.managed.ui.SetNewPasswordActivity
05-10 04:42:36.975 I/Zygote  (20148): seccomp disabled by setenforce 0
05-10 04:42:36.977 I/ActivityManager( 1220): Start proc 20148:com.google.android.contacts/u0a123 for broadcast com.google.android.contacts/com.google.android.apps.contacts.phenotype.ConfigUpdateBroadcastReceiver
05-10 04:42:36.988 I/Auth    (17188): [AuthManaged,PasswordComplexityHelperImpl] Updating password complexity components state.
05-10 04:42:36.988 I/Auth    (17188): [AuthManaged,PasswordComplexityHelperImpl] Disabling com.google.android.gms.auth.managed.admin.DeviceAdminReceiver
05-10 04:42:36.991 I/Auth    (17188): [AuthManaged,PasswordComplexityHelperImpl] Disabling com.google.android.gms.auth.managed.ui.SetNewPasswordActivity
05-10 04:42:37.016 I/ndroid.contact(20148): The ClassLoaderContext is a special shared library.
05-10 04:42:37.018 I/Auth    (17188): [AuthManaged,PasswordComplexityHelperImpl] Updating password complexity components state.
05-10 04:42:37.018 I/Auth    (17188): [AuthManaged,PasswordComplexityHelperImpl] Disabling com.google.android.gms.auth.managed.admin.DeviceAdminReceiver
05-10 04:42:37.019 I/Auth    (17188): [AuthManaged,PasswordComplexityHelperImpl] Disabling com.google.android.gms.auth.managed.ui.SetNewPasswordActivity
05-10 04:42:37.033 I/Auth    (17188): [AuthManaged,PasswordComplexityHelperImpl] Updating password complexity components state.
05-10 04:42:37.033 I/Auth    (17188): [AuthManaged,PasswordComplexityHelperImpl] Disabling com.google.android.gms.auth.managed.admin.DeviceAdminReceiver
05-10 04:42:37.033 I/Auth    (17188): [AuthManaged,PasswordComplexityHelperImpl] Disabling com.google.android.gms.auth.managed.ui.SetNewPasswordActivity
05-10 04:42:37.053 D/ActivityManager( 1220): Raise procstate to external provider: ProcessRecord{810eabd 15819:android.process.acore/u0a42}
05-10 04:42:37.054 I/Auth    (17188): [AuthManaged,PasswordComplexityHelperImpl] Updating password complexity components state.
05-10 04:42:37.054 I/Auth    (17188): [AuthManaged,PasswordComplexityHelperImpl] Disabling com.google.android.gms.auth.managed.admin.DeviceAdminReceiver
05-10 04:42:37.055 I/Auth    (17188): [AuthManaged,PasswordComplexityHelperImpl] Disabling com.google.android.gms.auth.managed.ui.SetNewPasswordActivity
05-10 04:42:37.064 I/GAv4    (20148): Google Analytics 11.7.17 is starting up. To enable debug logging on a device run:
05-10 04:42:37.064 I/GAv4    (20148):   adb shell setprop log.tag.GAv4 DEBUG
05-10 04:42:37.064 I/GAv4    (20148):   adb logcat -s GAv4
05-10 04:42:37.076 I/Auth    (17188): [AuthManaged,PasswordComplexityHelperImpl] Updating password complexity components state.
05-10 04:42:37.076 I/Auth    (17188): [AuthManaged,PasswordComplexityHelperImpl] Disabling com.google.android.gms.auth.managed.admin.DeviceAdminReceiver
05-10 04:42:37.077 I/Auth    (17188): [AuthManaged,PasswordComplexityHelperImpl] Disabling com.google.android.gms.auth.managed.ui.SetNewPasswordActivity
05-10 04:42:37.091 I/Auth    (17188): [AuthManaged,PasswordComplexityHelperImpl] Updating password complexity components state.
05-10 04:42:37.091 I/Auth    (17188): [AuthManaged,PasswordComplexityHelperImpl] Disabling com.google.android.gms.auth.managed.admin.DeviceAdminReceiver
05-10 04:42:37.091 I/Auth    (17188): [AuthManaged,PasswordComplexityHelperImpl] Disabling com.google.android.gms.auth.managed.ui.SetNewPasswordActivity
05-10 04:42:37.104 E/ndroid.contact(20148): The String#value field is not present on Android versions >= 6.0
05-10 04:42:37.112 I/ActivityManager( 1220): Killing 16419:com.UCMobile.intl:resident/u0a153 (adj 906): empty #17
05-10 04:42:37.114 W/libprocessgroup( 1220): kill(-16419, 9) failed: No such process
05-10 04:42:37.114 D/GH.AutoPhenotypeFlags( 5779): Refreshing flag-values from Phenotype
05-10 04:42:37.151 W/libprocessgroup( 1220): kill(-16419, 9) failed: No such process
05-10 04:42:37.155 D/ConnectivityService( 1220): ConnectivityService NetworkRequestInfo binderDied(NetworkRequest [ LISTEN id=600, [ Capabilities: INTERNET&NOT_RESTRICTED&TRUSTED Unwanted:  Uid: 10153] ], android.os.BinderProxy@328165c)
05-10 04:42:37.156 I/Zygote  (  762): Process 16419 exited due to signal (9)
05-10 04:42:37.161 D/Committer(11450): Committed to new configuration from Phenotype
05-10 04:42:37.169 I/Auth    (17188): [AuthManaged,PasswordComplexityHelperImpl] Updating password complexity components state.
05-10 04:42:37.169 I/Auth    (17188): [AuthManaged,PasswordComplexityHelperImpl] Disabling com.google.android.gms.auth.managed.admin.DeviceAdminReceiver
05-10 04:42:37.170 I/Auth    (17188): [AuthManaged,PasswordComplexityHelperImpl] Disabling com.google.android.gms.auth.managed.ui.SetNewPasswordActivity
05-10 04:42:37.175 D/GH.PhenotypeCommitter( 5779): Committed Phenotype flags successfully!
05-10 04:42:37.175 I/ActivityManager( 1220): Start proc 20186:com.android.settings/1000 for broadcast com.android.settings/com.google.android.settings.phenotype.PhenotypeBroadcastReceiver
05-10 04:42:37.180 I/Zygote  (20186): seccomp disabled by setenforce 0
05-10 04:42:37.180 D/CAR.CLIENT( 5779): connect
05-10 04:42:37.194 I/ActivityManager( 1220): Start proc 20202:com.google.android.gms:car/u0a21 for service com.google.android.gms/.car.CarService
05-10 04:42:37.196 I/libprocessgroup( 1220): Successfully killed process cgroup uid 10153 pid 16419 in 83ms
05-10 04:42:37.197 I/Zygote  (20202): seccomp disabled by setenforce 0
05-10 04:42:37.204 D/Committer(11450): Commit finished, result:true
05-10 04:42:37.208 D/GH.CarApiClientManager( 5779): registered listener cqq@cb44d98
05-10 04:42:37.208 D/GH.CarApiClientManager( 5779): start
05-10 04:42:37.209 I/GH.SharedService( 5779): Shared Service created
05-10 04:42:37.211 D/GH.NotifListenCNameMgr( 5779): No set listener, returning default: com.google.android.gearhead.notifications.SharedNotificationListenerManager$ListenerService
05-10 04:42:37.211 D/GH.SharedNotifications( 5779): Current notification listener: com.google.android.gearhead.notifications.SharedNotificationListenerManager$ListenerService
05-10 04:42:37.211 D/GH.NotifListenCNameMgr( 5779): No set listener, returning default: com.google.android.gearhead.notifications.SharedNotificationListenerManager$ListenerService
05-10 04:42:37.211 D/CAR.CLIENT( 5779): connect
05-10 04:42:37.218 I/ndroid.setting(20186): The ClassLoaderContext is a special shared library.
05-10 04:42:37.222 I/ndroid.setting(20186): The ClassLoaderContext is a special shared library.
05-10 04:42:37.227 I/Binder:748_2(  748): type=1400 audit(0.0:10601): avc: denied { add_name } for name="globalAlert" scontext=u:r:netd:s0 tcontext=u:object_r:proc_net:s0 tclass=dir permissive=1
05-10 04:42:37.227 I/Binder:748_2(  748): type=1400 audit(0.0:10602): avc: denied { create } for name="globalAlert" scontext=u:r:netd:s0 tcontext=u:object_r:proc_net:s0 tclass=file permissive=1
05-10 04:42:37.227 I/Binder:748_2(  748): type=1400 audit(0.0:10603): avc: denied { associate } for name="globalAlert" scontext=u:object_r:proc_net:s0 tcontext=u:object_r:proc:s0 tclass=filesystem permissive=1
05-10 04:42:37.240 I/android.gms:ca(20202): The ClassLoaderContext is a special shared library.
05-10 04:42:37.240 I/chatty  (20202): uid=10021 com.google.android.gms:car identical 1 line
05-10 04:42:37.241 I/android.gms:ca(20202): The ClassLoaderContext is a special shared library.
05-10 04:42:37.280 I/NetRec  (17188): [7581] aklr.a: onConfigChanged()
05-10 04:42:37.282 I/ActivityManager( 1220): Killing 17254:com.android.chrome/u0a111 (adj 906): empty #17
05-10 04:42:37.282 W/libprocessgroup( 1220): kill(-17254, 9) failed: No such process
05-10 04:42:37.284 I/Auth    (17188): [AuthManaged,PasswordComplexityHelperImpl] Updating password complexity components state.
05-10 04:42:37.284 I/Auth    (17188): [AuthManaged,PasswordComplexityHelperImpl] Disabling com.google.android.gms.auth.managed.admin.DeviceAdminReceiver
05-10 04:42:37.284 I/Auth    (17188): [AuthManaged,PasswordComplexityHelperImpl] Disabling com.google.android.gms.auth.managed.ui.SetNewPasswordActivity
05-10 04:42:37.291 W/ContextImpl(20186): Calling a method in the system process without a qualified user: android.app.ContextImpl.bindService:1611 android.content.ContextWrapper.bindService:698 com.google.android.gms.common.stats.zza.zza:22 com.google.android.gms.common.internal.zzr.zza:30 com.google.android.gms.common.internal.zzq.bindService:15
05-10 04:42:37.298 I/ActivityManager( 1220): Start proc 20239:com.google.android.configupdater/u0a64 for broadcast com.google.android.configupdater/.PhenotypeBroadcastReceiver
05-10 04:42:37.300 I/Zygote  (  762): Process 17254 exited due to signal (9)
05-10 04:42:37.301 I/Zygote  (20239): seccomp disabled by setenforce 0
05-10 04:42:37.315 W/DynamiteModule(20202): Local module descriptor class for providerinstaller not found.
05-10 04:42:37.320 I/NetRec  (17188): [7581] aklr.a: Cancelling all NetRec GCM tasks
05-10 04:42:37.320 I/NetRec  (17188): [7687] ClearDatabaseService.onHandleIntent: Clearing score cache
05-10 04:42:37.326 W/libprocessgroup( 1220): kill(-17254, 9) failed: No such process
05-10 04:42:37.326 I/libprocessgroup( 1220): Successfully killed process cgroup uid 10111 pid 17254 in 44ms
05-10 04:42:37.336 W/ProviderHelper(20202): Unknown dynamite feature providerinstaller
05-10 04:42:37.342 I/d.configupdate(20239): The ClassLoaderContext is a special shared library.
05-10 04:42:37.343 I/DynamiteModule(20202): Considering local module providerinstaller:0 and remote module providerinstaller:0
05-10 04:42:37.343 W/ProviderInstaller(20202): Failed to load providerinstaller module: No acceptable module found. Local version is 0 and remote version is 0.
05-10 04:42:37.346 I/d.configupdate(20239): The ClassLoaderContext is a special shared library.
05-10 04:42:37.353 V/NativeCrypto(20202): Registering com/google/android/gms/org/conscrypt/NativeCrypto's 286 native methods...
05-10 04:42:37.368 D/NetworkSecurityConfig(20202): Using Network Security Config from resource network_security_config debugBuild: false
05-10 04:42:37.373 I/ProviderInstaller(20202): Installed default security provider GmsCore_OpenSSL
05-10 04:42:37.383 I/ActivityManager( 1220): Killing 17313:com.android.documentsui/u0a9 (adj 906): empty #17
05-10 04:42:37.384 W/libprocessgroup( 1220): kill(-17313, 9) failed: No such process
05-10 04:42:37.393 I/Safeboot(20202): Checking safeboot...
05-10 04:42:37.394 I/Safeboot(20202): Not entering safeboot; wrong process.
05-10 04:42:37.400 I/.gms.persisten(17188): Background concurrent copying GC freed 172295(8MB) AllocSpace objects, 42(1560KB) LOS objects, 50% free, 8MB/17MB, paused 220us total 164.593ms
