05-10 04:44:57.392 D/PackageManager( 1612): setEnabledSetting : userId = 0 packageName = com.google.android.gms cmp = com.google.android.gms.auth.managed.admin.DeviceAdminReceiver newState = 2 callingPackage = 10031/com.google.android.gms.persistent
05-10 04:44:57.392 I/Auth    (23863): [AuthManaged,PasswordComplexityHelperImpl] Disabling com.google.android.gms.auth.managed.ui.SetNewPasswordActivity
05-10 04:44:57.393 D/PackageManager( 1612): setEnabledSetting : userId = 0 packageName = com.google.android.gms cmp = com.google.android.gms.auth.managed.ui.SetNewPasswordActivity newState = 2 callingPackage = 10031/com.google.android.gms.persistent
05-10 04:44:57.395 E/propClient(26925): PropClient failed to load
05-10 04:44:57.396 W/system_server( 1612): kill(-25242, 9) failed: No such process
05-10 04:44:57.397 I/system_server( 1612): Successfully killed process cgroup uid 1000 pid 25242 in 38ms
05-10 04:44:57.407 D/CommandListener(  937): bwctrlcmd: argc=2 bandwidth gettetherstats ...
05-10 04:44:57.407 D/CommandListener(  937): gettetherstats start. socket=60, pid=1612, uid=1000, gid=1000
05-10 04:44:57.407 D/CommandListener(  937): gettetherstats end 1
05-10 04:44:57.410 I/ActivityManager( 1612): START u0 {act=null typ=null flg=0x0 cmp=ComponentInfo{org.torproject.android/org.torproject.android.ui.onboarding.OnboardingActivity}} from uid 10260
05-10 04:44:57.415 D/WindowManager( 1612): set systemUiVisibility : systemUiFlags= 0x8618 fullscreenStackSysUiFlags= 0x0 dockedVisibility= 0x0
05-10 04:44:57.419 D/CommandListener(  937): bwctrlcmd: argc=3 bandwidth setglobalalert ...
05-10 04:44:57.420 D/InputReader( 1612): Input event(7): value=1 when=33323501105000
05-10 04:44:57.420 I/InputReader( 1612): Touch event's action is 0x0 (deviceType=0) [pCnt=1, s=0.0 ] when=33323501105000
05-10 04:44:57.421 I/InputDispatcher( 1612): Delivering touch to (22356): action: 0x0, toolType: 1
05-10 04:44:57.421 D/ViewRootImpl@6505735[NavigationBar](22356): ViewPostIme pointer 0
05-10 04:44:57.426 E/propClient(26927): PropClient failed to load
05-10 04:44:57.429 D/InputDispatcher( 1612): Inject key (22356): action=0, eventTime=33323507000000
05-10 04:44:57.429 D/InputManager-JNI( 1612): !@interceptKeyBeforeQueueing(0), action=0, interactive=true
05-10 04:44:57.430 D/SamsungPhoneWindowManager( 1612): sec interceptKeyTq home s_result=1
05-10 04:44:57.430 D/WindowManager( 1612): interceptKeyTq s_result=1
05-10 04:44:57.431 D/SamsungPhoneWindowManager( 1612): f.b. a = false hd = true eme = false ksno = false id = -1 isDM = false
05-10 04:44:57.432 D/SamsungPhoneWindowManager( 1612): haptic disabled by policy
05-10 04:44:57.432 D/InputManager-JNI( 1612): !@handleInterceptActions(0), action=0, wmActions=1
05-10 04:44:57.432 E/propClient(26926): PropClient failed to load
05-10 04:44:57.433 D/API test( 1612): getContainerInfo: value is 
05-10 04:44:57.433 D/RestrictionPolicy( 1612): isHomeKeyEnabled :true
05-10 04:44:57.437 D/InputTransport( 1612): Input channel constructed: fd=520
05-10 04:44:57.437 D/InputTransport( 1612): Input channel constructed: fd=522
05-10 04:44:57.438 D/InputTransport( 1612): Input channel destroyed: fd=522
05-10 04:44:57.438 D/InputTransport(26881): Input channel constructed: fd=73
05-10 04:44:57.439 D/ViewRootImpl@b0b6b67[OrbotMainActivity](26881): setView = DecorView@7404d14[OrbotMainActivity] TM=true MM=false
05-10 04:44:57.439 D/ActivityManager( 1612): post active user change for 0 fullscreen true isHomeActivity() false
05-10 04:44:57.441 D/ActivityManager( 1612): isScaleDownAnimationEnabled() : false
05-10 04:44:57.441 V/WindowManager( 1612): rotationForOrientationLw(orient=-1, last=0); user=0 USER_ROTATION_LOCKED sensorRotation=-1 mLidState=-1 mDockMode=0 mHdmiPlugged=false, displayId=0
05-10 04:44:57.441 E/constellation(24206): [event_manager] Couldn't get GCM token
05-10 04:44:57.441 E/constellation(24206): java.io.IOException: AUTHENTICATION_FAILED
05-10 04:44:57.441 E/constellation(24206): 	at adha.b(:com.google.android.gms@201515019@20.15.15 (040400-306758586):23)
05-10 04:44:57.441 E/constellation(24206): 	at adha.a(:com.google.android.gms@201515019@20.15.15 (040400-306758586):18)
05-10 04:44:57.441 E/constellation(24206): 	at adha.a(:com.google.android.gms@201515019@20.15.15 (040400-306758586):11)
05-10 04:44:57.441 E/constellation(24206): 	at com.google.android.gms.constellation.EventManager.c(:com.google.android.gms@201515019@20.15.15 (040400-306758586):3)
05-10 04:44:57.441 E/constellation(24206): 	at com.google.android.gms.constellation.EventManager.a(:com.google.android.gms@201515019@20.15.15 (040400-306758586):5)
05-10 04:44:57.441 E/constellation(24206): 	at com.google.android.gms.constellation.EventManager.onHandleIntent(:com.google.android.gms@201515019@20.15.15 (040400-306758586):11)
05-10 04:44:57.441 E/constellation(24206): 	at com.google.android.chimera.IntentOperation.onHandleIntent(:com.google.android.gms@201515019@20.15.15 (040400-306758586):2)
05-10 04:44:57.441 E/constellation(24206): 	at qpb.onHandleIntent(:com.google.android.gms@201515019@20.15.15 (040400-306758586):4)
05-10 04:44:57.441 E/constellation(24206): 	at dis.run(:com.google.android.gms@201515019@20.15.15 (040400-306758586):5)
05-10 04:44:57.441 E/constellation(24206): 	at dir.run(:com.google.android.gms@201515019@20.15.15 (040400-306758586):7)
05-10 04:44:57.441 E/constellation(24206): 	at java.util.concurrent.ThreadPoolExecutor.runWorker(ThreadPoolExecutor.java:1162)
05-10 04:44:57.441 E/constellation(24206): 	at java.util.concurrent.ThreadPoolExecutor$Worker.run(ThreadPoolExecutor.java:636)
05-10 04:44:57.441 E/constellation(24206): 	at java.lang.Thread.run(Thread.java:764)
05-10 04:44:57.441 V/WindowManager( 1612): rotationForOrientationLw(DisplayFrozen=false, isKeyguardLocked=false, LastWindowForcedOrientation=-1, LastOrientation=-1), Callers=com.android.server.policy.PhoneWindowManager.rotationForOrientationLw:9209 com.android.server.wm.DisplayContent.updateRotationUnchecked:1291 com.android.server.wm.WindowManagerService.updateOrientationFromAppTokensLocked:3285 com.android.server.wm.WindowManagerService.updateOrientationFromAppTokensLocked:3201 com.android.server.wm.WindowManagerService.updateOrientationFromAppTokens:3183 com.android.server.am.ActivityStackSupervisor.realStartActivityLocked:1725 com.android.server.am.ActivityStackSupervisor.startSpecificActivityLocked:2018 com.android.server.am.ActivityStack.resumeTopActivityInnerLocked:3503 
05-10 04:44:57.442 V/BackupManagerService( 1612): ... getCurrentTransport() returning com.google.android.gms/.backup.BackupTransportService
05-10 04:44:57.443 D/PersonaManagerService( 1612): Current focused persona service handled id set to : 0
05-10 04:44:57.443 D/InputDispatcher( 1612): Focused application set to: xxxx
05-10 04:44:57.443 V/Surface (  683): sf_framedrop debug : 0x4f4c, game : false, logging : 0
05-10 04:44:57.444 D/GameManagerService( 1612): handleForegroundChange(). pkgName: org.torproject.android, clsName: org.torproject.android.ui.onboarding.OnboardingActivity,FgActi
05-10 04:44:57.444 D/GameManagerService( 1612):   handleForegroundChange(). same package. game has never resumed yet. ignore
05-10 04:44:57.444 D/MARsPolicyManager( 1612): onPackageResumedFG pkgName = org.torproject.android, userId = 0
05-10 04:44:57.459 E/propClient(26928): PropClient failed to load
05-10 04:44:57.473 D/PackageManager( 1612): setEnabledSetting : userId = 0 packageName = com.google.android.gms cmp = com.google.android.gms.auth.managed.ui.SetupWorkProfileActivity newState = 1 callingPackage = 10031/com.google.android.gms.persistent
05-10 04:44:57.475 I/Auth    (23863): [AuthManaged,PasswordComplexityHelperImpl] Updating password complexity components state.
05-10 04:44:57.476 I/Auth    (23863): [AuthManaged,PasswordComplexityHelperImpl] Disabling com.google.android.gms.auth.managed.admin.DeviceAdminReceiver
05-10 04:44:57.476 D/PackageManager( 1612): setEnabledSetting : userId = 0 packageName = com.google.android.gms cmp = com.google.android.gms.auth.managed.admin.DeviceAdminReceiver newState = 2 callingPackage = 10031/com.google.android.gms.persistent
05-10 04:44:57.477 I/Auth    (23863): [AuthManaged,PasswordComplexityHelperImpl] Disabling com.google.android.gms.auth.managed.ui.SetNewPasswordActivity
05-10 04:44:57.478 D/PackageManager( 1612): setEnabledSetting : userId = 0 packageName = com.google.android.gms cmp = com.google.android.gms.auth.managed.ui.SetNewPasswordActivity newState = 2 callingPackage = 10031/com.google.android.gms.persistent
05-10 04:44:57.484 E/propClient(26931): PropClient failed to load
05-10 04:44:57.487 I/Fitness (23863): FitCleanupIntentOperation received Intent android.intent.action.PACKAGE_CHANGED [CONTEXT service_id=17 ]
05-10 04:44:57.491 D/InputReader( 1612): Input event(7): value=0 when=33323571374000
05-10 04:44:57.491 I/InputReader( 1612): Touch event's action is 0x1 (deviceType=0) [pCnt=1, s=] when=33323571374000
05-10 04:44:57.491 I/InputDispatcher( 1612): Delivering touch to (22356): action: 0x1, toolType: 1
05-10 04:44:57.498 D/ViewRootImpl@6505735[NavigationBar](22356): ViewPostIme pointer 1
05-10 04:44:57.498 D/InputDispatcher( 1612): Inject key (22356): action=1, eventTime=33323578000000
05-10 04:44:57.498 D/InputManager-JNI( 1612): !@interceptKeyBeforeQueueing(0), action=1, interactive=true
05-10 04:44:57.500 D/SamsungPhoneWindowManager( 1612): sec interceptKeyTq home s_result=1
05-10 04:44:57.500 D/WindowManager( 1612): interceptKeyTq s_result=1
05-10 04:44:57.500 D/InputManager-JNI( 1612): !@handleInterceptActions(0), action=1, wmActions=1
05-10 04:44:57.501 E/propClient(26934): PropClient failed to load
05-10 04:44:57.502 D/API test( 1612): getContainerInfo: value is 
05-10 04:44:57.502 D/RestrictionPolicy( 1612): isHomeKeyEnabled :true
05-10 04:44:57.502 D/VoIPInterfaceManager( 1612): isVoIPRinging()...
05-10 04:44:57.502 D/VoIPInterfaceManager( 1612): isVoIPRunningAndDeregi()...
05-10 04:44:57.502 D/VoIPInterfaceManager( 1612): Not exist call session
05-10 04:44:57.503 I/MultiPhoneWindowManager( 1612): updateImeTargetFreeformTaskId: taskId=-1
05-10 04:44:57.504 D/InputMethodManagerService( 1612): isImeSwitcherDisabledPackage : false
05-10 04:44:57.504 D/InputMethodManagerService( 1612): DESKTOP MODE! : 2
05-10 04:44:57.504 D/InputMethodManagerService( 1612): NOT IN KNOX DESKTOP MODE!
05-10 04:44:57.504 D/InputMethodManagerService( 1612): updateSystemUiLocked 0
05-10 04:44:57.505 D/LocationControllerImpl(22356): onReceive() = android.intent.action.CLOSE_SYSTEM_DIALOGS
05-10 04:44:57.505 D/PowerManagerService( 1612): [api] [s] userActivity : event: 0 flags: 0 (uid: 1000 pid: 1612) eventTime = 33323586
05-10 04:44:57.506 D/vol.VolumeDialogControl(22356): onReceive ACTION_CLOSE_SYSTEM_DIALOGS
05-10 04:44:57.506 D/KeyguardUpdateMonitor(22356): received broadcast android.intent.action.CLOSE_SYSTEM_DIALOGS
05-10 04:44:57.506 D/CustomFrequencyManagerService( 1612): acquireDVFSLockLocked : type : DVFS_MIN_LIMIT  frequency : 2361600  uid : 1000  pid : 1612  pkgName : AMS_APP_HOME@CPU_MIN@49
05-10 04:44:57.507 D/ActivityManagerPerformance( 1612): AMP_acquire() HOME
05-10 04:44:57.507 D/SamsungPhoneWindowManager( 1612): performHome
05-10 04:44:57.507 D/Tile.AirplaneModeTile(22356): onReceive: android.intent.action.CLOSE_SYSTEM_DIALOGS mSimCount 0
05-10 04:44:57.507 D/CustomFrequencyManagerService( 1612): acquireDVFSLockLocked : type : DVFS_MIN_LIMIT  frequency : 1651200  uid : 1000  pid : 1612  pkgName : HOME_BOOSTER@1
05-10 04:44:57.507 D/Tile.MobileDataTile(22356): action:android.intent.action.CLOSE_SYSTEM_DIALOGS
05-10 04:44:57.509 D/PopupUI (22356): PopupUIReceiver.onReceive() action : android.intent.action.CLOSE_SYSTEM_DIALOGS
05-10 04:44:57.509 D/PopupUI.PopupUINotifications(22356): dismissAlertDialogs()
05-10 04:44:57.509 D/BrightnessMirror(22356): hideMirror cancelled since it's not visible
05-10 04:44:57.510 D/vol.SecVolumeDialogImpl(22356): dismissH reason: 2
05-10 04:44:57.511 I/ActivityManager( 1612): START u0 {act=android.intent.action.MAIN typ=null flg=0x10200000 cmp=ComponentInfo{com.sec.android.app.launcher/com.sec.android.app.launcher.activities.LauncherActivity}} from uid 1000
05-10 04:44:57.513 D/PowerManagerService( 1612): [api] release WakeLock SCREEN_DIM_WAKE_LOCK           'PowerUI.Notification' ACQUIRE_CAUSES_WAKEUP ACQ=-20s0ms (uid=10011 pid=22356) (0x10000)
05-10 04:44:57.514 D/Launcher(31757): onNewIntent
05-10 04:44:57.514 D/MdnieScenarioControlService( 1612): Listener Real Multi Window State : true
05-10 04:44:57.514 D/CodecSolution( 1612): MultiWindowEventListener::onMultiWindowFocusChanged(0)
05-10 04:44:57.514 D/CS_HdrController( 1612): MultiWindowEventListener::onFocusStackChanged(0)
05-10 04:44:57.514 D/InputMethodManager(31757): HSIFW - flag : 0 Pid : 31757
05-10 04:44:57.515 V/InputMethodManagerService( 1612): Client requesting input be hidden, flags : 0
05-10 04:44:57.515 V/InputMethodManagerService( 1612): hideCurrentInputLocked : shouldHideSoftInput is false
05-10 04:44:57.515 V/Surface (  683): sf_framedrop debug : 0x4f4c, game : false, logging : 0
05-10 04:44:57.516 V/Launcher(31757): Launcher.onResume()
05-10 04:44:57.518 D/ActivityManager( 1612): isScaleDownAnimationEnabled() : false
05-10 04:44:57.519 V/WindowManager( 1612): Setting visibility of Window{3eaf0a7 u0 com.sec.android.app.launcher/com.sec.android.app.launcher.activities.LauncherActivity EXITING}: true, mViewVisibilityUpdateCompleted=true, caller=com.android.server.wm.WindowContainer.sendAppVisibilityToClients:443 com.android.server.wm.AppWindowToken.setClientHidden:400 com.android.server.wm.AppWindowContainerController.setVisibility:446 com.android.server.am.ActivityRecord.setVisibility:2098 com.android.server.am.ActivityStack.resumeTopActivityInnerLocked:3317
05-10 04:44:57.520 D/PersonaManagerService( 1612): Current focused persona service handled id set to : 0
05-10 04:44:57.520 D/InputDispatcher( 1612): Focused application set to: xxxx
05-10 04:44:57.522 E/propClient(26937): PropClient failed to load
05-10 04:44:57.522 E/GCM     (23863): Missing checkin config file
05-10 04:44:57.523 W/GCM     (23863): GCM FAILED TO INITIALIZE - missing checkin
05-10 04:44:57.523 V/WindowManager( 1612): rotationForOrientationLw(orient=-1, last=0); user=0 USER_ROTATION_LOCKED sensorRotation=-1 mLidState=-1 mDockMode=0 mHdmiPlugged=false, displayId=0
05-10 04:44:57.523 V/WindowManager( 1612): rotationForOrientationLw(DisplayFrozen=false, isKeyguardLocked=false, LastWindowForcedOrientation=-1, LastOrientation=-1), Callers=com.android.server.policy.PhoneWindowManager.rotationForOrientationLw:9209 com.android.server.wm.DisplayContent.updateRotationUnchecked:1291 com.android.server.wm.WindowManagerService.updateOrientationFromAppTokensLocked:3285 com.android.server.wm.WindowManagerService.updateOrientationFromAppTokensLocked:3201 com.android.server.wm.WindowManagerService.updateOrientationFromAppTokens:3183 com.android.server.am.ActivityStack.resumeTopActivityInnerLocked:3377 com.android.server.am.ActivityStack.resumeTopActivityUncheckedLocked:2866 com.android.server.am.ActivityStack.resumeTopActivityUncheckedLocked:2846
05-10 04:44:57.524 W/YouTube (24707): Could not register with GCM:
05-10 04:44:57.524 W/YouTube (24707): java.io.IOException: AUTHENTICATION_FAILED
05-10 04:44:57.524 W/YouTube (24707): 	at odr.b(SourceFile:277)
05-10 04:44:57.524 W/YouTube (24707): 	at odr.a(SourceFile:194)
05-10 04:44:57.524 W/YouTube (24707): 	at odp.a(SourceFile:82)
05-10 04:44:57.524 W/YouTube (24707): 	at qck.a(SourceFile:5)
05-10 04:44:57.524 W/YouTube (24707): 	at abhi.c(SourceFile:62)
05-10 04:44:57.524 W/YouTube (24707): 	at abhf.a(SourceFile:8)
05-10 04:44:57.524 W/YouTube (24707): 	at abhj.run(SourceFile:4)
05-10 04:44:57.524 W/YouTube (24707): 	at java.util.concurrent.Executors$RunnableAdapter.call(Executors.java:458)
05-10 04:44:57.524 W/YouTube (24707): 	at java.util.concurrent.FutureTask.run(FutureTask.java:266)
05-10 04:44:57.524 W/YouTube (24707): 	at java.util.concurrent.ScheduledThreadPoolExecutor$ScheduledFutureTask.run(ScheduledThreadPoolExecutor.java:301)
05-10 04:44:57.524 W/YouTube (24707): 	at java.util.concurrent.ThreadPoolExecutor.runWorker(ThreadPoolExecutor.java:1162)
05-10 04:44:57.524 W/YouTube (24707): 	at java.util.concurrent.ThreadPoolExecutor$Worker.run(ThreadPoolExecutor.java:636)
05-10 04:44:57.524 W/YouTube (24707): 	at tkx.run(SourceFile:24)
05-10 04:44:57.524 W/YouTube (24707): 	at java.lang.Thread.run(Thread.java:764)
05-10 04:44:57.525 V/WindowManager( 1612): notifyAppResumed: wasStopped=false AppWindowToken{e0b49b0 token=Token{ad764ac ActivityRecord{528425f u0 com.sec.android.app.launcher/.activities.LauncherActivity t147}}}
05-10 04:44:57.526 D/GameManagerService( 1612): handleForegroundChange(). pkgName: com.sec.android.app.launcher, clsName: com.android.launcher3.Launcher,FgActivityName:com.sec.android.app.launcher/com.android.launcher3.Launcher
05-10 04:44:57.526 D/GameManagerService( 1612): sem_perfomance_mode: 3
05-10 04:44:57.526 D/GameManagerService( 1612): notifyResumePause(). pkg: com.sec.android.app.launcher, type: 4, isMinimized: false, isTunableApp: false
05-10 04:44:57.526 D/GameManagerService( 1612):   notifyResumePause(). unexpected mPrevNotiType: -1
05-10 04:44:57.533 I/MultiPhoneWindowManager( 1612): minimizeAllFreeformTasks
05-10 04:44:57.533 D/CS_HdrController( 1612): updateMultiWindowState : 0
05-10 04:44:57.537 I/FreeformStackController( 1612): minimizeAllTasksInFreeform is calling excludeTaskId
05-10 04:44:57.537 I/FreeformStackController( 1612): minimizeAllTasksInFreeform freeformStackId = 2
05-10 04:44:57.542 E/propClient(26939): PropClient failed to load
05-10 04:44:57.543 D/ExternalMethodQueue(31757): Getting and clearing EXTERNAL_METHOD_LIST: null
05-10 04:44:57.544 D/AppWidgetServiceImpl( 1612): updateAppWidgetOptions, appWidgetId = 29, before options = Bundle[{appWidgetMaxHeight=477, semAppWidgetRowSpan=3, appWidgetCategory=1, semAppWidgetColumnSpan=2, appWidgetMaxWidth=200, appWidgetMinHeight=477, fling=-1, appWidgetMinWidth=200}], merge options = Bundle[mParcelledData.dataSize=140]
05-10 04:44:57.544 D/AppWidgetServiceImpl( 1612): sendOptionsChangedIntentLocked, widget = AppWidge
05-10 04:44:57.544 D/Launcher(31757): setHotWordDetection : call requestHotWordDetection true
05-10 04:44:57.544 D/Launcher.HomeController(31757): onResume HomeContainer current alpha = 1.0
05-10 04:44:57.544 D/AppsCustomAdapter(31757): notifyUpdate : com.android.launcher3.Launcher@fe76830
05-10 04:44:57.544 D/AppsDragController(31757): needDeferToBind : true , false
05-10 04:44:57.545 E/OverlaySController(23580): Calling with an invalid UID, the interface will not work
05-10 04:44:57.545 D/OverlaySController(23580): Client version not available
05-10 04:44:57.546 I/Icing   (24206): Indexing com.google.android.gms-apps from com.google.android.gms
05-10 04:44:57.546 I/SurfaceFlinger(  683): Display 0 HWC layers:
05-10 04:44:57.546 I/SurfaceFlinger(  683):     type    |    handle    | flag |  format   |   source crop (l,t,r,b)    |         frame       | name 
05-10 04:44:57.546 I/SurfaceFlinger(  683): ------------+--------------+------+-----------+----------------------------+---------------------+------
05-10 04:44:57.546 I/SurfaceFlinger(  683):      Device | 0x7c7b3e6a80 | 0002 | RGBx_8888 | 295.0  775.0 2265.0 2006.0 |    0    0 2560 1600 | com.android.systemui.ImageWallpaper[22356]#0
05-10 04:44:57.546 I/SurfaceFlinger(  683):      Device | 0x7c7dc3f600 | 0002 | RGBx_8888 |   0.0    0.0 1600.0 2560.0 |    7    4 2552 1595 | Splash Screen org.torproject.android[1612]#0
05-10 04:44:57.546 I/SurfaceFlinger(  683):      Device | 0x7c7dc3fe80 | 0000 | RGBA_8888 | 410.0  256.0 2150.0 1344.0 |    0    0 2560 1600 | com.sec.android.app.launcher/com.sec[...]activities.LauncherActivity[31757]#0
05-10 04:44:57.546 I/SurfaceFlinger(  683):      Device | 0x7c7b38b100 | 0000 | RGBA_8888 |   0.0    0.0   54.0 1600.0 |    0    0   54 1600 | StatusBar[22356]#0
05-10 04:44:57.546 I/SurfaceFlinger(  683):      Device | 0x7c7dc3f900 | 0000 | RGBA_8888 |   0.0    0.0  108.0 1600.0 | 2452    0 2560 1600 | NavigationBar[22356]#0
05-10 04:44:57.546 I/SurfaceFlinger(  683): 
05-10 04:44:57.547 D/[WeatherWidget(157735@5)] (23367): {[003ECA3ECD60D589B9D3F7E817555AF6BF4692C67F7B6A53D47EC21705D874A4D04D1B74DCC81944E894D54BEC1CEE0EE1523B9130590EECF9FD56457CA3AB09AA0F08B1EA53776FFB985FC1B40EB107380300AF044049BBDBA46878F67B73A3E476A38BB18C6D7DC053EEDF4FFE783A]}
05-10 04:44:57.547 I/LauncherAppWidgetInfo(31757): reinflateWidgetsIfNecessary, WidgetInfo: AppWidget(id=29)
05-10 04:44:57.548 D/AppWidgetServiceImpl( 1612): updateAppWidgetOptions, appWidgetId = 30, before options = Bundle[{appWidgetMaxHeight=139, semAppWidgetRowSpan=1, appWidgetCategory=1, semAppWidgetColumnSpan=6, appWidgetMaxWidth=663, appWidgetMinHeight=139, appWidgetMinWidth=663}], merge options = Bundle[mParcelledData.dataSize=116]
05-10 04:44:57.548 D/AppWidgetServiceImpl( 1612): sendOptionsChangedIntentLocked, widget = AppWidgetId{30:Host{HostId{user:0, app:10076, hostId:1024, pkg:com.sec.android.app.launcher}}:Provider{ProviderId{user:0, app:10078, cmp:ComponentInfo{com.google.android.googlequicksearchbox/com.google.android.googlequicksearchbox.SearchWidgetProvider}}}}, options = Bundle[{appWidgetMaxHeight=139, semAppWidgetRowSpan=1, appWidgetCategory=1, semAppWidgetColumnSpan=6, appWidgetMaxWidth=663, appWidgetMinHeight=139, appWidgetMinWidth=663}]
05-10 04:44:57.548 D/skia    ( 1612): Bitmap.writeToParcel_BEGIN : parcelAddr: 0x755d59e728, isMutable: 1, colorType: 4, alphaType: 2, width: 90, height: 90, rowBytes: 360, density: 360
05-10 04:44:57.549 D/skia    ( 1612): Bitmap.writeToParcel_END : parcelAddr: 0x755d59e728, isMutable: 1, colorType: 4, alphaType: 2, width: 90, height: 90, rowBytes: 360, density: 360
05-10 04:44:57.549 D/skia    ( 1612): Bitmap.writeToParcel_BEGIN : parcelAddr: 0x755d59e558, isMutable: 1, colorType: 4, alphaType: 2, width: 90, height: 90, rowBytes: 360, density: 360
05-10 04:44:57.549 D/skia    ( 1612): Bitmap.writeToParcel_END : parcelAddr: 0x755d59e558, isMutable: 1, colorType: 4, alphaType: 2, width: 90, height: 90, rowBytes: 360, density: 360
05-10 04:44:57.550 D/Noti_WTF(31757): custom notification is detected - 1589085879708 : 1589085879708 : 0 : null
05-10 04:44:57.550 D/Noti_WTF(31757): custom notification is detected - 1589079961942 : 1589079961943 : 0 : null
05-10 04:44:57.550 D/Noti_WTF(31757): custom notification is detected - 1514765141012 : 1514765141013 : 0 : Browserstack Service Running...
05-10 04:44:57.551 D/Notification.Badge(31757): [filtered] shouldBeFilteredOut().mTempRanking.canShowBadge[false], [sbn : StatusBarNotification(pkg=com.samsung.android.timezone.autoupdate_O user=UserHandle{0} id=1 tag=null key=0|com.samsung.android.timezone.autoupdate_O|1|null|10058: Notification(channel=TimeZoneUpdaterO pri=0 contentView=null vibrate=default sound=default defaults=0xffffffff flags=0x11 color=0x00000000 actions=2 number=0 vis=PRIVATE semFlags=0x0 semPriority=0 semMissedCount=0))]
05-10 04:44:57.551 D/Notification.Badge(31757): [filtered] shouldBeFilteredOut().mTempRanking.canShowBadge[false], [sbn : StatusBarNotification(pkg=com.android.systemui user=UserHandle{-1} id=2131362729 tag=full_battery key=-1|com.android.systemui|2131362729|full_battery|10011: Notification(channel=FBT pri=-2 contentView=null vibrate=null sound=null tick defaults=0x0 flags=0xa color=0xff17c433 category=sys number=0 vis=PUBLIC semFlags=0x0 semPriority=0 semMissedCount=0))]
05-10 04:44:57.551 D/Notification.Badge(31757): [filtered] shouldBeFilteredOut().mTempRanking.canShowBadge[false], [sbn : StatusBarNotification(pkg=android user=UserHandle{-1} id=27 tag=null key=-1|android|27|null|1000: Notification(channel=USB pri=0 contentView=null vibrate=null sound=null tick defaults=0x0 flags=0x2 color=0xff607d8b number=0 vis=PUBLIC semFlags=0x0 semPriority=0 semMissedCount=0))]
05-10 04:44:57.551 V/Launcher(31757): Launcher.onPause()
05-10 04:44:57.551 D/Launcher(31757): setHotWordDetection : call requestHotWordDetection false
05-10 04:44:57.552 I/LauncherAppWidgetInfo(31757): reinflateWidgetsIfNecessary, WidgetInfo: AppWidget(id=30)
05-10 04:44:57.552 D/[WeatherWidget(157735@5)] (23367): {[003ECA3ECD60D589B9D3F7E817555AF69175BE0905BEE2DB841F24DFD95BBFEF7DAA448231DB1709C03D0D1F52E414F5583B45F30689C6824B97C45E13EA268CEF6A2BC00C4557B1EC39733035E2BC0A]}
05-10 04:44:57.553 D/AppWidgetServiceImpl( 1612): updateAppWidgetOptions, appWidgetId = 31, before options = Bundle[{appWidgetMaxHeight=139, semAppWidgetRowSpan=1, appWidgetCategory=1, semAppWidgetColumnSpan=6, appWidgetMaxWidth=663, appWidgetMinHeight=139, appWidgetMinWidth=663}], merge options = Bundle[mParcelledData.dataSize=116]
05-10 04:44:57.553 D/AppWidgetServiceImpl( 1612): sendOptionsChangedIntentLocked, widget = AppWidgetId{31:Host{HostId{user:0, app:10076, hostId:1024, pkg:com.sec.android.app.launcher}}:Provider{ProviderId{user:0, app:10026, cmp:ComponentInfo{com.sec.android.widgetapp.samsungapps/com.sec.android.widgetapp.samsungapps.WidgetProvider42}}}}, options = Bundle[{appWidgetMaxHeight=139, semAppWidgetRowSpan=1, appWidgetCategory=1, semAppWidgetColumnSpan=6, appWidgetMaxWidth=663, appWidgetMinHeight=139, appWidgetMinWidth=663}]
05-10 04:44:57.553 D/[WeatherWidget(157735@5)] (23367): {[98D5E08ADED74B1149542FB7BA1828914C01EE4A17D54A39B481171FC030C1D8AD85F933B70D237743F2A2AED00AD5CE40AA2ADA411BCEB2D9274EC7764C8F0F]}
05-10 04:44:57.553 D/[WeatherWidget(157735@5)] (23367): {[2F3054AD64BE8EF3BAD4B2CFE0E49D5B1083B755D29D496CCF2C57662C5CD0518486D441565367E3234CA7D26211D1D7]}
05-10 04:44:57.553 D/[WeatherWidget(157735@5)] (23367): {[1CAAD97D0F4C76DEBB47AACF278E91D6B5C98E06BD266078CE70F607D3A64863017435A1D1572FCF46090F466F6B9BF49258AA77426AA7C5E867DDA8818132CF]}
05-10 04:44:57.557 D/[WeatherWidget(157735@5)] (23367): {[236FFFA4FE6D378EDABD8749C406D4B6BC3AB7B5B885BD50A1A53259C64ED258042E7AE21363E98DBF8984B4C67F375139E904DD8D65182385F72DF655B2D036]}
05-10 04:44:57.557 I/LauncherAppWidgetInfo(31757): reinflateWidgetsIfNecessary, WidgetInfo: AppWidget(id=31)
05-10 04:44:57.557 D/Notification.Badge(31757): LauncherModel:onNotificationFullRefresh() : [2], IconType : [0]
05-10 04:44:57.557 D/Notification.Badge(31757): notificationKey : 0|android|17304589|null|1000, count : 0, this.count : 1
05-10 04:44:57.557 D/Notification.Badge(31757): notificationKey : 0|android|17304589|null|1000, count : 1, mTotalCount : 1
05-10 04:44:57.557 D/Notification.Badge(31757): notificationKey : 0|android|40|null|1000, count : 0, this.count : 1
05-10 04:44:57.557 D/Notification.Badge(31757): notificationKey : 0|android|40|null|1000, count : 1, mTotalCount : 2
05-10 04:44:57.557 V/Launcher(31757): Launcher.onResume()
05-10 04:44:57.557 D/Notification.Badge(31757): LauncherModel:onNotificationFullRefresh() not need to update, updatedBadges.remove[android], count : [2]
05-10 04:44:57.562 D/SystemServicesProxy(22356): updateOverviewLastStackActiveTimeAsync: newTime=1589080465722
05-10 04:44:57.562 I/SurfaceFlinger(  683): Display 0 HWC layers:
05-10 04:44:57.562 I/SurfaceFlinger(  683):     type    |    handle    | flag |  format   |   source crop (l,t,r,b)    |         frame       | name 
05-10 04:44:57.562 I/SurfaceFlinger(  683): ------------+--------------+------+-----------+----------------------------+---------------------+------
05-10 04:44:57.562 I/SurfaceFlinger(  683):      Device | 0x7c7dc3f600 | 0002 | RGBx_8888 |   0.0    0.0 1600.0 2560.0 |    5    3 2555 1597 | Splash Screen org.torproject.android[1612]#0
05-10 04:44:57.562 I/SurfaceFlinger(  683):      Device | 0x7c7dc3fe80 | 0000 | RGBA_8888 | 410.0  256.0 2150.0 1344.0 |    0    0 2560 1600 | com.sec.android.app.launcher/com.sec[...]activities.LauncherActivity[31757]#0
05-10 04:44:57.562 I/SurfaceFlinger(  683):      Device | 0x7c7b38b100 | 0000 | RGBA_8888 |   0.0    0.0   54.0 1600.0 |    0    0   54 1600 | StatusBar[22356]#0
05-10 04:44:57.562 I/SurfaceFlinger(  683):      Device | 0x7c7b3fa700 | 0000 | RGBA_8888 |   0.0    0.0  108.0 1600.0 | 2452    0 2560 1600 | NavigationBar[22356]#0
05-10 04:44:57.562 I/SurfaceFlinger(  683): 
05-10 04:44:57.563 D/SecContentProvider( 1612): query(), uri = 17 selection = isSettingsChangesAllowed
05-10 04:44:57.574 E/propClient(26941): PropClient failed to load
05-10 04:44:57.581 D/SecContentProvider( 1612): called from android.uid.systemui:10011
05-10 04:44:57.581 D/RestrictionPolicy( 1612): isSettingsChangesAllowedAsUser, userId 0 : true
05-10 04:44:57.582 D/SystemServicesProxy(22356): updateOverviewLastStackActiveTimeAsync: done.
05-10 04:44:57.588 D/[WeatherWidget(157735@5)] (23367): {[236FFFA4FE6D378EDABD8749C406D4B6A219E4B3CD48DFC33A0137A06E4CDFCC3AAC94FBB8B0B97323CD3ED7DC0E11ABD4925E7EE3BA60DFCFA1E741670FAAF38FE9CCF8770198DC027142F3440B1EDA]}
05-10 04:44:57.588 D/[WeatherWidget(157735@5)] (23367): {[236FFFA4FE6D378EDABD8749C406D4B62968626B97FF63B36C407816ADBE7EE290DFC6D4AAD38B58208BE79A5ADFE821EEDB3AB1607C61C93D4BE061BDC4AE0ABEC5303052083F0F1A8406FBFAE8A46E]}
05-10 04:44:57.588 D/[WeatherWidget(157735@5)] (23367): {[7C1F05480406A54003E661285C404B6816D146330393A79BA1AAD7199E483BAEDFB10F17BF8A7B1DEF1906B06CE700541398743603BFF621FE4DE9BFA02239FA]}
05-10 04:44:57.588 D/PackageManager( 1612): getComponentMetadataForIconTray : org.torproject.android.OrbotMainActivity does not exist in mServices
05-10 04:44:57.588 D/PackageManager( 1612): getComponentMetadataForIconTray : org.torproject.android.OrbotMainActivity does not exist in mProviders
05-10 04:44:57.588 D/PackageManager( 1612): getComponentMetadataForIconTray : org.torproject.android.OrbotMainActivity does not exist in mReceivers
05-10 04:44:57.589 I/ApplicationPackageManager(22356): load=org.torproject.android, bg=144-144, dr=108-108, forDefault=true, density=0
05-10 04:44:57.590 I/ApplicationPackageManager(22356): scaled rate=0.72, size=108, alpha=6, hold=102
05-10 04:44:57.590 D/ApplicationPackageManager(22356): iconScale: getScale(): 0.72 getAlpha(): 6
05-10 04:44:57.591 D/[WeatherWidget(157735@5)] (23367): {[D7F368E70E5F68F72B44E8030D50E9B84F13F9800F7CE446AE0A4D8C5727F42B9D006999D5F3A4CC3D3670D90CE5D7DF36A6C7EB141EF985E112890A237E6D748C47FCB628D38D68C878ACCFEAE06F5AF190336D5439C0170E20679D5753CD81CAFF72C799E7D84AA2E2399CE8E3535AFEFFFD1334E10C3FE25F4F6F4611485C07E2690281A55793B0A583AA5E114A96B0F1ABACDCBDA39934F56C58F1F4E93ED0097F1A6F5A7CDDAEE564E946096151B35B98F4988748F6EBD4F9717697AB273C405CC9AAE29D1EBB459CCB636B4FF0E1D19D34394A9AFF1E8150CC786876F39F4B90A6CE9FC78CB3F0B74A6EE42B0441CEC58D2293568F9ED1948F631726A9CFFD8D804A3502D216C86F3865597A834DF3FE0B2295DCCCB13F3F02E1B21C7957F6A5A2540DFA73ABA3466E599D2F79]}
05-10 04:44:57.591 D/[WeatherWidget(157735@5)] (23367): {[544481E477165EDB782852C8186041303E4687AAB9D9133B5023EB8681C6CF3A9BF981989CF911C4545DBED52AD3163A]}
05-10 04:44:57.591 I/ApplicationPackageManager(22356): load=org.torproject.android-contain, bg=134-134, dr=108-108
05-10 04:44:57.591 D/[WeatherWidget(157735@5)] (23367): {[E6A1E4D4951215FC55F69E816022B977E046F94E57B3180E4B2D03692900A66282D3768D09743CE528DA99AB5195B9B81A1BB4A1692AD1B901A56120F49D0D70]}
05-10 04:44:57.591 D/[WeatherWidget(157735@5)] (23367): {[E8DD3A476C535903327BD248833A5FECF0C3321F5C1FA34AA982A8421B980A7E29AECC6D467FB2B93575BEF9F51030CE]}
05-10 04:44:57.592 D/[WeatherWidget(157735@5)] (23367): {[D6ED620614BFB8DDC50A1DD407F43BEFD3CF640033FE2C8418528C300D1F1C033041135D05F10E7EF0A7C437BD3F0AF4]}
05-10 04:44:57.592 D/[WeatherWidget(157735@5)] (23367): {[410305DDB6A0315653F51BC97F662EC9BBA9B0A3033FBC7B04E905731B72D2B1FF2B3F866A04BC7457E8E91AE888D1A6]}
05-10 04:44:57.592 D/[WeatherWidget(157735@5)] (23367): {[17BF97144D73E4A09BEEDF062991FEB5BF579B96C2D3C16822F41C88BA43656AB48E5D62EE5D23868BA0D1695BF3DE51]}
05-10 04:44:57.592 D/[WeatherWidget(157735@5)] (23367): {[48F38E4F85E4FB8850201B7E32E27F5C7A305A59CD386CB60C5DDF5ED40C0F97C5068C29EDC243EE6D3E60DBB382C36455FC8B8F6D23872416CC86CEAA2192280FDFCFD93E624B524F174D6A35F877785AB6E6EB61054D8E8B0CBA7EF181EE1E2C218C86E1C976E8FF452B476C2E890A]}
05-10 04:44:57.593 D/[WeatherWidget(157735@5)] (23367): {[A65C72249743A71FE8E9C8A8DE2527350BA1001BD5AB4B7B6D0BC16D4EFD305D220F19619D6309863BAF2D3DF0A00B98]}
05-10 04:44:57.593 D/[WeatherWidget(157735@5)] (23367): {[E6A1E4D4951215FC55F69E816022B977D12BF324E2BF714F3CD983448F7ADB8672E288A73FCCE54ADAEAB30ABEA7DBFE45B143A3E68A03E5876B79FFE9004FD6]}
05-10 04:44:57.594 D/PackageManager( 1612): setEnabledSetting : userId = 0 packageName = com.google.android.gms cmp = com.google.android.gms.auth.managed.ui.SetupWorkProfileActivity newState = 1 callingPackage = 10031/com.google.android.gms.persistent
05-10 04:44:57.599 I/Auth    (23863): [AuthManaged,PasswordComplexityHelperImpl] Updating password complexity components state.
05-10 04:44:57.599 I/Auth    (23863): [AuthManaged,PasswordComplexityHelperImpl] Disabling com.google.android.gms.auth.managed.admin.DeviceAdminReceiver
05-10 04:44:57.603 D/ExternalMethodQueue(31757): Getting and clearing EXTERNAL_METHOD_LIST: null
05-10 04:44:57.603 D/AppWidgetServiceImpl( 1612): updateAppWidgetOptions, appWidgetId = 29, before options = Bundle[{appWidgetMaxHeight=477, semAppWidgetRowSpan=3, appWidgetCategory=1, semAppWidgetColumnSpan=2, appWidgetMaxWidth=200, appWidgetMinHeight=477, fling=-1, appWidgetMinWidth=200}], merge options = Bundle[mParcelledData.dataSize=140]
05-10 04:44:57.604 D/AppWidgetServiceImpl( 1612): sendOptionsChangedIntentLocked, widget = AppWidgetId{29:Host{HostId{user:0, app:10076, hostId:1024, pkg:com.sec.android.app.launcher}}:Provider{ProviderId{user:0, app:10154, cmp:ComponentInfo{com.sec.android.daemonapp/com.sec.android.daemonapp.appwidget.WeatherAppWidget2x1}}}}, options = Bundle[{appWidgetMaxHeight=477, semAppWidgetRowSpan=3, appWidgetCategory=1, semAppWidgetColumnSpan=2, appWidgetMaxWidth=200, appWidgetMinHeight=477, fling=-1, appWidgetMinWidth=200}]
05-10 04:44:57.604 E/propClient(26943): PropClient failed to load
05-10 04:44:57.604 D/Launcher(31757): setHotWordDetection : call requestHotWordDetection true
05-10 04:44:57.604 D/Launcher.HomeController(31757): onResume HomeContainer current alpha = 1.0
05-10 04:44:57.604 D/AppsCustomAdapter(31757): notifyUpdate : com.android.launcher3.Launcher@fe76830
05-10 04:44:57.604 D/AppsDragController(31757): needDeferToBind : true , false
05-10 04:44:57.606 D/skia    ( 1612): Bitmap.writeToParcel_BEGIN : parcelAddr: 0x7560b14728, isMutable: 1, colorType: 4, alphaType: 2, width: 90, height: 90, rowBytes: 360, density: 360
05-10 04:44:57.606 D/skia    ( 1612): Bitmap.writeToParcel_END : parcelAddr: 0x7560b14728, isMutable: 1, colorType: 4, alphaType: 2, width: 90, height: 90, rowBytes: 360, density: 360
05-10 04:44:57.606 D/skia    ( 1612): Bitmap.writeToParcel_BEGIN : parcelAddr: 0x7560b14558, isMutable: 1, colorType: 4, alphaType: 2, width: 90, height: 90, rowBytes: 360, density: 360
05-10 04:44:57.606 D/PackageManager( 1612): setEnabledSetting : userId = 0 packageName = com.google.android.gms cmp = com.google.android.gms.auth.managed.admin.DeviceAdminReceiver newState = 2 callingPackage = 10031/com.google.android.gms.persistent
05-10 04:44:57.606 I/Auth    (23863): [AuthManaged,PasswordComplexityHelperImpl] Disabling com.google.android.gms.auth.managed.ui.SetNewPasswordActivity
05-10 04:44:57.606 V/Surface (  683): sf_framedrop debug : 0x4f4c, game : false, logging : 0
05-10 04:44:57.607 D/CustomFrequencyManagerService( 1612): releaseDVFSLockLocked : Getting Lock type frm List : DVFS_MIN_LIMIT  frequency : 1651200  uid : 1000  pid : 1612  tag : HOME_BOOSTER@1
05-10 04:44:57.607 E/OverlaySController(23580): Calling with an invalid UID, the interface will not work
05-10 04:44:57.608 D/skia    ( 1612): Bitmap.writeToParcel_END : parcelAddr: 0x7560b14558, isMutable: 1, colorType: 4, alphaType: 2, width: 90, height: 90, rowBytes: 360, density: 360
05-10 04:44:57.608 D/OverlaySController(23580): Client version not available
05-10 04:44:57.608 I/LauncherAppWidgetInfo(31757): reinflateWidgetsIfNecessary, WidgetInfo: AppWidget(id=29)
05-10 04:44:57.608 D/Noti_WTF(31757): custom notification is detected - 1589085879708 : 1589085879708 : 0 : null
05-10 04:44:57.609 D/Noti_WTF(31757): custom notification is detected - 1589079961942 : 1589079961943 : 0 : null
05-10 04:44:57.609 D/Noti_WTF(31757): custom notification is detected - 1514765141012 : 1514765141013 : 0 : Browserstack Service Running...
05-10 04:44:57.609 D/[WeatherWidget(157735@5)] (23367): {[DEB0EF9B0F1DB330593C932E65A827D4553B07010A8DB9F28006F1BC61668B70302047004CB17F39BE19922B1028171D91C32221995A5C5E37B2658DC7525434ED0FCA7D001D07BB4C8BA445E3A21958D33EF69A48FAC0178FB40BB71FEA522263E81FE6C0875A269925E4BD9A93A56BB3DE5FD461D80D171FD795636BC133BB24B387BE9EB95641A22267C2F3DF7C2BFD45435FBA37C1177E6B2941BDF2C2F52CAD11383DB96055C019BAF9A4BDCB841487BE9758273E21345FA02D756C3BA0]}
05-10 04:44:57.609 D/Notification.Badge(31757): [filtered] shouldBeFilteredOut().mTempRanking.canShowBadge[false], [sbn : StatusBarNotification(pkg=com.samsung.android.timezone.autoupdate_O user=UserHandle{0} id=1 tag=null key=0|com.samsung.android.timezone.autoupdate_O|1|null|10058: Notification(channel=TimeZoneUpdaterO pri=0 contentView=null vibrate=default sound=default defaults=0xffffffff flags=0x11 color=0x00000000 actions=2 number=0 vis=PRIVATE semFlags=0x0 semPriority=0 semMissedCount=0))]
05-10 04:44:57.610 D/Notification.Badge(31757): [filtered] shouldBeFilteredOut().mTempRanking.canShowBadge[false], [sbn : StatusBarNotification(pkg=com.android.systemui user=UserHandle{-1} id=2131362729 tag=full_battery key=-1|com.android.systemui|2131362729|full_battery|10011: Notification(channel=FBT pri=-2 contentView=null vibrate=null sound=null tick defaults=0x0 flags=0xa color=0xff17c433 category=sys number=0 vis=PUBLIC semFlags=0x0 semPriority=0 semMissedCount=0))]
05-10 04:44:57.610 D/Notification.Badge(31757): [filtered] shouldBeFilteredOut().mTempRanking.canShowBadge[false], [sbn : StatusBarNotification(pkg=android user=UserHandle{-1} id=27 tag=null key=-1|android|27|null|1000: Notification(channel=USB pri=0 contentView=null vibrate=null sound=null tick defaults=0x0 flags=0x2 color=0xff607d8b number=0 vis=PUBLIC semFlags=0x0 semPriority=0 semMissedCount=0))]
05-10 04:44:57.611 D/PackageManager( 1612): setEnabledSetting : userId = 0 packageName = com.google.android.gms cmp = com.google.android.gms.auth.managed.ui.SetNewPasswordActivity newState = 2 callingPackage = 10031/com.google.android.gms.persistent
05-10 04:44:57.612 D/AppWidgetServiceImpl( 1612): updateAppWidgetOptions, appWidgetId = 30, before options = Bundle[{appWidgetMaxHeight=139, semAppWidgetRowSpan=1, appWidgetCategory=1, semAppWidgetColumnSpan=6, appWidgetMaxWidth=663, appWidgetMinHeight=139, appWidgetMinWidth=663}], merge options = Bundle[mParcelledData.dataSize=116]
05-10 04:44:57.612 D/AppWidgetServiceImpl( 1612): sendOptionsChangedIntentLocked, widget = AppWidgetId{30:Host{HostId{user:0, app:10076, hostId:1024, pkg:com.sec.android.app.launcher}}:Provider{ProviderId{user:0, app:10078, cmp:ComponentInfo{com.google.android.googlequicksearchbox/com.google.android.googlequicksearchbox.SearchWidgetProvider}}}}, options = Bundle[{appWidgetMaxHeight=139, semAppWidgetRowSpan=1, appWidgetCategory=1, semAppWidgetColumnSpan=6, appWidgetMaxWidth=663, appWidgetMinHeight=139, appWidgetMinWidth=663}]
05-10 04:44:57.614 I/LauncherAppWidgetInfo(31757): reinflateWidgetsIfNecessary, WidgetInfo: AppWidget(id=30)
05-10 04:44:57.614 D/ActivityManager( 1612): post active user change for 0 fullscreen true isHomeActivity() true
05-10 04:44:57.614 I/WallpaperManagerService( 1612): switchPersonaWallpaper is called for personaId-0
05-10 04:44:57.614 D/AppWidgetServiceImpl( 1612): updateAppWidgetOptions, appWidgetId = 31, before options = Bundle[{appWidgetMaxHeight=139, semAppWidgetRowSpan=1, appWidgetCategory=1, semAppWidgetColumnSpan=6, appWidgetMaxWidth=663, appWidgetMinHeight=139, appWidgetMinWidth=663}], merge options = Bundle[mParcelledData.dataSize=116]
05-10 04:44:57.614 D/AppWidgetServiceImpl( 1612): sendOptionsChangedIntentLocked, widget = AppWidgetId{31:Host{HostId{user:0, app:10076, hostId:1024, pkg:com.sec.android.app.launcher}}:Provider{ProviderId{user:0, app:10026, cmp:ComponentInfo{com.sec.android.widgetapp.samsungapps/com.sec.android.widgetapp.samsungapps.WidgetProvider42}}}}, options = Bundle[{appWidgetMaxHeight=139, semAppWidgetRowSpan=1, appWidgetCategory=1, semAppWidgetColumnSpan=6, appWidgetMaxWidth=663, appWidgetMinHeight=139, appWidgetMinWidth=663}]
05-10 04:44:57.614 D/AppsAdapter(31757): notifyUpdate start : com.android.launcher3.Launcher@fe76830
05-10 04:44:57.615 D/[WeatherWidget(157735@5)] (23367): {[B1E4BB2D7008689C4554F9612CF64154A49C3DC7F7DEDD29C4905B9BAE5099BFFC09EB1237CF24EA1B5F20DF6D646896E649C71D5AD61F000291AF14565CE763C8E31670A677C554934C985A1E2BB352]}
05-10 04:44:57.616 D/AppWidgetServiceImpl( 1612): handleNotifyUpdateAppWidget, appWidgetId = 29
05-10 04:44:57.616 I/LauncherAppWidgetInfo(31757): reinflateWidgetsIfNecessary, WidgetInfo: AppWidget(id=31)
05-10 04:44:57.617 D/WallpaperManagerService( 1612):  force update = false; persona id = 0; current user =0; current persona = 0
05-10 04:44:57.617 D/Notification.Badge(31757): LauncherModel:onNotificationFullRefresh() : [2], IconType : [0]
05-10 04:44:57.617 D/Notification.Badge(31757): notificationKey : 0|android|17304589|null|1000, count : 0, this.count : 1
05-10 04:44:57.617 D/Notification.Badge(31757): notificationKey : 0|android|17304589|null|1000, count : 1, mTotalCount : 1
05-10 04:44:57.617 D/Notification.Badge(31757): notificationKey : 0|android|40|null|1000, count : 0, this.count : 1
05-10 04:44:57.617 D/N
05-10 04:44:57.617 D/Notification.Badge(31757): LauncherModel:onNotificationFullRefresh() not need to update, updatedBadges.remove[android], count : [2]
05-10 04:44:57.618 D/AppsCustomAdapter(31757): no change items
05-10 04:44:57.618 D/AppsAdapter(31757): notifyUpdate end : com.android.launcher3.Launcher@fe76830
05-10 04:44:57.619 I/Launcher(31757): onWindowVisibilityChanged : true
05-10 04:44:57.620 D/DragLayer(31757): DragLayer onMeasure, mIsNaviBarPositionChanged = false, mWillOrientationChange = false
05-10 04:44:57.620 D/LauncherAppWidgetHostView(31757): setResizeScaleResult() 1528/ 349 scaleToResize = 1.0(widget id = 31)
05-10 04:44:57.620 I/zygote64( 1612): Background concurrent copying GC freed 301075(18MB) AllocSpace objects, 56(1888KB) LOS objects, 41% free, 34MB/58MB, paused 150us total 176.706ms
05-10 04:44:57.621 V/WindowManager( 1612): Relayout Window{3eaf0a7 u0 com.sec.android.app.launcher/com.sec.android.app.launcher.activities.LauncherActivity EXITING}: viewVisibility=0 req=1600x2560 WM.LayoutParams{(0,0)(fillxfill) sim=#130 ty=1 fl=#81910d00 pfl=0x20000 fmt=-2 wanim=0x10302ea vsysui=0x700 needsMenuKey=2 colorMode=0 naviIconColor=0}
05-10 04:44:57.621 D/WindowManager( 1612): relayoutVisibleWindow: Window{3eaf0a7 u0 com.sec.android.app.launcher/com.sec.android.app.launcher.activities.LauncherActivity EXITING} mAnimatingExit=true, mRemoveOnExit=false, mDestroying=false
05-10 04:44:57.622 D/SamsungPhoneWindowManager( 1612): updateSystemUiVisibilityLw : setForceImmersiveBtnVisibility=true
05-10 04:44:57.622 D/WindowManager( 1612): set systemUiVisibility : systemUiFlags= 0x8718 fullscreenStackSysUiFlags= 0x0 dockedVisibility= 0x0
05-10 04:44:57.624 D/SamsungAnimationCreator( 1612): createAnimation type:HighEnd transit:13 enter:false wallpaperXoffset:-480 split:false fixedOri:false
05-10 04:44:57.624 D/SamsungAnimationCreator( 1612): createAnimation displayFrame:Rect(0, 0 - 1600, 2560) frame:null insets:null
05-10 04:44:57.624 D/SamsungAnimationCreator( 1612): createAppCloseWallpaperEnterAnimation
05-10 04:44:57.632 D/NavigationBar(22356): setForceImmersiveBtnVisibility visible : true
05-10 04:44:57.632 D/NavBarPresenter(22356): setPinButtonVisibility() shouldshow=true, leftRemoteVisible=false, mAllKeyDisabled=false, isBouncerShowing=false, isUltraPowerSaving=false, isEmergencyMode=false, isDeviceEncrypted=false, isUserSetupComplete : true
05-10 04:44:57.633 I/ActivityManager( 1612): KPU : put [com.google.android.partnersetup] : 5574 K
05-10 04:44:57.633 I/ActivityManager( 1612): Killing 18950:com.google.android.partnersetup/u0a36 (adj 906): DHA:empty #25
05-10 04:44:57.633 W/system_server( 1612): kill(-18950, 9) failed: No such process
05-10 04:44:57.634 D/InputDispatcher( 1612): Focus entered window: 31757 0
05-10 04:44:57.636 W/SearchService(23580): Abort, client detached.
05-10 04:44:57.637 E/propClient(26945): PropClient failed to load
05-10 04:44:57.639 W/system_server( 1612): kill(-18950, 9) failed: No such process
05-10 04:44:57.644 W/system_server( 1612): kill(-18950, 9) failed: No such process
05-10 04:44:57.649 V/Surface (  683): sf_framedrop debug : 0x4f4c, game : false, logging : 0
05-10 04:44:57.650 W/system_server( 1612): kill(-18950, 9) failed: No such process
05-10 04:44:57.655 W/system_server( 1612): kill(-18950, 9) failed: No such process
05-10 04:44:57.660 E/propClient(26947): PropClient failed to load
05-10 04:44:57.660 W/system_server( 1612): kill(-18950, 9) failed: No such process
05-10 04:44:57.663 D/GameManagerService( 1612): identifyGamePackage. org.torproject.android
05-10 04:44:57.663 D/GamePkgDataHelper( 1612): getGamePkgData(). org.torproject.android
05-10 04:44:57.667 D/AppWidgetServiceImpl( 1612): handleNotifyUpdateAppWidget, appWidgetId = 30
05-10 04:44:57.668 D/TaskSnapshotCache( 1612): putSnapshot mTaskId=155 RunningCache size=3
05-10 04:44:57.668 W/system_server( 1612): kill(-18950, 9) failed: No such process
05-10 04:44:57.669 D/WallpaperService(22356): updateSurface forceRelayout=true redrawNeeded=false myWidth=2560 myHeight=2560 fixedSize=true x = 0 y = 0 mWidth=2560 mHeight=2560 mIsSleepMode=false
05-10 04:44:57.670 D/SamsungPhoneWindowManager( 1612): updateSystemUiVisibilityLw : setForceImmersiveBtnVisibility=false
05-10 04:44:57.670 D/WindowManager( 1612): set systemUiVisibility : systemUiFlags= 0x8708 fullscreenStackSysUiFlags= 0x0 dockedVisibility= 0x0
05-10 04:44:57.672 V/Surface (31757): sf_framedrop debug : 0x4f4c, game : false, logging : 0
05-10 04:44:57.672 D/ViewRootImpl@7061812[LauncherActivity](31757): Relayout returned: old=[0,0][1600,2560] new=[0,0][1600,2560] result=0x3 surface={valid=true 504223301632} changed=true
05-10 04:44:57.673 D/WindowManager( 1612): adjustSystemUiVisibilityLw : vis= 0x8718  displayId:0
05-10 04:44:57.673 V/WindowManager( 1612): Relayout Window{3f0b310 u0 com.android.systemui.ImageWallpaper}: viewVisibility=0 req=2560x2560 WM.LayoutParams{(0,0)(2560x2560) gr=#800033 ty=2013 fl=#10318 fmt=2 wanim=0x103030d colorMode=0 naviIconColor=0}
05-10 04:44:57.674 W/system_server( 1612): kill(-18950, 9) failed: No such process
05-10 04:44:57.674 I/system_server( 1612): Successfully killed process cgroup uid 10036 pid 18950 in 41ms
05-10 04:44:57.676 D/ImageWallpaper(22356): onOffsetsChanged: xOffset=0.0, yOffset=0.0, xOffsetStep=0.0, yOffsetStep=0.0, xPixels=0, yPixels=0
05-10 04:44:57.677 E/propClient(26951): PropClient failed to load
05-10 04:44:57.677 V/Surface (  683): sf_framedrop debug : 0x4f4c, game : false, logging : 0
05-10 04:44:57.678 D/ImageWallpaper(22356): newRotation : 0,mLastRotation : 0
05-10 04:44:57.678 D/ImageWallpaper(22356): drawFrame:[frame.width()]2560[frame.height()]2560
05-10 04:44:57.678 D/ImageWallpaper(22356): surfaceDimensionsChanged=false mDisplayWidth=1600 mDisplayHeight=2560
05-10 04:44:57.678 D/ImageWallpaper(22356): redrawNeeded = false, mOffsetsChanged = false
05-10 04:44:57.678 D/ImageWallpaper(22356): Suppressed drawFrame since redraw is not needed and offsets have not changed.
05-10 04:44:57.678 D/NavigationBar(22356): setForceImmersiveBtnVisibility visible : false
05-10 04:44:57.679 D/NavBarPresenter(22356): setPinButtonVisibility() shouldshow=false, leftRemoteVisible=false, mAllKeyDisabled=false, isBouncerShowing=false, isUltraPowerSaving=false, isEmergencyMode=false, isDeviceEncrypted=false, isUserSetupComplete : true
05-10 04:44:57.681 I/ActivityManager( 1612): KPU : put [com.samsung.android.sdk.handwriting] : 0 K
05-10 04:44:57.681 I/ActivityManager( 1612): Killing 23528:com.samsung.android.sdk.handwriting/u0a114 (adj 906): DHA:empty #25
05-10 04:44:57.681 D/WindowManager( 1612): adjustSystemUiVisibilityLw : vis= 0x8708  displayId:0
05-10 04:44:57.682 W/system_server( 1612): kill(-23528, 9) failed: No such process
05-10 04:44:57.683 D/PersonaManagerService( 1612): notifyActivityDrawn:u0:com.sec.android.app.launcher.activities.LauncherActivity
05-10 04:44:57.695 I/SurfaceFlinger(  683): Display 0 HWC layers:
05-10 04:44:57.695 I/SurfaceFlinger(  683):     type    |    handle    | flag |  format   |   source crop (l,t,r,b)    |         frame       | name 
05-10 04:44:57.695 I/SurfaceFlinger(  683): ------------+--------------+------+-----------+----------------------------+---------------------+------
05-10 04:44:57.695 I/SurfaceFlinger(  683):      Device | 0x7c7b3e6a80 | 0002 | RGBx_8888 | 295.0  775.0 2265.0 2006.0 |    0    0 2560 1600 | com.android.systemui.ImageWallpaper[22356]#0
05-10 04:44:57.695 I/SurfaceFlinger(  683):      Device | 0x7c7dc3fe80 | 0000 | RGBA_8888 | 424.0  265.0 2135.0 1335.0 |    0    0 2560 1600 | com.sec.android.app.launcher/com.sec[...]activities.LauncherActivity[31757]#0
05-10 04:44:57.695 I/SurfaceFlinger(  683):      Device | 0x7c7dc3f600 | 0002 | RGBx_8888 |   0.0    0.0 1600.0 2560.0 |    4    3 2555 1597 | Splash Screen org.torproject.android[1612]#0
05-10 04:44:57.695 I/SurfaceFlinger(  683):      Device | 0x7c7b38b100 | 0000 | RGBA_8888 |   0.0    0.0   54.0 1600.0 |    0    0   54 1600 | StatusBar[22356]#0
05-10 04:44:57.695 I/SurfaceFlinger(  683):      Device | 0x7c7dc3f900 | 0000 | RGBA_8888 |   0.0    0.0  108.0 1600.0 | 2452    0 2560 1600 | NavigationBar[22356]#0
05-10 04:44:57.695 I/SurfaceFlinger(  683):
