05-10 04:42:27.399 I/Input   (18664): injectKeyEvent: KeyEvent { action=ACTION_UP, keyCode=KEYCODE_HOME, scanCode=0, metaState=0, flags=0x0, repeatCount=0, eventTime=10753895, downTime=10753895, deviceId=-1, source=0x101 }
05-10 04:42:27.400 D/AutofillManagerService( 1220): Close system dialogs
05-10 04:42:27.401 V/StatusBar(18109): mStatusBarWindow: com.android.systemui.statusbar.phone.StatusBarWindowView{bc82781 V.ED..... ........ 0,0-1440,171} canPanelBeCollapsed(): false
05-10 04:42:27.401 I/vol.Events(18109): writeEvent dismiss_dialog volume_controller
05-10 04:42:27.405 I/ActivityManager( 1220): START u0 {act=android.intent.action.MAIN cat=[android.intent.category.HOME] flg=0x10200000 cmp=com.google.android.apps.nexuslauncher/.NexusLauncherActivity (has extras)} from uid 1000
05-10 04:42:27.410 D/AndroidRuntime(18664): Shutting down VM
05-10 04:42:27.417 I/Places  (17188): ?: Couldn't find platform key file.
05-10 04:42:27.449 W/GCoreFlp(17188): No location to return for getLastLocation()
05-10 04:42:27.454 W/GCM     (17188): Unexpected forwarded intent: Intent { act=android.intent.action.PACKAGE_ADDED dat=package:org.torproject.android flg=0x4000010 cmp=com.google.android.gms/.chimera.PersistentIntentOperationService (has extras) }
05-10 04:42:27.482 I/ActivityManager( 1220): Force stopping org.torproject.android appid=10334 user=0: from pid 18731
05-10 04:42:27.485 E/PhoneInterfaceManager( 4980): [PhoneIntfMgr] getCarrierPackageNamesForIntent: No UICC
05-10 04:42:27.485 D/CarrierSvcBindHelper( 4980): No carrier app for: 0
05-10 04:42:27.487 D/RegisteredNfcFServicesCache( 5604): Service unchanged, not updating
05-10 04:42:27.496 D/MultiDexClassLoader(17439): notifyColdstartDone
05-10 04:42:27.499 I/Places  (17188): ?: Couldn't find platform key file.
05-10 04:42:27.519 I/Auth    (17325): [SupervisedAccountIntentOperation] onHandleIntent(): android.intent.action.PACKAGE_ADDED
05-10 04:42:27.520 I/Auth    (17325): [SupervisedAccountIntentOperation] This operation is disabled
05-10 04:42:27.520 I/ChromeSync(17325): [Sync,SyncIntentOperation] Handling the intent: Intent { act=android.intent.action.PACKAGE_ADDED dat=package:org.torproject.android flg=0x4000010 cmp=com.google.android.gms/.chimera.GmsIntentOperationService (has extras) }.
05-10 04:42:27.525 I/EventLogSendingHelper(17200): Sending log events.
05-10 04:42:27.527 I/Binder:748_2(  748): type=1400 audit(0.0:10532): avc: denied { associate } for name="globalAlert" scontext=u:object_r:proc_net:s0 tcontext=u:object_r:proc:s0 tclass=filesystem permissive=1
05-10 04:42:27.531 I/FontsPackageChangeOp(17325): Package org.torproject.android has no metadata
05-10 04:42:27.648 I/ChromeSync(17325): [Persistence,AffiliationManager] One of affiliation or grouping data for android://TBONRmjdCOhrN3S-jxRAmeGu1BGFInqUfh1m8VpmP66-ODNxn40MIOfDdwwprBQrpjDqic_ZZGrY6-MrpKP1UQ==@org.torproject.android/ was not found. Marking affiliation data as stale...
05-10 04:42:27.670 I/GeofencerStateMachine(17188): removeGeofences: removeRequest=RemoveGeofencingRequest[REMOVE_BY_PENDING_INTENT pendingIntent=PendingIntent[creatorPackage=com.google.android.gms], packageName=com.google.android.gms]
05-10 04:42:27.691 W/gle.android.gm(17325): resources.arsc in APK '/data/app/com.facebook.katana-YkXMgY505moo7NL7dfraDQ==/base.apk' is compressed.
05-10 04:42:27.735 I/ActivityManager( 1220): START u0 {act=android.intent.action.MAIN cat=[android.intent.category.LAUNCHER] flg=0x10000000 cmp=org.torproject.android/.OrbotMainActivity} from uid 2000
05-10 04:42:27.748 I/Superpacks(17055): Downloaded https://www.gstatic.com/android/keyboard/dictionarypack/Ney-normal/unbwb89thkx2e6c3main_en_us_d3_20180316.dict to delight/main_en_us_20180316_1.fst-decompress.fetched (4973116 bytes) for pack delight:main_en_us_20180316_1
05-10 04:42:27.749 I/Superpacks(17055): <=== Finishing job superpacks-main, 688 ms. elapsed since start
05-10 04:42:27.749 I/Superpacks(17055): Download stopped: delight:main_en_us_20180316_1, succeeded
05-10 04:42:27.750 I/Superpacks(17055): => Scheduling downloads, reason: download stopped
05-10 04:42:27.752 I/Superpacks(17055): Pending (0): []
05-10 04:42:27.752 I/Superpacks(17055): Active: none
05-10 04:42:27.752 I/Superpacks(17055): Found no new candidates for scheduling.
05-10 04:42:27.755 D/android.hardware.power@1.3-service.crosshatch-libperfmgr(  815): LAUNCH ON
05-10 04:42:27.767 W/Conscrypt(17188): Could not set socket write timeout: java.net.SocketException: Socket closed
05-10 04:42:27.767 W/Conscrypt(17188): 	at com.google.android.gms.org.conscrypt.Platform.setSocketWriteTimeout(:com.google.android.gms@201515030@20.15.15 (100408-306758586):2)
05-10 04:42:27.767 W/Conscrypt(17188): 	at com.google.android.gms.org.conscrypt.ConscryptFileDescriptorSocket.setSoWriteTimeout(:com.google.android.gms@201515030@20.15.15 (100408-306758586):0)
05-10 04:42:27.784 I/Binder:748_2(  748): type=1400 audit(0.0:10533): avc: denied { add_name } for name="globalAlert" scontext=u:r:netd:s0 tcontext=u:object_r:proc_net:s0 tclass=dir permissive=1
05-10 04:42:27.784 I/Binder:748_2(  748): type=1400 audit(0.0:10534): avc: denied { create } for name="globalAlert" scontext=u:r:netd:s0 tcontext=u:object_r:proc_net:s0 tclass=file permissive=1
05-10 04:42:27.794 I/Zygote  (18783): seccomp disabled by setenforce 0
05-10 04:42:27.796 I/ActivityManager( 1220): Start proc 18783:org.torproject.android/u0a334 for activity org.torproject.android/.OrbotMainActivity
05-10 04:42:27.805 I/Superpacks(17055): <== Scheduling result: 0 started, 0 paused, 0 scheduled
05-10 04:42:27.807 I/Superpacks-FP(17055): Unpacking fetched file delight/main_en_us_20180316_1.fst-decompress.fetched to staged file delight/main_en_us_20180316_1.staged with unpacker bav:1912536
05-10 04:42:27.808 W/GCM     (17188): Unexpected forwarded intent: Intent { act=android.intent.action.PACKAGE_ADDED dat=package:org.torproject.android flg=0x4000010 cmp=com.google.android.gms/.chimera.PersistentIntentOperationService (has extras) }
05-10 04:42:27.808 I/SuperDelight(17055): UnpackCancellableTask#execute(): fst-decompress /data/user/0/com.google.android.inputmethod.latin/files/superpacks/delight/main_en_us_20180316_1.staged
05-10 04:42:27.814 I//vendor/bin/hw/android.hardware.health@2.0-service.crosshatch(  810): Entry state_: 1 charger_status: Charging batteryLevel: 99
05-10 04:42:27.814 I//vendor/bin/hw/android.hardware.health@2.0-service.crosshatch(  810): Exit state_: 1 batteryLevel: 100
05-10 04:42:27.815 I/ankb    (17188): Scheduling Phenotype for a PhenotypeSyncImmediately(6, com.google.android.westworld) one off with window [1, 2] in seconds [CONTEXT service_id=51 ]
05-10 04:42:27.818 D/QtiCarrierConfigHelper( 4980): WARNING, no carrier configs on phone Id: 0
05-10 04:42:27.880 I/org.torproject.android(18783): type=1400 audit(0.0:10535): avc: denied { open } for comm=45474C20496E6974 path="/dev/__properties__/u:object_r:vendor_default_prop:s0" dev="tmpfs" ino=18601 scontext=u:r:untrusted_app:s0:c78,c257,c512,c768 tcontext=u:object_r:vendor_default_prop:s0 tclass=file permissive=1
05-10 04:42:27.884 D/NetworkSecurityConfig(18783): No Network Security Config specified, using platform default
05-10 04:42:27.885 D/sound_trigger_hw(  798): stdev_stop_recognition:[38] Enter
05-10 04:42:27.885 D/sound_trigger_hw(  798): active_state_fn:[38] handle event id 7
05-10 04:42:27.885 D/sound_trigger_hw(  798): active_state_fn:[38] unhandled event
05-10 04:42:27.885 D/sound_trigger_hw(  798): active_state_fn:[38] handle event id 4
05-10 04:42:27.885 D/sound_trigger_hw(  798): dereg_hal_event_session: ST_EVENT_SESSION_DEREGISTER capture_handle 518 p_ses 0xe8af4280
05-10 04:42:27.885 D/sound_trigger_hw(  798): stop:[38] gcs stop VA engine, size=24
05-10 04:42:27.886 D/        (  798): pktzr_send_cmd: opcode = 0x5, size = 24, token = 644
05-10 04:42:27.900 D/        (  798): ipc_resp_thread: opcode: 0x2, payload_size: 4, resp_buf size: 16
05-10 04:42:27.900 D/        (  798): pktzr_resp_cb: opcode = 0x2 size = 4 token = 644
05-10 04:42:27.900 D/        (  798): pktzr_resp_cb: token 644 matched
05-10 04:42:27.900 D/sound_trigger_hw(  798): stop:[38] calling gcs_disable with handle 38
05-10 04:42:27.900 E/        (  798): __gcs_disable_update_pld: sgt_array[i] = 0x1
05-10 04:42:27.900 E/        (  798): __gcs_disable_update_pld: sgt_array[i] = 0x2
05-10 04:42:27.900 D/        (  798): pktzr_send_cmd: opcode = 0x4, size = 80, token = 645
05-10 04:42:27.901 I/GmscoreIpa(17325): Using regular flags by method 2
05-10 04:42:27.910 D/        (  798): ipc_resp_thread: opcode: 0x2, payload_size: 4, resp_buf size: 16
05-10 04:42:27.910 D/        (  798): pktzr_resp_cb: opcode = 0x2 size = 4 token = 645
05-10 04:42:27.910 D/        (  798): pktzr_resp_cb: token 645 matched
05-10 04:42:27.910 D/sound_trigger_hw(  798): set_device: disable device (1) = listen-cpe-handset-mic
05-10 04:42:27.912 D/sound_trigger_hw(  798): session[38]: active_state_fn ---> loaded_state_fn
05-10 04:42:27.912 D/sound_trigger_hw(  798): stdev_stop_recognition:[38] Exit status 0
05-10 04:42:27.918 I/ankb    (17188): Scheduling Phenotype for a PhenotypeSyncImmediately(6, com.google.android.apps.messaging) one off with window [1, 2] in seconds [CONTEXT service_id=51 ]
05-10 04:42:27.924 I/GsaVoiceInteractionSrv(11471): Stop Hotword Recognition status: true
05-10 04:42:27.930 W/NetworkStats( 1220): Found non-monotonic values; saving to dropbox
05-10 04:42:27.940 W/ActivityManager( 1220): Background start not allowed: service Intent { cmp=com.google.android.apps.messaging/.shared.datamodel.action.ActionExecutorImpl$EmptyService } to com.google.android.apps.messaging/.shared.datamodel.action.ActionExecutorImpl$EmptyService from pid=14445 uid=10116 pkg=com.google.android.apps.messaging startFg?=false
05-10 04:42:27.941 W/BugleDataModel(14445): service started without protection. DataModel.startActionUnsafe is deprecated. class com.google.android.apps.messaging.shared.datamodel.action.CommitPhenotypeAction-CommitPhenotypeAction:1589085136640020
05-10 04:42:27.942 W/BugleDataModel(14445): java.lang.IllegalStateException: Not allowed to start service Intent { cmp=com.google.android.apps.messaging/.shared.datamodel.action.ActionExecutorImpl$EmptyService }: app is in background uid UidRecord{5f416b1 u0a116 CEM  idle change:cached procs:2 seq(0,0,0)}
05-10 04:42:27.942 W/BugleDataModel(14445): 	at android.app.ContextImpl.startServiceCommon(ContextImpl.java:1577)
05-10 04:42:27.942 W/BugleDataModel(14445): 	at android.app.ContextImpl.startService(ContextImpl.java:1532)
05-10 04:42:27.942 W/BugleDataModel(14445): 	at android.content.ContextWrapper.startService(ContextWrapper.java:664)
05-10 04:42:27.942 W/BugleDataModel(14445): 	at com.google.android.apps.messaging.shared.datamodel.action.ActionExecutorImpl.a(SourceFile:25)
05-10 04:42:27.942 W/BugleDataModel(14445): 	at cau.a(SourceFile:92)
05-10 04:42:27.942 W/BugleDataModel(14445): 	at cau.a(SourceFile:51)
05-10 04:42:27.942 W/BugleDataModel(14445): 	at cau.a(SourceFile:77)
05-10 04:42:27.942 W/BugleDataModel(14445): 	at com.google.android.apps.messaging.shared.datamodel.action.Action.startActionForReceiver(SourceFile:53)
05-10 04:42:27.942 W/BugleDataModel(14445): 	at com.google.android.apps.messaging.shared.datamodel.action.Action.startActionForReceiver(SourceFile:47)
05-10 04:42:27.942 W/BugleDataModel(14445): 	at com.google.android.apps.messaging.shared.datamodel.action.CommitPhenotypeAction.commitPhenotype(SourceFile:2)
05-10 04:42:27.942 W/BugleDataModel(14445): 	at cri.a(SourceFile:18)
05-10 04:42:27.942 W/BugleDataModel(14445): 	at crj.a(Unknown Source:2)
05-10 04:42:27.942 W/BugleDataModel(14445): 	at fyb.handleMessage(Unknown Source:51)
05-10 04:42:27.942 W/BugleDataModel(14445): 	at android.os.Handler.dispatchMessage(Handler.java:106)
05-10 04:42:27.942 W/BugleDataModel(14445): 	at android.os.Looper.loop(Looper.java:193)
05-10 04:42:27.942 W/BugleDataModel(14445): 	at android.app.ActivityThread.main(ActivityThread.java:6680)
05-10 04:42:27.942 W/BugleDataModel(14445): 	at java.lang.reflect.Method.invoke(Native Method)
05-10 04:42:27.942 W/BugleDataModel(14445): 	at com.android.internal.os.RuntimeInit$MethodAndArgsCaller.run(RuntimeInit.java:493)
05-10 04:42:27.942 W/BugleDataModel(14445): 	at com.android.internal.os.ZygoteInit.main(ZygoteInit.java:858)
05-10 04:42:27.943 W/NetworkStats( 1220): Found non-monotonic values; saving to dropbox
05-10 04:42:27.943 V/Bugle   (14445): Committing bugle phenotype.
05-10 04:42:27.956 I/ActivityManager( 1220): START u0 {cmp=org.torproject.android/.ui.onboarding.OnboardingActivity} from uid 10334
05-10 04:42:27.958 D/android.hardware.power@1.3-service.crosshatch-libperfmgr(  815): LAUNCH ON
05-10 04:42:27.985 W/Conscrypt(17188): Could not set socket write timeout: java.net.SocketException: Socket closed
05-10 04:42:27.985 W/Conscrypt(17188): 	at com.google.android.gms.org.conscrypt.Platform.setSocketWriteTimeout(:com.google.android.gms@201515030@20.15.15 (100408-306758586):2)
05-10 04:42:27.985 W/Conscrypt(17188): 	at com.google.android.gms.org.conscrypt.ConscryptFileDescriptorSocket.setSoWriteTimeout(:com.google.android.gms@201515030@20.15.15 (100408-306758586):0)
05-10 04:42:27.996 D/OpenGLRenderer(18783): Skia GL Pipeline
05-10 04:42:28.031 I/NetworkManagementSocketTagger(17188): tagSocketFd(-1, 805307399, -1) failed with errno-9
05-10 04:42:28.102 I/ankb    (17188): Scheduling Phenotype for a PhenotypeSyncImmediately(12, com.google.apps.drive.android) one off with window [1, 2] in seconds [CONTEXT service_id=51 ]
05-10 04:42:28.108 I/WallpaperService( 4881): engine paused
05-10 04:42:28.214 E/WorkSourceUtil(17325): Could not find package: com.google.android.gms.westworld
05-10 04:42:28.219 E/WorkSourceUtil(17325): Could not find package: com.google.android.gms.westworld
05-10 04:42:28.223 D/VpsController(17439): Binding to exo service
05-10 04:42:28.239 I/TorService(18783): onCreate end
05-10 04:42:28.248 D/SoLoader(17439): About to merge: mobileconfig-jni / libcoldstart.so
05-10 04:42:28.252 D/SoLoader(17439): About to merge: jniexecutors / libcoldstart.so
05-10 04:42:28.253 D/SoLoader(17439): About to merge: fbjni / liblowlevel.so
05-10 04:42:28.268 W/ActivityThread(18783): handleWindowVisibility: no activity for token android.os.BinderProxy@48f2798
05-10 04:42:28.269 D/SoLoader(17439): About to merge: tigonliger / libcoldstart.so
05-10 04:42:28.269 V/tigonliger(17439): tigonliger/JNI_OnLoad called
05-10 04:42:28.271 D/SoLoader(17439): About to merge: liger / libcoldstart.so
05-10 04:42:28.355 I/ActivityManager( 1220): Displayed org.torproject.android/.ui.onboarding.OnboardingActivity: +342ms (total +2m13s295ms)
05-10 04:42:28.361 I/BugleRcs(14445): updating RCS availability
05-10 04:42:28.362 I/BugleRcs(14445): RCS availability is already updating
05-10 04:42:28.365 I/GoogleInputMethod(17055): onFinishInput() : Dummy InputConnection bound
05-10 04:42:28.366 I/GoogleInputMethod(17055): onStartInput() : Dummy InputConnection bound
05-10 04:42:28.370 D/android.hardware.power@1.3-service.crosshatch-libperfmgr(  815): LAUNCH OFF
05-10 04:42:28.380 I/BugleRcs(14445): No minimum Cs.apk version is set, not checking Cs.apk version
05-10 04:42:28.394 V/BugleRcs(14445): RcsAvailability updated but unchanged: RCS is disabled due to SIM absent
05-10 04:42:28.431 I/system_server( 1220): Background concurrent copying GC freed 310623(14MB) AllocSpace objects, 54(2020KB) LOS objects, 42% free, 19MB/34MB, paused 633us total 216.074ms
05-10 04:42:28.462 W/BroadcastQueue( 1220): Background execution not allowed: receiving Intent { act=android.intent.action.DROPBOX_ENTRY_ADDED flg=0x10 (has extras) } to com.google.android.gms/.stats.service.DropBoxEntryAddedReceiver
05-10 04:42:28.462 W/BroadcastQueue( 1220): Background execution not allowed: receiving Intent { act=android.intent.action.DROPBOX_ENTRY_ADDED flg=0x10 (has extras) } to com.google.android.gms/.chimera.GmsIntentOperationService$PersistentTrustedReceiver
05-10 04:42:28.462 W/BroadcastQueue( 1220): Background execution not allowed: receiving Intent { act=android.intent.action.DROPBOX_ENTRY_ADDED flg=0x10 (has extras) } to com.google.android.gms/.chimera.GmsIntentOperationService$PersistentTrustedReceiver
05-10 04:42:28.462 I/GCM-GMS (17325): Scheduling task to register GMS
05-10 04:42:28.460 I/Binder:748_2(  748): type=1400 audit(0.0:10540): avc: denied { associate } for name="globalAlert" scontext=u:object_r:proc_net:s0 tcontext=u:object_r:proc:s0 tclass=filesystem permissive=1
05-10 04:42:28.489 D/SoLoader(17439): About to merge: rewritenativeplugin / libcoldstart.so
05-10 04:42:28.491 I/GCM-GMS (17325): Registering GMS for direct boot.
05-10 04:42:28.502 I/PBSessionCacheImpl(17200): Deleted sessionId[222049287630] from persistence.
05-10 04:42:28.500 I/Binder:748_2(  748): type=1400 audit(0.0:10541): avc: denied { add_name } for name="globalAlert" scontext=u:r:netd:s0 tcontext=u:object_r:proc_net:s0 tclass=dir permissive=1
05-10 04:42:28.500 I/Binder:748_2(  748): type=1400 audit(0.0:10542): avc: denied { create } for name="globalAlert" scontext=u:r:netd:s0 tcontext=u:object_r:proc_net:s0 tclass=file permissive=1
05-10 04:42:28.515 D/SoLoader(17439): About to merge: tigonapi / libcoldstart.so
05-10 04:42:28.516 V/tigonliger(17439): tigonapi/JNI_OnLoad called
05-10 04:42:28.526 W/SurfaceFlinger(  627): Attempting to set client state on removed layer: Splash Screen org.torproject.android#0
05-10 04:42:28.526 W/SurfaceFlinger(  627): Attempting to destroy on removed layer: Splash Screen org.torproject.android#0
05-10 04:42:28.540 D/SoLoader(17439): About to merge: xanalyticsnative-jni / libcoldstart.so
05-10 04:42:28.543 W/SearchServiceCore(17200): Abort, client detached.
05-10 04:42:28.543 I/chatty  (17200): uid=10069 com.google.android.googlequicksearchbox:search identical 1 line
05-10 04:42:28.555 W/SearchServiceCore(17200): Abort, client detached.
05-10 04:42:28.561 I/mobileconfig(17439): Using asset manager to stream params_map.txt
05-10 04:42:28.585 E/GCM     (17188): Missing checkin config file
05-10 04:42:28.604 W/GCM     (17188): GCM FAILED TO INITIALIZE - missing checkin
05-10 04:42:28.610 I/Icing   (17325): Query from package: com.google.android.gms, component: AppsCorpus, restrict package: com.google.android.gms, start: 0, num: 100 maxNumSlices: 2147483647
05-10 04:42:28.746 E/GCM     (17188): Missing checkin config file
05-10 04:42:28.746 W/GCM     (17188): GCM FAILED TO INITIALIZE - missing checkin
05-10 04:42:28.757 I/mobileconfig(17439): Params map streaming - readbytes: 605644/605644
05-10 04:42:28.757 I/mobileconfig(17439): Successfully parsed params_map.txt
05-10 04:42:28.774 I/Superpacks(17055): Deleting file delight/main_en_us_20180316_1.fst-decompress.fetched
05-10 04:42:28.777 I/.gms.persisten(17188): Background concurrent copying GC freed 81417(4MB) AllocSpace objects, 8(272KB) LOS objects, 49% free, 8MB/16MB, paused 2.232ms total 805.008ms
05-10 04:42:28.782 I/Superpacks-FP(17055): Unstaging pack delight:main_en_us_20180316_1 from staged file delight/main_en_us_20180316_1.staged to final file delight/main_en_us_20180316_1
05-10 04:42:28.784 I/Superpacks-FP(17055): Successfully fetched pack delight:main_en_us_20180316_1
05-10 04:42:28.786 I/SuperDelight(17055): SuperDelightMergingStrategy#merge(): selected[[]] synced[[main_en_us_20180316_1]]
05-10 04:42:28.789 I/Superpacks(17055): Sync for 'delight' succeeded, result: {old=[], new=[main_en_us_20180316_1], last batch=true}
05-10 04:42:28.827 I/rcs     (17188): [RcsBindingManager] Checking if we should rebind to previous service. Attempt 0
05-10 04:42:28.828 I/
05-10 04:42:28.847 E/WakeLock(17188): GCM_HB_ALARM release without a matched acquire!
05-10 04:42:28.847 W/WakeLock(17188): GCM_HB_ALARM counter does not exist
05-10 04:42:28.857 I/mobileconfig(17439): Initialized MobileConfig - directory: /data/user/0/com.facebook.katana/files, deviceId: 43756765-e543-47a0-aba8-aad521e13ab8, appVersion: 175.0.0.40.97, session: , paramHash: bd88cdb3b7d9e09ae2bd9bf0fc254386, urlParams: [locale=en_US,client_country_code=US,access_token=350685531728|62f8ce9f74b12f84c123cc23437a4a32], readOnly: false
05-10 04:42:28.872 E/native  (17325): score-accumulator.cc:249 No scoring data for corpus [1]
05-10 04:42:28.874 I/NetworkManagementSocketTagger(17188): tagSocketFd(-1, 805307399, -1) failed with errno-9
05-10 04:42:28.945 I/OcrModelUpStIntentOp(17325): Updating ocr activity enabled=false (phenotypeFlag=false, lowRamDevice=false, prereqCheck=true)
05-10 04:42:28.979 W/gle.android.gm(17325): resources.arsc in APK '/data/app/com.UCMobile.intl-luTXSKTqtM4B-5ZYEWa4AQ==/base.apk' is compressed.
05-10 04:42:29.066 W/gle.android.gm(17325): resources.arsc in APK '/data/app/com.facebook.katana-YkXMgY505moo7NL7dfraDQ==/base.apk' is compressed.
05-10 04:42:29.067 D/GcOptimizer(17439): Configure for next cold start: disable
05-10 04:42:29.068 I/Checkin (17325): [CheckinChimeraService] onStartCommand
05-10 04:42:29.084 I/CheckinCompat(17325): Disabling old GoogleServicesFramework version
05-10 04:42:29.085 I/CheckinCompat(17325): No service .checkin.CheckinService$Receiver to disable
05-10 04:42:29.085 I/CheckinCompat(17325): No service .checkin.CheckinService$TriggerReceiver to disable
05-10 04:42:29.086 I/CheckinCompat(17325): No service .checkin.CheckinService$SecretCodeReceiver to disable
05-10 04:42:29.095 I/Checkin (17325): [CheckinChimeraService] runCheckinOnNewThread
05-10 04:42:29.090 I/power_metrics_r(17439): type=1400 audit(0.0:10543): avc: denied { call } for scontext=u:r:untrusted_app_25:s0:c512,c768 tcontext=u:r:hal_memtrack_default:s0 tclass=binder permissive=1
05-10 04:42:29.095 I/Checkin (17325): [CheckinChimeraService] Check queued to run. Is task waiting: false
05-10 04:42:29.101 W/BroadcastQueue( 1220): Permission Denial: broadcasting Intent { act=android.net.conn.CONNECTIVITY_CHANGE flg=0x4200010 (has extras) } from null (pid=-1, uid=-1) requires com.facebook.permission.prod.FB_APP_COMMUNICATION due to registered receiver BroadcastFilter{9cf6f36 u0 ReceiverList{86b18d1 17439 com.facebook.katana/10160/u0 remote:b894bf8}}
05-10 04:42:29.101 W/BroadcastQueue( 1220): Permission Denial: broadcasting Intent { act=android.net.conn.INET_CONDITION_ACTION flg=0x4000010 (has extras) } from null (pid=-1, uid=-1) requires com.facebook.permission.prod.FB_APP_COMMUNICATION due to registered receiver BroadcastFilter{9cf6f36 u0 ReceiverList{86b18d1 17439 com.facebook.katana/10160/u0 remote:b894bf8}}
05-10 04:42:29.110 E/EasyUnlock(17188): [EasyUnlockSupportReporterIntentOperation] Invalid account list.
05-10 04:42:29.113 I/Checkin (17325): [CheckinChimeraService] Run checkin on new thread return:1
05-10 04:42:29.113 I/Checkin (17325): [CheckinChimeraService] Starting Checkin Task: CheckinNowTaskTag Reason : 1 Force : false UserId: 0
05-10 04:42:29.117 W/fb4a.ServiceInfoParser(17439): X.447: Service com.facebook.analytics2.logger.LollipopUploadService is missing meta key com.facebook.common.jobscheduler.compat.jobIds
05-10 04:42:29.118 W/fb4a.ServiceInfoParser(17439): X.447: Service com.facebook.backgroundlocation.reporting.periodic.PeriodicSignalCollectorJobService is missing meta key com.facebook.common.jobscheduler.compat.jobIds
05-10 04:42:29.124 W/fb4a.ServiceInfoParser(17439): X.447: Service com.facebook.push.fbpushdata.FbPushDataHandlerService is missing meta key com.facebook.common.jobscheduler.compat.jobIds
05-10 04:42:29.129 I/constellation(17325): [intent_handler] on init with intent Intent { act=com.google.android.chimera.IntentOperation.NEW_MODULE (has extras) }
05-10 04:42:29.143 W/BroadcastQueue( 1220): Permission Denial: broadcasting Intent { act=android.net.conn.CONNECTIVITY_CHANGE flg=0x4200010 (has extras) } from null (pid=-1, uid=-1) requires com.facebook.permission.prod.FB_APP_COMMUNICATION due to registered receiver BroadcastFilter{15a210 u0 ReceiverList{e5546d3 17439 com.facebook.katana/10160/u0 remote:49b48c2}}
05-10 04:42:29.186 I/Checkin (17325): [EventLogChimeraService] Opted in for usage reporting: false
05-10 04:42:29.203 I/Icing   (17325): IndexChimeraService.getServiceInterface callingPackage=com.google.android.gms componentName=IpaAppsCorpus serviceId=32
05-10 04:42:29.215 I/Icing   (17325): Query from package: com.google.android.gms, component: IpaAppsCorpus, restrict package: com.google.android.gms, start: 0, num: 100 maxNumSlices: 2147483647
05-10 04:42:29.219 E/GmscoreIpa(17325): Query failed: 8: Not authorized to read requested corpora
05-10 04:42:29.237 I/Checkin (17325): [EventLogChimeraService] Opted in for usage reporting: false
05-10 04:42:29.244 I/Checkin (17325): [EventLogChimeraService] Accumulating logs since 0
05-10 04:42:29.249 W/ChimeraUtils(17325): Non Chimera context
05-10 04:42:29.249 W/ChimeraUtils(17325): Non Chimera context
05-10 04:42:29.267 I/Binder:748_2(  748): type=1400 audit(0.0:10544): avc: denied { associate } for name="globalAlert" scontext=u:object_r:proc_net:s0 tcontext=u:object_r:proc:s0 tclass=filesystem permissive=1
05-10 04:42:29.272 W/fb4a.0JA(17439): Called user scoped provider with no viewer. ViewerContextManager was created with no ViewerContext. Using EmptyViewerContextManager to return fake logged in instance.
05-10 04:42:29.280 I/GCM-GMS (17325): Registering GMS 745476177629
05-10 04:42:29.283 E/GCM     (17188): Missing checkin config file
05-10 04:42:29.283 W/GCM     (17188): GCM FAILED TO INITIALIZE - missing checkin
05-10 04:42:29.302 W/fb4a.0JA(17439): Called user scoped provider with no viewer. ViewerContextManager was created with no ViewerContext. Using EmptyViewerContextManager to return fake logged in instance.
05-10 04:42:29.311 E/GCM     (17188): Missing checkin config file
05-10 04:42:29.311 W/GCM     (17188): GCM FAILED TO INITIALIZE - missing checkin
05-10 04:42:29.313 W/fb4a.0JA(17439): Called user scoped provider with no viewer. ViewerContextManager was created with no ViewerContext. Using EmptyViewerContextManager to return fake logged in instance.
05-10 04:42:29.365 I/SubscribedFeeds(17325): Collected 5 certs in 0ms
05-10 04:42:29.366 I/SubscribedFeeds(17325): Wrote 5 new signatures
05-10 04:42:29.368 E/WakeLock(17188): GCM_HB_ALARM release without a matched acquire!
05-10 04:42:29.368 W/WakeLock(17188): GCM_HB_ALARM counter does not exist
05-10 04:42:29.368 D/ConnectivityService( 1220): reportNetworkConnectivity(100, false) by 10021
05-10 04:42:29.369 D/NetworkMonitor/NetworkAgentInfo [WIFI () - 100]( 1220): Forcing reevaluation for UID 10021
05-10 04:42:29.376 D/NetworkMonitor/NetworkAgentInfo [WIFI () - 100]( 1220): PROBE_DNS www.google.com 3ms OK 74.125.136.147
05-10 04:42:29.377 I/DynamiteModule(17325): Considering local module com.google.android.gms.flags:3 and remote module com.google.android.gms.flags:3
05-10 04:42:29.377 I/DynamiteModule(17325): Selected local version of com.google.android.gms.flags
05-10 04:42:29.382 D/NetworkMonitor/NetworkAgentInfo [WIFI () - 100]( 1220): PROBE_DNS connectivitycheck.gstatic.com 4ms OK 74.125.21.94
05-10 04:42:29.391 W/fb4a.0JA(17439): Called user scoped provider with no viewer. ViewerContextManager was created with no ViewerContext. Using EmptyViewerContextManager to return fake logged in instance.
05-10 04:42:29.407 W/BroadcastQueue( 1220): Background execution not allowed: receiving Intent { act=android.intent.action.DROPBOX_ENTRY_ADDED flg=0x10 (has extras) } to com.google.android.gms/.stats.service.DropBoxEntryAddedReceiver
05-10 04:42:29.407 W/BroadcastQueue( 1220): Background execution not allowed: receiving Intent { act=android.intent.action.DROPBOX_ENTRY_ADDED flg=0x10 (has extras) } to com.google.android.gms/.chimera.GmsIntentOperationService$PersistentTrustedReceiver
05-10 04:42:29.460 I/GCoreUlr(17188): WorldUpdater received intent Intent { act=com.google.android.location.reporting.ACTION_UPDATE_WORLD cmp=com.google.android.gms/com.google.android.location.reporting.service.DispatchingService (has extras) } with receiverAction init
05-10 04:42:29.489 D/NetworkMonitor/NetworkAgentInfo [WIFI () - 100]( 1220): PROBE_HTTPS https://www.google.com/generate_204 time=113ms ret=204 request={User-Agent=[Mozilla/5.0 (X11; Linux x86_64) AppleWebKit/537.36 (KHTML, like Gecko) Chrome/60.0.3112.32 Safari/537.36]} headers={null=[HTTP/1.1 204 No Content], Alt-Svc=[h3-27=":443"; ma=2592000,h3-25=":443"; ma=2592000,h3-Q050=":443"; ma=2592000,h3-Q049=":443"; ma=2592000,h3-Q048=":443"; ma=2592000,h3-Q046=":443"; ma=2592000,h3-Q043=":443"; ma=2592000,quic=":443"; ma=2592000; v="46,43"], Content-Length=[0], Date=[Sun, 10 May 2020 04:42:29 GMT], X-Android-Received-Millis=[1589085749489], X-Android-Response-Source=[NETWORK 204], X-Android-Selected-Protocol=[http/1.1], X-Android-Sent-Millis=[1589085749427]}
05-10 04:42:29.490 D/ConnectivityService( 1220): NetworkAgentInfo [WIFI () - 100] validation passed
05-10 04:42:29.491 I/facebook.katan(17439): Rejecting re-init on previously-failed class java.lang.Class<com.facebook.push.adm.ADMBroadcastReceiver>: java.lang.NoClassDefFoundError: Failed resolution of: Lcom/amazon/device/messaging/ADMMessageHandlerBase;
05-10 04:42:29.491 I/facebook.katan(17439):   at java.lang.Class dalvik.system.DexFile.defineClassNative(java.lang.String, java.lang.ClassLoader, java.lang.Object, dalvik.system.DexFile) (DexFile.java:-2)
05-10 04:42:29.491 I/facebook.katan(17439):   at java.lang.Class dalvik.system.DexFile.defineClass(java.lang.String, java.lang.ClassLoader, java.lang.Object, dalvik.system.DexFile, java.util.List) (DexFile.java:283)
05-10 04:42:29.491 I/facebook.katan(17439):   at java.lang.Class dalvik.system.DexFile.loadClassBinaryName(java.lang.String, java.lang.ClassLoader, java.util.List) (DexFile.java:276)
05-10 04:42:29.491 I/facebook.katan(17439):   at java.lang.Class com.facebook.common.dextricks.DexFileLoadNew.loadClassBinaryName(dalvik.system.DexFile, java.lang.String, java.lang.ClassLoader) (:12308)
05-10 04:42:29.491 I/facebook.katan(17439):   at java.lang.Class com.facebook.common.dextricks.MultiDexClassLoaderJava.loadInnerNewApiClass(java.lang.String, dalvik.system.DexFile[], int) (:12203)
05-10 04:42:29.492 I/facebook.katan(17439):   at java.lang.Class com.facebook.common.dextricks.MultiDexClassLoaderJava.findClass(java.lang.String) (:12103)
05-10 04:42:29.492 I/facebook.katan(17439):   at java.lang.Class com.facebook.common.dextricks.MultiDexClassLoaderJava.loadClass(java.lang.String, boolean) (:12174)
05-10 04:42:29.492 I/facebook.katan(17439):   at java.lang.Class java.lang.ClassLoader.loadClass(java.lang.String, boolean) (ClassLoader.java:367)
05-10 04:42:29.492 I/facebook.katan(17439):   at java.lang.Class java.lang.ClassLoader.loadClass(java.lang.String) (ClassLoader.java:312)
05-10 04:42:29.492 I/facebook.katan(17439):   at X.2XW X.2XW.B(X.0IE) (:600003)
05-10 04:42:29.492 I/facebook.katan(17439):   at java.lang.Object X.3yf.B(int, X.0IE) (:-1)
05-10 04:42:29.492 I/facebook.katan(17439):   at java.lang.Object X.0HZ.B(int, X.0IE) (:-1)
05-10 04:42:29.492 I/facebook.katan(17439):   at java.lang.Object X.0LY.next() (:54870)
05-10 04:42:29.492 I/facebook.katan(17439):   at void X.2M2.B() (:570648)
05-10 04:42:29.492 I/facebook.katan(17439):   at void X.2M2.init() (:570682)
05-10 04:42:29.492 I/facebook.katan(17439):   at void X.2Jg.runNextINeedInit(X.0Lf, int, int) (:565943)
05-10 04:42:29.492 I/facebook.katan(17439):   at void X.2Mu.run() (:572419)
05-10 04:42:29.492 I/facebook.katan(17439):   at void X.0MX.run() (:58887)
05-10 04:42:29.492 I/facebook.katan(17439):   at java.lang.Object java.util.concurrent.Executors$RunnableAdapter.call() (Executors.java:458)
05-10 04:42:29.492 I/facebook.katan(17439):   at void java.util.concurrent.FutureTask.run() (FutureTask.java:266)
05-10 04:42:29.492 I/facebook.katan(17439):   at java.lang.Object java.util.concurrent.Executors$RunnableAdapter.call() (Executors.java:458)
05-10 04:42:29.492 I/facebook.katan(17439):   at void X.0OC.run() (:61509)
05-10 04:42:29.492 I/facebook.katan(17439):   at java.lang.Object java.util.concurrent.Executors$RunnableAdapter.call() (Executors.java:458)
05-10 04:42:29.492 I/facebook.katan(17439):   at void java.util.concurrent.FutureTask.run() (FutureTask.java:266)
05-10 04:42:29.492 I/facebook.katan(17439):   at void X.0Kn.run() (:53312)
05-10 04:42:29.492 I/facebook.katan(17439):   at void java.util.concurrent.ThreadPoolExecutor.runWorker(java.util.concurrent.ThreadPoolExecutor$Worker) (ThreadPoolExecutor.java:1167)
05-10 04:42:29.492 I/facebook.katan(17439):   at void java.util.concurrent.ThreadPoolExecutor$Worker.run() (ThreadPoolExecutor.java:641)
05-10 04:42:29.492 I/facebook.katan(17439):   at void X.0OE.run() (:61529)
05-10 04:42:29.492 I/facebook.katan(17439):   at void java.lang.Thread.run() (Thread.java:764)
05-10 04:42:29.492 I/facebook.katan(17439): Caused by: java.lang.ClassNotFoundException: Didn't find class "com.amazon.device.messaging.ADMMessageHandlerBase" on path: DexPathList[[zip file "/system/framework/org.apache.http.legacy.boot.jar", zip file "/system/framework/com.google.android.maps.jar", zip file "/data/app/com.facebook.katana-YkXMgY505moo7NL7dfraDQ==/base.apk"],nativeLibraryDirectories=[/data/app/com.facebook.katana-YkXMgY505moo7NL7dfraDQ==/lib/arm, /system/fake-libs, /data/app/com.facebook.katana-YkXMgY505moo7NL7dfraDQ==/base.apk!/lib/armeabi-v7a, /system/lib]]
05-10 04:42:29.492 I/facebook.katan(17439):   at java.lang.Class dalvik.system.BaseDexClassLoader.findClass(java.lang.String) (BaseDexClassLoader.java:134)
05-10 04:42:29.492 I/facebook.katan(17439):   at java.lang.Class java.lang.ClassLoader.loadClass(java.lang.String, boolean) (ClassLoader.java:379)
05-10 04:42:29.492 I/facebook.katan(17439):   at java.lang.Class java.lang.ClassLoader.loadClass(java.lang.String) (ClassLoader.java:312)
05-10 04:42:29.492 I/facebook.katan(17439):   at java.lang.Class dalvik.system.DexFile.defineClassNative(java.lang.String, java.lang.ClassLoader, java.lang.Object, dalvik.system.DexFile) (DexFile.java:-2)
05-10 04:42:29.492 I/facebook.katan(17439):   at java.lang.Class dalvik.system.DexFile.defineClass(java.lang.String, java.lang.ClassLoader, java.lang.Object, dalvik.system.DexFile, java.util.List) (DexFile.java:283)
05-10 04:42:29.492 I/facebook.katan(17439):   at java.lang.Class dalvik.system.DexFile.loadClassBinaryName(java.lang.String, java.lang.ClassLoader, java.util.List) (DexFile.java:276)
05-10 04:42:29.492 I/facebook.katan(17439):   at java.lang.Class com.facebook.common.dextricks.DexFileLoadNew.loadClassBinaryName(dalvik.system.DexFile, java.lang.String, java.lang.ClassLoader) (:12308)
05-10 04:42:29.492 I/facebook.katan(17439):   at java.lang.Class com.facebook.common.dextricks.MultiDexClassLoaderJava.loadInnerNewApiClass(java.lang.String, dalvik.system.DexFile[], int) (:12203)
05-10 04:42:29.492 I/facebook.katan(17439):   at java.lang.Class com.facebook.common.dextricks.MultiDexClassLoaderJava.findClass(java.lang.String) (:12103)
05-10 04:42:29.492 I/facebook.katan(17439):   at java.lang.Class com.facebook.common.dextricks.MultiDexClassLoaderJava.loadClass(java.lang.String, boolean) (:12174)
05-10 04:42:29.492 I/facebook.katan(17439):   at java.lang.Class java.lang.ClassLoader.loadClass(java.lang.String, boolean) (ClassLoader.java:367)
05-10 04:42:29.492 I/facebook.katan(17439):   at java.lang.Class java.lang.ClassLoader.loadClass(java.lang.String) (ClassLoader.java:312)
05-10 04:42:29.492 I/facebook.katan(17439):   at X.2XW X.2XW.B(X.0IE) (:600003)
05-10 04:42:29.492 I/facebook.katan(17439):   at java.lang.Object X.3yf.B(int, X.0IE) (:-1)
05-10 04:42:29.492 I/facebook.katan(17439):   at java.lang.Object X.0HZ.B(int, X.0IE) (:-1)
05-10 04:42:29.492 I/facebook.katan(17439):   at java.lang.Object X.0LY.next() (:54870)
05-10 04:42:29.492 I/facebook.katan(17439):   at void X.2M2.B() (:570648)
05-10 04:42:29.492 I/facebook.katan(17439):   at void X.2M2.init() (:570682)
05-10 04:42:29.492 I/facebook.katan(17439):   at void X.2Jg.runNextINeedInit(X.0Lf, int, int) (:565943)
05-10 04:42:29.492 I/facebook.katan(17439):   at void X.2Mu.run() (:572419)
05-10 04:42:29.492 I/facebook.katan(17439):   at void X.0MX.run() (:58887)
05-10 04:42:29.492 I/facebook.katan(17439):   at java.lang.Object java.util.concurrent.Executors$RunnableAdapter.call() (Executors.java:458)
05-10 04:42:29.492 I/facebook.katan(17439):   at void java.util.concurrent.FutureTask.run() (FutureTask.java:266)
05-10 04:42:29.492 I/facebook.katan(17439):   at java.lang.Object java.util.concurrent.Executors$RunnableAdapter.call() (Executors.java:458)
05-10 04:42:29.492 I/facebook.katan(17439):   at void X.0OC.run() (:61509)
05-10 04:42:29.492 I/facebook.katan(17439):   at java.lang.Object java.util.concurrent.Executors$RunnableAdapter.call() (Executors.java:458)
05-10 04:42:29.492 I/facebook.katan(17439):   at void java.util.concurrent.FutureTask.run() (FutureTask.java:266)
05-10 04:42:29.492 I/facebook.katan(17439):   at void X.0Kn.run() (:53312)
05-10 04:42:29.492 I/facebook.katan(17439):   at void java.util.concurrent.ThreadPoolExecutor.runWorker(java.util.concurrent.ThreadPoolExecutor$Worker) (ThreadPoolExecutor.java:1167)
05-10 04:42:29.492 I/facebook.katan(17439):   at void java.util.concurrent.ThreadPoolExecutor$Worker.run() (ThreadPoolExecutor.java:641)
05-10 04:42:29.492 I/facebook.katan(17439):   at void X.0OE.run() (:61529)
05-10 04:42:29.492 I/facebook.katan(17439):   at void java.lang.Thread.run() (Thread.java:764)
05-10 04:42:29.492 I/facebook.katan(17439):
05-10 04:42:29.500 I/facebook.katan(17439): Rejecting re-init on previously-failed class java.lang.Class<com.facebook.push.adm.ADMBroadcastReceiver>: java.lang.NoClassDefFoundError: Failed resolution of: Lcom/amazon/device/messaging/ADMMessageHandlerBase;
05-10 04:42:29.500 I/facebook.katan(17439):   at java.lang.Class dalvik.system.DexFile.defineClassNative(java.lang.String, java.lang.ClassLoader, java.lang.Object, dalvik.system.DexFile) (DexFile.java:-2)
05-10 04:42:29.500 I/facebook.katan(17439):   at java.lang.Class dalvik.system.DexFile.defineClass(java.lang.String, java.lang.ClassLoader, java.lang.Object, dalvik.system.DexFile, java.util.List) (DexFile.java:283)
05-10 04:42:29.500 I/facebook.katan(17439):   at java.lang.Class dalvik.system.DexFile.loadClassBinaryName(java.lang.String, java.lang.ClassLoader, java.util.List) (DexFile.java:276)
05-10 04:42:29.500 I/facebook.katan(17439):   at java.lang.Class com.facebook.common.dextricks.DexFileLoadNew.loadClassBinaryName(dalvik.system.DexFile, java.lang.String, java.lang.ClassLoader) (:12308)
05-10 04:42:29.500 I/facebook.katan(17439):   at java.lang.Class com.facebook.common.dextricks.MultiDexClassLoaderJava.loadInnerNewApiClass(java.lang.String, dalvik.system.DexFile[], int) (:12203)
05-10 04:42:29.500 I/facebook.katan(17439):   at java.lang.Class com.facebook.common.dextricks.MultiDexClassLoaderJava.findClass(java.lang.String) (:12103)
05-10 04:42:29.500 I/facebook.katan(17439):   at java.lang.Class com.facebook.common.dextricks.MultiDexClassLoaderJava.loadClass(java.lang.String, boolean) (:12174)
05-10 04:42:29.500 I/facebook.katan(17439):   at java.lang.Class java.lang.ClassLoader.loadClass(java.lang.String, boolean) (ClassLoader.java:367)
05-10 04:42:29.500 I/facebook.katan(17439):   at java.lang.Class java.lang.ClassLoader.loadClass(java.lang.String) (ClassLoader.java:312)
05-10 04:42:29.500 I/facebook.katan(17439):   at X.2XW X.2XW.B(X.0IE) (:600003)
05-10 04:42:29.500 I/facebook.katan(17439):   at java.lang.Object X.3yf.B(int, X.0IE) (:-1)
05-10 04:42:29.500 I/facebook.katan(17439):   at java.lang.Object X.0HZ.B(int, X.0IE) (:-1)
05-10 04:42:29.500 I/facebook.katan(17439):   at java.lang.Object X.0LY.next() (:54870)
05-10 04:42:29.500 I/facebook.katan(17439):   at void X.2M2.B() (:570648)
05-10 04:42:29.500 I/facebook.katan(17439):   at void X.2M2.init() (:570682)
05-10 04:42:29.500 I/facebook.katan(17439):   at void X.2Jg.runNextINeedInit(X.0Lf, int, int) (:565943)
05-10 04:42:29.500 I/facebook.katan(17439):   at void X.2Mu.run() (:572419)
05-10 04:42:29.500 I/facebook.katan(17439):   at void X.0MX.run() (:58887)
05-10 04:42:29.500 I/facebook.katan(17439):   at java.lang.Object java.util.concurrent.Executors$RunnableAdapter.call() (Executors.java:458)
05-10 04:42:29.500 I/facebook.katan(17439):   at void java.util.concurrent.FutureTask.run() (FutureTask.java:266)
05-10 04:42:29.500 I/facebook.katan(17439):   at java.lang.Object java.util.concurrent.Executors$RunnableAdapter.call() (Executors.java:458)
05-10 04:42:29.500 I/facebook.katan(17439):   at void X.0OC.run() (:61509)
05-10 04:42:29.500 I/facebook.katan(17439):   at java.lang.Object java.util.concurrent.Executors$RunnableAdapter.call() (Executors.java:458)
05-10 04:42:29.500 I/facebook.katan(17439):   at void java.util.concurrent.FutureTask.run() (FutureTask.java:266)
05-10 04:42:29.500 I/facebook.katan(17439):   at void X.0Kn.run() (:53312)
05-10 04:42:29.500 I/facebook.katan(17439):   at void java.util.concurrent.ThreadPoolExecutor.runWorker(java.util.concurrent.ThreadPoolExecutor$Worker) (ThreadPoolExecutor.java:1167)
05-10 04:42:29.500 I/facebook.katan(17439):   at void java.util.concurrent.ThreadPoolExecutor$Worker.run() (ThreadPoolExecutor.java:641)
05-10 04:42:29.500 I/facebook.katan(17439):   at void X.0OE.run() (:61529)
05-10 04:42:29.500 I/facebook.katan(17439):   at void java.lang.Thread.run() (Thread.java:764)
05-10 04:42:29.500 I/facebook.katan(17439): Caused by: java.lang.ClassNotFoundException: Didn't find class "com.amazon.device.messaging.ADMMessageHandlerBase" on path: DexPathList[[zip file "/system/framework/org.apache.http.legacy.boot.jar", zip file "/system/framework/com.google.android.maps.jar", zip file "/data/app/com.facebook.katana-YkXMgY505moo7NL7dfraDQ==/base.apk"],nativeLibraryDirectories=[/data/app/com.facebook.katana-YkXMgY505moo7NL7dfraDQ==/lib/arm, /system/fake-libs, /data/app/com.facebook.katana-YkXMgY505moo7NL7dfraDQ==/base.apk!/lib/armeabi-v7a, /system/lib]]
05-10 04:42:29.501 I/facebook.katan(17439):   at java.lang.Class dalvik.system.BaseDexClassLoader.findClass(java.lang.String) (BaseDexClassLoader.java:134)
05-10 04:42:29.501 I/facebook.katan(17439):   at java.lang.Class java.lang.ClassLoader.loadClass(java.lang.String, boolean) (ClassLoader.java:379)
05-10 04:42:29.501 I/facebook.katan(17439):   at java.lang.Class java.lang.ClassLoader.loadClass(java.lang.String) (ClassLoader.java:312)
05-10 04:42:29.501 I/facebook.katan(17439):   at java.lang.Class dalvik.system.DexFile.defineClassNative(java.lang.String, java.lang.ClassLoader, java.lang.Object, dalvik.system.DexFile) (DexFile.java:-2)
05-10 04:42:29.501 I/facebook.katan(17439):   at java.lang.Class dalvik.system.DexFile.defineClass(java.lang.String, java.lang.ClassLoader, java.lang.Object, dalvik.system.DexFile, java.util.List) (DexFile.java:283)
05-10 04:42:29.501 I/facebook.katan(17439):   at java.lang.Class dalvik.system.DexFile.loadClassBinaryName(java.lang.String, java.lang.ClassLoader, java.util.List) (DexFile.java:276)
05-10 04:42:29.501 I/facebook.katan(17439):   at java.lang.Class com.facebook.common.dextricks.DexFileLoadNew.loadClassBinaryName(dalvik.system.DexFile, java.lang.String, java.lang.ClassLoader) (:12308)
05-10 04:42:29.501 I/facebook.katan(17439):   at java.lang.Class com.facebook.common.dextricks.MultiDexClassLoaderJava.loadInnerNewApiClass(java.lang.String, dalvik.system.DexFile[], int) (:12203)
05-10 04:42:29.501 I/facebook.katan(17439):   at java.lang.Class com.facebook.common.dextricks.MultiDexClassLoaderJava.findClass(java.lang.String) (:12103)
05-10 04:42:29.501 I/facebook.katan(17439):   at java.lang.Class com.facebook.common.dextricks.MultiDexClassLoaderJava.loadClass(java.lang.String, boolean) (:12174)
05-10 04:42:29.501 I/facebook.katan(17439):   at java.lang.Class java.lang.ClassLoader.loadClass(java.lang.String, boolean) (ClassLoader.java:367)
05-10 04:42:29.501 I/facebook.katan(17439):   at java.lang.Class java.lang.ClassLoader.loadClass(java.lang.String) (ClassLoader.java:312)
05-10 04:42:29.501 I/facebook.katan(17439):   at X.2XW X.2XW.B(X.0IE) (:600003)
05-10 04:42:29.501 I/facebook.katan(17439):   at java.lang.Object X.3yf.B(int, X.0IE) (:-1)
05-10 04:42:29.501 I/facebook.katan(17439):   at java.lang.Object X.0HZ.B(int, X.0IE) (:-1)
05-10 04:42:29.501 I/facebook.katan(17439):   at java.lang.Object X.0LY.next() (:54870)
05-10 04:42:29.501 I/facebook.katan(17439):   at void X.2M2.B() (:570648)
05-10 04:42:29.501 I/facebook.katan(17439):   at void X.2M2.init() (:570682)
05-10 04:42:29.501 I/facebook.katan(17439):   at void X.2Jg.runNextINeedInit(X.0Lf, int, int) (:565943)
05-10 04:42:29.501 I/facebook.katan(17439):   at void X.2Mu.run() (:572419)
05-10 04:42:29.501 I/facebook.katan(17439):   at void X.0MX.run() (:58887)
05-10 04:42:29.501 I/facebook.katan(17439):   at java.lang.Object java.util.concurrent.Executors$RunnableAdapter.call() (Executors.java:458)
05-10 04:42:29.501 I/facebook.katan(17439):   at void java.util.concurrent.FutureTask.run() (FutureTask.java:266)
05-10 04:42:29.501 I/facebook.katan(17439):   at java.lang.Object java.util.concurrent.Executors$RunnableAdapter.call() (Executors.java:458)
05-10 04:42:29.501 I/facebook.katan(17439):   at void X.0OC.run() (:61509)
05-10 04:42:29.501 I/facebook.katan(17439):   at java.lang.Object java.util.concurrent.Executors$RunnableAdapter.call() (Executors.java:458)
05-10 04:42:29.501 I/facebook.katan(17439):   at void java.util.concurrent.FutureTask.run() (FutureTask.java:266)
05-10 04:42:29.501 I/facebook.katan(17439):   at void X.0Kn.run() (:53312)
05-10 04:42:29.501 I/facebook.katan(17439):   at void java.util.concurrent.ThreadPoolExecutor.runWorker(java.util.concurrent.ThreadPoolExecutor$Worker) (ThreadPoolExecutor.java:1167)
05-10 04:42:29.501 I/facebook.katan(17439):   at void java.util.concurrent.ThreadPoolExecutor$Worker.run() (ThreadPoolExecutor.java:641)
05-10 04:42:29.501 I/facebook.katan(17439):   at void X.0OE.run() (:61529)
05-10 04:42:29.501 I/facebook.katan(17439):   at void java.lang.Thread.run() (Thread.java:764)
05-10 04:42:29.501 I/facebook.katan(17439): 
05-10 04:42:29.502 I/facebook.katan(17439): Rejecting re-init on previously-failed class java.lang.Class<com.facebook.push.adm.ADMBroadcastReceiver>: java.lang.NoClassDefFoundError: Failed resolution of: Lcom/amazon/device/messaging/ADMMessageHandlerBase;
05-10 04:42:29.502 I/facebook.katan(17439):   at java.lang.Class dalvik.system.DexFile.defineClassNative(java.lang.String, java.lang.ClassLoader, java.lang.Object, dalvik.system.DexFile) (DexFile.java:-2)
05-10 04:42:29.502 I/facebook.katan(17439):   at java.lang.Class dalvik.system.DexFile.defineClass(java.lang.String, java.lang.ClassLoader, java.lang.Object, dalvik.system.DexFile, java.util.List) (DexFile.java:283)
05-10 04:42:29.502 I/facebook.katan(17439):   at java.lang.Class dalvik.system.DexFile.loadClassBinaryName(java.lang.String, java.lang.ClassLoader, java.util.List) (DexFile.java:276)
05-10 04:42:29.502 I/facebook.katan(17439):   at java.lang.Class com.facebook.common.dextricks.DexFileLoadNew.loadClassBinaryName(dalvik.system.DexFile, java.lang.String, java.lang.ClassLoader) (:12308)
05-10 04:42:29.502 I/facebook.katan(17439):   at java.lang.Class com.facebook.common.dextricks.MultiDexClassLoaderJava.loadInnerNewApiClass(java.lang.String, dalvik.system.DexFile[], int) (:12203)
05-10 04:42:29.502 I/facebook.katan(17439):   at java.lang.Class com.facebook.common.dextricks.MultiDexClassLoaderJava.findClass(java.lang.String) (:12103)
05-10 04:42:29.502 I/facebook.katan(17439):   at java.lang.Class com.facebook.common.dextricks.MultiDexClassLoaderJava.loadClass(java.lang.String, boolean) (:12174)
05-10 04:42:29.502 I/facebook.katan(17439):   at java.lang.Class java.lang.ClassLoader.loadClass(java.lang.String, boolean) (ClassLoader.java:367)
05-10 04:42:29.502 I/facebook.katan(17439):   at java.lang.Class java.lang.ClassLoader.loadClass(java.lang.String) (ClassLoader.java:312)
05-10 04:42:29.502 I/facebook.katan(17439):   at X.2XW X.2XW.B(X.0IE) (:600003)
05-10 04:42:29.502 I/facebook.katan(17439):   at java.lang.Object X.3yf.B(int, X.0IE) (:-1)
05-10 04:42:29.502 I/facebook.katan(17439):   at java.lang.Object X.0HZ.B(int, X.0IE) (:-1)
05-10 04:42:29.502 I/facebook.katan(17439):   at java.lang.Object X.0LY.next() (:54870)
05-10 04:42:29.502 I/facebook.katan(17439):   at void X.2M2.B() (:570648)
05-10 04:42:29.502 I/facebook.katan(17439):   at void X.2M2.init() (:570682)
05-10 04:42:29.502 I/facebook.katan(17439):   at void X.2Jg.runNextINeedInit(X.0Lf, int, int) (:565943)
05-10 04:42:29.502 I/facebook.katan(17439):   at void X.2Mu.run() (:572419)
05-10 04:42:29.502 I/facebook.katan(17439):   at void X.0MX.run() (:58887)
05-10 04:42:29.502 I/facebook.katan(17439):   at java.lang.Object java.util.concurrent.Executors$RunnableAdapter.call() (Executors.java:458)
05-10 04:42:29.502 I/facebook.katan(17439):   at void java.util.concurrent.FutureTask.run() (FutureTask.java:266)
05-10 04:42:29.502 I/facebook.katan(17439):   at java.lang.Object java.util.concurrent.Executors$RunnableAdapter.call() (Executors.java:458)
05-10 04:42:29.502 I/facebook.katan(17439):   at void X.0OC.run() (:61509)
05-10 04:42:29.502 I/facebook.katan(17439):   at java.lang.Object java.util.concurrent.Executors$RunnableAdapter.call() (Executors.java:458)
05-10 04:42:29.502 I/facebook.katan(17439):   at void java.util.concurrent.FutureTask.run() (FutureTask.java:266)
05-10 04:42:29.502 I/facebook.katan(17439):   at void X.0Kn.run() (:53312)
05-10 04:42:29.502 I/facebook.katan(17439):   at void java.util.concurrent.ThreadPoolExecutor.runWorker(java.util.concurrent.ThreadPoolExecutor$Worker) (ThreadPoolExecutor.java:1167)
05-10 04:42:29.502 I/facebook.katan(17439):   at void java.util.concurrent.ThreadPoolExecutor$Worker.run() (ThreadPoolExecutor.java:641)
05-10 04:42:29.502 I/facebook.katan(17439):   at void X.0OE.run() (:61529)
