05-10 04:44:56.824 D/ViewRootImpl@5736a72[Settings$BadgeAppIconSettingsActivity](26609): Relayout returned: old=[0,0][1600,2560] new=[0,0][1600,2560] result=0x5 surface={valid=false 0} changed=true
05-10 04:44:56.825 E/ActivityThread(31757): Failed to find provider info for com.samsung.android.hmt.vrsvc.vr
05-10 04:44:56.826 E/VRLauncherManager(31757): android.provider.Settings$SettingNotFoundException: vr_launcher_hidden_apps
05-10 04:44:56.826 D/VRLauncherManager(31757): VR Home Hidden setting before binding(0/2:off, 1:on) : -1
05-10 04:44:56.826 D/VRLauncherManager(31757): bindVRAppsVisibility hiddenFlag = 0
05-10 04:44:56.826 D/DragLayer(31757): DragLayer onMeasure, mIsNaviBarPositionChanged = false, mWillOrientationChange = false
05-10 04:44:56.826 D/LauncherAppWidgetHostView(31757): setResizeScaleResult() 1528/ 349 scaleToResize = 1.0(widget id = 30)
05-10 04:44:56.826 D/LauncherAppWidgetHostView(31757): setResizeScaleResult() 488/ 1111 scaleToResize = 1.0(widget id = 29)
05-10 04:44:56.827 D/DragLayer(31757): DragLayer dispatchDraw, mIsNaviBarPositionChanged = false, mWillOrientationChange = false
05-10 04:44:56.828 D/WindowManager( 1612): adjustSystemUiVisibilityLw : vis= 0x8708  displayId:0
05-10 04:44:56.831 I/RunCallbackInSchedule(31757): mBindOnResumeCallbacks, size 2
05-10 04:44:56.833 I/RunCallbackInSchedule(31757): mBindOnResumeCallbacks, size 1
05-10 04:44:56.842 E/propClient(26870): PropClient failed to load
05-10 04:44:56.847 V/Surface (  683): sf_framedrop debug : 0x4f4c, game : false, logging : 0
05-10 04:44:56.878 D/PackageManager( 1612): setEnabledSetting : userId = 0 packageName = com.google.android.gms cmp = com.google.android.gms.auth.managed.ui.SetupWorkProfileActivity newState = 1 callingPackage = 10031/com.google.android.gms.persistent
05-10 04:44:56.883 E/propClient(26873): PropClient failed to load
05-10 04:44:56.897 D/ConnectivityService( 1612): filterNetworkStateForUid() uid: 10031 networkInfo: [type: WIFI[] - WIFI, state: CONNECTED/CONNECTED, reason: (unspecified), extra: "BLT", failover: false, available: true, roaming: false]
05-10 04:44:56.897 I/Auth    (23863): [AuthManaged,PasswordComplexityHelperImpl] Updating password complexity components state.
05-10 04:44:56.897 I/Auth    (23863): [AuthManaged,PasswordComplexityHelperImpl] Disabling com.google.android.gms.auth.managed.admin.DeviceAdminReceiver
05-10 04:44:56.902 D/PackageManager( 1612): setEnabledSetting : userId = 0 packageName = com.google.android.gms cmp = com.google.android.gms.auth.managed.admin.DeviceAdminReceiver newState = 2 callingPackage = 10031/com.google.android.gms.persistent
05-10 04:44:56.902 I/Auth    (23863): [AuthManaged,PasswordComplexityHelperImpl] Disabling com.google.android.gms.auth.managed.ui.SetNewPasswordActivity
05-10 04:44:56.903 V/Surface (  683): sf_framedrop debug : 0x4f4c, game : false, logging : 0
05-10 04:44:56.905 D/PackageManager( 1612): setEnabledSetting : userId = 0 packageName = com.google.android.gms cmp = com.google.android.gms.auth.managed.ui.SetNewPasswordActivity newState = 2 callingPackage = 10031/com.google.android.gms.persistent
05-10 04:44:56.915 I/Fitness (23863): OnPackageChangedOperation got intent: Intent { act=android.intent.action.PACKAGE_CHANGED dat=package:com.google.android.gms flg=0x45000010 cmp=com.google.android.gms/.chimera.PersistentIntentOperationService (has extras) } [CONTEXT service_id=17 ]
05-10 04:44:56.921 E/propClient(26874): PropClient failed to load
05-10 04:44:56.926 D/CommandListener(  937): bwctrlcmd: argc=2 bandwidth gettetherstats ...
05-10 04:44:56.926 D/CommandListener(  937): gettetherstats start. socket=60, pid=1612, uid=1000, gid=1000
05-10 04:44:56.926 D/CommandListener(  937): gettetherstats end 1
05-10 04:44:56.930 D/CommandListener(  937): bwctrlcmd: argc=3 bandwidth setglobalalert ...
05-10 04:44:56.954 W/ChimeraUtils(23863): Non Chimera context
05-10 04:44:56.955 D/PackageManager( 1612): setEnabledSetting : userId = 0 packageName = com.google.android.gms cmp = com.google.android.gms.auth.managed.ui.SetupWorkProfileActivity newState = 1 callingPackage = 10031/com.google.android.gms.persistent
05-10 04:44:56.956 W/ChimeraUtils(23863): Non Chimera context
05-10 04:44:56.960 I/Auth    (23863): [AuthManaged,PasswordComplexityHelperImpl] Updating password complexity components state.
05-10 04:44:56.960 I/Auth    (23863): [AuthManaged,PasswordComplexityHelperImpl] Disabling com.google.android.gms.auth.managed.admin.DeviceAdminReceiver
05-10 04:44:56.961 D/PackageManager( 1612): setEnabledSetting : userId = 0 packageName = com.google.android.gms cmp = com.google.android.gms.auth.managed.admin.DeviceAdminReceiver newState = 2 callingPackage = 10031/com.google.android.gms.persistent
05-10 04:44:56.961 I/Auth    (23863): [AuthManaged,PasswordComplexityHelperImpl] Disabling com.google.android.gms.auth.managed.ui.SetNewPasswordActivity
05-10 04:44:56.962 D/PackageManager( 1612): setEnabledSetting : userId = 0 packageName = com.google.android.gms cmp = com.google.android.gms.auth.managed.ui.SetNewPasswordActivity newState = 2 callingPackage = 10031/com.google.android.gms.persistent
05-10 04:44:56.965 E/propClient(26875): PropClient failed to load
05-10 04:44:56.971 V/Surface (  683): sf_framedrop debug : 0x4f4c, game : false, logging : 0
05-10 04:44:56.994 I/Fitness (23863): FitCleanupIntentOperation received Intent android.intent.action.PACKAGE_CHANGED [CONTEXT service_id=17 ]
05-10 04:44:57.004 E/propClient(26876): PropClient failed to load
05-10 04:44:57.007 E/propClient(26877): PropClient failed to load
05-10 04:44:57.047 V/Surface (  683): sf_framedrop debug : 0x4f4c, game : false, logging : 0
05-10 04:44:57.049 I/Icing   (24206): updateResources: need to parse accn{com.google.android.gms}
05-10 04:44:57.060 I/ActivityManager( 1612): START u0 {act=android.intent.action.MAIN typ=null flg=0x10000000 cmp=ComponentInfo{org.torproject.android/org.torproject.android.OrbotMainActivity}} from uid 2000
05-10 04:44:57.061 E/ActivityManager( 1612): getPackageFromAppProcesses, return null :26860
05-10 04:44:57.071 I/ACodec  ( 2395): setParam : video-bitrate = 2512000
05-10 04:44:57.072 D/CustomFrequencyManagerService( 1612): acquireDVFSLockLocked : type : DVFS_MIN_LIMIT  frequency : 2361600  uid : 1000  pid : 1612  pkgName : AMS_APP_SWITCH@CPU_MIN@35
05-10 04:44:57.073 D/ActivityManagerPerformance( 1612): AMP_acquire() APP_SWITCH
05-10 04:44:57.076 W//system/bin/hwservicemanager(  599): getTransport: Cannot find entry vendor.qti.hardware.iop@1.0::IIop/default in either framework or device manifest.
05-10 04:44:57.076 E/ANDR-PERF-JNI( 1612): Iop tryGetService failed
05-10 04:44:57.077 W//system/bin/hwservicemanager(  599): getTransport: Cannot find entry vendor.qti.hardware.iop@1.0::IIop/default in either framework or device manifest.
05-10 04:44:57.077 E/ANDR-PERF-JNI( 1612): Iop tryGetService failed
05-10 04:44:57.085 V/Launcher(31757): Launcher.onPause()
05-10 04:44:57.085 D/Launcher(31757): setHotWordDetection : call requestHotWordDetection false
05-10 04:44:57.089 D/MdnieScenarioControlService( 1612): Listener Real Multi Window State : false
05-10 04:44:57.089 D/CodecSolution( 1612): MultiWindowEventListener::onMultiWindowFocusChanged(1)
05-10 04:44:57.089 D/InputTransport( 1612): Input channel constructed: fd=518
05-10 04:44:57.089 D/InputTransport( 1612): Input channel constructed: fd=519
05-10 04:44:57.089 D/CS_HdrController( 1612): MultiWindowEventListener::onFocusStackChanged(1)
05-10 04:44:57.090 D/ViewRootImpl@407f0f9[android]( 1612): setView = DecorView@1a5b69f[android] TM=true MM=false
05-10 04:44:57.092 I/zygote64(24206): Compiler allocated 6MB to compile accj accm.a(java.lang.String)
05-10 04:44:57.093 D/CS_HdrController( 1612): updateMultiWindowState : 0
05-10 04:44:57.098 D/ActivityManager( 1612): isScaleDownAnimationEnabled() : false
05-10 04:44:57.099 D/StorageManagerService( 1612): getExternalStorageMountMode : 1
05-10 04:44:57.099 D/StorageManagerService( 1612): getExternalStorageMountMode : 3
05-10 04:44:57.099 D/StorageManagerService( 1612): getExternalStorageMountMode : final mountMode=1, uid : 10260, packageName : org.torproject.android
05-10 04:44:57.099 I/ApplicationPolicy( 1612): isApplicationExternalStorageWhitelisted:org.torproject.android user:0
05-10 04:44:57.099 D/ApplicationPolicy( 1612): isApplicationExternalStorageWhitelisted: DO is not enabled on user 0. Allowed.
05-10 04:44:57.099 D/ActivityManager( 1612): package  org.torproject.android, user - 0 is SDcard whitelisted
05-10 04:44:57.099 I/ApplicationPolicy( 1612): isApplicationExternalStorageBlacklisted:org.torproject.android user:0
05-10 04:44:57.099 D/ApplicationPolicy( 1612): isApplicationExternalStorageBlacklisted: DO is not enabled on user 0. Allowed.
05-10 04:44:57.101 D/ViewRootImpl@407f0f9[android]( 1612): dispatchAttachedToWindow
05-10 04:44:57.102 E/propClient(26880): PropClient failed to load
05-10 04:44:57.102 V/WindowManager( 1612): Relayout Window{c63a83e u0 Splash Screen org.torproject.android}: viewVisibility=0 req=1600x2396 WM.LayoutParams{(0,0)(fillxfill) sim=#20 ty=3 fl=#80830118 pfl=0x1020011 wanim=0x10302fc vsysui=0x610 needsMenuKey=2 colorMode=0 naviIconColor=0}
05-10 04:44:57.105 V/Surface (  683): sf_framedrop debug : 0x4f4c, game : false, logging : 0
05-10 04:44:57.105 I/SurfaceFlinger(  683): id=382 createSurf (1600x2560),2 flag=404, Splash Screen org.torproject.android[1612]#0
05-10 04:44:57.109 D/ViewRootImpl@407f0f9[android]( 1612): Relayout returned: old=[0,0][0,0] new=[0,0][1600,2560] result=0x7 surface={valid=true 503613534208} changed=true
05-10 04:44:57.110 D/SamsungAnimationCreator( 1612): createAppCloseWallpaperEnterAnimation onAnimationEnd
05-10 04:44:57.110 D/SamsungAnimationCreator( 1612): updateAppTransitionStartValues reset
05-10 04:44:57.115 I/ActivityManager( 1612): Start proc 26881:org.torproject.android/u0a260 for activity org.torproject.android/.OrbotMainActivity
05-10 04:44:57.118 D/DragLayer(31757): DragLayer dispatchDraw, mIsNaviBarPositionChanged = false, mWillOrientationChange = false
05-10 04:44:57.119 E/WindowManager( 1612): win=Window{a364c8c u0 com.android.settings/com.android.settings.Settings$BadgeAppIconSettingsActivity EXITING} destroySurfaces: appStopped=false win.mWindowRemovalAllowed=false win.mRemoveOnExit=false win.mViewVisibility=8, caller=com.android.server.wm.AppWindowToken.destroySurfaces:748 com.android.server.wm.AppWindowToken.destroySurfaces:732 com.android.server.wm.WindowState.onExitAnimationDone:5523 com.android.server.wm.WindowStateAnimator.stepAnimationLocked:553 com.android.server.wm.DisplayContent.lambda$-com_android_server_wm_DisplayContent_21292:465
05-10 04:44:57.119 I/WindowManager( 1612): Destroying surface #64f8933: Surface(name=com.android.settings/com.android.settings.Settings$BadgeAppIconSettingsActivity) called by com.android.server.wm.WindowStateAnimator.destroySurface:2617 com.android.server.wm.WindowStateAnimator.destroySurfaceLocked:1026 com.android.server.wm.WindowState.destroyOrSaveSurfaceUnchecked:3821 com.android.server.wm.WindowState.destroySurface:3767 com.android.server.wm.AppWindowToken.destroySurfaces:748 com.android.server.wm.AppWindowToken.destroySurfaces:732 com.android.server.wm.WindowState.onExitAnimationDone:5523 com.android.server.wm.WindowStateAnimator.stepAnimationLocked:553 
05-10 04:44:57.122 I/SurfaceFlinger(  683): id=380 Removed com.android.settings/com.android.settings.Settings$BadgeAppIconSettingsActivity[26609]#0 (4/7)
05-10 04:44:57.124 I/SurfaceFlinger(  683): Display 0 HWC layers:
05-10 04:44:57.124 I/SurfaceFlinger(  683):     type    |    handle    | flag |  format   |   source crop (l,t,r,b)    |         frame       | name 
05-10 04:44:57.124 I/SurfaceFlinger(  683): ------------+--------------+------+-----------+----------------------------+---------------------+------
05-10 04:44:57.124 I/SurfaceFlinger(  683):      Device | 0x7c7b3e6a80 | 0002 | RGBx_8888 |   0.0  480.0 2560.0 2080.0 |    0    0 2560 1600 | com.android.systemui.ImageWallpaper[22356]#0
05-10 04:44:57.124 I/SurfaceFlinger(  683):      Device | 0x7c7dc3f280 | 0000 | RGBA_8888 |   0.0    0.0 2560.0 1600.0 |    0    0 2560 1600 | com.sec.android.app.launcher/com.sec[...]activities.LauncherActivity[31757]#0
05-10 04:44:57.124 I/SurfaceFlinger(  683):      Device | 0x7c7b3f9800 | 0000 | RGBA_8888 |   0.0    0.0   54.0 1600.0 |    0    0   54 1600 | StatusBar[22356]#0
05-10 04:44:57.124 I/SurfaceFlinger(  683):      Device | 0x7c7b3fa700 | 0000 | RGBA_8888 |   0.0    0.0  108.0 1600.0 | 2452    0 2560 1600 | NavigationBar[22356]#0
05-10 04:44:57.124 I/SurfaceFlinger(  683):
05-10 04:44:57.127 I/SurfaceFlinger(  683): id=380 Removed com.android.settings/com.android.settings.Settings$BadgeAppIconSettingsActivity[26609]#0 (-2/7)
05-10 04:44:57.129 E/Zygote  (26881): isWhitelistProcess - Process is Whitelisted
05-10 04:44:57.129 E/libpersona(26881): scanKnoxPersonas
05-10 04:44:57.129 E/libpersona(26881): Couldn't open the File - /data/system/users/0/personalist.xml - No such file or directory
05-10 04:44:57.132 W/SELinux (26881): SELinux selinux_android_compute_policy_index : Policy Index[2],  Con:u:r:zygote:s0 RAM:SEPF_SM-T830_8.1.0_0003, [-1 -1 -1 -1 0 1]
05-10 04:44:57.132 I/SELinux (26881): SELinux: seapp_context_lookup: seinfo=untrusted, level=s0:c512,c768, pkgname=org.torproject.android
05-10 04:44:57.134 I/Layer   (  683): id=380 onRemoved com.android.settings/com.android.settings.Settings$BadgeAppIconSettingsActivity[26609]#0
05-10 04:44:57.140 W/zygote  (26881): Using default instruction set features for ARM CPU variant (cortex-a9) using conservative defaults
05-10 04:44:57.144 W/ContextImpl( 1612): Calling a method in the system process without a qualified user: android.app.ContextImpl.sendBroadcast:1018 com.android.server.execute.SemExecuteManagerService.sendCompleteBroadcast:144 com.android.server.execute.SemExecuteManagerService.updateSemExecutableInfo:137 com.android.server.execute.SemExecuteManagerService.-wrap2:0 com.android.server.execute.SemExecuteManagerService$2.handleMessage:519
05-10 04:44:57.154 D/WindowManager( 1612): finishDrawingWindow: Window{c63a83e u0 Splash Screen org.torproject.android} mDrawState=DRAW_PENDING
05-10 04:44:57.157 D/InputDispatcher( 1612): Focus left window: 31757 0
05-10 04:44:57.159 D/WallpaperService(22356): updateSurface forceRelayout=true redrawNeeded=false myWidth=2560 myHeight=2560 fixedSize=true x = 0 y = 0 mWidth=2560 mHeight=2560 mIsSleepMode=false
05-10 04:44:57.159 V/WindowManager( 1612): Relayout Window{3f0b310 u0 com.android.systemui.ImageWallpaper}: viewVisibility=0 req=2560x2560 WM.LayoutParams{(0,0)(2560x2560) gr=#800033 ty=2013 fl=#10318 fmt=2 wanim=0x103030d colorMode=0 naviIconColor=0}
05-10 04:44:57.162 D/ViewRootImpl@407f0f9[android]( 1612): MSG_RESIZED: frame=Rect(0, 0 - 1600, 2560) ci=Rect(0, 54 - 0, 108) vi=Rect(0, 54 - 0, 108) or=1
05-10 04:44:57.162 D/ViewRootImpl@7061812[LauncherActivity](31757): MSG_WINDOW_FOCUS_CHANGED 0
05-10 04:44:57.163 D/ImageWallpaper(22356): onOffsetsChanged: xOffset=0.0, yOffset=0.0, xOffsetStep=0.0, yOffsetStep=0.0, xPixels=0, yPixels=0
05-10 04:44:57.164 D/ImageWallpaper(22356): newRotation : 0,mLastRotation : 0
05-10 04:44:57.164 D/ImageWallpaper(22356): drawFrame:[frame.width()]2560[frame.height()]2560
05-10 04:44:57.164 D/ImageWallpaper(22356): surfaceDimensionsChanged=false mDisplayWidth=1600 mDisplayHeight=2560
05-10 04:44:57.164 D/ImageWallpaper(22356): redrawNeeded = false, mOffsetsChanged = false
05-10 04:44:57.164 D/ImageWallpaper(22356): Suppressed drawFrame since redraw is not needed and offsets have not changed.
05-10 04:44:57.166 D/TimaKeyStoreProvider(26881): TimaKeyStore is not enabled: cannot add TimaSignature Service and generateKeyPair Service
05-10 04:44:57.167 D/ActivityThread(26881): Added TimaKeyStore provider
05-10 04:44:57.170 I/ActivityManager( 1612): DSS on for org.torproject.android and scale is 1.0
05-10 04:44:57.171 V/WindowManager( 1612): rotationForOrientationLw(orient=-1, last=0); user=0 USER_ROTATION_LOCKED sensorRotation=-1 mLidState=-1 mDockMode=0 mHdmiPlugged=false, displayId=0
05-10 04:44:57.172 V/WindowManager( 1612): rotationForOrientationLw(DisplayFrozen=false, isKeyguardLocked=false, LastWindowForcedOrientation=-1, LastOrientation=-1), Callers=com.android.server.policy.PhoneWindowManager.rotationForOrientationLw:9209 com.android.server.wm.DisplayContent.updateRotationUnchecked:1291 com.android.server.wm.WindowManagerService.updateOrientationFromAppTokensLocked:3285 com.android.server.wm.WindowManagerService.updateOrientationFromAppTokensLocked:3201 com.android.server.wm.WindowManagerService.updateOrientationFromAppTokens:3183 com.android.server.am.ActivityStackSupervisor.realStartActivityLocked:1725 com.android.server.am.ActivityStackSupervisor.attachApplicationLocked:1266 com.android.server.am.ActivityManagerService.attachApplicationLocked:9490
05-10 04:44:57.175 D/PersonaManagerService( 1612): Current focused persona service handled id set to : 0
05-10 04:44:57.175 D/InputDispatcher( 1612): Focused application set to: xxxx
05-10 04:44:57.176 D/GameManagerService( 1612): handleForegroundChange(). pkgName: org.torproject.android, clsName: org.torproject.android.OrbotMainActivity,FgActivityName:org.torproject.android/.OrbotMainActivity
05-10 04:44:57.176 D/MARsPolicyManager( 1612): onPackageResumedFG pkgName = org.torproject.android, userId = 0
05-10 04:44:57.176 D/GameManagerService( 1612): sem_perfomance_mode: 3
05-10 04:44:57.176 D/GameManagerService( 1612): notifyResumePause(). pkg: org.torproject.android, type: 4, isMinimized: false, isTunableApp: false
05-10 04:44:57.176 D/GameManagerService( 1612):   notifyResumePause(). unexpected mPrevNotiType: -1
05-10 04:44:57.177 D/SamsungAnimationCreator( 1612): createAnimation type:HighEnd transit:12 enter:false wallpaperXoffset:-480 split:false fixedOri:false
05-10 04:44:57.177 D/SamsungAnimationCreator( 1612): createAnimation displayFrame:Rect(0, 0 - 1600, 2560) frame:null insets:null
05-10 04:44:57.177 D/SamsungAnimationCreator( 1612): createAppOpenWallpaperExitAnimation
05-10 04:44:57.180 V/WindowManager( 1612): Setting visibility of Window{3eaf0a7 u0 com.sec.android.app.launcher/com.sec.android.app.launcher.activities.LauncherActivity}: false, mViewVisibilityUpdateCompleted=false, caller=com.android.server.wm.WindowContainer.sendAppVisibilityToClients:443 com.android.server.wm.AppWindowToken.setClientHidden:400 com.android.server.wm.AppWindowToken.setVisibility:411 com.android.server.wm.WindowSurfacePlacer.handleClosingApps:525 com.android.server.wm.WindowSurfacePlacer.handleAppTransitionReadyLocked:384
05-10 04:44:57.180 V/Surface (  683): sf_framedrop debug : 0x4f4c, game : false, logging : 0
05-10 04:44:57.184 I/Launcher(31757): onWindowVisibilityChanged : false
05-10 04:44:57.189 D/GamePkgDataHelper( 1612): getGamePkgDataIncServer(). org.torproject.android
05-10 04:44:57.190 D/GameManagerService( 1612): identifyGamePackage. org.torproject.android
05-10 04:44:57.190 D/GamePkgDataHelper( 1612): getGamePkgData(). org.torproject.android
05-10 04:44:57.191 D/GameManagerService( 1612): identifyGamePackage. org.torproject.android
05-10 04:44:57.191 D/GamePkgDataHelper( 1612): getGamePkgData(). org.torproject.android
05-10 04:44:57.191 D/GamePkgDataHelper( 1612): getSosPolicy(). org.torproject.android
05-10 04:44:57.191 D/GameManagerService( 1612): identifyGamePackage. org.torproject.android
05-10 04:44:57.191 D/GamePkgDataHelper( 1612): getGamePkgData(). org.torproject.android
05-10 04:44:57.194 D/OpenGLRenderer(31757): eglDestroySurface = 0x7560a12240, 0x75660d0000
05-10 04:44:57.207 V/WindowManager( 1612): Relayout Window{3eaf0a7 u0 com.sec.android.app.launcher/com.sec.android.app.launcher.activities.LauncherActivity}: viewVisibility=8 req=1600x2560 WM.LayoutParams{(0,0)(fillxfill) sim=#130 ty=1 fl=#81910d00 pfl=0x20000 fmt=-2 wanim=0x10302ea vsysui=0x700 needsMenuKey=2 colorMode=0 naviIconColor=0}
05-10 04:44:57.210 D/ViewRootImpl@7061812[LauncherActivity](31757): Relayout returned: old=[0,0][1600,2560] new=[0,0][1600,2560] result=0x5 surface={valid=false 0} changed=true
05-10 04:44:57.217 E/propClient(26900): PropClient failed to load
05-10 04:44:57.221 D/Launcher.SALogging(31757): mUpdateStatusLogValuesForAppItem - run
05-10 04:44:57.224 D/WindowManager( 1612): set systemUiVisibility : systemUiFlags= 0x8618 fullscreenStackSysUiFlags= 0x0 dockedVisibility= 0x0
05-10 04:44:57.226 D/WindowManager( 1612): adjustSystemUiVisibilityLw : vis= 0x8618  displayId:0
05-10 04:44:57.226 D/GamePkgDataHelper( 1612): getGamePkgData(). org.torproject.android
05-10 04:44:57.227 E/propClient(26899): PropClient failed to load
05-10 04:44:57.235 D/GameManagerService( 1612): identifyGamePackage. org.torproject.android
05-10 04:44:57.235 D/GamePkgDataHelper( 1612): getGamePkgData(). org.torproject.android
05-10 04:44:57.239 D/GameManagerService( 1612): identifyGamePackage. org.torproject.android
05-10 04:44:57.240 D/GamePkgDataHelper( 1612): getGamePkgData(). org.torproject.android
05-10 04:44:57.241 V/Surface (  683): sf_framedrop debug : 0x4f4c, game : false, logging : 0
05-10 04:44:57.245 D/ConnectivityService( 1612): filterNetworkStateForUid() uid: 10260 networkInfo: [type: WIFI[] - WIFI, state: CONNECTED/CONNECTED, reason: (unspecified), extra: "BLT", failover: false, available: true, roaming: false]
05-10 04:44:57.247 E/propClient(26906): PropClient failed to load
05-10 04:44:57.254 D/PackageManager( 1612): setEnabledSetting : userId = 0 packageName = com.google.android.gms cmp = com.google.android.gms.auth.managed.ui.SetupWorkProfileActivity newState = 1 callingPackage = 10031/com.google.android.gms.persistent
05-10 04:44:57.255 I/Auth    (23863): [AuthManaged,PasswordComplexityHelperImpl] Updating password complexity components state.
05-10 04:44:57.255 I/Auth    (23863): [AuthManaged,PasswordComplexityHelperImpl] Disabling com.google.android.gms.auth.managed.admin.DeviceAdminReceiver
05-10 04:44:57.257 D/PackageManager( 1612): setEnabledSetting : userId = 0 packageName = com.google.android.gms cmp = com.google.android.gms.auth.managed.admin.DeviceAdminReceiver newState = 2 callingPackage = 10031/com.google.android.gms.persistent
05-10 04:44:57.257 I/Auth    (23863): [AuthManaged,PasswordComplexityHelperImpl] Disabling com.google.android.gms.auth.managed.ui.SetNewPasswordActivity
05-10 04:44:57.258 D/NetworkSecurityConfig(26881): No Network Security Config specified, using platform default
05-10 04:44:57.259 D/PackageManager( 1612): setEnabledSetting : userId = 0 packageName = com.google.android.gms cmp = com.google.android.gms.auth.managed.ui.SetNewPasswordActivity newState = 2 callingPackage = 10031/com.google.android.gms.persistent
05-10 04:44:57.263 I/System.out(26881): (HTTPLog)-Static: isSBSettingEnabled false
05-10 04:44:57.263 I/System.out(26881): (HTTPLog)-Static: isSBSettingEnabled false
05-10 04:44:57.264 E/propClient(26905): PropClient failed to load
05-10 04:44:57.276 I/SurfaceFlinger(  683): Display 0 HWC layers:
05-10 04:44:57.276 I/SurfaceFlinger(  683):     type    |    handle    | flag |  format   |   source crop (l,t,r,b)    |         frame       | name 
05-10 04:44:57.276 I/SurfaceFlinger(  683): ------------+--------------+------+-----------+----------------------------+---------------------+------
05-10 04:44:57.276 I/SurfaceFlinger(  683):      Device | 0x7c7b3e6a80 | 0002 | RGBx_8888 |  14.0  494.0 2546.0 2076.0 |    0    0 2560 1600 | com.android.systemui.ImageWallpaper[22356]#0
05-10 04:44:57.276 I/SurfaceFlinger(  683):      Device | 0x7c7dc3fe80 | 0000 | RGBA_8888 |  71.0   44.0 2489.0 1556.0 |    0    0 2560 1600 | com.sec.android.app.launcher/com.sec[...]activities.LauncherActivity[31757]#0
05-10 04:44:57.276 I/SurfaceFlinger(  683):      Device | 0x7c7dc3f600 | 0002 | RGBx_8888 |   0.0    0.0 1600.0 2560.0 |  475  296 2086 1303 | Splash Screen org.torproject.android[1612]#0
05-10 04:44:57.276 I/SurfaceFlinger(  683):      Device | 0x7c7b3f9800 | 0000 | RGBA_8888 |   0.0    0.0   54.0 1600.0 |    0    0   54 1600 | StatusBar[22356]#0
05-10 04:44:57.276 I/SurfaceFlinger(  683):      Device | 0x7c7dc3f900 | 0000 | RGBA_8888 |   0.0    0.0  108.0 1600.0 | 2452    0 2560 1600 | NavigationBar[22356]#0
05-10 04:44:57.276 I/SurfaceFlinger(  683):
05-10 04:44:57.290 I/zygote  (26881): Rejecting re-init on previously-failed class java.lang.Class<android.support.v4.view.ViewCompat$OnUnhandledKeyEventListenerWrapper>: java.lang.NoClassDefFoundError: Failed resolution of: Landroid/view/View$OnUnhandledKeyEventListener;
05-10 04:44:57.290 I/zygote  (26881):   at void android.support.v4.view.ViewCompat.setOnApplyWindowInsetsListener(android.view.View, android.support.v4.view.OnApplyWindowInsetsListener) (ViewCompat.java:2203)
05-10 04:44:57.290 I/zygote  (26881):   at android.view.ViewGroup android.support.v7.app.AppCompatDelegateImpl.createSubDecor() (AppCompatDelegateImpl.java:637)
05-10 04:44:57.290 I/zygote  (26881):   at void android.support.v7.app.AppCompatDelegateImpl.ensureSubDecor() (AppCompatDelegateImpl.java:518)
05-10 04:44:57.290 I/zygote  (26881):   at void android.support.v7.app.AppCompatDelegateImpl.setContentView(int) (AppCompatDelegateImpl.java:466)
05-10 04:44:57.290 I/zygote  (26881):   at void android.support.v7.app.AppCompatActivity.setContentView(int) (AppCompatActivity.java:140)
05-10 04:44:57.290 I/zygote  (26881):   at void org.torproject.android.OrbotMainActivity.doLayout() (OrbotMainActivity.java:288)
05-10 04:44:57.290 I/zygote  (26881):   at void org.torproject.android.OrbotMainActivity.onCreate(android.os.Bundle) (OrbotMainActivity.java:179)
05-10 04:44:57.290 I/zygote  (26881):   at void android.app.Activity.performCreate(android.os.Bundle, android.os.PersistableBundle) (Activity.java:7258)
05-10 04:44:57.290 I/zygote  (26881):   at void android.app.Activity.performCreate(android.os.Bundle) (Activity.java:7249)
05-10 04:44:57.290 I/zygote  (26881):   at void android.app.Instrumentation.callActivityOnCreate(android.app.Activity, android.os.Bundle) (Instrumentation.java:1221)
05-10 04:44:57.290 I/zygote  (26881):   at android.app.Activity android.app.ActivityThread.performLaunchActivity(android.app.ActivityThread$ActivityClientRecord, android.content.Intent) (ActivityThread.java:2909)
05-10 04:44:57.290 I/zygote  (26881):   at void android.app.ActivityThread.handleLaunchActivity(android.app.ActivityThread$ActivityClientRecord, android.content.Intent, java.lang.String) (ActivityThread.java:3041)
05-10 04:44:57.290 I/zygote  (26881):   at void android.app.ActivityThread.-wrap11(android.app.ActivityThread, android.app.ActivityThread$ActivityClientRecord, android.content.Intent, java.lang.String) (ActivityThread.java:-1)
05-10 04:44:57.290 I/zygote  (26881):   at void android.app.ActivityThread$H.handleMessage(android.os.Message) (ActivityThread.java:1711)
05-10 04:44:57.290 I/zygote  (26881):   at void android.os.Handler.dispatchMessage(android.os.Message) (Handler.java:106)
05-10 04:44:57.290 I/zygote  (26881):   at void android.os.Looper.loop() (Looper.java:164)
05-10 04:44:57.290 I/zygote  (26881):   at void android.app.ActivityThread.main(java.lang.String[]) (ActivityThread.java:6960)
05-10 04:44:57.290 I/zygote  (26881):   at java.lang.Object java.lang.reflect.Method.invoke(java.lang.Object, java.lang.Object[]) (Method.java:-2)
05-10 04:44:57.290 I/zygote  (26881):   at void com.android.internal.os.RuntimeInit$MethodAndArgsCaller.run() (RuntimeInit.java:441)
05-10 04:44:57.290 I/zygote  (26881):   at void com.android.internal.os.ZygoteInit.main(java.lang.String[]) (ZygoteInit.java:1408)
05-10 04:44:57.290 I/zygote  (26881): Caused by: java.lang.ClassNotFoundException: Didn't find class "android.view.View$OnUnhandledKeyEventListener" on path: DexPathList[[zip file "/data/app/org.torproject.android-7o_OCiCT-V3WaB04CNypYw==/base.apk"],nativeLibraryDirectories=[/data/app/org.torproject.android-7o_OCiCT-V3WaB04CNypYw==/lib/arm, /data/app/org.torproject.android-7o_OCiCT-V3WaB04CNypYw==/base.apk!/lib/armeabi-v7a, /system/lib, /vendor/lib]]
05-10 04:44:57.290 I/zygote  (26881):   at java.lang.Class dalvik.system.BaseDexClassLoader.findClass(java.lang.String) (BaseDexClassLoader.java:125)
05-10 04:44:57.290 I/zygote  (26881):   at java.lang.Class java.lang.ClassLoader.loadClass(java.lang.String, boolean) (ClassLoader.java:379)
05-10 04:44:57.290 I/zygote  (26881):   at java.lang.Class java.lang.ClassLoader.loadClass(java.lang.String) (ClassLoader.java:312)
05-10 04:44:57.290 I/zygote  (26881):   at void android.support.v4.view.ViewCompat.setOnApplyWindowInsetsListener(android.view.View, android.support.v4.view.OnApplyWindowInsetsListener) (ViewCompat.java:2203)
05-10 04:44:57.290 I/zygote  (26881):   at android.view.ViewGroup android.support.v7.app.AppCompatDelegateImpl.createSubDecor() (AppCompatDelegateImpl.java:637)
05-10 04:44:57.290 I/zygote  (26881):   at void android.support.v7.app.AppCompatDelegateImpl.ensureSubDecor() (AppCompatDelegateImpl.java:518)
05-10 04:44:57.290 I/zygote  (26881):   at void android.support.v7.app.AppCompatDelegateImpl.setContentView(int) (AppCompatDelegateImpl.java:466)
05-10 04:44:57.290 I/zygote  (26881):   at void android.support.v7.app.AppCompatActivity.setContentView(int) (AppCompatActivity.java:140)
05-10 04:44:57.290 I/zygote  (26881):   at void org.torproject.android.OrbotMainActivity.doLayout() (OrbotMainActivity.java:288)
05-10 04:44:57.290 I/zygote  (26881):   at void org.torproject.android.OrbotMainActivity.onCreate(android.os.Bundle) (OrbotMainActivity.java:179)
05-10 04:44:57.290 I/zygote  (26881):   at void android.app.Activity.performCreate(android.os.Bundle, android.os.PersistableBundle) (Activity.java:7258)
05-10 04:44:57.290 I/zygote  (26881):   at void android.app.Activity.performCreate(android.os.Bundle) (Activity.java:7249)
05-10 04:44:57.290 I/zygote  (26881):   at void android.app.Instrumentation.callActivityOnCreate(android.app.Activity, android.os.Bundle) (Instrumentation.java:1221)
05-10 04:44:57.290 I/zygote  (26881):   at android.app.Activity android.app.ActivityThread.performLaunchActivity(android.app.ActivityThread$ActivityClientRecord, android.content.Intent) (ActivityThread.java:2909)
05-10 04:44:57.290 I/zygote  (26881):   at void android.app.ActivityThread.handleLaunchActivity(android.app.ActivityThread$ActivityClientRecord, android.content.Intent, java.lang.String) (ActivityThread.java:3041)
05-10 04:44:57.290 I/zygote  (26881):   at void android.app.ActivityThread.-wrap11(android.app.ActivityThread, android.app.ActivityThread$ActivityClientRecord, android.content.Intent, java.lang.String) (ActivityThread.java:-1)
05-10 04:44:57.290 I/zygote  (26881):   at void android.app.ActivityThread$H.handleMessage(android.os.Message) (ActivityThread.java:1711)
05-10 04:44:57.290 I/zygote  (26881):   at void android.os.Handler.dispatchMessage(android.os.Message) (Handler.java:106)
05-10 04:44:57.290 I/zygote  (26881):   at void android.os.Looper.loop() (Looper.java:164)
05-10 04:44:57.290 I/zygote  (26881):   at void android.app.ActivityThread.main(java.lang.String[]) (ActivityThread.java:6960)
05-10 04:44:57.290 I/zygote  (26881):   at java.lang.Object java.lang.reflect.Method.invoke(java.lang.Object, java.lang.Object[]) (Method.java:-2)
05-10 04:44:57.290 I/zygote  (26881):   at void com.android.internal.os.RuntimeInit$MethodAndArgsCaller.run() (RuntimeInit.java:441)
05-10 04:44:57.290 I/zygote  (26881):   at void com.android.internal.os.ZygoteInit.main(java.lang.String[]) (ZygoteInit.java:1408)
05-10 04:44:57.290 I/zygote  (26881):
05-10 04:44:57.291 I/zygote  (26881): Rejecting re-init on previously-failed class java.lang.Class<android.support.v4.view.ViewCompat$OnUnhandledKeyEventListenerWrapper>: java.lang.NoClassDefFoundError: Failed resolution of: Landroid/view/View$OnUnhandledKeyEventListener;
05-10 04:44:57.291 I/zygote  (26881):   at void android.support.v4.view.ViewCompat.setOnApplyWindowInsetsListener(android.view.View, android.support.v4.view.OnApplyWindowInsetsListener) (ViewCompat.java:2203)
05-10 04:44:57.291 I/zygote  (26881):   at android.view.ViewGroup android.support.v7.app.AppCompatDelegateImpl.createSubDecor() (AppCompatDelegateImpl.java:637)
05-10 04:44:57.291 I/zygote  (26881):   at void android.support.v7.app.AppCompatDelegateImpl.ensureSubDecor() (AppCompatDelegateImpl.java:518)
05-10 04:44:57.291 I/zygote  (26881):   at void android.support.v7.app.AppCompatDelegateImpl.setContentView(int) (AppCompatDelegateImpl.java:466)
05-10 04:44:57.291 I/zygote  (26881):   at void android.support.v7.app.AppCompatActivity.setContentView(int) (AppCompatActivity.java:140)
05-10 04:44:57.291 I/zygote  (26881):   at void org.torproject.android.OrbotMainActivity.doLayout() (OrbotMainActivity.java:288)
05-10 04:44:57.291 I/zygote  (26881):   at void org.torproject.android.OrbotMainActivity.onCreate(android.os.Bundle) (OrbotMainActivity.java:179)
05-10 04:44:57.291 I/zygote  (26881):   at void android.app.Activity.performCreate(android.os.Bundle, android.os.PersistableBundle) (Activity.java:7258)
05-10 04:44:57.291 I/zygote  (26881):   at void android.app.Activity.performCreate(android.os.Bundle) (Activity.java:7249)
05-10 04:44:57.291 I/zygote  (26881):   at void android.app.Instrumentation.callActivityOnCreate(android.app.Activity, android.os.Bundle) (Instrumentation.java:1221)
05-10 04:44:57.291 I/zygote  (26881):   at void android.app.ActivityThread.handleLaunchActivity(android.app.ActivityThread$ActivityClientRecord, android.content.Intent, java.lang.String) (ActivityThread.java:3041)
05-10 04:44:57.291 I/zygote  (26881):   at void android.app.ActivityThread.-wrap11(android.app.ActivityThread, android.app.ActivityThread$ActivityClientRecord, android.content.Intent, java.lang.String) (ActivityThread.java:-1)
05-10 04:44:57.291 I/zygote  (26881):   at void android.app.ActivityThread$H.handleMessage(android.os.Message) (ActivityThread.java:1711)
05-10 04:44:57.291 I/zygote  (26881):   at void android.os.Handler.dispatchMessage(android.os.Message) (Handler.java:106)
05-10 04:44:57.291 I/zygote  (26881):   at void android.os.Looper.loop() (Looper.java:164)
05-10 04:44:57.291 I/zygote  (26881):   at void android.app.ActivityThread.main(java.lang.String[]) (ActivityThread.java:6960)
05-10 04:44:57.291 I/zygote  (26881):   at java.lang.Object java.lang.reflect.Method.invoke(java.lang.Object, java.lang.Object[]) (Method.java:-2)
05-10 04:44:57.291 I/zygote  (26881):   at void com.android.internal.os.RuntimeInit$MethodAndArgsCaller.run() (RuntimeInit.java:441)
05-10 04:44:57.291 I/zygote  (26881):   at void com.android.internal.os.ZygoteInit.main(java.lang.String[]) (ZygoteInit.java:1408)
05-10 04:44:57.291 I/zygote  (26881): Caused by: java.lang.ClassNotFoundException: Didn't find class "android.view.View$OnUnhandledKeyEventListener" on path: DexPathList[[zip file "/data/app/org.torproject.android-7o_OCiCT-V3WaB04CNypYw==/base.apk"],nativeLibraryDirectories=[/data/app/org.torproject.android-7o_OCiCT-V3WaB04CNypYw==/lib/arm, /data/app/org.torproject.android-7o_OCiCT-V3WaB04CNypYw==/base.apk!/lib/armeabi-v7a, /system/lib, /vendor/lib]]
05-10 04:44:57.291 I/zygote  (26881):   at java.lang.Class dalvik.system.BaseDexClassLoader.findClass(java.lang.String) (BaseDexClassLoader.java:125)
05-10 04:44:57.291 I/zygote  (26881):   at java.lang.Class java.lang.ClassLoader.loadClass(java.lang.String, boolean) (ClassLoader.java:379)
05-10 04:44:57.291 I/zygote  (26881):   at java.lang.Class java.lang.ClassLoader.loadClass(java.lang.String) (ClassLoader.java:312)
05-10 04:44:57.291 I/zygote  (26881):   at void android.support.v4.view.ViewCompat.setOnApplyWindowInsetsListener(android.view.View, android.support.v4.view.OnApplyWindowInsetsListener) (ViewCompat.java:2203)
05-10 04:44:57.291 I/zygote  (26881):   at android.view.ViewGroup android.support.v7.app.AppCompatDelegateImpl.createSubDecor() (AppCompatDelegateImpl.java:637)
05-10 04:44:57.291 I/zygote  (26881):   at void android.support.v7.app.AppCompatDelegateImpl.ensureSubDecor() (AppCompatDelegateImpl.java:518)
05-10 04:44:57.291 I/zygote  (26881):   at void android.support.v7.app.AppCompatDelegateImpl.setContentView(int) (AppCompatDelegateImpl.java:466)
05-10 04:44:57.291 I/zygote  (26881):   at void android.support.v7.app.AppCompatActivity.setContentView(int) (AppCompatActivity.java:140)
05-10 04:44:57.291 I/zygote  (26881):   at void org.torproject.android.OrbotMainActivity.doLayout() (OrbotMainActivity.java:288)
05-10 04:44:57.291 I/zygote  (26881):   at void org.torproject.android.OrbotMainActivity.onCreate(android.os.Bundle) (OrbotMainActivity.java:179)
05-10 04:44:57.291 I/zygote  (26881):   at void android.app.Activity.performCreate(android.os.Bundle, android.os.PersistableBundle) (Activity.java:7258)
05-10 04:44:57.291 I/zygote  (26881):   at void android.app.Activity.performCreate(android.os.Bundle) (Activity.java:7249)
05-10 04:44:57.291 I/zygote  (26881):   at void android.app.Instrumentation.callActivityOnCreate(android.app.Activity, android.os.Bundle) (Instrumentation.java:1221)
05-10 04:44:57.291 I/zygote  (26881):   at android.app.Activity android.app.ActivityThread.performLaunchActivity(android.app.ActivityThread$ActivityClientRecord, android.content.Intent) (ActivityThread.java:2909)
05-10 04:44:57.291 I/zygote  (26881):   at void android.app.ActivityThread.handleLaunchActivity(android.app.ActivityThread$ActivityClientRecord, android.content.Intent, java.lang.String) (ActivityThread.java:3041)
05-10 04:44:57.291 I/zygote  (26881):   at void android.app.ActivityThread.-wrap11(android.app.ActivityThread, android.app.ActivityThread$ActivityClientRecord, android.content.Intent, java.lang.String) (ActivityThread.java:-1)
05-10 04:44:57.291 I/zygote  (26881):   at void android.app.ActivityThread$H.handleMessage(android.os.Message) (ActivityThread.java:1711)
05-10 04:44:57.291 I/zygote  (26881):   at void android.os.Handler.dispatchMessage(android.os.Message) (Handler.java:106)
05-10 04:44:57.291 I/zygote  (26881):   at void android.os.Looper.loop() (Looper.java:164)
05-10 04:44:57.291 I/zygote  (26881):   at void android.app.ActivityThread.main(java.lang.String[]) (ActivityThread.java:6960)
05-10 04:44:57.291 I/zygote  (26881):   at java.lang.Object java.lang.reflect.Method.invoke(java.lang.Object, java.lang.Object[]) (Method.java:-2)
05-10 04:44:57.291 I/zygote  (26881):   at void com.android.internal.os.RuntimeInit$MethodAndArgsCaller.run() (RuntimeInit.java:441)
05-10 04:44:57.291 I/zygote  (26881):   at void com.android.internal.os.ZygoteInit.main(java.lang.String[]) (ZygoteInit.java:1408)
05-10 04:44:57.291 I/zygote  (26881): 
05-10 04:44:57.292 I/zygote  (26881): Rejecting re-init on previously-failed class java.lang.Class<android.support.v4.view.ViewCompat$OnUnhandledKeyEventListenerWrapper>: java.lang.NoClassDefFoundError: Failed resolution of: Landroid/view/View$OnUnhandledKeyEventListener;
05-10 04:44:57.292 I/zygote  (26881):   at void android.support.v4.view.ViewCompat.setOnApplyWindowInsetsListener(android.view.View, android.support.v4.view.OnApplyWindowInsetsListener) (ViewCompat.java:2203)
05-10 04:44:57.292 I/zygote  (26881):   at android.view.ViewGroup android.support.v7.app.AppCompatDelegateImpl.createSubDecor() (AppCompatDelegateImpl.java:637)
05-10 04:44:57.292 I/zygote  (26881):   at void android.support.v7.app.AppCompatDelegateImpl.ensureSubDecor() (AppCompatDelegateImpl.java:518)
05-10 04:44:57.292 I/zygote  (26881):   at void android.support.v7.app.AppCompatDelegateImpl.setContentView(int) (AppCompatDelegateImpl.java:466)
05-10 04:44:57.292 I/zygote  (26881):   at void android.support.v7.app.AppCompatActivity.setContentView(int) (AppCompatActivity.java:140)
05-10 04:44:57.292 I/zygote  (26881):   at void org.torproject.android.OrbotMainActivity.doLayout() (OrbotMainActivity.java:288)
05-10 04:44:57.292 I/zygote  (26881):   at void org.torproject.android.OrbotMainActivity.onCreate(android.os.Bundle) (OrbotMainActivity.java:179)
05-10 04:44:57.292 I/zygote  (26881):   at void android.app.Activity.performCreate(android.os.Bundle, android.os.PersistableBundle) (Activity.java:7258)
05-10 04:44:57.292 I/zygote  (26881):   at void android.app.Activity.performCreate(android.os.Bundle) (Activity.java:7249)
05-10 04:44:57.292 I/zygote  (26881):   at void android.app.Instrumentation.callActivityOnCreate(android.app.Activity, android.os.Bundle) (Instrumentation.java:1221)
05-10 04:44:57.292 I/zygote  (26881):   at android.app.Activity android.app.ActivityThread.performLaunchActivity(android.app.ActivityThread$ActivityClientRecord, android.content.Intent) (ActivityThread.java:2909)
05-10 04:44:57.292 I/zygote  (26881):   at void android.app.ActivityThread.handleLaunchActivity(android.app.ActivityThread$ActivityClientRecord, android.content.Intent, java.lang.String) (ActivityThread.java:3041)
05-10 04:44:57.292 I/zygote  (26881):   at void android.app.ActivityThread.-wrap11(android.app.ActivityThread, android.app.ActivityThread$ActivityClientRecord, android.content.Intent, java.lang.String) (ActivityThread.java:-1)
05-10 04:44:57.292 I/zygote  (26881):   at void android.app.ActivityThread$H.handleMessage(android.os.Message) (ActivityThread.java:1711)
05-10 04:44:57.292 I/zygote  (26881):   at void android.os.Handler.dispatchMessage(android.os.Message) (Handler.java:106)
05-10 04:44:57.292 I/zygote  (26881):   at void android.os.Looper.loop() (Looper.java:164)
05-10 04:44:57.292 I/zygote  (26881):   at void android.app.ActivityThread.main(java.lang.String[]) (ActivityThread.java:6960)
05-10 04:44:57.292 I/zygote  (26881):   at java.lang.Object java.lang.reflect.Method.invoke(java.lang.Object, java.lang.Object[]) (Method.java:-2)
05-10 04:44:57.292 I/zygote  (26881):   at void com.android.internal.os.RuntimeInit$MethodAndArgsCaller.run() (RuntimeInit.java:441)
05-10 04:44:57.292 I/zygote  (26881):   at void com.android.internal.os.ZygoteInit.main(java.lang.String[]) (ZygoteInit.java:1408)
05-10 04:44:57.292 I/zygote  (26881): Caused by: java.lang.ClassNotFoundException: Didn't find class "android.view.View$OnUnhandledKeyEventListener" on path: DexPathList[[zip file "/data/app/org.torproject.android-7o_OCiCT-V3WaB04CNypYw==/base.apk"],nativeLibraryDirectories=[/data/app/org.torproject.android-7o_OCiCT-V3WaB04CNypYw==/lib/arm, /data/app/org.torproject.android-7o_OCiCT-V3WaB04CNypYw==/base.apk!/lib/armeabi-v7a, /system/lib, /vendor/lib]]
05-10 04:44:57.292 I/zygote  (26881):   at java.lang.Class dalvik.system.BaseDexClassLoader.findClass(java.lang.String) (BaseDexClassLoader.java:125)
05-10 04:44:57.292 I/zygote  (26881):   at java.lang.Class java.lang.ClassLoader.loadClass(java.lang.String, boolean) (ClassLoader.java:379)
05-10 04:44:57.292 I/zygote  (26881):   at java.lang.Class java.lang.ClassLoader.loadClass(java.lang.String) (ClassLoader.java:312)
05-10 04:44:57.292 I/zygote  (26881):   at void android.support.v4.view.ViewCompat.setOnApplyWindowInsetsListener(android.view.View, android.support.v4.view.OnApplyWindowInsetsListener) (ViewCompat.java:2203)
05-10 04:44:57.292 I/zygote  (26881):   at android.view.ViewGroup android.support.v7.app.AppCompatDelegateImpl.createSubDecor() (AppCompatDelegateImpl.java:637)
05-10 04:44:57.292 I/zygote  (26881):   at void android.support.v7.app.AppCompatDelegateImpl.ensureSubDecor() (AppCompatDelegateImpl.java:518)
05-10 04:44:57.292 I/zygote  (26881):   at void android.support.v7.app.AppCompatDelegateImpl.setContentView(int) (AppCompatDelegateImpl.java:466)
05-10 04:44:57.292 I/zygote  (26881):   at void android.support.v7.app.AppCompatActivity.setContentView(int) (AppCompatActivity.java:140)
05-10 04:44:57.292 I/zygote  (26881):   at void org.torproject.android.OrbotMainActivity.doLayout() (OrbotMainActivity.java:288)
05-10 04:44:57.292 I/zygote  (26881):   at void org.torproject.android.OrbotMainActivity.onCreate(android.os.Bundle) (OrbotMainActivity.java:179)
05-10 04:44:57.292 I/zygote  (26881):   at void android.app.Activity.performCreate(android.os.Bundle, android.os.PersistableBundle) (Activity.java:7258)
05-10 04:44:57.292 I/zygote  (26881):   at void android.app.Activity.performCreate(android.os.Bundle) (Activity.java:7249)
05-10 04:44:57.292 I/zygote  (26881):   at void android.app.Instrumentation.callActivityOnCreate(android.app.Activity, android.os.Bundle) (Instrumentation.java:1221)
05-10 04:44:57.292 I/zygote  (26881):   at android.app.Activity android.app.ActivityThread.performLaunchActivity(android.app.ActivityThread$ActivityClientRecord, android.content.Intent) (ActivityThread.java:2909)
05-10 04:44:57.292 I/zygote  (26881):   at void android.app.ActivityThread.handleLaunchActivity(android.app.ActivityThread$ActivityClientRecord, android.content.Intent, java.lang.String) (ActivityThread.java:3041)
05-10 04:44:57.292 I/zygote  (26881):   at void android.app.ActivityThread.-wrap11(android.app.ActivityThread, android.app.ActivityThread$ActivityClientRecord, android.content.Intent, java.lang.String) (ActivityThread.java:-1)
05-10 04:44:57.292 I/zygote  (26881):   at void android.app.ActivityThread$H.handleMessage(android.os.Message) (ActivityThread.java:1711)
05-10 04:44:57.292 I/zygote  (26881):   at void android.os.Handler.dispatchMessage(android.os.Message) (Handler.java:106)
05-10 04:44:57.292 I/zygote  (26881):   at void android.os.Looper.loop() (Looper.java:164)
05-10 04:44:57.292 I/zygote  (26881):   at void android.app.ActivityThread.main(java.lang.String[]) (ActivityThread.java:6960)
05-10 04:44:57.292 I/zygote  (26881):   at java.lang.Object java.lang.reflect.Method.invoke(java.lang.Object, java.lang.Object[]) (Method.java:-2)
05-10 04:44:57.292 I/zygote  (26881):   at void com.android.internal.os.RuntimeInit$MethodAndArgsCaller.run() (RuntimeInit.java:441)
05-10 04:44:57.292 I/zygote  (26881):   at void com.android.internal.os.ZygoteInit.main(java.lang.String[]) (ZygoteInit.java:1408)
05-10 04:44:57.292 I/zygote  (26881): 
05-10 04:44:57.293 D/WifiTrafficPoller( 1612): TrafficStats TxPkts=47257 RxPkts=61679 TxBytes=7383726 RxBytes=46240252 , Foreground uid=10260 pkgName=org.torproject.android txBytes=60 rxBytes=0
05-10 04:44:57.295 D/Tile.WifiTile(22356): handleUpdateState enabled  = true
05-10 04:44:57.298 E/propClient(26915): PropClient failed to load
05-10 04:44:57.304 V/Surface (  683): sf_framedrop debug : 0x4f4c, game : false, logging : 0
05-10 04:44:57.305 I/Auth    (23863): [AuthManaged,PasswordComplexityHelperImpl] Updating password complexity components state.
05-10 04:44:57.305 I/Auth    (23863): [AuthManaged,PasswordComplexityHelperImpl] Disabling com.google.android.gms.auth.managed.admin.DeviceAdminReceiver
05-10 04:44:57.305 D/PackageManager( 1612): setEnabledSetting : userId = 0 packageName = com.google.android.gms cmp = com.google.android.gms.auth.managed.admin.DeviceAdminReceiver newState = 2 callingPackage = 10031/com.google.android.gms.persistent
05-10 04:44:57.306 I/Auth    (23863): [AuthManaged,PasswordComplexityHelperImpl] Disabling com.google.android.gms.auth.managed.ui.SetNewPasswordActivity
05-10 04:44:57.307 D/PackageManager( 1612): setEnabledSetting : userId = 0 packageName = com.google.android.gms cmp = com.google.android.gms.auth.managed.ui.SetNewPasswordActivity newState = 2 callingPackage = 10031/com.google.android.gms.persistent
05-10 04:44:57.312 I/Fitness (23863): OnPackageChangedOperation got intent: Intent { act=android.intent.action.PACKAGE_CHANGED dat=package:com.android.settings flg=0x45000010 cmp=com.google.android.gms/.chimera.PersistentIntentOperationService (has extras) } [CONTEXT service_id=17 ]
05-10 04:44:57.314 D/ScrollView(26881): initGoToTop
05-10 04:44:57.318 D/MdnieScenarioControlService( 1612):  packageName : org.torproject.android    className : org.torproject.android.OrbotMainActivity
05-10 04:44:57.318 V/MdnieScenarioControlService( 1612): setUIMode from UI function(3)
05-10 04:44:57.325 E/propClient(26917): PropClient failed to load
05-10 04:44:57.337 I/ACodec  ( 2395): setParam : video-bitrate = 2506000
05-10 04:44:57.339 E/GCM     (23863): Missing checkin config file
05-10 04:44:57.339 W/GCM     (23863): GCM FAILED TO INITIALIZE - missing checkin
05-10 04:44:57.353 E/propClient(26920): PropClient failed to load
05-10 04:44:57.357 I/ActivityManager( 1612): KPU : put [com.samsung.android.app.omcagent] : 0 K
05-10 04:44:57.357 I/ActivityManager( 1612): Killing 25242:com.samsung.android.app.omcagent/1000 (adj 906): DHA:empty #25
05-10 04:44:57.358 W/system_server( 1612): kill(-25242, 9) failed: No such process
05-10 04:44:57.363 I/chatty  ( 1612): uid=1000(system) ActivityManager identical 1 line
05-10 04:44:57.369 W/system_server( 1612): kill(-25242, 9) failed: No such process
05-10 04:44:57.371 V/Surface (  683): sf_framedrop debug : 0x4f4c, game : false, logging : 0
05-10 04:44:57.374 W/system_server( 1612): kill(-25242, 9) failed: No such process
05-10 04:44:57.375 E/propClient(26923): PropClient failed to load
05-10 04:44:57.380 W/system_server( 1612): kill(-25242, 9) failed: No such process
05-10 04:44:57.385 W/system_server( 1612): kill(-25242, 9) failed: No such process
05-10 04:44:57.390 D/PackageManager( 1612): setEnabledSetting : userId = 0 packageName = com.google.android.gms cmp = com.google.android.gms.auth.managed.ui.SetupWorkProfileActivity newState = 1 callingPackage = 10031/com.google.android.gms.persistent
05-10 04:44:57.390 W/system_server( 1612): kill(-25242, 9) failed: No such process
05-10 04:44:57.391 I/Auth    (23863): [AuthManaged,PasswordComplexityHelperImpl] Updating password complexity components state.
05-10 04:44:57.391 I/Auth    (23863): [AuthManaged,PasswordComplexityHelperImpl] Disabling com.google.android.gms.auth.managed.admin.DeviceAdminReceiver
